(1307.002810) 004A#1C8CDC00000002001080CE81767E650037363032463700000000000000000000
(1307.002811) 016A#7946E90001000000000080808080000800000000100000000000000000000000
(1307.002812) 0060#287FF100000000000202000240FF00FF000005000008FE00000000040000FF00
(1307.002813) 0145#7B48EC1001050410000000000000000000000000007200000000000000000000
(1307.002814) 0040#6B9DE70010FF07080000FF070000FF01C40A170040FF04FF0000000000000000
(1307.002815) 006A#0B22E7700A52700A00000000009F020000000000000000000000000000000000
(1307.002816) 01A0#AEC4E7FEF77F6400000000001E0C0200FFF33F0000000000FF07000000000000
(1307.002817) 00B5#14F5EB2B007F2E002C002C00007F2700460000401404FE0A0026009F00020000
(1307.002818) 0100#781FEB00109C806C400027000000075F0A0000000E020000FEBF2F8271000000
(1307.002819) 0260#5A6A32401B618D0000005D1C5B012C00000000000000402335D54017A0140000
(1307.002820) 004A#D908DD00000002000B80C781697E650037363032463700000000000000000000
(1307.002821) 0060#E294F200000000000202000240FF00FF000005000008FE00000000040000FF00
(1307.002822) 0040#EAE9E80010FF07080000FF070000FF01C40A170040FF04FF0000000000000000
(1307.002823) 006A#70A8E87C0A52740A0000000000A0020000000000000000000000000000000000
(1307.002824) 00B5#298DEC2B007F2E002C002C00007F2700460000401404000B0026009F00020000
(1307.002825) 0100#8B81EC00109C806C400027000000075F0A0000000E020000FEBF2F8271000000
(1307.002826) 004A#41BADE00000002000280D581627E650037363032463700000000000000000000
(1307.002827) 016A#B3ADEA0001000000000080808080000800000000100000000000000000000000
(1307.002828) 0060#A4CDF300000000000202000240FF00FF000005000008FE00000000040000FF00
(1307.002829) 0145#3D11ED1001050410000000000000000000000000007200000000000000000000
(1307.002830) 0040#ACB0E90010FF07080000FF070000FF01C40A170040FF04FF0000000000000000
(1307.002831) 006A#FC59E9840A527C0A0000000000A2020000000000000000000000000000000000
(1307.002832) 01A0#2FB0E8FEF77F6400000000001E0C0200FFF33F0000000000FF07000000000000
(1307.002833) 00B5#BBD9ED2B007F2E002C002C00007F2700460000401404040B0026009F00020000
(1307.002834) 0100#CDD8ED00109C806C400027000000075F0A0000000E020000FEBF2F8271000000
(1307.002835) 004A#0DADDF00000002000B80E2816F7E650037363032463700000000000000000000
(1307.002836) 0060#5753F400000000000202000240FF00FF000005000008FE00000000040000FF00
(1307.002837) 013A#9D75A20000010000000001008000000000000000000000000000000000000000
(1307.002838) 0040#665BEA0010FF07080000FF070000FF01C40A170040FF04FF0000000000000000
(1307.002839) 006A#4DB6EA840A52800A0000000000A3020000000000000000000000000000000000
(1307.002840) 00B5#351FEE2B007F2E002C002C00007F2700460000401404040B0025009F00020000
(1307.002841) 0100#0733EE00109C806C400027000000075F0A0000000E020000FEBF2F8271000000
(1307.002842) 004A#54B9E0000000020005809781847E650037363032463700000000000000000000
(1307.002843) 016A#F5F4EB0001000000000080808080000800000000100000000000000000000000
(1307.002844) 0060#110AF500000000000202000240FF00FF000005000008FE00000000040000FF00
(1307.002845) 0145#F7FAEE1001050410000000000000000000000000007200000000000000000000
(1307.002846) 0040#2002EB0010FF07080000FF070000FF01C40A170040FF04FF0000000000000000
(1307.002847) 006A#827CEB900A52880A0000000000A5020000000000000000000000000000000000
(1307.002848) 01A0#69E9E9FEF77F6400000000001E0C0200FFF33F0000000000FF07000000000000
(1307.002849) 00B5#42A0EF2B007F2E002B002B00007F2700460000401404080B0025009F00020000
(1307.002850) 0100#416AEF00109C806C400027000000075F0A0000000E020000FEBF2F8271000000
(1307.002851) 004A#9BF3E100000002000B80B981767E650037363032463700000000000000000000
(1307.002852) 0060#DBE1F600000000000202000240FF00FF000005000008FE00000000040000FF00
(1307.002853) 0040#D39CEC0010FF07080000FF070000FF01C40A170040FF04FF0000000000000000
(1307.002854) 006A#1A1EEC900A528C0A0000000000A6020000000000000000000000000000000000
(1307.002855) 00B5#AE0BF02B007F2E002B002B00007F2700460000401404000B0025009F00020000
(1307.002856) 0100#05DAF000109C806C400027000000075F0A0000000E020000FEBF2F8271000000
(1307.002857) 004A#0654E200000002000E80DB816F7E650037363032463700000000000000000000
(1307.002858) 016A#066AEC0001000000000080808080000800000000100000000000000000000000
(1307.002859) 0060#9DB8F700000000000202000240FF00FF000005000008FE00000000040000FF00
(1307.002860) 0145#B1A3EF1001050410000000000000000000000000007200000000000000000000
(1307.002861) 0040#95C5ED0010FF07080000FF070000FF01C40A170040FF04FF0000000000000000
(1307.002862) 006A#E894ED7C0A52840A0000000000A4020000000000000000000000000000000000
(1307.002863) 01A0#A302EAFEF77F6400000000001E0C0200FFF33F0000000000FF07000000000000
(1307.002864) 00B5#E852F12B007F2E002B002B00007F2700460000401404000B0025009F00020000
(1307.002865) 0100#5C2FF100109C806C400027000000075D0A0000000E020000FEBF2F8271000000
(1307.002866) 004A#F60DE300000002000580C0817D7E650037363032463700000000000000000000
(1307.002867) 0060#1CCCF800000000000202000240FF00FF000005000008FE00000000040000FF00
(1307.002868) 0040#5F2EEE0010FF07080000FF070000FF01C40A170040FF04FF0000000000000000
(1307.002869) 006A#F2E4EE7C0A52800A0000000000A3020000000000000000000000000000000000
(1307.002870) 00B5#9FA4F22B007F2E002C002C00007F2700460000401404F80A0025009F00020000
(1307.002871) 0100#96C4F200109C806C400027000000075D0A0000000E020000FEBF2F8271000000
(1307.002872) 004A#C9A8E400000002000080E281767E650037363032463700000000000000000000
(1307.002873) 016A#4033ED0001000000000080808080000800000000100000000000000000000000
(1307.002874) 0060#5A95F900000000000202000240FF00FF000005000008FE00000000040000FF00
(1307.002875) 0145#F513F01001050410000000000000000000000000007200000000000000000000
(1307.002876) 0040#1977EF0010FF07080000FF070000FF01C40A170040FF04FF0000000000000000
(1307.002877) 006A#AE39EF8C0A52840A0000000000A3020000000000000000000000000000000000
(1307.002878) 013A#DB2CA30000010000000001008000000000000000000000000000000000000000
(1307.002879) 01A0#E55BEBFEF77F6400000000001E0C0200FFF33F0000000000FF07000000000000
(1307.002880) 00B5#33FBF32B007F2E002C002C00007F2700460000401404FA0A0025009F00020000
(1307.002881) 0100#CF31F300109C806C400027000000075F0A0000000E020000FEBF2F8271000000
(1307.002882) 004A#A0EFE500000002000E80C081627E650037363032463700000000000000000000
(1307.002883) 0060#907EFA00000000000202000240FF00FF000005000008FE00000000040000FF00
(1307.002884) 0040#5DC7F00010FF07080000FF070000FF01C40A170040FF04FF0000000000000000
(1307.002885) 006A#096CF0900A52880A0000000000A4020000000000000000000000000000000000
(1307.002886) 00B5#C065F42B007F2E002C002C00007F2700460000401404FA0A0025009F00020000
(1307.002887) 0100#3CAFF400109C806C400027000000075F0A0000000E020000FEBF2F8271000000
(1307.002888) 004A#B035E600000002000880CE817D7E650037363032463700000000000000000000
(1307.002889) 016A#8AD8EE0001000000000080808080000800000000100000000000000000000000
(1307.002890) 0060#D627FB00000000000202000240FF00FF000005000008FE00000000040000FF00
(1307.002891) 0145#B34AF11001050410000000000000000000000000007200000000000000000000
(1307.002892) 0040#1B9EF10010FF07080000FF070000FF01C40A170040FF04FF0000000000000000
(1307.002893) 006A#1B67F1880A52880A0000000000A4020000000000000000000000000000000000
(1307.002894) 01A0#16C5ECFEF77F6400000000001E0C0200FFF33F0000000000FF07000000000000
(1307.002895) 00B5#863CF52B007F2E002C002C00007F2700460000401404FA0A0025009F00020000
(1307.002896) 0100#7AF6F500109C806C400027000000075F0A0000000E020000FEBF2F8271000000
(1307.002897) 0260#8B2633401B5E8D0000005D1C5B012C00000000000000402335D54017A0140000
(1307.002898) 004A#378AE700000002000580CE81767E650037363032463700000000000000000000
(1307.002899) 0060#25B9FC00000000000202000240FF00FF000005000008FE00000000040000FF00
(1307.002900) 0040#D175F20010FF07080000FF070000FF01C40A170040FF04FF0000000000000000
(1307.002901) 006A#AA0AF2840A52840A0000000000A3020000000000000000000000000000000000
(1307.002902) 00B5#00A0F62C007F2E002C002C00007F2700460000401404020B0025009F00020000
(1307.002903) 0100#B01DF600109C806C400027000000075F0A0000000E020000FEBF2F8271000000
(1307.002904) 004A#1AB1E800000002000B80D581917E650037363032463700000000000000000000
(1307.002905) 016A#CC81EF0001000000000080808080000800000000100000000000000000000000
(1307.002906) 0060#63E0FD00000000000202000240FF00FF000005000008FE00000000040000FF00
(1307.002907) 0145#79A1F21001050410000000000000000000000000007200000000000000000000
(1307.002908) 0040#972CF30010FF07080000FF070000FF01C40A170040FF04FF0000000000000000
(1307.002909) 006A#5AD9F3800A52800A0000000000A3020000000000000000000000000000000000
(1307.002910) 01A0#509CEDFEF77F6400000000001E0C0200FFF33F0000000000FF07000000000000
(1307.002911) 00B5#9D19F72C007F2E002B002B00007F27004600004014040C0B0025009F00020000
(1307.002912) 0100#F644F700109C806C400027000000075F0A0000000E020000FEBF2F8271000000
(1307.002913) 004A#A015E900000002000880B9817D7E650037363032463700000000000000000000
(1307.002914) 0060#A90BFE00000000000202000240FF00FF000005000008FE00000000040000FF00
(1307.002915) 0040#64B2F40010FF07080000FF070000FF01C40A170040FF04FF0000000000000000
(1307.002916) 006A#B5EDF4880A52840A0000000000A4020000000000000000000000000000000000
(1307.002917) 00B5#5840F82C007F2E002B002B00007F27004600004014040C0B0026009F00020000
(1307.002918) 0100#7730F800109C806C400027000000075F0A0000000E020000FEBF2F8271000000
(1307.002919) 004A#A1C8EA0000000200FE7FC0814D7E650037363032463700000000000000000000
(1307.002920) 016A#8831F00001000000000080808080000800000000100000000000000000000000
(1307.002921) 0060#EF52FF00000000000202000240FF00FF000005000008FE00000000040000FF00
(1307.002922) 0145#3FF8F31001050410000000000000000000000000007200000000000000000000
(1307.002923) 013A#28B2A40000010000000001008000000000000000000000000000000000000000
(1307.002924) 0040#22EBF50010FF07080000FF070000FF01C40A170040FF04FF0000000000000000
(1307.002925) 006A#F3B4F5880A52840A0000000000A4020000000000000000000000000000000000
(1307.002926) 01A0#9A77EEFEF77F6400000000001E0C0200FFF33F0000000000FF07000000000000
(1307.002927) 00B5#4885F92B007F2E002B002B00007F27004600004014040E0B0026009F00020000
(1307.002928) 0100#3169F900109C806C400027000000075F0A0000000E020000FEBF2F8271000000
(1307.002929) 004A#DC32EB00000002000080CE81627E650037363032463700000000000000000000
(1307.002930) 0060#991E0000000000000202000240FF00FF000005000008FE00000000040000FF00
(1307.002931) 0040#E800F60010FF07080000FF070000FF01C40A170040FF04FF0000000000000000
(1307.002932) 006A#1376F6840A52840A0000000000A4020000000000000000000000000000000000
(1307.002933) 00B5#826EFA2B007F2E002B002B00007F27004600004014040E0B0026009F00020000
(1307.002934) 0100#FB82FA00109C806C400027000000075F0A0000000E020000FEBF2F8271000000
(1307.002935) 004A#EB48EC00000002000E80CE81917E650037363032463700000000000000000000
(1307.002936) 016A#CE68F10001000000000080808080000800000000100000000000000000000000
(1307.002937) 0060#DF470100000000000202000240FF00FF000005000008FE00000000040000FF00
(1307.002938) 0145#CC66F41001050410000000000000000000000000007200000000000000000000
(1307.002939) 0040#AE59F70010FF07080000FF070000FF01C40A170040FF04FF0000000000000000
(1307.002940) 006A#81C3F7940A528C0A0000000000A6020000000000000000000000000000000000
(1307.002941) 01A0#DC2EEFFEF77F6400000000001E0C0200FFF33F0000000000FF07000000000000
(1307.002942) 00B5#C437FB2B007F2E002B002B00007F27004600004014040E0B0026009F00020000
(1307.002943) 0100#BDDBFB00109C806C400027000000075F0A0000000E020000FEBF2F8271000000
(1307.002944) 004A#AA25ED00000002000580E981697E650037363032463700000000000000000000
(1307.002945) 0060#15AC0200000000000202000240FF00FF000005000008FE00000000040000FF00
(1307.002946) 0040#2F2DF80010FF07080000FF070000FF01C40A170040FF04FF0000000000000000
(1307.002947) 006A#0F84F8980A52900A0000000000A7020000000000000000000000000000000000
(1307.002948) 00B5#37A9FC2B007F2E002B002B00007F27004600004014040E0B0026009F00020000
(1307.002949) 0100#51E9FC00109C806C400027000000075D0A0000000E020000FEBF2F8271000000
(1307.002950) 004A#7C2AEE00000002000280E981847E650037363032463700000000000000000000
(1307.002951) 016A#0483F20001000000000080808080000800000000100000000000000000000000
(1307.002952) 0060#53F50300000000000202000240FF00FF000005000008FE00000000040000FF00
(1307.002953) 0145#8A3FF51001050410000000000000000000000000007200000000000000000000
(1307.002954) 0040#6974F90010FF07080000FF070000FF01C40A170040FF04FF0000000000000000
(1307.002955) 006A#5ABAF9A00A52980A0000000000A8020000000000000000000000000000000000
(1307.002956) 01A0#989EF0FEF77F6400000000001E0C0200FFF33F0000000000FF07000000000000
(1307.002957) 00B5#A5FDFD2B007F2E002B002B00007F27004600004014040A0B0026009F00020000
(1307.002958) 0100#17B0FD00109C806C400027000000075D0A0000000E020000FEBF2F8271000000
(1307.002959) 004A#A27FEF00000002000E80DB81847E650037363032463700000000000000000000
(1307.002960) 0060#A06B0400000000000202000240FF00FF000005000008FE00000000040000FF00
(1307.002961) 0040#A39FFA0010FF07080000FF070000FF01C40A170040FF04FF0000000000000000
(1307.002962) 006A#3616FAA00A529C0A0000000000A9020000000000000000000000000000000000
(1307.002963) 00B5#2D0BFE2B007F2E002B002B00007F2700460000401404000B0026009F00020000
(1307.002964) 0100#DD5BFE00109C806C400027000000075D0A0000000E020000FEBF2F8271000000
(1307.002965) 004A#B944F000000002000E80DB817D7E650037363032463700000000000000000000
(1307.002966) 016A#42DAF30001000000000080808080000800000000100000000000000000000000
(1307.002967) 0060#E6320500000000000202000240FF00FF000005000008FE00000000040000FF00
(1307.002968) 0145#40D4F61001050410000000000000000000000000007200000000000000000000
(1307.002969) 013A#6EEBA50000010000000001008000000000000000000000000000000000000000
(1307.002970) 0040#E5C6FB0010FF07080000FF070000FF01C40A170040FF04FF0000000000000000
(1307.002971) 006A#ABD9FB880A52900A0000000000A6020000000000000000000000000000000000
(1307.002972) 01A0#DEC7F1FEF77F6400000000001E0C0200FFF33F0000000000FF07000000000000
(1307.002973) 00B5#6B52FF2B007F2E002B002B00007F2700460000401404000B0026009F00020000
(1307.002974) 0100#9B02FF00109C806C400027000000075D0A0000000E020000FEBF2F8271000000
(1307.002975) 0260#C4D534401B5E8E0000005D1C5B012C00000000000000402335D54017A0140000
(1307.002976) 004A#F3DFF100000002001380CE817D7E650037363032463700000000000000000000
(1307.002977) 0060#2CD90600000000000202000240FF00FF000005000008FE00000000040000FF00
(1307.002978) 0040#1658FC0010FF07080000FF070000FF01C40A170040FF04FF0000000000000000
(1307.002979) 006A#CA5DFC840A52880A0000000000A5020000000000000000000000000000000000
(1307.002980) 00B5#EDF3002B007F2E002B002B00007F2700460000401404F80A0026009F00020000
(1307.002981) 0100#ED4E0000109C806C400027000000075D0A0000000E020000FEBF2F8271000000
(1307.002982) 004A#2962F200000002000080C081987E650037363032463700000000000000000000
(1307.002983) 016A#B144F40001000000000080808080000800000000100000000000000000000000
(1307.002984) 0060#6A800700000000000202000240FF00FF000005000008FE00000000040000FF00
(1307.002985) 0145#068DF71001050410000000000000000000000000007200000000000000000000
(1307.002986) 0040#5001FD0010FF07080000FF070000FF01C40A170040FF04FF0000000000000000
(1307.002987) 006A#867DFD980A52900A0000000000A6020000000000000000000000000000000000
(1307.002988) 01A0#142CF2FEF77F6400000000001E0C0200FFF33F0000000000FF07000000000000
(1307.002989) 00B5#FCB1012B007F2E002C002C00007F2700460000401404020B0026009F00020000
(1307.002990) 0100#AB170100109C806C400027000000075D0A0000000E020000FEBF2F8271000000
(1307.002991) 004A#D752F300000002000280E2817D7E650037363032463700000000000000000000
(1307.002992) 0060#EBF40800000000000202000240FF00FF000005000008FE00000000040000FF00
(1307.002993) 0040#9AEAFE0010FF07080000FF070000FF01C40A170040FF04FF0000000000000000
(1307.002994) 006A#EAD1FE980A52940A0000000000A7020000000000000000000000000000000000
(1307.002995) 00B5#7BAA022B007F2E002B002B00007F2700460000401404020B0026009F00020000
(1307.002996) 0100#7E500200109C806C400027000000075F0A0000000E020000FEBF2F8271000000
(1307.002997) 004A#8BE9F400000002001380CE81697E650037363032463700000000000000000000
(1307.002998) 016A#F71DF50001000000000080808080000800000000100000000000000000000000
(1307.002999) 0060#ADAD0900000000000202000240FF00FF000005000008FE00000000040000FF00
(1307.003000) 0145#87F9F81001050410000000000000000000000000007200000000000000000000
(1307.003001) 0040#DCB3FF0010FF07080000FF070000FF01C40A170040FF04FF0000000000000000
(1307.003002) 006A#AC88FF980A52940A0000000000A7020000000000000000000000000000000000
(1307.003003) 01A0#5275F3FEF77F6400000000001E0C0200FFF33F0000000000FF07000000000000
(1307.003004) 00B5#E9FE032B007F2E002B002B00007F2700460000401404060B0026009F00020000
(1307.003005) 0100#38090300109C806C400027000000075F0A0000000E020000FEBF2F8271000000
(1307.003006) 004A#3CCCF500000002001380CE816F7E650037363032463700000000000000000000
(1307.003007) 0060#67460A00000000000202000240FF00FF000005000008FE00000000040000FF00
(1307.003008) 0040#AAFF000010FF07080000FF070000FF01C40A170040FF04FF0000000000000000
(1307.003009) 013A#A400A60000010000000001008000000000000000000000000000000000000000
(1307.003010) 006A#B0B200900A52900A0000000000A6020000000000000000000000000000000000
(1307.003011) 00B5#EA8D042B007F2E002B002B00007F2700460000401404FE0A0026009F00020000
(1307.003012) 0100#D43B0400109C806C400027000000075D0A0000000E020000FEBF2F8271000000
(1307.003013) 004A#9115F600000002001380B9817D7E650037363032463700000000000000000000
(1307.003014) 016A#3DF6F60001000000000080808080000800000000100000000000000000000000
(1307.003015) 0060#211F0B00000000000202000240FF00FF000005000008FE00000000040000FF00
(1307.003016) 0145#C1A0F91001050410000000000000000000000000007200000000000000000000
(1307.003017) 0040#ECA6010010FF07080000FF070000FF01C40A170040FF04FF0000000000000000
(1307.003018) 006A#AC00018C0A528C0A0000000000A5020000000000000000000000000000000000
(1307.003019) 01A0#A1EBF4FEF77F6400000000001E0C0200FFF33F0000000000FF07000000000000
(1307.003020) 00B5#78D9052B007F2E002B002B00007F2700460000401404FA0A0026009F00020000
(1307.003021) 0100#92620500109C806C400027000000075D0A0000000E020000FEBF2F8271000000
(1307.003022) 004A#0E4AF700000002000E80AC818B7E650037363032463700000000000000000000
(1307.003023) 0060#D2810C00000000000202000240FF00FF000005000008FE00000000040000FF00
(1307.003024) 0040#264D020010FF07080000FF070000FF01C40A170040FF04FF0000000000000000
(1307.003025) 006A#DA1802940A52900A0000000000A6020000000000000000000000000000000000
(1307.003026) 00B5#FFC2062B007F2E002C002C00007F2700460000401404FA0A0026009F00020000
(1307.003027) 0100#58890600109C806C400027000000075D0A0000000E020000FEBF2F8271000000
(1307.003028) 004A#88E8F800000002000580D581847E650037363032463700000000000000000000
(1307.003029) 016A#7BAFF70001000000000080808080000800000000100000000000000000000000
(1307.003030) 0060#94D80D00000000000202000240FF00FF000005000008FE00000000040000FF00
(1307.003031) 0145#0B4BFA1001050410000000000000000000000000007200000000000000000000
(1307.003032) 0040#6014030010FF07080000FF070000FF01C40A170040FF04FF0000000000000000
(1307.003033) 006A#C6AA03880A528C0A0000000000A5020000000000000000000000000000000000
(1307.003034) 01A0#E7B2F5FEF77F6400000000001E0C0200FFF33F0000000000FF07000000000000
(1307.003035) 00B5#2066072B007F2E002B002B00007F2700460000401404FE0A0026009F00020000
(1307.003036) 0100#1ED00700109C806C400027000000075D0A0000000E020000FEBF2F8271000000
(1307.003037) 004A#B31DF900000002000B80C0816F7E650037363032463700000000000000000000
(1307.003038) 0060#5E330E00000000000202000240FF00FF000005000008FE00000000040000FF00
(1307.003039) 0040#938A040010FF07080000FF070000FF01C40A170040FF04FF0000000000000000
(1307.003040) 006A#B95A04840A52880A0000000000A4020000000000000000000000000000000000
(1307.003041) 00B5#6FF4082B007F2E002B002B00007F2700460000401404000B0026009F00020000
(1307.003042) 0100#9FA40800109C806C400027000000075D0A0000000E020000FEBF2F8271000000
(1307.003043) 004A#8F59FA00000002000E80E281697E650037363032463700000000000000000000
(1307.003044) 016A#FADBF80001000000000080808080000800000000100000000000000000000000
(1307.003045) 0060#186A0F00000000000202000240FF00FF000005000008FE00000000040000FF00
(1307.003046) 0145#4D12FB1001050410000000000000000000000000007200000000000000000000
(1307.003047) 013A#E259A70000010000000001008000000000000000000000000000000000000000
(1307.003048) 0040#D5D3050010FF07080000FF070000FF01C40A170040FF04FF0000000000000000
(1307.003049) 006A#273F05900A528C0A0000000000A5020000000000000000000000000000000000
(1307.003050) 01A0#2D59F6FEF77F6400000000001E0C0200FFF33F0000000000FF07000000000000
(1307.003051) 00B5#29AD092B007F2E002B002B00007F2700460000401404000B0026009F00020000
(1307.003052) 0100#D9FD0900109C806C400027000000075D0A0000000E020000FEBF2F8271000000
(1307.003053) 0260#828C35401B5E8E0000005D1C5B012C00000000000000402335D54017A0140000
(1307.003054) 004A#AD60FB00000002000E80E981847E650037363032463700000000000000000000
(1307.003055) 0060#5CDA1000000000000202000240FF00FF000005000008FE00000000040000FF00
(1307.003056) 0040#1F38060010FF07080000FF070000FF01C40A170040FF04FF0000000000000000
(1307.003057) 006A#E36D06940A52900A0000000000A6020000000000000000000000000000000000
(1307.003058) 00B5#B45D0A2B007F2E002C002C00007F2700460000401404FA0A0026009F00020000
(1307.003059) 0100#13160A00109C806C400027000000075D0A0000000E020000FEBF2F8271000000
(1307.003060) 004A#91A8FC00000002001380D5817D7E650037363032463700000000000000000000
(1307.003061) 016A#BC82F90001000000000080808080000800000000100000000000000000000000
(1307.003062) 0060#1A831100000000000202000240FF00FF000005000008FE00000000040000FF00
(1307.003063) 0145#BE8CFC1001050410000000000000000000000000007200000000000000000000
(1307.003064) 0040#5961070010FF07080000FF070000FF01C40A170040FF04FF0000000000000000
(1307.003065) 006A#295A07980A52940A0000000000A7020000000000000000000000000000000000
(1307.003066) 01A0#6B00F7FEF77F6400000000001E0C0200FFF33F0000000000FF07000000000000
(1307.003067) 00B5#8E120B2B007F2E002C002C00007F2700460000401404F60A0026009F00020000
(1307.003068) 0100#554F0B00109C806C400027000000075D0A0000000E020000FEBF2F8271000000
(1307.003069) 004A#6D33FD00000002000580DB816F7E650037363032463700000000000000000000
(1307.003070) 0060#D0681200000000000202000240FF00FF000005000008FE00000000040000FF00
(1307.003071) 0040#D815080010FF07080000FF070000FF01C40A170040FF04FF0000000000000000
(1307.003072) 006A#6956089C0A52980A0000000000A8020000000000000000000000000000000000
(1307.003073) 00B5#7D8C0C2B007F2E002C002C00007F2700460000401404F60A0026009F00020000
(1307.003074) 0100#A6D10C00109C806C400027000000075D0A0000000E020000FEBF2F8271000000
(1307.003075) 004A#E7BEFE00000002000E80C0816F7E650037363032463700000000000000000000
(1307.003076) 016A#7669FA0001000000000080808080000800000000100000000000000000000000
(1307.003077) 0060#96311300000000000202000240FF00FF000005000008FE00000000040000FF00
(1307.003078) 0145#F8D5FD1001050410000000000000000000000000007200000000000000000000
(1307.003079) 0040#9E4C090010FF07080000FF070000FF01C40A170040FF04FF0000000000000000
(1307.003080) 006A#364B098C0A52900A0000000000A6020000000000000000000000000000000000
(1307.003081) 01A0#EA74F8FEF77F6400000000001E0C0200FFF33F0000000000FF07000000000000
(1307.003082) 00B5#FB590D2C007F2E002C002C00007F2700460000401404FA0A0026009F00020000
(1307.003083) 0100#FF240D00109C806C400027000000075F0A0000000E020000FEBF2F8271000000
(1307.003084) 004A#649BFF00000002000E80CE817D7E650037363032463700000000000000000000
(1307.003085) 0060#65AF1400000000000202000240FF00FF000005000008FE00000000040000FF00
(1307.003086) 0040#54A70A0010FF07080000FF070000FF01C40A170040FF04FF0000000000000000
(1307.003087) 006A#7E770A840A52880A0000000000A4020000000000000000000000000000000000
(1307.003088) 00B5#0FB90E2C007F2E002C002C00007F2700460000401404FC0A0026009F00020000
(1307.003089) 0100#35CF0E00109C806C400027000000075F0A0000000E020000FEBF2F8271000000
(1307.003090) 004A#763A0000000002000E80E981767E650037363032463700000000000000000000
(1307.003091) 016A#3030FB0001000000000080808080000800000000100000000000000000000000
(1307.003092) 0060#23F61500000000000202000240FF00FF000005000008FE00000000040000FF00
(1307.003093) 0145#323EFE1001050410000000000000000000000000007200000000000000000000
(1307.003094) 0040#12FE0B0010FF07080000FF070000FF01C40A170040FF04FF0000000000000000
(1307.003095) 006A#F41F0B8C0A52880A0000000000A4020000000000000000000000000000000000
(1307.003096) 01A0#AC2DF9FEF77F6400000000001E0C0200FFF33F0000000000FF07000000000000
(1307.003097) 00B5#EE160F2C007F2E002B002B00007F2700460000401404FE0A0026009F00020000
(1307.003098) 0100#73960F00109C806C400027000000075F0A0000000E020000FEBF2F8271000000
(1307.003099) 004A#67300100000002000280E281767E650037363032463700000000000000000000
(1307.003100) 0060#E91D1600000000000202000240FF00FF000005000008FE00000000040000FF00
(1307.003101) 0040#E1600C0010FF07080000FF070000FF01C40A170040FF04FF0000000000000000
(1307.003102) 006A#371C0C980A52900A0000000000A6020000000000000000000000000000000000
(1307.003103) 013A#632DA80000010000000001008000000000000000000000000000000000000000
(1307.003104) 00B5#163C102B007F2E002B002B00007F2700460000401404FE0A0026009F00020000
(1307.003105) 0100#288A1000109C806C400027000000075D0A0000000E020000FEBF2F8271000000
(1307.003106) 004A#0D350200000002000280C081767E650037363032463700000000000000000000
(1307.003107) 016A#C3AEFC0001000000000080808080000800000000100000000000000000000000
(1307.003108) 0060#AF441700000000000202000240FF00FF000005000008FE00000000040000FF00
(1307.003109) 0145#7467FF1001050410000000000000000000000000007200000000000000000000
(1307.003110) 0040#A7390D0010FF07080000FF070000FF01C40A170040FF04FF0000000000000000
(1307.003111) 006A#D7020D980A52940A0000000000A7020000000000000000000000000000000000
(1307.003112) 01A0#66C6FAFEF77F6400000000001E0C0200FFF33F0000000000FF07000000000000
(1307.003113) 00B5#7485112B007F2E002B002B00007F2700460000401404020B0026009F00020000
(1307.003114) 0100#6ED31100109C806C400027000000075D0A0000000E020000FEBF2F8271000000
(1307.003115) 004A#35C20300000002000080C781847E650037363032463700000000000000000000
(1307.003116) 0060#2E301800000000000202000240FF00FF000005000008FE00000000040000FF00
(1307.003117) 0040#6DD20E0010FF07080000FF070000FF01C40A170040FF04FF0000000000000000
(1307.003118) 006A#CB6C0E880A528C0A0000000000A5020000000000000000000000000000000000
(1307.003119) 00B5#6A63122B007F2E002B002B00007F2700460000401404060B0026009F00020000
(1307.003120) 0100#A4381200109C806C400027000000075D0A0000000E020000FEBF2F8271000000
(1307.003121) 004A#5BFE0400000002000580CE81847E650037363032463700000000000000000000
(1307.003122) 016A#85F7FD0001000000000080808080000800000000100000000000000000000000
(1307.003123) 0060#68691900000000000202000240FF00FF000005000008FE00000000040000FF00
(1307.003124) 0145#022B001001050410000000000000000000000000007200000000000000000000
(1307.003125) 0040#2B8B0F0010FF07080000FF070000FF01C40A170040FF04FF0000000000000000
(1307.003126) 006A#DDA70F880A52880A0000000000A5020000000000000000000000000000000000
(1307.003127) 01A0#209FFBFEF77F6400000000001E0C0200FFF33F0000000000FF07000000000000
(1307.003128) 00B5#2C3A132B007F2E002B002B00007F2700460000401404060B0026009F00020000
(1307.003129) 0100#FDCD1300109C806C400027000000075F0A0000000E020000FEBF2F8271000000
(1307.003130) 0260#436636401B5D8E0000005D1C5B012C00000000000000402335D54017A0140000
(1307.003131) 004A#69E80500000002000280D5817D7E650037363032463700000000000000000000
(1307.003132) 0060#A2821A00000000000202000240FF00FF000005000008FE00000000040000FF00
(1307.003133) 0040#6F3B100010FF07080000FF070000FF01C40A170040FF04FF0000000000000000
(1307.003134) 006A#A6B910900A528C0A0000000000A6020000000000000000000000000000000000
(1307.003135) 00B5#DFA4142B007F2E002B002B00007F2700460000401404060B0026009F00020000
(1307.003136) 0100#0E531400109C806C400027000000075F0A0000000E020000FEBF2F8271000000
(1307.003137) 004A#684F0600000002000E80F7817D7E650037363032463700000000000000000000
(1307.003138) 016A#4F1CFE0001000000000080808080000800000000100000000000000000000000
(1307.003139) 0060#E4DB1B00000000000202000240FF00FF000005000008FE00000000040000FF00
(1307.003140) 0145#4472011001050410000000000000000000000000007200000000000000000000
(1307.003141) 013A#2574A90000010000000001008000000000000000000000000000000000000000
(1307.003142) 0040#2962110010FF07080000FF070000FF01C40A170040FF04FF0000000000000000
(1307.003143) 006A#F56711840A52880A0000000000A5020000000000000000000000000000000000
(1307.003144) 01A0#D301FCFEF77F6400000000001E0C0200FFF33F0000000000FF07000000000000
(1307.003145) 00B5#571B152B007F2E002B002B00007F2700460000401404F80A0026009F00020000
(1307.003146) 0100#480A1500109C806C400027000000075F0A0000000E020000FEBF2F8271000000
(1307.003147) 004A#66810700000002000580E981697E650037363032463700000000000000000000
(1307.003148) 0060#17451C00000000000202000240FF00FF000005000008FE00000000040000FF00
(1307.003149) 0040#E389120010FF07080000FF070000FF01C40A170040FF04FF0000000000000000
(1307.003150) 006A#7EEE12800A52840A0000000000A3020000000000000000000000000000000000
(1307.003151) 00B5#543A162B007F2E002C002C00007F2700460000401404EC0A0026009F00020000
(1307.003152) 0100#9D4D1600109C806C400027000000075D0A0000000E020000FEBF2F8271000000
(1307.003153) 004A#63590800000002000B80D581767E650037363032463700000000000000000000
(1307.003154) 016A#0945FF0001000000000080808080000800000000100000000000000000000000
(1307.003155) 0060#511C1D00000000000202000240FF00FF000005000008FE00000000040000FF00
(1307.003156) 0145#8E99021001050410000000000000000000000000007200000000000000000000
(1307.003157) 0040#0220130010FF07080000FF070000FF01C00A170040FF04FF0000000000000000
(1307.003158) 006A#4331138C0A52880A0000000000A4020000000000000000000000000000000000
(1307.003159) 01A0#9558FDFEF77F6400000000001E0C0200FFF33F0000000000FF07000000000000
(1307.003160) 00B5#1263172B007F2E002C002C00007F2700460000401404EC0A0026009F00020000
(1307.003161) 0100#DB141700109C806C400027000000075D0A0000000E020000FEBF2F8271000000
(1307.003162) 004A#61180900000002000580D581697E650037363032463700000000000000000000
(1307.003163) 0060#9BF71E00000000000202000240FF00FF000005000008FE00000000040000FF00
(1307.003164) 0040#F1BE140010FF07080000FF070000FF01C00A170040FF04FF0000000000000000
(1307.003165) 006A#A4A214900A528C0A0000000000A5020000000000000000000000000000000000
(1307.003166) 00B5#6B3B182B007F2E002C002C00007F2700460000401404F40A0026009F00020000
(1307.003167) 0100#E6411800109C806C400027000000075F0A0000000D020000FEBF2F8271000000
(1307.003168) 004A#CE4C0A00000002000880CE81697E650037363032463700000000000000000000
(1307.003169) 016A#7F09000001000000000080808080000800000000100000000000000000000000
(1307.003170) 0060#DDAE1F00000000000202000240FF00FF000005000008FE00000000040000FF00
(1307.003171) 0145#C8C0031001050410000000000000000000000000007200000000000000000000
(1307.003172) 0040#1017150010FF07080000FF070000FF01C40A170040FF04FF0000000000000000
(1307.003173) 006A#E2FB15900A528C0A0000000000A5020000000000000000000000000000000000
(1307.003174) 01A0#5FB3FEFEF77F6400000000001E0C0200FFF33F0000000000FF07000000000000
(1307.003175) 00B5#8579192B007F2E002C002C00007F2700460000401404FC0A0026009F00020000
(1307.003176) 0100#A0181900109C806C400027000000075F0A0000000D020000FEBF2F8271000000
(1307.003177) 004A#BF350B00000002000880D581847E650037363032463700000000000000000000
(1307.003178) 0060#32872000000000000202000240FF00FF000005000008FE00000000040000FF00
(1307.003179) 0040#DAFC160010FF07080000FF070000FF01C40A170040FF04FF0000000000000000
(1307.003180) 006A#0C8016980A52900A0000000000A6020000000000000000000000000000000000
(1307.003181) 00B5#4F921A2B007F2E002C002C00007F2700460000401404FC0A0026009F00020000
(1307.003182) 0100#6AF31A00109C806C400027000000075F0A0000000D020000FEBF2F8271000000
(1307.003183) 004A#7FB10C00000002000880DB81847E650037363032463700000000000000000000
(1307.003184) 016A#3950010001000000000080808080000800000000100000000000000000000000
(1307.003185) 0060#74DE2100000000000202000240FF00FF000005000008FE00000000040000FF00
(1307.003186) 0145#3B5E041001050410000000000000000000000000007200000000000000000000
(1307.003187) 0040#9CA5170010FF07080000FF070000FF01C40A170040FF04FF0000000000000000
(1307.003188) 006A#EC9E17980A52940A0000000000A7020000000000000000000000000000000000
(1307.003189) 013A#EF9FAA0000010000000001008000000000000000000000000000000000000000
(1307.003190) 01A0#19EAFFFEF77F6400000000001E0C0200FFF33F0000000000FF07000000000000
(1307.003191) 00B5#DDC61B2B007F2E002C002C00007F2700460000401404F80A0026009F00020000
(1307.003192) 0100#2CAA1B00109C806C400027000000075F0A0000000D020000FEBF2F8271000000
(1307.003193) 004A#F8130D00000002000580C081987E650037363032463700000000000000000000
(1307.003194) 0060#BE352200000000000202000240FF00FF000005000008FE00000000040000FF00
(1307.003195) 0040#1DD1180010FF07080000FF070000FF01C40A170040FF04FF0000000000000000
(1307.003196) 006A#D11918800A52880A0000000000A4020000000000000000000000000000000000
(1307.003197) 00B5#524E1C2B007F2E002C002C00007F2700460000401404F40A0026009F00020000
(1307.003198) 0100#7CB91C00109C806C400027000000075F0A0000000E020000FEBF2F8271000000
(1307.003199) 004A#95370E00000002000880C781847E650037363032463700000000000000000000
(1307.003200) 016A#F3BB020001000000000080808080000800000000100000000000000000000000
(1307.003201) 0060#F86C2300000000000202000240FF00FF000005000008FE00000000040000FF00
(1307.003202) 0145#7D07051001050410000000000000000000000000007200000000000000000000
(1307.003203) 0040#5B88190010FF07080000FF070000FF01C40A170040FF04FF0000000000000000
(1307.003204) 006A#C6EF19800A52840A0000000000A3020000000000000000000000000000000000
(1307.003205) 01A0#6FA600FEF77F6400000000001E0C0200FFF33F0000000000FF07000000000000
(1307.003206) 00B5#14171D2B007F2E002C002C00007F2700460000401404F40A0026009F00020000
(1307.003207) 0100#3AE01D00109C806C400027000000075F0A0000000E020000FEBF2F8271000000
(1307.003208) 0260#54A337401B5F8D0000005D1C5B012C00000000000000402335D54017A0140000
(1307.003209) 004A#63660F0000000200FB7FE981847E650037363032463700000000000000000000
(1307.003210) 0060#0BF22400000000000202000240FF00FF000005000008FE00000000040000FF00
(1307.003211) 0040#91631A0010FF07080000FF070000FF01C40A170040FF04FF0000000000000000
(1307.003212) 006A#C5C81A900A52880A0000000000A4020000000000000000000000000000000000
(1307.003213) 00B5#F4761E2C007F2E002C002C00007F2700460000401404FA0A0026009F00020000
(1307.003214) 0100#F00B1E00109C806C400027000000075F0A0000000E020000FEBF2F8271000000
(1307.003215) 004A#9D7B1000000002000880D5817D7E650037363032463700000000000000000000
(1307.003216) 016A#B5E2030001000000000080808080000800000000100000000000000000000000
(1307.003217) 0060#4DAB2500000000000202000240FF00FF000005000008FE00000000040000FF00
(1307.003218) 0145#B7EC061001050410000000000000000000000000007200000000000000000000
(1307.003219) 0040#D73A1B0010FF07080000FF070000FF01C40A170040FF04FF0000000000000000
(1307.003220) 006A#C3CE1B940A528C0A0000000000A5020000000000000000000000000000000000
(1307.003221) 01A0#29FF01FEF77F6400000000001E0C0200FFF33F0000000000FF07000000000000
(1307.003222) 00B5#8C241F2C007F2E002C002C00007F2700460000401404FC0A0026009F00020000
(1307.003223) 0100#15DF1F00109C806C400027000000075F0A0000000D020000FEBF2F8271000000
(1307.003224) 004A#529A1100000002000B80E981767E650037363032463700000000000000000000
(1307.003225) 0060#87402600000000000202000240FF00FF000005000008FE00000000040000FF00
(1307.003226) 013A#A9C6AB0000010000000001008000000000000000000000000000000000000000
(1307.003227) 0040#24A41C0010FF07080000FF070000FF01C40A170040FF04FF0000000000000000
(1307.003228) 006A#245D1C880A52880A0000000000A4020000000000000000000000000000000000
(1307.003229) 00B5#192B202C007F2E002C002C00007F2700460000401404FA0A0025009F00020000
(1307.003230) 0100#FAF62000109C806C400027000000075F0A0000000D020000FEBF2F8271000000
(1307.003231) 004A#734A1200000002000880F081767E650037363032463700000000000000000000
(1307.003232) 016A#467C040001000000000080808080000800000000100000000000000000000000
(1307.003233) 0060#C1192700000000000202000240FF00FF000005000008FE00000000040000FF00
(1307.003234) 0145#F1B5071001050410000000000000000000000000007200000000000000000000
(1307.003235) 0040#62FD1D0010FF07080000FF070000FF01C40A170040FF04FF0000000000000000
(1307.003236) 006A#19821D840A52840A0000000000A3020000000000000000000000000000000000
(1307.003237) 01A0#E31402FEF77F6400000000001E0C0200FFF33F0000000000FF07000000000000
(1307.003238) 00B5#E3E8212B007F2E002C002C00007F2700460000401404FA0A0025009F00020000
(1307.003239) 0100#8C822100109C806C400028000000075F0A0000000D020000FEBF2F8271000000
(1307.003240) 004A#1ED81300000002000E80DB81847E650037363032463700000000000000000000
(1307.003241) 0060#406D2800000000000202000240FF00FF000005000008FE00000000040000FF00
(1307.003242) 0040#A8161E0010FF07080000FF070000FF01C40A170040FF04FF0000000000000000
(1307.003243) 006A#65E31E800A52800A0000000000A3020000000000000000000000000000000000
(1307.003244) 00B5#C305222B007F2E002C002C00007F2700460000401404F80A0025009F00020000
(1307.003245) 0100#D5C92200109C806C400027000000075F0A0000000E020000FEBF2F8271000000
(1307.003246) 004A#B4DA1400000002000E80B981767E650037363032463700000000000000000000
(1307.003247) 016A#0025050001000000000080808080000800000000100000000000000000000000
(1307.003248) 0060#06342900000000000202000240FF00FF000005000008FE00000000040000FF00
(1307.003249) 0145#70C1081001050410000000000000000000000000007200000000000000000000
(1307.003250) 0040#EE4F1F0010FF07080000FF070000FF01C40A170040FF04FF0000000000000000
(1307.003251) 006A#23BA1F800A52800A0000000000A3020000000000000000000000000000000000
(1307.003252) 01A0#A54D03FEF77F6400000000001E0C0200FFF33F0000000000FF07000000000000
(1307.003253) 00B5#F94A232B007F2E002C002C00007F2700460000401404F40A0025009F00020000
(1307.003254) 0100#93902300109C806C400027000000075F0A0000000E020000FEBF2F8271000000
(1307.003255) 004A#D3391500000002001980C781847E650037363032463700000000000000000000
(1307.003256) 0060#CCDF2A00000000000202000240FF00FF000005000008FE00000000040000FF00
(1307.003257) 0040#0166200010FF07080000FF070000FF01C40A170040FF04FF0000000000000000
(1307.003258) 006A#D7A8207C0A527C0A0000000000A2020000000000000000000000000000000000
(1307.003259) 00B5#B64E242C007F2E002C002C00007F2700460000401404F40A0025009F00020000
(1307.003260) 0100#600E2400109C806C400027000000075F0A0000000E020000FEBF2F8271000000
(1307.003261) 004A#A0FD1600000002000B80C781847E650037363032463700000000000000000000
(1307.003262) 016A#CACE060001000000000080808080000800000000100000000000000000000000
(1307.003263) 0060#8A862B00000000000202000240FF00FF000005000008FE00000000040000FF00
(1307.003264) 0145#3698091001050410000000000000000000000000007200000000000000000000
(1307.003265) 0040#473F210010FF07080000FF070000FF01C40A170040FF04FF0000000000000000
(1307.003266) 006A#1C1521780A52780A0000000000A1020000000000000000000000000000000000
(1307.003267) 01A0#56D304FEF77F6400000000001E0C0200FFF33F0000000000FF07000000000000
(1307.003268) 00B5#241A252C007F2E002C002C00007F2700460000401404F00A0025009F00020000
(1307.003269) 0100#26572500109C806C400027000000075F0A0000000E020000FEBF2F8271000000
(1307.003270) 004A#6FB71700000002000580E981767E650037363032463700000000000000000000
(1307.003271) 0060#79182C00000000000202000240FF00FF000005000008FE00000000040000FF00
(1307.003272) 013A#5A58AC0000010000000001008000000000000000000000000000000000000000
(1307.003273) 0040#8DD4220010FF07080000FF070000FF01C40A170040FF04FF0000000000000000
(1307.003274) 006A#E65322840A527C0A0000000000A1020000000000000000000000000000000000
(1307.003275) 00B5#EEF1262C007F2E002C002C00007F2700460000401404F00A0025009F00020000
(1307.003276) 0100#ECBC2600109C806C400027000000075F0A0000000E020000FEBF2F8271000000
(1307.003277) 004A#19131800000002000080C081697E650037363032463700000000000000000000
(1307.003278) 016A#8C97070001000000000080808080000800000000100000000000000000000000
(1307.003279) 0060#3F412D00000000000202000240FF00FF000005000008FE00000000040000FF00
(1307.003280) 0145#FC730A1001050410000000000000000000000000007200000000000000000000
(1307.003281) 0040#CB8D230010FF07080000FF070000FF01C40A170040FF04FF0000000000000000
(1307.003282) 006A#3C9C23880A52800A0000000000A2020000000000000000000000000000000000
(1307.003283) 01A0#108A05FEF77F6400000000001E0C0200FFF33F0000000000FF07000000000000
(1307.003284) 00B5#1432272B007F2E002C002C00007F2700460000401404F00A0025009F00020000
(1307.003285) 0100#AAE52700109C806C400027000000075F0A0000000E020000FEBF2F8271000000
(1307.003286) 0260#332738401B5E8D0000005D1C5B012C00000000000000402335D54017A0140000
(1307.003287) 004A#572D1900000002000880B9817D7E650037363032463700000000000000000000
(1307.003288) 0060#F5AA2E00000000000202000240FF00FF000005000008FE00000000040000FF00
(1307.003289) 0040#3813240010FF07080000FF070000FF01C40A170040FF04FF0000000000000000
(1307.003290) 006A#6CB824900A52880A0000000000A4020000000000000000000000000000000000
(1307.003291) 00B5#7F40282B007F2E002C002C00007F2700460000401404F20A0025009F00020000
(1307.003292) 0100#881C2800109C806C400027000000075F0A0000000D020000FEBF2F8271000000
(1307.003293) 004A#51F71A00000002000280F0818B7E650037363032463700000000000000000000
(1307.003294) 016A#0DE3080001000000000080808080000800000000100000000000000000000000
(1307.003295) 0060#B3F32F00000000000202000240FF00FF000005000008FE00000000040000FF00
(1307.003296) 0145#BA2A0B1001050410000000000000000000000000007200000000000000000000
(1307.003297) 0040#7E4A250010FF07080000FF070000FF01C40A170040FF04FF0000000000000000
(1307.003298) 006A#8CA625900A528C0A0000000000A5020000000000000000000000000000000000
(1307.003299) 01A0#DA6106FEF77F6400000000001E0C0200FFF33F0000000000FF07000000000000
(1307.003300) 00B5#BB88292C007F2E002C002C00007F2700460000401404F40A0025009F00020000
(1307.003301) 0100#CE452900109C806C400027000000075F0A0000000D020000FEBF2F8271000000
(1307.003302) 004A#1A791B00000002000580B981767E650037363032463700000000000000000000
(1307.003303) 0060#F7433000000000000202000240FF00FF000005000008FE00000000040000FF00
(1307.003304) 0040#B4A1260010FF07080000FF070000FF01C40A170040FF04FF0000000000000000
(1307.003305) 006A#09A626780A52800A0000000000A2020000000000000000000000000000000000
(1307.003306) 00B5#0D752A2C007F2E002C002C00007F2700460000401404F80A0025009F00020000
(1307.003307) 0100#04AE2A00109C806C400027000000075F0A0000000D020000FEBF2F8271000000
(1307.003308) 004A#E9E71C00000002000580B981767E650037363032463700000000000000000000
(1307.003309) 016A#4BBA090001000000000080808080000800000000100000000000000000000000
(1307.003310) 0060#B11A3100000000000202000240FF00FF000005000008FE00000000040000FF00
(1307.003311) 0145#49B40C1001050410000000000000000000000000007200000000000000000000
(1307.003312) 0040#F2F8270010FF07080000FF070000FF01C40A170040FF04FF0000000000000000
(1307.003313) 006A#C22E27780A527C0A0000000000A2020000000000000000000000000000000000
(1307.003314) 013A#1C01AD0000010000000001008000000000000000000000000000000000000000
(1307.003315) 01A0#9C3807FEF77F6400000000001E0C0200FFF33F0000000000FF07000000000000
(1307.003316) 00B5#4B2C2B2C007F2E002C002C00007F2700460000401404F80A0025009F00020000
(1307.003317) 0100#42F72B00109C806C400027000000075F0A0000000D020000FEBF2F8271000000
(1307.003318) 004A#3EAE1D00000002000080C081847E650037363032463700000000000000000000
(1307.003319) 0060#7BF13200000000000202000240FF00FF000005000008FE00000000040000FF00
(1307.003320) 0040#738C280010FF07080000FF070000FF01C40A170040FF04FF0000000000000000
(1307.003321) 006A#724828880A52800A0000000000A3020000000000000000000000000000000000
(1307.003322) 00B5#04282C2B007F2E002C002C00007F2700460000401404F80A0025009F00020000
(1307.003323) 0100#12E42C00109C806C400027000000075F0A0000000E020000FEBF2F8271000000
(1307.003324) 004A#A4B31E00000002000880B9817D7E650037363032463700000000000000000000
(1307.003325) 016A#81510A0001000000000080808080000800000000100000000000000000000000
(1307.003326) 0060#3DA83300000000000202000240FF00FF000005000008FE00000000040000FF00
(1307.003327) 0145#0FED0D1001050410000000000000000000000000007200000000000000000000
(1307.003328) 0040#35D5290010FF07080000FF070000FF01C40A170040FF04FF0000000000000000
(1307.003329) 006A#829B298C0A52840A0000000000A3020000000000000000000000000000000000
(1307.003330) 01A0#1D4C08FEF77F6400000000001E0C0200FFF33F0000000000FF07000000000000
(1307.003331) 00B5#A8772D2B007F2E002C002C00007F2700460000401404FA0A0025009F00020000
(1307.003332) 0100#F7302D00109C806C400027000000075F0A0000000D020000FEBF2F8271000000
(1307.003333) 004A#8B4C1F00000002000880C081767E650037363032463700000000000000000000
(1307.003334) 0060#CE363400000000000202000240FF00FF000005000008FE00000000040000FF00
(1307.003335) 0040#FF3E2A0010FF07080000FF070000FF01C40A170040FF04FF0000000000000000
(1307.003336) 006A#19DF2A8C0A52880A0000000000A4020000000000000000000000000000000000
(1307.003337) 00B5#629C2E2B007F2E002C002C00007F2700460000401404FA0A0025009F00020000
(1307.003338) 0100#9E562E00109C806C400027000000075F0A0000000E020000FEBF2F8271000000
(1307.003339) 004A#46022000000002000280E281697E650037363032463700000000000000000000
(1307.003340) 016A#C7080B0001000000000080808080000800000000100000000000000000000000
(1307.003341) 0060#886F3500000000000202000240FF00FF000005000008FE00000000040000FF00
(1307.003342) 0145#C5060E1001050410000000000000000000000000007200000000000000000000
(1307.003343) 0040#B9672B0010FF07080000FF070000FF01C40A170040FF04FF0000000000000000
(1307.003344) 006A#C2182B840A52840A0000000000A3020000000000000000000000000000000000
(1307.003345) 01A0#5B1509FEF77F6400000000001E0C0200FFF33F0000000000FF07000000000000
(1307.003346) 00B5#A7D32F2B007F2E002B002B00007F2700460000401404040B0025009F00020000
(1307.003347) 0100#D80F2F00109C806C400027000000075F0A0000000E020000FEBF2F8271000000
(1307.003348) 004A#F2E72100000002000B80DB816F7E650037363032463700000000000000000000
(1307.003349) 0060#42843600000000000202000240FF00FF000005000008FE00000000040000FF00
(1307.003350) 0040#4AF92C0010FF07080000FF070000FF01C40A170040FF04FF0000000000000000
(1307.003351) 006A#870C2C800A52800A0000000000A3020000000000000000000000000000000000
(1307.003352) 00B5#7573302B007F2E002B002B00007F27004600004014040A0B0025009F00020000
(1307.003353) 0100#9CBF3000109C806C400027000000075F0A0000000E020000FEBF2F8271000000
(1307.003354) 004A#9C742200000002000E80B381697E650037363032463700000000000000000000
(1307.003355) 016A#34960C0001000000000080808080000800000000100000000000000000000000
(1307.003356) 0060#04DD3700000000000202000240FF00FF000005000008FE00000000040000FF00
(1307.003357) 0145#835F0F1001050410000000000000000000000000007200000000000000000000
(1307.003358) 0040#0CA02D0010FF07080000FF070000FF01C40A170040FF04FF0000000000000000
(1307.003359) 006A#DDFF2D880A52840A0000000000A4020000000000000000000000000000000000
(1307.003360) 013A#D6EAAE0000010000000001008000000000000000000000000000000000000000
(1307.003361) 01A0#91FE0AFEF77F6400000000001E0C0200FFF33F0000000000FF07000000000000
(1307.003362) 00B5#332A312B007F2E002B002B00007F27004600004014040A0B0025009F00020000
(1307.003363) 0100#DAE63100109C806C400027000000075F0A0000000E020000FEBF2F8271000000
(1307.003364) 0260#938E39401B5F8D0000005D1C5B012C00000000000000402335D54017A0140000
(1307.003365) 004A#9B832300000002000880AC817D7E650037363032463700000000000000000000
(1307.003366) 0060#85A93800000000000202000240FF00FF000005000008FE00000000040000FF00
(1307.003367) 0040#C64B2E0010FF07080000FF070000FF01C40A170040FF04FF0000000000000000
(1307.003368) 006A#0BBE2E800A52800A0000000000A3020000000000000000000000000000000000
(1307.003369) 00B5#13C7322B007F2E002B002B00007F2700460000401404080B0025009F00020000
(1307.003370) 0100#100D3200109C806C400027000000075F0A0000000E020000FEBF2F8271000000
(1307.003371) 004A#11D22400000002000E80AC815B7E650037363032463700000000000000000000
(1307.003372) 016A#72CF0D0001000000000080808080000800000000100000000000000000000000
(1307.003373) 0060#C3F03900000000000202000240FF00FF000005000008FE00000000040000FF00
(1307.003374) 0145#C7EF101001050410000000000000000000000000007200000000000000000000
(1307.003375) 0040#80122F0010FF07080000FF070000FF01C40A170040FF04FF0000000000000000
(1307.003376) 006A#56DC2F7C0A527C0A0000000000A2020000000000000000000000000000000000
(1307.003377) 01A0#D7A70BFEF77F6400000000001E0C0200FFF33F0000000000FF07000000000000
(1307.003378) 00B5#8193332B007F2E002B002B00007F27004600004014040C0B0025009F00020000
(1307.003379) 0100#56543300109C806C400027000000075F0A0000000E020000FEBF2F8271000000
(1307.003380) 004A#052B2500000002000280A581847E650037363032463700000000000000000000
(1307.003381) 0060#091B3A00000000000202000240FF00FF000005000008FE00000000040000FF00
(1307.003382) 0040#C4A2300010FF07080000FF070000FF01C40A170040FF04FF0000000000000000
(1307.003383) 006A#C56630880A52800A0000000000A3020000000000000000000000000000000000
(1307.003384) 00B5#DC26342B007F2E002B002B00007F27004600004014040E0B0026009F00020000
(1307.003385) 0100#A5CA3400109C806C400027000000075F0A0000000E020000FEBF2F8271000000
(1307.003386) 004A#E9BB2600000002000580AC81697E650037363032463700000000000000000000
(1307.003387) 016A#B8240E0001000000000080808080000800000000100000000000000000000000
(1307.003388) 0060#4F423B00000000000202000240FF00FF000005000008FE00000000040000FF00
(1307.003389) 0145#81B6111001050410000000000000000000000000007200000000000000000000
(1307.003390) 0040#82FB310010FF07080000FF070000FF01C40A170040FF04FF0000000000000000
(1307.003391) 006A#B5BC318C0A52840A0000000000A4020000000000000000000000000000000000
(1307.003392) 01A0#24390CFEF77F6400000000001E0C0200FFF33F0000000000FF07000000000000
(1307.003393) 00B5#9A7F352B007F2E002B002B00007F27004600004014040E0B0026009F00020000
(1307.003394) 0100#FC3F3500109C806C400027000000075D0A0000000E020000FEBF2F8271000000
(1307.003395) 004A#A6162700000002000E80C781547E650037363032463700000000000000000000
(1307.003396) 0060#BCDC3C00000000000202000240FF00FF000005000008FE00000000040000FF00
(1307.003397) 013A#90B3AF0000010000000001008000000000000000000000000000000000000000
(1307.003398) 0040#4810320010FF07080000FF070000FF01C40A170040FF04FF0000000000000000
(1307.003399) 006A#678A32940A528C0A0000000000A6020000000000000000000000000000000000
(1307.003400) 00B5#5094362B007F2E002B002B00007F27004600004014040E0B0026009F00020000
(1307.003401) 0100#36D43600109C806C400027000000075D0A0000000E020000FEBF2F8271000000
(1307.003402) 016A#FE7D0F0001000000000080808080000800000000100000000000000000000000
(1307.003403) 004A#3B852800000002000080B381547E650037363032463700000000000000000000
(1307.003404) 0060#FA853D00000000000202000240FF00FF000005000008FE00000000040000FF00
(1307.003405) 0145#4B5D121001050410000000000000000000000000007200000000000000000000
(1307.003406) 0040#0E49330010FF07080000FF070000FF01C40A170040FF04FF0000000000000000
(1307.003407) 006A#6EAC339C0A52940A0000000000A8020000000000000000000000000000000000
(1307.003408) 01A0#62600DFEF77F6400000000001E0C0200FFF33F0000000000FF07000000000000
(1307.003409) 00B5#54D0372B007F2E002B002B00007F2700460000401404040B0026009F00020000
(1307.003410) 0100#708D3700109C806C400027000000075D0A0000000E020000FEBF2F8271000000
(1307.003411) 004A#38922900000002000080C781697E650037363032463700000000000000000000
(1307.003412) 0060#306E3E00000000000202000240FF00FF000005000008FE00000000040000FF00
(1307.003413) 0040#FDD7340010FF07080000FF070000FF01C40A170040FF04FF0000000000000000
(1307.003414) 006A#600734880A528C0A0000000000A6020000000000000000000000000000000000
(1307.003415) 00B5#D5A4382B007F2E002B002B00007F2700460000401404040B0026009F00020000
(1307.003416) 0100#F1F93800109C806C400027000000075D0A0000000E020000FEBF2F8271000000
(1307.003417) 004A#56CF2A00000002000880C081697E650037363032463700000000000000000000
(1307.003418) 016A#BACD100001000000000080808080000800000000100000000000000000000000
(1307.003419) 0060#76373F00000000000202000240FF00FF000005000008FE00000000040000FF00
(1307.003420) 0145#0D04131001050410000000000000000000000000007200000000000000000000
(1307.003421) 0040#BB8E350010FF07080000FF070000FF01C40A170040FF04FF0000000000000000
(1307.003422) 006A#678B35840A52880A0000000000A5020000000000000000000000000000000000
(1307.003423) 01A0#A88B0EFEF77F6400000000001E0C0200FFF33F0000000000FF07000000000000
(1307.003424) 00B5#5D1B392B007F2E002B002B00007F2700460000401404FA0A0026009F00020000
(1307.003425) 0100#B7A03900109C806C400027000000075D0A0000000E020000FEBF2F8271000000
(1307.003426) 004A#FAB42B00000002000280DB81627E650037363032463700000000000000000000
(1307.003427) 0060#EE3D4000000000000202000240FF00FF000005000008FE00000000040000FF00
(1307.003428) 0040#7165360010FF07080000FF070000FF01C40A170040FF04FF0000000000000000
(1307.003429) 006A#838936900A528C0A0000000000A5020000000000000000000000000000000000
(1307.003430) 00B5#A9FB3A2B007F2E002B002B00007F2700460000401404FC0A0026009F00020000
(1307.003431) 0100#7D4B3A00109C806C400027000000075D0A0000000E020000FEBF2F8271000000
(1307.003432) 004A#C1762C00000002000E80D5815B7E650037363032463700000000000000000000
(1307.003433) 016A#FC94110001000000000080808080000800000000100000000000000000000000
(1307.003434) 0060#A8644100000000000202000240FF00FF000005000008FE00000000040000FF00
(1307.003435) 0145#FE9A141001050410000000000000000000000000007200000000000000000000
(1307.003436) 0040#373C370010FF07080000FF070000FF01C40A170040FF04FF0000000000000000
(1307.003437) 006A#A11F379C0A52940A0000000000A7020000000000000000000000000000000000
(1307.003438) 01A0#EED20FFEF77F6400000000001E0C0200FFF33F0000000000FF07000000000000
(1307.003439) 00B5#05A43B2B007F2E002B002B00007F2700460000401404FE0A0026009F00020000
(1307.003440) 0100#3B123B00109C806C400027000000075D0A0000000E020000FEBF2F8271000000
(1307.003441) 0260#BF953A401B5E8D0000005D1C5B012C00000000000000402335D54017A0140000
(1307.003442) 004A#A8452D00000002000580C0817D7E650037363032463700000000000000000000
(1307.003443) 0060#628F4200000000000202000240FF00FF000005000008FE00000000040000FF00
(1307.003444) 013A#D403B00000010000000001008000000000000000000000000000000000000000
(1307.003445) 0040#B648380010FF07080000FF070000FF01C40A170040FF04FF0000000000000000
(1307.003446) 006A#070B389C0A52980A0000000000A8020000000000000000000000000000000000
(1307.003447) 00B5#F63A3C2B007F2E002B002B00007F2700460000401404FE0A0026009F00020000
(1307.003448) 0100#C88C3C00109C806C400027000000075D0A0000000E020000FEBF2F8271000000
(1307.003449) 004A#A9462E00000002000580C081767E650037363032463700000000000000000000
(1307.003450) 016A#367F120001000000000080808080000800000000100000000000000000000000
(1307.003451) 0060#24D64300000000000202000240FF00FF000005000008FE00000000040000FF00
(1307.003452) 0145#B8C3151001050410000000000000000000000000007200000000000000000000
(1307.003453) 0040#F011390010FF07080000FF070000FF01C40A170040FF04FF0000000000000000
(1307.003454) 006A#BE0E39880A52900A0000000000A6020000000000000000000000000000000000
(1307.003455) 01A0#AA6210FEF77F6400000000001E0C0200FFF33F0000000000FF07000000000000
(1307.003456) 00B5#18783D2B007F2E002B002B00007F2700460000401404F60A0026009F00020000
(1307.003457) 0100#8ED53D00109C806C400027000000075D0A0000000E020000FEBF2F8271000000
(1307.003458) 004A#F7AC2F00000002000B80D581697E650037363032463700000000000000000000
(1307.003459) 0060#D7484400000000000202000240FF00FF000005000008FE00000000040000FF00
(1307.003460) 0040#3AFA3A0010FF07080000FF070000FF01C40A170040FF04FF0000000000000000
(1307.003461) 006A#7A5C3A8C0A528C0A0000000000A5020000000000000000000000000000000000
(1307.003462) 00B5#674F3E2B007F2E002C002C00007F2700460000401404EE0A0026009F00020000
(1307.003463) 0100#443E3E00109C806C400027000000075D0A0000000E020000FEBF2F8271000000
(1307.003464) 004A#CFF93000000002000080AC816F7E650037363032463700000000000000000000
(1307.003465) 016A#7026130001000000000080808080000800000000100000000000000000000000
(1307.003466) 0060#91114500000000000202000240FF00FF000005000008FE00000000040000FF00
(1307.003467) 0145#7228161001050410000000000000000000000000007200000000000000000000
(1307.003468) 0040#DB533B0010FF07080000FF070000FF01C00A170040FF04FF0000000000000000
(1307.003469) 006A#8E4F3B900A528C0A0000000000A5020000000000000000000000000000000000
(1307.003470) 01A0#EC3B11FEF77F6400000000001E0C0200FFF33F0000000000FF07000000000000
(1307.003471) 00B5#21163F2B007F2E002C002C00007F2700460000401404EE0A0026009F00020000
(1307.003472) 0100#02673F00109C806C400027000000075D0A0000000E020000FEBF2F8271000000
(1307.003473) 004A#EDB23100000002000080CE81847E650037363032463700000000000000000000
(1307.003474) 0060#5BFA4600000000000202000240FF00FF000005000008FE00000000040000FF00
(1307.003475) 0040#28CD3C0010FF07080000FF070000FF01C00A170040FF04FF0000000000000000
(1307.003476) 006A#125A3C800A52840A0000000000A3020000000000000000000000000000000000
(1307.003477) 00B5#531A402B007F2E002C002C00007F2700460000401404EC0A0026009F00020000
(1307.003478) 0100#9A6D4000109C806C400027000000075D0A0000000E020000FEBF2F8271000000
(1307.003479) 016A#83B8140001000000000080808080000800000000100000000000000000000000
(1307.003480) 004A#B33A3200000002000080CE81767E650037363032463700000000000000000000
(1307.003481) 0060#1DA34700000000000202000240FF00FF000005000008FE00000000040000FF00
(1307.003482) 0145#3471171001050410000000000000000000000000007200000000000000000000
(1307.003483) 013A#925AB10000010000000001008000000000000000000000000000000000000000
(1307.003484) 0040#6E943D0010FF07080000FF070000FF01C00A170040FF04FF0000000000000000
(1307.003485) 006A#927B3D7C0A52800A0000000000A2020000000000000000000000000000000000
(1307.003486) 01A0#26D012FEF77F6400000000001E0C0200FFF33F0000000000FF07000000000000
(1307.003487) 00B5#C14E412B007F2E002C002C00007F2700460000401404E80A0026009F00020000
(1307.003488) 0100#7FB94100109C806C400027000000075D0A0000000D020000FEBF2F8271000000
(1307.003489) 004A#B17B3300000002000E80CE81697E650037363032463700000000000000000000
(1307.003490) 0060#9CD74800000000000202000240FF00FF000005000008FE00000000040000FF00
(1307.003491) 0040#A47F3E0010FF07080000FF070000FF01C00A170040FF04FF0000000000000000
(1307.003492) 006A#DEB73E840A52800A0000000000A2020000000000000000000000000000000000
(1307.003493) 00B5#0BA5422B007F2E002C002C00007F2700460000401404E80A0026009F00020000
(1307.003494) 0100#B5524200109C806C400027000000075D0A0000000D020000FEBF2F8271000000
(1307.003495) 004A#D1113400000002000E80E281697E650037363032463700000000000000000000
(1307.003496) 016A#C5E1150001000000000080808080000800000000100000000000000000000000
(1307.003497) 0060#DA8E4900000000000202000240FF00FF000005000008FE00000000040000FF00
(1307.003498) 0145#B505181001050410000000000000000000000000007200000000000000000000
(1307.003499) 0040#E2263F0010FF07080000FF070000FF01C00A170040FF04FF0000000000000000
(1307.003500) 006A#14803F880A52840A0000000000A3020000000000000000000000000000000000
(1307.003501) 01A0#608913FEF77F6400000000001E0C0200FFF33F0000000000FF07000000000000
(1307.003502) 00B5#597D432C007F2E002C002C00007F2700460000401404E00A0026009F00020000
(1307.003503) 0100#2EA54300109C806C400027000000075F0A0001080E020000FEBF2F8271000000
(1307.003504) 004A#93FF3500000002000E80DB81627E650037363032463700000000000000000000
(1307.003505) 0060#10654A00000000000202000240FF00FF000005000008FE00000000040000FF00
(1307.003506) 0040#7A2C400010FF07080000FF070000FF01C00A170040FF04FF0000000000000000
(1307.003507) 006A#8C8A40880A52840A0000000000A3020000000000000000000000000000000000
(1307.003508) 00B5#26AC442C007F2E002C002C00007F2700460000401404DC0A0026009F00020000
(1307.003509) 0100#1F394400109C806C400027000000075F0A0000000D020000FEBF2F8271000000
(1307.003510) 004A#63803600000002000E80DB816F7E650037363032463700000000000000000000
(1307.003511) 016A#0F0A160001000000000080808080000800000000100000000000000000000000
(1307.003512) 0060#563C4B00000000000202000240FF00FF000005000008FE00000000040000FF00
(1307.003513) 0145#F35C191001050410000000000000000000000000007200000000000000000000
(1307.003514) 0040#3C75410010FF07080000FF070000FF01C00A170040FF04FF0000000000000000
(1307.003515) 006A#CF2E41900A52880A0000000000A4020000000000000000000000000000000000
(1307.003516) 01A0#931714FEF77F6400000000001E0C0200FFF33F0000000000FF07000000000000
(1307.003517) 00B5#06BC452C007F2E002C002C00007F2700460000401404E20A0026009F00020000
(1307.003518) 0100#59604500109C806C400027000000075F0A0000000D020000FEBF2F8271000000
(1307.003519) 0260#1F3C3B401B5F8D0000005D1C5B012C00000000000000402335D54017A0140000
(1307.003520) 004A#01323700000002001080DB817D7E650037363032463700000000000000000000
(1307.003521) 0060#A5A24C00000000000202000240FF00FF000005000008FE00000000040000FF00
(1307.003522) 0040#F69E420010FF07080000FF070000FF01C00A170040FF04FF0000000000000000
(1307.003523) 006A#B78F428C0A52880A0000000000A4020000000000000000000000000000000000
(1307.003524) 00B5#CC57462C007F2E002C002C00007F2700460000401404E20A0026009F00020000
(1307.003525) 0100#938B4600109C806C400027000000075F0A0000000D020000FEBF2F8271000000
(1307.003526) 004A#D9013800000002000080CE81847E650037363032463700000000000000000000
(1307.003527) 016A#4953170001000000000080808080000800000000100000000000000000000000
(1307.003528) 0060#E3FB4D00000000000202000240FF00FF000005000008FE00000000040000FF00
(1307.003529) 0145#39B71A1001050410000000000000000000000000007200000000000000000000
(1307.003530) 013A#58B1B20000010000000001008000000000000000000000000000000000000000
(1307.003531) 0040#B0C7430010FF07080000FF070000FF01C00A170040FF04FF0000000000000000
(1307.003532) 006A#AA3043780A52800A0000000000A2020000000000000000000000000000000000
(1307.003533) 01A0#D54E15FEF77F6400000000001E0C0200FFF33F0000000000FF07000000000000
(1307.003534) 00B5#B405472C007F2E002C002C00007F2700460000401404E40A0026009F00020000
(1307.003535) 0100#D5D24700109C806C400027000000075F0A0000000D020000FEBF2F8271000000
(1307.003536) 004A#1CB83900000002000580B3818B7E650037363032463700000000000000000000
(1307.003537) 0060#29104E00000000000202000240FF00FF000005000008FE00000000040000FF00
(1307.003538) 0040#4359440010FF07080000FF070000FF01C00A170040FF04FF0000000000000000
(1307.003539) 006A#637F44740A52780A0000000000A0020000000000000000000000000000000000
(1307.003540) 00B5#715C482C007F2E002C002C00007F2700460000401404E40A0025009F00020000
(1307.003541) 0100#54A64800109C806C400027000000075F0A0000000D020000FEBF2F8271000000
(1307.003542) 004A#D94A3A00000002000280D581847E650037363032463700000000000000000000
(1307.003543) 016A#C827180001000000000080808080000800000000100000000000000000000000
(1307.003544) 0060#6F494F00000000000202000240FF00FF000005000008FE00000000040000FF00
(1307.003545) 0145#7FEE1B1001050410000000000000000000000000007200000000000000000000
(1307.003546) 0040#0500450010FF07080000FF070000FF01C00A170040FF04FF0000000000000000
(1307.003547) 006A#2F6F45800A527C0A0000000000A1020000000000000000000000000000000000
(1307.003548) 01A0#1FA516FEF77F6400000000001E0C0200FFF33F0000000000FF07000000000000
(1307.003549) 00B5#3705492C007F2E002C002C00007F2700460000401404E40A0025009F00020000
(1307.003550) 0100#12FF4900109C806C400027000000075F0A0000000D020000FEBF2F8271000000
(1307.003551) 004A#0F273B00000002000B80C081847E650037363032463700000000000000000000
(1307.003552) 0060#2BF95000000000000202000240FF00FF000005000008FE00000000040000FF00
(1307.003553) 0040#CFEB460010FF07080000FF070000FF01C00A170040FF04FF0000000000000000
(1307.003554) 006A#9F0A46880A52800A0000000000A2020000000000000000000000000000000000
(1307.003555) 00B5#17E84A2C007F2E002C002C00007F2700460000401404E60A0025009F00020000
(1307.003556) 0100#B99B4A00109C806C400027000000075F0A0001080D020000FEBF2F8271000000
(1307.003557) 016A#8E7E190001000000000080808080000800000000100000000000000000000000
(1307.003558) 004A#F7993C00000002000580C7818B7E650037363032463700000000000000000000
(1307.003559) 0060#6DA05100000000000202000240FF00FF000005000008FE00000000040000FF00
(1307.003560) 0145#8C701C1001050410000000000000000000000000007200000000000000000000
(1307.003561) 0040#89B2470010FF07080000FF070000FF01C00A170040FF04FF0000000000000000
(1307.003562) 006A#C3E2477C0A527C0A0000000000A1020000000000000000000000000000000000
(1307.003563) 01A0#59FC17FEF77F6400000000001E0C0200FFF33F0000000000FF07000000000000
(1307.003564) 00B5#3F8D4B2C007F2E002C002C00007F2700460000401404F00A0025009F00020000
(1307.003565) 0100#9E4D4B00109C806C400027000000075F0A0000000D020000FEBF2F8271000000
(1307.003566) 004A#CB393D00000002000E80D5818B7E650037363032463700000000000000000000
(1307.003567) 0060#A74B5200000000000202000240FF00FF000005000008FE00000000040000FF00
(1307.003568) 0040#AF36480010FF07080000FF070000FF01C40A170040FF04FF0000000000000000
(1307.003569) 006A#DE3548740A52780A0000000000A1020000000000000000000000000000000000
(1307.003570) 013A#1EE8B30000010000000001008000000000000000000000000000000000000000
(1307.003571) 00B5#CC134C2C007F2E002C002C00007F2700460000401404F00A0025009F00020000
(1307.003572) 0100#6DD34C00109C806C400027000000075F0A0000000D020000FEBF2F8271000000
(1307.003573) 016A#44951A0001000000000080808080000800000000100000000000000000000000
(1307.003574) 004A#43113E00000002000B80CE81847E650037363032463700000000000000000000
(1307.003575) 0060#E1125300000000000202000240FF00FF000005000008FE00000000040000FF00
(1307.003576) 0145#CA291D1001050410000000000000000000000000007200000000000000000000
(1307.003577) 0040#E96F490010FF07080000FF070000FF01C40A170040FF04FF0000000000000000
(1307.003578) 006A#590749700A52740A0000000000A0020000000000000000000000000000000000
(1307.003579) 01A0#D88818FEF77F6400000000001E0C0200FFF33F0000000000FF07000000000000
(1307.003580) 00B5#22514D2C007F2E002C002C00007F2700460000401404F80A0025009F00020000
(1307.003581) 0100#2B8A4D00109C806C400027000000075F0A0000000D020000FEBF2F8271000000
(1307.003582) 004A#B96E3F00000002000E80B9818B7E650037363032463700000000000000000000
(1307.003583) 0060#128C5400000000000202000240FF00FF000005000008FE00000000040000FF00
(1307.003584) 0040#23844A0010FF07080000FF070000FF01C40A170040FF04FF0000000000000000
(1307.003585) 006A#5FDD4A780A52740A0000000000A0020000000000000000000000000000000000
(1307.003586) 00B5#7EAA4E2C007F2E002C002C00007F2700460000401404F60A0025009F00020000
(1307.003587) 0100#E1614E00109C806C400027000000075F0A0000000D020000FEBF2F8271000000
(1307.003588) 004A#F4A04000000002000E80B9817D7E650037363032463700000000000000000000
(1307.003589) 016A#02CC1B0001000000000080808080000800000000100000000000000000000000
(1307.003590) 0060#54D55500000000000202000240FF00FF000005000008FE00000000040000FF00
(1307.003591) 0145#00C21E1001050410000000000000000000000000007200000000000000000000
(1307.003592) 0040#65DD4B0010FF07080000FF070000FF01C40A170040FF04FF0000000000000000
(1307.003593) 006A#33AD4B740A52740A0000000000A0020000000000000000000000000000000000
(1307.003594) 01A0#9ED119FEF77F6400000000001E0C0200FFF33F0000000000FF07000000000000
(1307.003595) 00B5#6E6F4F2B007F2E002C002C00007F2700460000401404F40A0025009F00020000
(1307.003596) 0100#A7384F00109C806C400027000000075F0A0000000D020000FEBF2F8271000000
(1307.003597) 0260#ECA23C401B5F8D0000005D1C5B012C00000000000000402335D54017A0140000
(1307.003598) 004A#F2A74100000002000E8097818B7E650037363032463700000000000000000000
(1307.003599) 0060#9E3E5600000000000202000240FF00FF000005000008FE00000000040000FF00
(1307.003600) 0040#96434C0010FF07080000FF070000FF01C40A170040FF04FF0000000000000000
(1307.003601) 006A#F6FC4C700A52700A00000000009F020000000000000000000000000000000000
(1307.003602) 00B5#2ADF502B007F2E002C002C00007F2700460000401404F40A0025009F00020000
(1307.003603) 0100#E3885000109C806C400027000000075F0A0000000D020000FEBF2F8271000000
(1307.003604) 004A#61AC4200000002000080CE817D7E650037363032463700000000000000000000
(1307.003605) 016A#F1521C0001000000000080808080000800000000100000000000000000000000
(1307.003606) 0060#D8675700000000000202000240FF00FF000005000008FE00000000040000FF00
(1307.003607) 0145#469B1F1001050410000000000000000000000000007200000000000000000000
(1307.003608) 0040#D01A4D0010FF07080000FF070000FF01C40A170040FF04FF0000000000000000
(1307.003609) 006A#0D174D800A52780A0000000000A1020000000000000000000000000000000000
(1307.003610) 01A0#543A1AFEF77F6400000000001E0C0200FFF33F0000000000FF07000000000000
(1307.003611) 00B5#8680512B007F2E002C002C00007F2700460000401404F60A0025009F00020000
(1307.003612) 0100#065C5100109C806C400027000000075F0A0000000E020000FEBF2F8271000000
(1307.003613) 004A#929A4300000002000E80C781697E650037363032463700000000000000000000
(1307.003614) 0060#59135800000000000202000240FF00FF000005000008FE00000000040000FF00
(1307.003615) 0040#1AF14E0010FF07080000FF070000FF01C40A170040FF04FF0000000000000000
(1307.003616) 006A#AC004E800A527C0A0000000000A2020000000000000000000000000000000000
(1307.003617) 013A#ED76B40000010000000001008000000000000000000000000000000000000000
(1307.003618) 00B5#0846522B007F2E002C002C00007F2700460000401404F60A0026009F00020000
(1307.003619) 0100#6F3A5200109C806C400027000000075F0A0000000D020000FEBF2F8271000000
(1307.003620) 004A#CB864400000002000B80D581847E650037363032463700000000000000000000
(1307.003621) 016A#B70B1D0001000000000080808080000800000000100000000000000000000000
(1307.003622) 0060#1F4A5900000000000202000240FF00FF000005000008FE00000000040000FF00
(1307.003623) 0145#A9B2201001050410000000000000000000000000007200000000000000000000
(1307.003624) 0040#5CA84F0010FF07080000FF070000FF01C40A170040FF04FF0000000000000000
(1307.003625) 006A#EBE64F8C0A52840A0000000000A3020000000000000000000000000000000000
(1307.003626) 01A0#12631BFEF77F6400000000001E0C0200FFF33F0000000000FF07000000000000
(1307.003627) 00B5#4E1F532B007F2E002C002C00007F2700460000401404F60A0026009F00020000
(1307.003628) 0100#29635300109C806C400027000000075F0A0000000D020000FEBF2F8271000000
(1307.003629) 004A#45174500000002000B80C081767E650037363032463700000000000000000000
(1307.003630) 0060#D5A15A00000000000202000240FF00FF000005000008FE00000000040000FF00
(1307.003631) 0040#1818500010FF07080000FF070000FF01C40A170040FF04FF0000000000000000
(1307.003632) 006A#FEF9508C0A52880A0000000000A4020000000000000000000000000000000000
(1307.003633) 00B5#DB7C542B007F2E002C002C00007F2700460000401404000B0026009F00020000
(1307.003634) 0100#C5515400109C806C400027000000075D0A0000000D020000FEBF2F8271000000
(1307.003635) 016A#7DE01E0001000000000080808080000800000000100000000000000000000000
(1307.003636) 004A#A3F24600000002000580CE815B7E650037363032463700000000000000000000
(1307.003637) 0060#93F85B00000000000202000240FF00FF000005000008FE00000000040000FF00
(1307.003638) 0145#EFEB211001050410000000000000000000000000007200000000000000000000
(1307.003639) 0040#5E41510010FF07080000FF070000FF01C40A170040FF04FF0000000000000000
(1307.003640) 006A#159351780A52800A0000000000A3020000000000000000000000000000000000
(1307.003641) 01A0#E1FD1CFEF77F6400000000001E0C0200FFF33F0000000000FF07000000000000
(1307.003642) 00B5#78CE552B007F2E002B002B00007F2700460000401404080B0026009F00020000
(1307.003643) 0100#20855500109C806C400027000000075D0A0000000E020000FEBF2F8271000000
(1307.003644) 004A#F85E4700000002000080C0818B7E650037363032463700000000000000000000
(1307.003645) 0060#60665C00000000000202000240FF00FF000005000008FE00000000040000FF00
(1307.003646) 0040#94AA520010FF07080000FF070000FF01C40A170040FF04FF0000000000000000
(1307.003647) 006A#E5A952740A52780A0000000000A1020000000000000000000000000000000000
(1307.003648) 00B5#B225562B007F2E002B002B00007F2700460000401404080B0026009F00020000
(1307.003649) 0100#EA6E5600109C806C400027000000075D0A0000000E020000FEBF2F8271000000
(1307.003650) 004A#11094800000002000E80AC81767E650037363032463700000000000000000000
(1307.003651) 016A#3BB91F0001000000000080808080000800000000100000000000000000000000
(1307.003652) 0060#263F5D00000000000202000240FF00FF000005000008FE00000000040000FF00
(1307.003653) 0145#2500221001050410000000000000000000000000007200000000000000000000
(1307.003654) 0040#D2F3530010FF07080000FF070000FF01C40A170040FF04FF0000000000000000
(1307.003655) 006A#D33753880A52800A0000000000A3020000000000000000000000000000000000
(1307.003656) 013A#AB2FB50000010000000001008000000000000000000000000000000000000000
(1307.003657) 01A0#A7A41DFEF77F6400000000001E0C0200FFF33F0000000000FF07000000000000
(1307.003658) 00B5#1E7A572B007F2E002B002B00007F27004600004014040A0B0026009F00020000
(1307.003659) 0100#AC375700109C806C400027000000075D0A0000000E020000FEBF2F8271000000
(1307.003660) 004A#4BD94900000002000080AC81847E650037363032463700000000000000000000
(1307.003661) 0060#ECD45E00000000000202000240FF00FF000005000008FE00000000040000FF00
(1307.003662) 0040#216D540010FF07080000FF070000FF01C40A170040FF04FF0000000000000000
(1307.003663) 006A#F03254880A52840A0000000000A4020000000000000000000000000000000000
(1307.003664) 00B5#A105582B007F2E002B002B00007F27004600004014040C0B0026009F00020000
(1307.003665) 0100#2D435800109C806C400027000000075D0A0000000E020000FEBF2F8271000000
(1307.003666) 004A#86E44A00000002000B80D5818B7E650037363032463700000000000000000000
(1307.003667) 016A#D490200001000000000080808080000800000000100000000000000000000000
(1307.003668) 0060#AA8D5F00000000000202000240FF00FF000005000008FE00000000040000FF00
(1307.003669) 0145#6359231001050410000000000000000000000000007200000000000000000000
(1307.003670) 0040#6734550010FF07080000FF070000FF01C40A170040FF04FF0000000000000000
(1307.003671) 006A#B66B55880A52840A0000000000A4020000000000000000000000000000000000
(1307.003672) 01A0#6D4F1EFEF77F6400000000001E0C0200FFF33F0000000000FF07000000000000
(1307.003673) 00B5#4F47592B007F2E002B002B00007F2700460000401404040B0026009F00020000
(1307.003674) 0100#6B1A5900109C806C400027000000075D0A0000000E020000FEBF2F8271000000
(1307.003675) 0260#3DEE3D401B608D0000005D1C5B012C00000000000000402335D54017A0140000
(1307.003676) 004A#F2224B00000002000580CE817D7E650037363032463700000000000000000000
(1307.003677) 0060#45A46000000000000202000240FF00FF000005000008FE00000000040000FF00
(1307.003678) 0040#ADDF560010FF07080000FF070000FF01C40A170040FF04FF0000000000000000
(1307.003679) 006A#56A956840A52840A0000000000A4020000000000000000000000000000000000
(1307.003680) 00B5#85AC5A2B007F2E002B002B00007F2700460000401404040B0026009F00020000
(1307.003681) 0100#A1F15A00109C806C400027000000075D0A0000000E020000FEBF2F8271000000
(1307.003682) 004A#CA544C00000002000580CE81767E650037363032463700000000000000000000
(1307.003683) 016A#92C9210001000000000080808080000800000000100000000000000000000000
(1307.003684) 0060#03FD6100000000000202000240FF00FF000005000008FE00000000040000FF00
(1307.003685) 0145#90C7241001050410000000000000000000000000007200000000000000000000
(1307.003686) 0040#EB86570010FF07080000FF070000FF01C40A170040FF04FF0000000000000000
(1307.003687) 006A#267357800A52800A0000000000A3020000000000000000000000000000000000
(1307.003688) 01A0#2B161FFEF77F6400000000001E0C0200FFF33F0000000000FF07000000000000
(1307.003689) 00B5#D91E5B2B007F2E002B002B00007F2700460000401404FE0A0026009F00020000
(1307.003690) 0100#E7A85B00109C806C400027000000075D0A0000000E020000FEBF2F8271000000
(1307.003691) 004A#E3BC4D00000002000580D581767E650037363032463700000000000000000000
(1307.003692) 0060#C9166200000000000202000240FF00FF000005000008FE00000000040000FF00
(1307.003693) 0040#6AF2580010FF07080000FF070000FF01C40A170040FF04FF0000000000000000
(1307.003694) 006A#BBAD58880A52840A0000000000A4020000000000000000000000000000000000
(1307.003695) 00B5#E4665C2B007F2E002B002B00007F2700460000401404000B0026009F00020000
(1307.003696) 0100#14365C00109C806C400027000000075D0A0000000E020000FEBF2F8271000000
(1307.003697) 004A#EEF94E00000002000580E981627E650037363032463700000000000000000000
(1307.003698) 016A#5822220001000000000080808080000800000000100000000000000000000000
(1307.003699) 0060#8F4F6300000000000202000240FF00FF000005000008FE00000000040000FF00
(1307.003700) 0145#D69E251001050410000000000000000000000000007200000000000000000000
(1307.003701) 013A#61C4B60000010000000001008000000000000000000000000000000000000000
(1307.003702) 0040#2CAB590010FF07080000FF070000FF01C40A170040FF04FF0000000000000000
(1307.003703) 006A#E15E59800A52800A0000000000A3020000000000000000000000000000000000
(1307.003704) 01A0#C43F20FEF77F6400000000001E0C0200FFF33F0000000000FF07000000000000
(1307.003705) 00B5#A23F5D2B007F2E002B002B00007F2700460000401404000B0026009F00020000
(1307.003706) 0100#526F5D00109C806C400027000000075D0A0000000E020000FEBF2F8271000000
(1307.003707) 004A#08464F00000002000E80C781547E650037363032463700000000000000000000
(1307.003708) 0060#7CD16400000000000202000240FF00FF000005000008FE00000000040000FF00
(1307.003709) 0040#E6405A0010FF07080000FF070000FF01C40A170040FF04FF0000000000000000
(1307.003710) 006A#308E5A7C0A527C0A0000000000A2020000000000000000000000000000000000
(1307.003711) 00B5#82D25E2B007F2E002B002B00007F2700460000401404020B0026009F00020000
(1307.003712) 0100#98845E00109C806C400027000000075D0A0000000E020000FEBF2F8271000000
(1307.003713) 016A#1E7B230001000000000080808080000800000000100000000000000000000000
(1307.003714) 004A#F4B15000000002000580B3818B7E650037363032463700000000000000000000
(1307.003715) 0060#3A886500000000000202000240FF00FF000005000008FE00000000040000FF00
(1307.003716) 0145#1C75261001050410000000000000000000000000007200000000000000000000
(1307.003717) 0040#A0195B0010FF07080000FF070000FF01C40A170040FF04FF0000000000000000
(1307.003718) 006A#8BF45B840A52800A0000000000A3020000000000000000000000000000000000
(1307.003719) 01A0#826621FEF77F6400000000001E0C0200FFF33F0000000000FF07000000000000
(1307.003720) 00B5#0A6D5F2B007F2E002B002B00007F2700460000401404FC0A0026009F00020000
(1307.003721) 0100#DEDD5F00109C806C400027000000075D0A0000000E020000FEBF2F8271000000
(1307.003722) 004A#B67F510000000200FE7FA5817D7E650037363032463700000000000000000000
(1307.003723) 0060#F0636600000000000202000240FF00FF000005000008FE00000000040000FF00
(1307.003724) 0040#53875C0010FF07080000FF070000FF01C40A170040FF04FF0000000000000000
(1307.003725) 006A#64C05C8C0A52840A0000000000A4020000000000000000000000000000000000
(1307.003726) 00B5#E544602B007F2E002B002B00007F2700460000401404FC0A0026009F00020000
(1307.003727) 0100#31F46000109C806C400027000000075D0A0000000E020000FEBF2F8271000000
(1307.003728) 004A#92015200000002000580B9817D7E650037363032463700000000000000000000
(1307.003729) 016A#EDE5240001000000000080808080000800000000100000000000000000000000
(1307.003730) 0060#B63A6700000000000202000240FF00FF000005000008FE00000000040000FF00
(1307.003731) 0145#5A2C271001050410000000000000000000000000007200000000000000000000
(1307.003732) 0040#15DE5D0010FF07080000FF070000FF01C40A170040FF04FF0000000000000000
(1307.003733) 006A#41755D900A52880A0000000000A4020000000000000000000000000000000000
(1307.003734) 01A0#488D22FEF77F6400000000001E0C0200FFF33F0000000000FF07000000000000
(1307.003735) 00B5#D0E6612B007F2E002C002C00007F2700460000401404FA0A0026009F00020000
(1307.003736) 0100#77AD6100109C806C400027000000075D0A0000000E020000FEBF2F8271000000
(1307.003737) 004A#CDE65300000002000B80CE817D7E650037363032463700000000000000000000
(1307.003738) 0060#374E6800000000000202000240FF00FF000005000008FE00000000040000FF00
(1307.003739) 0040#DF355E0010FF07080000FF070000FF01C40A170040FF04FF0000000000000000
(1307.003740) 006A#CBC15E940A528C0A0000000000A5020000000000000000000000000000000000
(1307.003741) 00B5#CE00622B007F2E002C002C00007F2700460000401404FE0A0026009F00020000
(1307.003742) 0100#BD466200109C806C400027000000075D0A0000000E020000FEBF2F8271000000
(1307.003743) 004A#8D125400000002001080F0817D7E650037363032463700000000000000000000
(1307.003744) 016A#ABBC250001000000000080808080000800000000100000000000000000000000
(1307.003745) 0060#71176900000000000202000240FF00FF000005000008FE00000000040000FF00
(1307.003746) 0145#DB58281001050410000000000000000000000000007200000000000000000000
(1307.003747) 013A#279DB70000010000000001008000000000000000000000000000000000000000
(1307.003748) 0040#996C5F0010FF07080000FF070000FF01C40A170040FF04FF0000000000000000
(1307.003749) 006A#99955F880A52880A0000000000A4020000000000000000000000000000000000
(1307.003750) 01A0#0ED423FEF77F6400000000001E0C0200FFF33F0000000000FF07000000000000
(1307.003751) 00B5#C5A9632B007F2E002B002B00007F2700460000401404FE0A0026009F00020000
(1307.003752) 0100#FB1F6300109C806C400027000000075D0A0000000E020000FEBF2F8271000000
(1307.003753) 0260#86E03E401B5E8D0000005D1C5B012C00000000000000402335D54017A0140000
(1307.003754) 004A#430A5500000002001380E281847E650037363032463700000000000000000000
(1307.003755) 0060#BBFC6A00000000000202000240FF00FF000005000008FE00000000040000FF00
(1307.003756) 0040#7645600010FF07080000FF070000FF01C40A170040FF04FF0000000000000000
(1307.003757) 006A#DB8F607C0A52800A0000000000A3020000000000000000000000000000000000
(1307.003758) 00B5#3637642B007F2E002B002B00007F2700460000401404FE0A0026009F00020000
(1307.003759) 0100#08816400109C806C400027000000075D0A0000000E020000FEBF2F8271000000
(1307.003760) 004A#BDA3560000000200FB7FE981697E650037363032463700000000000000000000
(1307.003761) 016A#6157260001000000000080808080000800000000100000000000000000000000
(1307.003762) 0060#FDA56B00000000000202000240FF00FF000005000008FE00000000040000FF00
(1307.003763) 0145#9D01291001050410000000000000000000000000007200000000000000000000
(1307.003764) 0040#301C610010FF07080000FF070000FF01C40A170040FF04FF0000000000000000
(1307.003765) 006A#1BF161840A52800A0000000000A3020000000000000000000000000000000000
(1307.003766) 01A0#FD4A24FEF77F6400000000001E0C0200FFF33F0000000000FF07000000000000
(1307.003767) 00B5#E993652B007F2E002C002C00007F2700460000401404FA0A0026009F00020000
(1307.003768) 0100#4ED86500109C806C400027000000075D0A0000000E020000FEBF2F8271000000
(1307.003769) 004A#02935700000002000280C7817D7E650037363032463700000000000000000000
(1307.003770) 0060#0E3B6C00000000000202000240FF00FF000005000008FE00000000040000FF00
(1307.003771) 0040#FAF7620010FF07080000FF070000FF01C40A170040FF04FF0000000000000000
(1307.003772) 006A#AE5C62900A52880A0000000000A4020000000000000000000000000000000000
(1307.003773) 00B5#6E88662B007F2E002B002B00007F2700460000401404FA0A0026009F00020000
(1307.003774) 0100#84336600109C806C400027000000075D0A0000000E020000FEBF2F8271000000
(1307.003775) 004A#BE4B5800000002000E80C081847E650037363032463700000000000000000000
(1307.003776) 016A#270E270001000000000080808080000800000000100000000000000000000000
(1307.003777) 0060#48626D00000000000202000240FF00FF000005000008FE00000000040000FF00
(1307.003778) 0145#57EA2A1001050410000000000000000000000000007200000000000000000000
(1307.003779) 0040#BCAE630010FF07080000FF070000FF01C40A170040FF04FF0000000000000000
(1307.003780) 006A#4E4263900A528C0A0000000000A5020000000000000000000000000000000000
(1307.003781) 01A0#BB1325FEF77F6400000000001E0C0200FFF33F0000000000FF07000000000000
(1307.003782) 00B5#28D1672B007F2E002B002B00007F2700460000401404FA0A0026009F00020000
(1307.003783) 0100#F2476700109C806C400028000000075D0A0000000E020000FEBF2F8271000000
(1307.003784) 004A#94835900000002000E80CE817D7E650037363032463700000000000000000000
(1307.003785) 0060#82896E00000000000202000240FF00FF000005000008FE00000000040000FF00
(1307.003786) 0040#4F30640010FF07080000FF070000FF01C40A170040FF04FF0000000000000000
(1307.003787) 006A#4FC964880A52880A0000000000A4020000000000000000000000000000000000
(1307.003788) 00B5#97AE682B007F2E002B002B00007F2700460000401404FC0A0026009F00020000
(1307.003789) 0100#5CB26800109C806C400027000000075F0A0000000E020000FEBF2F8271000000
(1307.003790) 004A#72DB5A00000002000080D581767E650037363032463700000000000000000000
(1307.003791) 016A#A67A280001000000000080808080000800000000100000000000000000000000
(1307.003792) 0060#C4D06F00000000000202000240FF00FF000005000008FE00000000040000FF00
(1307.003793) 0145#11B32B1001050410000000000000000000000000007200000000000000000000
(1307.003794) 013A#A6E9B80000010000000001008000000000000000000000000000000000000000
(1307.003795) 0040#0969650010FF07080000FF070000FF01C40A170040FF04FF0000000000000000
(1307.003796) 006A#F21F65840A52840A0000000000A4020000000000000000000000000000000000
(1307.003797) 01A0#71F826FEF77F6400000000001E0C0200FFF33F0000000000FF07000000000000
(1307.003798) 00B5#3BF1692B007F2E002B002B00007F2700460000401404FE0A0026009F00020000
(1307.003799) 0100#1AEB6900109C806C400027000000075F0A0000000E020000FEBF2F8271000000
(1307.003800) 004A#496A5B00000002000B80CE816F7E650037363032463700000000000000000000
(1307.003801) 0060#80607000000000000202000240FF00FF000005000008FE00000000040000FF00
(1307.003802) 0040#C382660010FF07080000FF070000FF01C40A170040FF04FF0000000000000000
(1307.003803) 006A#0E7766800A52800A0000000000A3020000000000000000000000000000000000
(1307.003804) 00B5#8D0C6A2B007F2E002B002B00007F2700460000401404F20A0026009F00020000
(1307.003805) 0100#D0006A00109C806C400027000000075F0A0000000E020000FEBF2F8271000000
(1307.003806) 004A#3F015C00000002000880C781767E650037363032463700000000000000000000
(1307.003807) 016A#E023290001000000000080808080000800000000100000000000000000000000
(1307.003808) 0060#C6397100000000000202000240FF00FF000005000008FE00000000040000FF00
(1307.003809) 0145#E22D2C1001050410000000000000000000000000007200000000000000000000
