(1683194816.088612) 386#00C0000000400080
(1683194816.088622) 387#0313000000240E00
(1683194816.088632) 394#0664000006843B81
(1683194816.088642) 389#0000000000000000
(1683194816.088652) 38D#0000080000000071
(1683194816.088662) 420#601498C8FC4F6A00
(1683194816.088672) 421#000000FFE37F00A1
(1683194816.088682) 130#0E80068000000E59
(1683194816.088692) 140#3880005D20000EC6
(1683194816.088702) 47F#200000000000
(1683194816.088712) 381#80C03F0000B73B05
(1683194816.088722) 251#F6036ED500F8F77F
(1683194816.088732) 2B0#870000076E
(1683194816.088742) 371#001E000000000010
(1683194816.088752) 372#0000100000000000
(1683194816.088762) 412#0000000000100000
(1683194816.088772) 436#00000000
(1683194816.088782) 470#0500005155480000
(1683194816.088792) 4C9#0000000000000000
(1683194816.088802) 4F1#000066F0
(1683194816.088812) 50C#0000000008000090
(1683194816.088822) 520#0000000000000000
(1683194816.088832) 52A#0000000006000000
(1683194816.088842) 5C1#0001001061030009
(1683194816.088852) 153#208010FF00FFE08E
(1683194816.088862) 160#00E9FF0A0000001C
(1683194816.088872) 164#00080E06
(1683194816.088882) 220#FFC3800000061071
(1683194816.088892) 340#0400000480009911
(1683194816.088902) 5FF#590000C800C80000
(1683194816.088912) 130#0C80008000000F9F
(1683194816.088922) 140#2B80005D20000F85
(1683194816.088932) 2B0#880000078F
(1683194816.088942) 251#F5036FD500F8F77F
(1683194816.088952) 371#001E000000000010
(1683194816.088962) 372#0000100000000000
(1683194816.088972) 410#E012211880020020
(1683194816.088982) 50B#0000C70000000000
(1683194816.088992) 153#208010FF00FF00AE
(1683194816.089002) 160#00EAFF0A0000001F
(1683194816.089012) 164#00081018
(1683194816.089022) 220#FF8380000005108E
(1683194816.089032) 340#040000049000A911
(1683194816.089042) 386#0000004000400080
(1683194816.089052) 387#0313000000160000
(1683194816.089062) 394#0484000004843D81
(1683194816.089072) 389#0000000000000000
(1683194816.089082) 38D#0000080000000062
(1683194816.089092) 420#701498C8FC4F6A00
(1683194816.089102) 421#000000FFE37F0092
(1683194816.089112) 130#0A80FC7F00000000
(1683194816.089122) 140#1F80005D20000081
(1683194816.089132) 47F#200000000000
(1683194816.089142) 490#01001020000000
(1683194816.089152) 507#00000001
(1683194816.089162) 381#80C03F0000B83C05
(1683194816.089172) 251#F60370E800F80780
(1683194816.089182) 2B0#8800000770
(1683194816.089192) 371#001E000000000010
(1683194816.089202) 372#0000100000000000
(1683194816.089212) 470#15444055558C1400
(1683194816.089222) 50E#0000002000000000
(1683194816.089232) 541#0311610000080005
(1683194816.089242) 553#0000000001008012
(1683194816.089252) 4F1#00006600
(1683194816.089262) 153#208010FF00FF10BE
(1683194816.089272) 160#00E9FF0A0000001C
(1683194816.089282) 164#0008121A
(1683194816.089292) 220#FF4380000004109F
(1683194816.089302) 340#04000004A000B911
(1683194816.089312) 130#1080098000000126
(1683194816.089322) 140#2F80005C200001D7
(1683194816.089332) 2B0#8700000791
(1683194816.089342) 251#F50371D700F8F77F
(1683194816.089352) 371#001E000000000010
(1683194816.089362) 372#0000100000000000
(1683194816.089372) 54B#0010000000D30101
(1683194816.089382) 559#0000000020000000
(1683194816.089392) 153#208010FF00FF20CE
(1683194816.089402) 160#00E9FF0A0000001C
(1683194816.089412) 164#0008141C
(1683194816.089422) 220#FF838000000710A0
(1683194816.089432) 386#0040004000400080
(1683194816.089442) 340#04000004B000C911
(1683194816.089452) 387#0313000000170100
(1683194816.089462) 394#04A4000004843B81
(1683194816.089472) 389#0000000000000000
(1683194816.089482) 38D#0000080000000053
(1683194816.089492) 420#801498C8FC4F6A00
(1683194816.089502) 421#000000FFE37F0083
(1683194816.089512) 130#1080148000000247
(1683194816.089522) 140#4880005D20000252
(1683194816.089532) 47F#200000000000
(1683194816.089542) 485#00000008
(1683194816.089552) 53E#000000002000
(1683194816.089562) 381#80C03F0000B93D05
(1683194816.089572) 251#F60372D900F8F77F
(1683194816.089582) 2B0#8800000752
(1683194816.089592) 371#001E000000000010
(1683194816.089602) 372#0000100000000000
(1683194816.089612) 470#1544405555501400
(1683194816.089622) 544#0000000000000000
(1683194816.089632) 4F1#20006610
(1683194816.089642) 153#208010FF00FF30DE
(1683194816.089652) 160#00E9FF0A0000001C
(1683194816.089662) 164#0008161E
(1683194816.089672) 220#00048100000710B5
(1683194816.089682) 340#04000004C000D911
(1683194816.089692) 130#0C80118000000387
(1683194816.089702) 140#3B80005D200003A0
(1683194816.089712) 2B0#8800000743
(1683194816.089722) 251#F60373DA00F8F77F
(1683194816.089732) 07F#0000000000000000
(1683194816.089742) 371#001E000000000010
(1683194816.089752) 372#0000100000000000
(1683194816.089762) 436#00000000
(1683194816.089772) 595#00000700D90F0000
(1683194816.089782) 153#208010FF00FF40EE
(1683194816.089792) 160#00E9FF0A0000001C
(1683194816.089802) 164#00081810
(1683194816.089812) 220#00C48000000510C0
(1683194816.089822) 386#0080004000400080
(1683194816.089832) 340#04000004D000E911
(1683194816.089842) 387#0313000000180200
(1683194816.089852) 394#06C4000006843581
(1683194816.089862) 389#0000000000000000
(1683194816.089872) 38D#0000080000000044
(1683194816.089882) 420#901498C8FC4F6A00
(1683194816.089892) 421#000000FFE37F0074
(1683194816.089902) 130#0C800C8000000492
(1683194816.089912) 140#2A80005D20000417
(1683194816.089922) 47F#200000000000
(1683194816.089932) 495#00000D10F5B02EA7
(1683194816.089942) 4A7#0100
(1683194816.089952) 381#80C03F0000BA3E05
(1683194816.089962) 251#F60374EC00F80780
(1683194816.089972) 2B0#87000007C4
(1683194816.089982) 371#001E000000000010
(1683194816.089992) 372#0000100000000000
(1683194816.090002) 470#1544405555541400
(1683194816.090012) 596#000000009200FE6E
(1683194816.090022) 4F1#20006620
(1683194816.090032) 153#208010FF00FF50FE
(1683194816.090042) 160#00EAFF0A0000001F
(1683194816.090052) 164#00081A12
(1683194816.090062) 220#FF838000000510DE
(1683194816.090072) 490#01001020000000
(1683194816.090082) 340#04000004E000F911
(1683194816.090092) 500#01
(1683194816.090102) 130#10800480000005FA
(1683194816.090112) 140#2580005D20000556
(1683194816.090122) 592#40EF0000000000C4
(1683194816.090132) 2B0#8800000725
(1683194816.090142) 251#F60375DC00F8F77F
(1683194816.090152) 371#001E000000000010
(1683194816.090162) 372#0000100000000000
(1683194816.090172) 153#208010FF00FF600E
(1683194816.090182) 160#00E8FF0A0000001D
(1683194816.090192) 164#00081C14
(1683194816.090202) 220#FF638000000710E0
(1683194816.090212) 386#00C0004000400080
(1683194816.090222) 340#04000004F0000911
(1683194816.090232) 387#0313000000190300
(1683194816.090242) 394#03E4000003843981
(1683194816.090252) 389#0000000000000000
(1683194816.090262) 38D#0000080000000035
(1683194816.090272) 420#A01498C8FC4F6A00
(1683194816.090282) 421#000000FFE37F0065
(1683194816.090292) 130#1080FD7F000006F5
(1683194816.090302) 140#2880005D20000697
(1683194816.090312) 47F#200000000000
(1683194816.090322) 50A#0A10000000000000
(1683194816.090332) 381#80C03F0000BB3F05
(1683194816.090342) 251#F60376EE00F80780
(1683194816.090352) 2B0#8800000716
(1683194816.090362) 371#001E000000000010
(1683194816.090372) 372#0000100000000000
(1683194816.090382) 470#1044401540181400
(1683194816.090392) 4F1#00006630
(1683194816.090402) 153#208010FF00FF701E
(1683194816.090412) 160#00EAFF0A0000001F
(1683194816.090422) 164#00081E16
(1683194816.090432) 220#FF838000000710F0
(1683194816.090442) 340#0400000400001911
(1683194816.090452) 485#00000008
(1683194816.090462) 130#0E80F47F0000074D
(1683194816.090472) 140#3880005D20000733
(1683194816.090482) 2B0#87000007F7
(1683194816.090492) 251#F60377DE00F8F77F
(1683194816.090502) 371#001E000000000010
(1683194816.090512) 372#0000100000000000
(1683194816.090522) 153#208010FF00FF802E
(1683194816.090532) 160#00E9FF0A0000001C
(1683194816.090542) 164#00080008
(1683194816.090552) 220#FFC3800000061001
(1683194816.090562) 386#0000008000400080
(1683194816.090572) 340#0400000410002911
(1683194816.090582) 387#03130000001A0400
(1683194816.090592) 394#0604000006843181
(1683194816.090602) 389#0000000000000000
(1683194816.090612) 38D#0000080000000026
(1683194816.090622) 420#B01498C8FC4F6A00
(1683194816.090632) 421#000000FFE37F0056
(1683194816.090642) 130#0E80FD7F000008EB
(1683194816.090652) 140#4580005D20000866
(1683194816.090662) 47F#200000000000
(1683194816.090672) 381#80C03F0000BC4005
(1683194816.090682) 251#F60378DF00F8F77F
(1683194816.090692) 2B0#8700000708
(1683194816.090702) 371#001E000000000010
(1683194816.090712) 372#0000100000000000
(1683194816.090722) 436#00000000
(1683194816.090732) 470#05000051559C0000
(1683194816.090742) 520#0000000000000000
(1683194816.090752) 5C1#0001001061030009
(1683194816.090762) 4F1#20006640
(1683194816.090772) 50C#00000000080000A0
(1683194816.090782) 5FF#590000C800C80000
(1683194816.090792) 153#208010FF00FF903E
(1683194816.090802) 160#00ECFF0A00000019
(1683194816.090812) 164#0008020A
(1683194816.090822) 220#FFE3800000061011
(1683194816.090832) 340#0400000420003911
(1683194816.090842) 130#10800E80000009C5
(1683194816.090852) 140#3B80005C200009EF
(1683194816.090862) 2B0#88000007E9
(1683194816.090872) 251#F50379DF00F8F77F
(1683194816.090882) 371#001E000000000010
(1683194816.090892) 372#0000100000000000
(1683194816.090902) 50B#0000C70000000000
(1683194816.090912) 153#208010FF00FFA04E
(1683194816.090922) 160#00EBFF0A0000001E
(1683194816.090932) 164#0008040C
(1683194816.090942) 220#FFC3800000071020
(1683194816.090952) 386#0040008000400080
(1683194816.090962) 340#0400000430004911
(1683194816.090972) 387#03130000001B0500
(1683194816.090982) 394#0624000006843F81
(1683194816.090992) 389#0000000000000000
(1683194816.091002) 38D#0000080000000017
(1683194816.091012) 420#C01498C8FC4F6A00
(1683194816.091022) 421#000000FFE37F0047
(1683194816.091032) 130#0A80128000000A1F
(1683194816.091042) 140#3580005D20000A54
(1683194816.091052) 47F#200000000000
(1683194816.091062) 490#01001020000000
(1683194816.091072) 507#00000001
(1683194816.091082) 381#80C03F0000BD4105
(1683194816.091092) 251#F6037AF200F80780
(1683194816.091102) 2B0#88000007DA
(1683194816.091112) 371#001E000000000010
(1683194816.091122) 593#0010FFFFFFFF
(1683194816.091132) 372#0000100000000000
(1683194816.091142) 470#1544405555601400
(1683194816.091152) 541#0311610000080005
(1683194816.091162) 4F1#00006650
(1683194816.091172) 153#208010FF00FFB05E
(1683194816.091182) 160#00E9FF0A0000001C
(1683194816.091192) 164#0008060E
(1683194816.091202) 220#00A4800000041031
(1683194816.091212) 340#0400000440005911
(1683194816.091222) 130#0880148000000BD9
(1683194816.091232) 140#4380005D20000B92
(1683194816.091242) 2B0#870000073B
(1683194816.091252) 251#F6037BF300F80780
(1683194816.091262) 371#001E000000000010
(1683194816.091272) 372#0000100000000000
(1683194816.091282) 54B#0010000000D30101
(1683194816.091292) 153#208010FF00FFC06E
(1683194816.091302) 160#00E9FF0A0000001C
(1683194816.091312) 164#00080800
(1683194816.091322) 220#00E480000003104E
(1683194816.091332) 386#0080008000400080
(1683194816.091342) 387#03130000001C0600
(1683194816.091352) 394#0744000007843B81
(1683194816.091362) 47F#200000000000
(1683194816.091372) 389#0000000000000000
(1683194816.091382) 38D#0000080000000008
(1683194816.091392) 420#D01498C8FC4F6A00
(1683194816.091402) 340#0400000450006911
(1683194816.091412) 130#06800E8000000CC6
(1683194816.091422) 140#4580005D20000C12
(1683194816.091432) 421#000000FFE37F0038
(1683194816.091442) 485#00000008
(1683194816.091452) 53E#000000002000
(1683194816.091462) 381#80C03F0000BE4205
(1683194816.091472) 251#F6037CE300F8F77F
(1683194816.091482) 2B0#88000007BC
(1683194816.091492) 371#001E000000000010
(1683194816.091502) 372#0000100000000000
(1683194816.091512) 470#1544405555641400
(1683194816.091522) 4F1#00006660
(1683194816.091532) 153#208010FF00FFD07E
(1683194816.091542) 160#00EAFF0A0000001F
(1683194816.091552) 164#00080A02
(1683194816.091562) 220#FFE380000002105D
(1683194816.091572) 340#0400000460007911
(1683194816.091582) 130#0680098000000DD0
(1683194816.091592) 140#3B80005D20000D06
(1683194816.091602) 2B0#88000007AD
(1683194816.091612) 251#F6037DE400F8F77F
(1683194816.091622) 371#001E000000000010
(1683194816.091632) 372#0000100000000000
(1683194816.091642) 436#00000000
(1683194816.091652) 595#00000700D90F0000
(1683194816.091662) 153#208010FF00FFE08E
(1683194816.091672) 160#00E9FF0A0000001C
(1683194816.091682) 164#00080C04
(1683194816.091692) 220#FFC380000002106D
(1683194816.091702) 386#00C0008000400080
(1683194816.091712) 387#03130000001D0700
(1683194816.091722) 394#0664000006843B81
(1683194816.091732) 47F#200000000000
(1683194816.091742) 389#0000000000000000
(1683194816.091752) 38D#00000800000000F9
(1683194816.091762) 420#E01498C8FC4F6A00
(1683194816.091772) 340#0400000470008911
(1683194816.091782) 130#0A80078000000E5A
(1683194816.091792) 140#3580005C20000EBD
(1683194816.091802) 421#000000FFE37F0029
(1683194816.091812) 495#00000D10F5B02EA7
(1683194816.091822) 381#80C03F0000BF4305
(1683194816.091832) 251#F6037EE500F8F77F
(1683194816.091842) 2B0#880000079E
(1683194816.091852) 371#001E000000000010
(1683194816.091862) 372#0000100000000000
(1683194816.091872) 470#1544405555681400
(1683194816.091882) 596#000000009200FE6E
(1683194816.091892) 4F1#20006670
(1683194816.091902) 153#208010FF00FF00AE
(1683194816.091912) 160#00E9FF0A0000001C
(1683194816.091922) 164#00080E06
(1683194816.091932) 220#FFA380000004107F
(1683194816.091942) 490#01001020000000
(1683194816.091952) 340#0400000480009911
(1683194816.091962) 500#01
(1683194816.091972) 130#1080048000000F28
(1683194816.091982) 140#3580005D20000F3D
(1683194816.091992) 592#40EF000000000004
(1683194816.092002) 2B0#860000076F
(1683194816.092012) 251#F6037FE600F8F77F
(1683194816.092022) 371#001E000000000010
(1683194816.092032) 372#0000100000000000
(1683194816.092042) 153#208010FF00FF10BE
(1683194816.092052) 160#00EAFF0A0000001F
(1683194816.092062) 164#00081018
(1683194816.092072) 220#FFA3800000071080
(1683194816.092082) 386#000000C000400080
(1683194816.092092) 387#03130000001E0800
(1683194816.092102) 394#0584000005843B81
(1683194816.092112) 47F#200000000000
(1683194816.092122) 389#0000000000000000
(1683194816.092132) 38D#00000800000000EA
(1683194816.092142) 420#F01498C8FC4F6A00
(1683194816.092152) 421#000000FFE37F001A
(1683194816.092162) 130#12800E800000008A
(1683194816.092172) 140#3280005D20000008
(1683194816.092182) 340#040000049000A911
(1683194816.092192) 381#80C03F0000C04405
(1683194816.092202) 251#F60380F800F80780
(1683194816.092212) 2B0#8700000780
(1683194816.092222) 371#001E000000000010
(1683194816.092232) 372#0000100000000000
(1683194816.092242) 470#10444015406C1400
(1683194816.092252) 4F1#20006680
(1683194816.092262) 153#208010FF00FF20CE
(1683194816.092272) 160#00EBFF0A0000001E
(1683194816.092282) 164#0008121A
(1683194816.092292) 220#FFA3800000081093
(1683194816.092302) 130#0E801580000001B2
(1683194816.092312) 140#3280005D20000115
(1683194816.092322) 340#04000004A000B911
(1683194816.092332) 485#00000008
(1683194816.092342) 2B0#8800000761
(1683194816.092352) 251#F60381E800F8F77F
(1683194816.092362) 371#001E000000000010
(1683194816.092372) 372#0000100000000000
(1683194816.092382) 153#208010FF00FF30DE
(1683194816.092392) 160#00EAFF0A0000001F
(1683194816.092402) 164#0008141C
(1683194816.092412) 220#00A48000000610A3
(1683194816.092422) 386#004000C000400080
(1683194816.092432) 387#03130000001F0900
(1683194816.092442) 394#05A4000005843981
(1683194816.092452) 47F#200000000000
(1683194816.092462) 389#0000000000000000
(1683194816.092472) 38D#00000800000000DB
(1683194816.092482) 420#001498C8FC4F6A00
(1683194816.092492) 421#000000FFE37F000B
(1683194816.092502) 130#0E801480000002FF
(1683194816.092512) 140#3B80005D200002BD
(1683194816.092522) 340#04000004B000C911
(1683194816.092532) 381#80C03F0000C14505
(1683194816.092542) 251#F60382E900F8F77F
(1683194816.092552) 2B0#8800000752
(1683194816.092562) 371#001E000000000010
(1683194816.092572) 372#0000100000000000
(1683194816.092582) 412#0000000000100000
(1683194816.092592) 436#00000000
(1683194816.092602) 470#0500005155B00000
(1683194816.092612) 4C9#0000000000000000
(1683194816.092622) 4F1#00006690
(1683194816.092632) 50C#00000000080000B0
(1683194816.092642) 520#0000000000000000
(1683194816.092652) 52A#0000000006000000
(1683194816.092662) 5BE#080000FF00000000
(1683194816.092672) 153#208010FF00FF40EE
(1683194816.092682) 160#00E9FF0A0000001C
(1683194816.092692) 164#0008161E
(1683194816.092702) 220#00C48000000610B3
(1683194816.092712) 5C1#0001001061030009
(1683194816.092722) 5FF#590000C800C80000
(1683194816.092732) 130#0E800F80000003C5
(1683194816.092742) 140#4080005D2000039D
(1683194816.092752) 340#04000004C000D911
(1683194816.092762) 2B0#87000007B3
(1683194816.092772) 251#F60383EA00F8F77F
(1683194816.092782) 371#001E000000000010
(1683194816.092792) 372#0000100000000000
(1683194816.092802) 410#E012211880020020
(1683194816.092812) 50B#0000C70000000000
(1683194816.092822) 153#208010FF00FF50FE
(1683194816.092832) 160#00EAFF0A0000001F
(1683194816.092842) 164#00081810
(1683194816.092852) 220#FFE38000000610C1
(1683194816.092862) 386#008000C000400080
(1683194816.092872) 387#0313000000200A00
(1683194816.092882) 394#07C4000007843381
(1683194816.092892) 47F#200000000000
(1683194816.092902) 490#01001020000000
(1683194816.092912) 389#0000000000000000
(1683194816.092922) 38D#00000800000000CC
(1683194816.092932) 420#101498C8FC4F6A00
(1683194816.092942) 130#0C80068000000431
(1683194816.092952) 140#3D80005C200004BD
(1683194816.092962) 340#04000004D000E911
(1683194816.092972) 421#000000FFE37F00FC
(1683194816.092982) 507#00000001
(1683194816.092992) 381#80C03F0000C24605
(1683194816.093002) 251#F50384EA00F8F77F
(1683194816.093012) 2B0#8800000734
(1683194816.093022) 371#001E000000000010
(1683194816.093032) 372#0000100000000000
(1683194816.093042) 470#1544405555B41400
(1683194816.093052) 50E#0000002000000000
(1683194816.093062) 541#0311610000080005
(1683194816.093072) 553#0000000001008012
(1683194816.093082) 4F1#000066A0
(1683194816.093092) 153#208010FF00FF600E
(1683194816.093102) 160#00E9FF0A0000001C
(1683194816.093112) 164#00081A12
(1683194816.093122) 220#FFC38000000510DE
(1683194816.093132) 130#0E800080000005F7
(1683194816.093142) 140#3A80005D200005B3
(1683194816.093152) 340#04000004E000F911
(1683194816.093162) 2B0#8800000725
(1683194816.093172) 251#F50385EB00F8F77F
(1683194816.093182) 371#001E000000000010
(1683194816.093192) 372#0000100000000000
(1683194816.093202) 54B#0010000000D30101
(1683194816.093212) 559#0000000020000000
(1683194816.093222) 153#208010FF00FF701E
(1683194816.093232) 160#00E9FF0A0000001C
(1683194816.093242) 164#00081C14
(1683194816.093252) 220#FFC38000000610E1
(1683194816.093262) 386#00C000C000400080
(1683194816.093272) 387#0313000000210B00
(1683194816.093282) 394#06E4000006843381
(1683194816.093292) 47F#200000000000
(1683194816.093302) 389#0000000000000000
(1683194816.093312) 38D#00000800000000BD
(1683194816.093322) 420#201498C8FC4F6A00
(1683194816.093332) 421#000000FFE37F00ED
(1683194816.093342) 130#1080FF7F00000621
(1683194816.093352) 140#3880005D2000062E
(1683194816.093362) 340#04000004F0000911
(1683194816.093372) 485#00000008
(1683194816.093382) 53E#000000002000
(1683194816.093392) 381#80C03F0000C34705
(1683194816.093402) 251#F60386ED00F8F77F
(1683194816.093412) 2B0#87000007E6
(1683194816.093422) 371#001E000000000010
(1683194816.093432) 372#0000100000000000
(1683194816.093442) 470#1544405555B81400
(1683194816.093452) 544#0000000000000000
(1683194816.093462) 4F1#200066B0
(1683194816.093472) 153#208010FF00FF802E
(1683194816.093482) 160#00EAFF0A0000001F
(1683194816.093492) 164#00081E16
(1683194816.093502) 220#FFC38000000710F0
(1683194816.093512) 130#0E800780000007C6
(1683194816.093522) 140#3080005C2000077C
(1683194816.093532) 340#0400000400001911
(1683194816.093542) 2B0#8800000707
(1683194816.093552) 251#F60387FF00F80780
(1683194816.093562) 371#001E000000000010
(1683194816.093572) 372#0000100000000000
(1683194816.093582) 436#00000000
(1683194816.093592) 595#00000700D90F0000
(1683194816.093602) 153#208010FF00FF903E
(1683194816.093612) 160#00E9FF0A0000001C
(1683194816.093622) 164#00080008
(1683194816.093632) 220#FFA3800000061001
(1683194816.093642) 386#0000000000400080
(1683194816.093652) 387#0313000000220C00
(1683194816.093662) 394#0504000005843381
(1683194816.093672) 47F#200000000000
(1683194816.093682) 389#0000000000000000
(1683194816.093692) 38D#00000800000000AE
(1683194816.093702) 420#301498C8FC4F6A00
(1683194816.093712) 421#000000FFE37F00DE
(1683194816.093722) 130#0C800E80000008DA
(1683194816.093732) 140#2F80005C20000822
(1683194816.093742) 495#00000D10F5B02EA7
(1683194816.093752) 340#0400000410002911
(1683194816.093762) 381#80C03F0000C44805
(1683194816.093772) 251#F603880000F80780
(1683194816.093782) 2B0#88000007F8
(1683194816.093792) 371#001E000000000010
(1683194816.093802) 372#0000100000000000
(1683194816.093812) 470#1544405555FC1400
(1683194816.093822) 596#000000009200FE6E
(1683194816.093832) 4F1#000066C0
(1683194816.093842) 153#208010FF00FFA04E
(1683194816.093852) 160#00E9FF0A0000001C
(1683194816.093862) 164#0008020A
(1683194816.093872) 220#FF8380000005101E
(1683194816.093882) 490#01001020000000
(1683194816.093892) 500#01
(1683194816.093902) 130#0E80128000000951
(1683194816.093912) 140#2B80005D200009CB
(1683194816.093922) 340#0400000420003911
(1683194816.093932) 592#40EF000000000044
(1683194816.093942) 2B0#8700000719
(1683194816.093952) 251#F603890100F80780
(1683194816.093962) 371#001E000000000010
(1683194816.093972) 372#0000100000000000
(1683194816.093982) 153#208010FF00FFB05E
(1683194816.093992) 160#00E9FF0A0000001C
(1683194816.094002) 164#0008040C
(1683194816.094012) 220#0084800000061023
(1683194816.094022) 386#0040000000400080
(1683194816.094032) 387#0313000000230D00
(1683194816.094042) 394#0424000004843381
(1683194816.094052) 47F#200000000000
(1683194816.094062) 389#0000000000000000
(1683194816.094072) 38D#0000080000000080
(1683194816.094082) 420#401498C8FC4F6A00
(1683194816.094092) 421#000000FFE37F00B0
(1683194816.094102) 130#0C801A8000000ABB
(1683194816.094112) 140#3380005D20000A87
(1683194816.094122) 50A#0A10000000000000
(1683194816.094132) 340#0400000430004911
(1683194816.094142) 381#80C03F0000C54905
(1683194816.094152) 251#F5038AF000F8F77F
(1683194816.094162) 2B0#88000007DA
(1683194816.094172) 371#001E000000000010
(1683194816.094182) 372#0000100000000000
(1683194816.094192) 470#1044401540001400
(1683194816.094202) 4F1#200066D0
(1683194816.094212) 153#208010FF00FFC06E
(1683194816.094222) 160#00EAFF0A0000001F
(1683194816.094232) 164#0008060E
(1683194816.094242) 220#01A4800000051033
(1683194816.094252) 130#0C801F8000000B79
(1683194816.094262) 140#4380005C20000B0F
(1683194816.094272) 340#0400000440005911
(1683194816.094282) 485#00000008
(1683194816.094292) 2B0#870000073B
(1683194816.094302) 251#F5038BF100F8F77F
(1683194816.094312) 371#001E000000000010
(1683194816.094322) 372#0000100000000000
(1683194816.094332) 153#208010FF00FFD07E
(1683194816.094342) 160#00EAFF0A0000001F
(1683194816.094352) 164#00080800
(1683194816.094362) 220#01E4800000051043
(1683194816.094372) 386#0080000000400080
(1683194816.094382) 387#0313000000240E00
(1683194816.094392) 394#0744000007843B81
(1683194816.094402) 47F#200000000000
(1683194816.094412) 389#0000000000000000
(1683194816.094422) 38D#0000080000000071
(1683194816.094432) 420#501498C8FC4F6A00
(1683194816.094442) 421#000000FFE37F00A1
(1683194816.094452) 130#1280128000000C3A
(1683194816.094462) 140#3E80005C20000CB2
(1683194816.094472) 340#0400000450006911
(1683194816.094482) 381#80C03F0000C64A05
(1683194816.094492) 251#F6038CF300F8F77F
(1683194816.094502) 2B0#88000007BC
(1683194816.094512) 371#001E000000000010
(1683194816.094522) 372#0000100000000000
(1683194816.094532) 436#00000000
(1683194816.094542) 470#0500005155440000
(1683194816.094552) 520#0000000000000000
(1683194816.094562) 5C1#0001001061030009
(1683194816.094572) 4F1#200066E0
(1683194816.094582) 50C#00000000080000C0
(1683194816.094592) 5FF#590000C800C80000
(1683194816.094602) 153#208010FF00FFE08E
(1683194816.094612) 160#00E9FF0A0000001C
(1683194816.094622) 164#00080A02
(1683194816.094632) 220#00C4800000081055
(1683194816.094642) 130#1280FF7F00000D54
(1683194816.094652) 140#3080005D20000D33
(1683194816.094662) 340#0400000460007911
(1683194816.094672) 2B0#88000007AD
(1683194816.094682) 251#F6038DF400F8F77F
(1683194816.094692) 371#001E000000000010
(1683194816.094702) 372#0000100000000000
(1683194816.094712) 50B#0000C70000000000
(1683194816.094722) 153#208010FF00FF00AE
(1683194816.094732) 160#00E9FF0A0000001C
(1683194816.094742) 164#00080C04
(1683194816.094752) 220#FFA3800000081063
(1683194816.094762) 386#00C0000000400080
(1683194816.094772) 387#0313000000160000
(1683194816.094782) 394#0564000005843D81
(1683194816.094792) 47F#200000000000
(1683194816.094802) 490#01001020000000
(1683194816.094812) 389#0000000000000000
(1683194816.094822) 38D#0000080000000062
(1683194816.094832) 420#601498C8FC4F6A00
(1683194816.094842) 130#1080FC7F00000E77
(1683194816.094852) 140#2580005C20000E04
(1683194816.094862) 421#000000FFE37F0092
(1683194816.094872) 507#00000001
(1683194816.094882) 340#0400000470008911
(1683194816.094892) 381#80C03F0000C74B05
(1683194816.094902) 251#F6038EF500F8F77F
(1683194816.094912) 2B0#880000079E
(1683194816.094922) 371#001E000000000010
(1683194816.094932) 593#0010FFFFFFFF
(1683194816.094942) 372#0000100000000000
(1683194816.094952) 470#1544405555481400
(1683194816.094962) 541#0311610000080005
(1683194816.094972) 4F1#000066F0
(1683194816.094982) 153#208010FF00FF10BE
(1683194816.094992) 160#00E9FF0A0000001C
(1683194816.095002) 164#00080E06
(1683194816.095012) 220#FF63800000071070
(1683194816.095022) 130#0C80F77F00000FA1
(1683194816.095032) 140#1D80005D20000F80
(1683194816.095042) 340#0400000480009911
(1683194816.095052) 2B0#880000078F
(1683194816.095062) 251#F6038FF600F8F77F
(1683194816.095072) 371#001E000000000010
(1683194816.095082) 372#0000100000000000
(1683194816.095092) 54B#0010000000D30101
(1683194816.095102) 153#208010FF00FF20CE
(1683194816.095112) 160#00E9FF0A0000001C
(1683194816.095122) 164#00081018
(1683194816.095132) 220#FF4380000005108E
(1683194816.095142) 386#0000004000400080
(1683194816.095152) 387#0313000000170100
(1683194816.095162) 394#0284000002843181
(1683194816.095172) 47F#200000000000
(1683194816.095182) 389#0000000000000000
(1683194816.095192) 38D#0000080000000053
(1683194816.095202) 420#701498C8FC4F6A00
(1683194816.095212) 130#0A80F77F000000C9
(1683194816.095222) 140#2780005C20000018
(1683194816.095232) 421#000000FFE37F0083
(1683194816.095242) 340#040000049000A911
(1683194816.095252) 485#00000008
(1683194816.095262) 251#F60390F700F8F77F
(1683194816.095272) 2B0#8800000770
(1683194816.095282) 381#80C03F0000C84C05
(1683194816.095292) 53E#000000002000
(1683194816.095302) 371#001E000000000010
(1683194816.095312) 372#0000100000000000
(1683194816.095322) 470#15444055558C1400
(1683194816.095332) 4F1#00006600
(1683194816.095342) 153#208010FF00FF30DE
(1683194816.095352) 160#00EAFF0A0000001F
(1683194816.095362) 164#0008121A
(1683194816.095372) 220#FF6380000004109F
(1683194816.095382) 130#0E80008000000183
(1683194816.095392) 140#2880005D200001C4
(1683194816.095402) 340#04000004A000B911
(1683194816.095412) 2B0#8800000761
(1683194816.095422) 251#F603910900F80780
(1683194816.095432) 371#001E000000000010
(1683194816.095442) 372#0000100000000000
(1683194816.095452) 436#00000000
(1683194816.095462) 595#00000700D90F0000
(1683194816.095472) 153#208010FF00FF40EE
(1683194816.095482) 160#00E9FF0A0000001C
(1683194816.095492) 164#0008141C
(1683194816.095502) 220#FF838000000610A1
(1683194816.095512) 386#0040004000400080
(1683194816.095522) 387#0313000000180200
(1683194816.095532) 394#04A4000004843B81
(1683194816.095542) 47F#200000000000
(1683194816.095552) 389#0000000000000000
(1683194816.095562) 38D#0000080000000044
(1683194816.095572) 420#801498C8FC4F6A00
(1683194816.095582) 130#0A800680000002AC
(1683194816.095592) 140#2480005D20000258
(1683194816.095602) 421#000000FFE37F0074
(1683194816.095612) 495#00000D10F5B02EA7
(1683194816.095622) 340#04000004B000C911
(1683194816.095632) 381#80C03F0000C94D05
(1683194816.095642) 251#F60392F900F8F77F
(1683194816.095652) 2B0#87000007A2
(1683194816.095662) 371#001E000000000010
(1683194816.095672) 372#0000100000000000
(1683194816.095682) 470#1544405555501400
(1683194816.095692) 596#000000009200FE6E
(1683194816.095702) 4F1#20006610
(1683194816.095712) 153#208010FF00FF50FE
(1683194816.095722) 160#00EAFF0A0000001F
(1683194816.095732) 164#0008161E
(1683194816.095742) 220#FF638000000410BF
(1683194816.095752) 490#01001020000000
(1683194816.095762) 500#01
(1683194816.095772) 130#0C80018000000369
(1683194816.095782) 140#2D80005D200003CA
(1683194816.095792) 592#40EF000000000084
(1683194816.095802) 340#04000004C000D911
(1683194816.095812) 2B0#8800000743
(1683194816.095822) 251#F60393FA00F8F77F
(1683194816.095832) 371#001E000000000010
(1683194816.095842) 372#0000100000000000
(1683194816.095852) 153#208010FF00FF600E
(1683194816.095862) 160#00EBFF0A0000001E
(1683194816.095872) 164#00081810
(1683194816.095882) 220#FF838000000510CE
(1683194816.095892) 386#0080004000400080
(1683194816.095902) 387#0313000000190300
(1683194816.095912) 394#04C4000004843981
(1683194816.095922) 47F#200000000000
(1683194816.095932) 389#0000000000000000
(1683194816.095942) 38D#0000080000000035
(1683194816.095952) 420#901498C8FC4F6A00
(1683194816.095962) 421#000000FFE37F0065
(1683194816.095972) 130#0E80FF7F000004A3
(1683194816.095982) 140#3A80005D200004AE
(1683194816.095992) 4A2#0100
(1683194816.096002) 340#04000004D000E911
(1683194816.096012) 381#80C03F0000CA4E05
(1683194816.096022) 251#F603940C00F80780
(1683194816.096032) 2B0#86000007D4
(1683194816.096042) 371#001E000000000010
(1683194816.096052) 372#0000100000000000
(1683194816.096062) 470#1044401540141400
(1683194816.096072) 4F1#20006620
(1683194816.096082) 153#208010FF00FF701E
(1683194816.096092) 160#00EAFF0A0000001F
(1683194816.096102) 164#00081A12
(1683194816.096112) 220#FFC38000000610D1
(1683194816.096122) 130#0A800180000005F4
(1683194816.096132) 140#3D80005D2000053D
(1683194816.096142) 340#04000004E000F911
(1683194816.096152) 485#00000008
(1683194816.096162) 251#F60395FC00F8F77F
(1683194816.096172) 2B0#8800000725
(1683194816.096182) 371#001E000000000010
(1683194816.096192) 372#0000100000000000
(1683194816.096202) 153#208010FF00FF802E
(1683194816.096212) 160#00EAFF0A0000001F
(1683194816.096222) 164#00081C14
(1683194816.096232) 220#FFC38000000410EF
(1683194816.096242) 386#00C0004000400080
(1683194816.096252) 387#03130000001A0400
(1683194816.096262) 394#06E4000006843381
(1683194816.096272) 47F#200000000000
(1683194816.096282) 389#0000000000000000
(1683194816.096292) 38D#0000080000000026
(1683194816.096302) 420#A01498C8FC4F6A00
(1683194816.096312) 421#000000FFE37F0056
(1683194816.096322) 130#0C8000800000066A
(1683194816.096332) 140#3E80005D200006FD
(1683194816.096342) 340#04000004F0000911
(1683194816.096352) 381#80C03F0000CB4F05
(1683194816.096362) 251#F60396FD00F8F77F
(1683194816.096372) 2B0#8800000716
(1683194816.096382) 371#001E000000000010
(1683194816.096392) 372#0000100000000000
(1683194816.096402) 412#0000000000100000
(1683194816.096412) 436#00000000
(1683194816.096422) 470#0500005155580000
(1683194816.096432) 4C9#0000000000000000
(1683194816.096442) 4F1#00006630
(1683194816.096452) 50C#00000000080000D0
(1683194816.096462) 520#0000000000000000
(1683194816.096472) 52A#0000000006000000
(1683194816.096482) 5C1#0001001061030009
(1683194816.096492) 153#208010FF00FF903E
(1683194816.096502) 160#00EAFF0A0000001F
(1683194816.096512) 164#00081E16
(1683194816.096522) 220#FFC38000000510FE
(1683194816.096532) 5FF#590000C800C80000
(1683194816.096542) 130#0E800680000007AC
(1683194816.096552) 140#4180005D200007B4
(1683194816.096562) 340#0400000400001911
(1683194816.096572) 2B0#87000007F7
(1683194816.096582) 251#F60397FE00F8F77F
(1683194816.096592) 371#001E000000000010
(1683194816.096602) 372#0000100000000000
(1683194816.096612) 410#E012211880020020
(1683194816.096622) 50B#0000C70000000000
(1683194816.096632) 153#208010FF00FFA04E
(1683194816.096642) 160#00EBFF0A0000001E
(1683194816.096652) 164#00080008
(1683194816.096662) 220#FFE3800000061001
(1683194816.096672) 386#0000008000400080
(1683194816.096682) 387#03130000001B0500
(1683194816.096692) 394#0704000007843F81
(1683194816.096702) 47F#200000000000
(1683194816.096712) 490#01001020000000
(1683194816.096722) 389#0000000000000000
(1683194816.096732) 38D#0000080000000017
(1683194816.096742) 420#B01498C8FC4F6A00
(1683194816.096752) 130#0E800A80000008D5
(1683194816.096762) 140#4080005D20000852
(1683194816.096772) 421#000000FFE37F0047
(1683194816.096782) 507#00000001
(1683194816.096792) 340#0400000410002911
(1683194816.096802) 381#80C03F0000CC5005
(1683194816.096812) 251#F60398FF00F8F77F
(1683194816.096822) 2B0#88000007F8
(1683194816.096832) 371#001E000000000010
(1683194816.096842) 372#0000100000000000
(1683194816.096852) 470#15444055559C1400
(1683194816.096862) 50E#0000002000000000
(1683194816.096872) 541#0311610000080005
(1683194816.096882) 553#0000000001008012
(1683194816.096892) 4F1#20006640
(1683194816.096902) 153#208010FF00FFB05E
(1683194816.096912) 160#00EAFF0A0000001F
(1683194816.096922) 164#0008020A
(1683194816.096932) 220#FFE3800000061011
(1683194816.096942) 130#0E800480000009DE
(1683194816.096952) 140#3B80005D20000972
(1683194816.096962) 340#0400000420003911
(1683194816.096972) 2B0#88000007E9
(1683194816.096982) 251#F603990000F8F77F
(1683194816.096992) 371#001E000000000010
(1683194816.097002) 372#0000100000000000
(1683194816.097012) 54B#0010000000D30101
(1683194816.097022) 559#0000000020000000
(1683194816.097032) 153#208010FF00FFC06E
(1683194816.097042) 160#00E9FF0A0000001C
(1683194816.097052) 164#0008040C
(1683194816.097062) 220#FFC3800000061021
(1683194816.097072) 386#0040008000400080
(1683194816.097082) 387#03130000001C0600
(1683194816.097092) 394#0624000006843F81
(1683194816.097102) 47F#200000000000
(1683194816.097112) 389#0000000000000000
(1683194816.097122) 38D#0000080000000008
(1683194816.097132) 420#C01498C8FC4F6A00
(1683194816.097142) 421#000000FFE37F0038
(1683194816.097152) 130#0C80FC7F00000A01
(1683194816.097162) 140#3880005D20000AB2
(1683194816.097172) 340#0400000430004911
(1683194816.097182) 485#00000008
(1683194816.097192) 251#F6039A1200F80780
(1683194816.097202) 2B0#88000007DA
(1683194816.097212) 381#80C03F0000CD5105
(1683194816.097222) 53E#000000002000
(1683194816.097232) 371#001E000000000010
(1683194816.097242) 372#0000100000000000
(1683194816.097252) 470#1544405555601400
(1683194816.097262) 544#0000000000000000
(1683194816.097272) 4F1#00006650
(1683194816.097282) 153#208010FF00FFD07E
(1683194816.097292) 160#00EAFF0A0000001F
(1683194816.097302) 164#0008060E
(1683194816.097312) 220#FFC380000005103E
(1683194816.097322) 130#0C80008000000BEB
(1683194816.097332) 140#3380005D20000B9A
(1683194816.097342) 340#0400000440005911
(1683194816.097352) 2B0#870000073B
(1683194816.097362) 251#F6039B1300F80780
(1683194816.097372) 371#001E000000000010
(1683194816.097382) 372#0000100000000000
(1683194816.097392) 436#00000000
(1683194816.097402) 595#00000700D90F0000
(1683194816.097412) 153#208010FF00FFE08E
(1683194816.097422) 160#00EAFF0A0000001F
(1683194816.097432) 164#00080800
(1683194816.097442) 220#FFA380000005104E
(1683194816.097452) 386#0080008000400080
(1683194816.097462) 387#03130000001D0700
(1683194816.097472) 394#0544000005843F81
(1683194816.097482) 47F#200000000000
(1683194816.097492) 389#0000000000000000
(1683194816.097502) 38D#00000800000000F9
(1683194816.097512) 420#D01498C8FC4F6A00
(1683194816.097522) 421#000000FFE37F0029
(1683194816.097532) 130#10800C8000000C78
(1683194816.097542) 140#3080005D20000C2E
(1683194816.097552) 495#00000D10F5B02EA7
(1683194816.097562) 340#0400000450006911
(1683194816.097572) 381#80C03F0000CE5205
(1683194816.097582) 251#F6039C1400F80780
(1683194816.097592) 2B0#88000007BC
(1683194816.097602) 371#001E000000000010
(1683194816.097612) 372#0000100000000000
(1683194816.097622) 470#1544405555641400
(1683194816.097632) 596#000000009200FE6E
(1683194816.097642) 4F1#00006660
(1683194816.097652) 153#208010FF00FF00AE
(1683194816.097662) 160#00E8FF0A0000001D
(1683194816.097672) 164#00080A02
(1683194816.097682) 220#FFA3800000071050
(1683194816.097692) 490#01001020000000
(1683194816.097702) 500#01
(1683194816.097712) 130#1080098000000DBA
(1683194816.097722) 140#2D80005D20000D6C
(1683194816.097732) 592#40EF0000000000C4
(1683194816.097742) 340#0400000460007911
(1683194816.097752) 2B0#88000007AD
(1683194816.097762) 251#F6039D0400F8F77F
(1683194816.097772) 371#001E000000000010
(1683194816.097782) 372#0000100000000000
(1683194816.097792) 153#208010FF00FF10BE
(1683194816.097802) 160#00EAFF0A0000001F
(1683194816.097812) 164#00080C04
(1683194816.097822) 220#FF83800000071060
(1683194816.097832) 386#00C0008000400080
(1683194816.097842) 387#03130000001E0800
(1683194816.097852) 394#0464000004843F81
(1683194816.097862) 47F#200000000000
(1683194816.097872) 389#0000000000000000
(1683194816.097882) 38D#00000800000000EA
(1683194816.097892) 420#E01498C8FC4F6A00
(1683194816.097902) 421#000000FFE37F001A
(1683194816.097912) 130#0680048000000E5F
(1683194816.097922) 140#3880005D20000EC6
(1683194816.097932) 50A#0A10000000000000
(1683194816.097942) 381#80C03F0000CF5305
(1683194816.097952) 251#F5039E0400F8F77F
(1683194816.097962) 2B0#870000076E
(1683194816.097972) 340#0400000470008911
(1683194816.097982) 371#001E000000000010
(1683194816.097992) 372#0000100000000000
(1683194816.098002) 470#1044401540281400
(1683194816.098012) 4F1#20006670
(1683194816.098022) 153#208010FF00FF20CE
(1683194816.098032) 160#00E9FF0A0000001C
(1683194816.098042) 164#00080E06
(1683194816.098052) 220#FFC380000002107D
(1683194816.098062) 130#0680118000000F73
(1683194816.098072) 140#4E80005D20000F00
(1683194816.098082) 2B0#880000078F
(1683194816.098092) 251#F6039F1700F80780
(1683194816.098102) 340#0400000480009911
(1683194816.098112) 485#00000008
(1683194816.098122) 371#001E000000000010
(1683194816.098132) 372#0000100000000000
(1683194816.098142) 153#208010FF00FF30DE
(1683194816.098152) 160#00E8FF0A0000001D
(1683194816.098162) 164#00081018
(1683194816.098172) 220#000481000002108E
(1683194816.098182) 386#000000C000400080
(1683194816.098192) 387#03130000001F0900
(1683194816.098202) 394#0884000008843581
(1683194816.098212) 47F#200000000000
(1683194816.098222) 389#0000000000000000
(1683194816.098232) 38D#00000800000000DB
(1683194816.098242) 420#F01498C8FC4F6A00
(1683194816.098252) 130#0A800F800000008B
(1683194816.098262) 140#4680005D20000069
(1683194816.098272) 421#000000FFE37F000B
(1683194816.098282) 381#80C03F0000D05405
(1683194816.098292) 251#F503A00600F8F77F
(1683194816.098302) 2B0#8800000770
(1683194816.098312) 340#040000049000A911
(1683194816.098322) 371#001E000000000010
(1683194816.098332) 372#0000100000000000
(1683194816.098342) 436#00000000
(1683194816.098352) 470#0500005155AC0000
(1683194816.098362) 520#0000000000000000
(1683194816.098372) 5C1#0001001061030009
(1683194816.098382) 4F1#20006680
(1683194816.098392) 50C#00000000080000E0
(1683194816.098402) 5FF#590000C800C80000
(1683194816.098412) 153#208010FF00FF40EE
(1683194816.098422) 160#00ECFF0A00000019
(1683194816.098432) 164#0008121A
(1683194816.098442) 220#FFE380000004109F
(1683194816.098452) 130#0C80008000000139
(1683194816.098462) 140#3080005D200001AF
(1683194816.098472) 2B0#8700000791
(1683194816.098482) 251#F603A10800F8F77F
(1683194816.098492) 340#04000004A000B911
(1683194816.098502) 371#001E000000000010
(1683194816.098512) 372#0000100000000000
(1683194816.098522) 50B#0000C70000000000
(1683194816.098532) 153#208010FF00FF50FE
(1683194816.098542) 160#00E9FF0A0000001C
(1683194816.098552) 164#0008141C
(1683194816.098562) 220#FFA38000000510AE
(1683194816.098572) 386#004000C000400080
(1683194816.098582) 387#0313000000200A00
(1683194816.098592) 394#05A4000005843981
(1683194816.098602) 47F#200000000000
