(1683194816.088612) 000#00C0000000400080
(1683194816.088613) 000#0313000000240E00
(1683194816.088614) 000#0664000006843B81
(1683194816.088615) 000#0000000000000000
(1683194816.088616) 000#0000080000000071
(1683194816.088617) 000#601498C8FC4F6A00
(1683194816.088618) 000#000000FFE37F00A1
(1683194816.088619) 000#0E80068000000E59
(1683194816.088620) 000#3880005D20000EC6
(1683194816.088621) 000#200000000000
(1683194816.088622) 000#80C03F0000B73B05
(1683194816.088623) 000#F6036ED500F8F77F
(1683194816.088624) 000#870000076E
(1683194816.088625) 000#001E000000000010
(1683194816.088626) 000#0000100000000000
(1683194816.088627) 000#0000000000100000
(1683194816.088628) 000#00000000
(1683194816.088629) 000#0500005155480000
(1683194816.088630) 000#0000000000000000
(1683194816.088631) 000#000066F0
(1683194816.088632) 000#0000000008000090
(1683194816.088633) 000#0000000000000000
(1683194816.088634) 000#0000000006000000
(1683194816.088635) 000#0001001061030009
(1683194816.088636) 000#208010FF00FFE08E
(1683194816.088637) 000#00E9FF0A0000001C
(1683194816.088638) 000#00080E06
(1683194816.088639) 000#FFC3800000061071
(1683194816.088640) 000#0400000480009911
(1683194816.088641) 000#590000C800C80000
(1683194816.088642) 000#0C80008000000F9F
(1683194816.088643) 000#2B80005D20000F85
(1683194816.088644) 000#880000078F
(1683194816.088645) 000#F5036FD500F8F77F
(1683194816.088646) 000#001E000000000010
(1683194816.088647) 000#0000100000000000
(1683194816.088648) 000#E012211880020020
(1683194816.088649) 000#0000C70000000000
(1683194816.088650) 000#208010FF00FF00AE
(1683194816.088651) 000#00EAFF0A0000001F
(1683194816.088652) 000#00081018
(1683194816.088653) 000#FF8380000005108E
(1683194816.088654) 000#040000049000A911
(1683194816.088655) 000#0000004000400080
(1683194816.088656) 000#0313000000160000
(1683194816.088657) 000#0484000004843D81
(1683194816.088658) 000#0000000000000000
(1683194816.088659) 000#0000080000000062
(1683194816.088660) 000#701498C8FC4F6A00
(1683194816.088661) 000#000000FFE37F0092
(1683194816.088662) 000#0A80FC7F00000000
(1683194816.088663) 000#1F80005D20000081
(1683194816.088664) 000#200000000000
(1683194816.088665) 000#01001020000000
(1683194816.088666) 000#00000001
(1683194816.088667) 000#80C03F0000B83C05
(1683194816.088668) 000#F60370E800F80780
(1683194816.088669) 000#8800000770
(1683194816.088670) 000#001E000000000010
(1683194816.088671) 000#0000100000000000
(1683194816.088672) 000#15444055558C1400
(1683194816.088673) 000#0000002000000000
(1683194816.088674) 000#0311610000080005
(1683194816.088675) 000#0000000001008012
(1683194816.088676) 000#00006600
(1683194816.088677) 000#208010FF00FF10BE
(1683194816.088678) 000#00E9FF0A0000001C
(1683194816.088679) 000#0008121A
(1683194816.088680) 000#FF4380000004109F
(1683194816.088681) 000#04000004A000B911
(1683194816.088682) 000#1080098000000126
(1683194816.088683) 000#2F80005C200001D7
(1683194816.088684) 000#8700000791
(1683194816.088685) 000#F50371D700F8F77F
(1683194816.088686) 000#001E000000000010
(1683194816.088687) 000#0000100000000000
(1683194816.088688) 000#0010000000D30101
(1683194816.088689) 000#0000000020000000
(1683194816.088690) 000#208010FF00FF20CE
(1683194816.088691) 000#00E9FF0A0000001C
(1683194816.088692) 000#0008141C
(1683194816.088693) 000#FF838000000710A0
(1683194816.088694) 000#0040004000400080
(1683194816.088695) 000#04000004B000C911
(1683194816.088696) 000#0313000000170100
(1683194816.088697) 000#04A4000004843B81
(1683194816.088698) 000#0000000000000000
(1683194816.088699) 000#0000080000000053
(1683194816.088700) 000#801498C8FC4F6A00
(1683194816.088701) 000#000000FFE37F0083
(1683194816.088702) 000#1080148000000247
(1683194816.088703) 000#4880005D20000252
(1683194816.088704) 000#200000000000
(1683194816.088705) 000#00000008
(1683194816.088706) 000#000000002000
(1683194816.088707) 000#80C03F0000B93D05
(1683194816.088708) 000#F60372D900F8F77F
(1683194816.088709) 000#8800000752
(1683194816.088710) 000#001E000000000010
(1683194816.088711) 000#0000100000000000
(1683194816.088712) 000#1544405555501400
(1683194816.088713) 000#0000000000000000
(1683194816.088714) 000#20006610
(1683194816.088715) 000#208010FF00FF30DE
(1683194816.088716) 000#00E9FF0A0000001C
(1683194816.088717) 000#0008161E
(1683194816.088718) 000#00048100000710B5
(1683194816.088719) 000#04000004C000D911
(1683194816.088720) 000#0C80118000000387
(1683194816.088721) 000#3B80005D200003A0
(1683194816.088722) 000#8800000743
(1683194816.088723) 000#F60373DA00F8F77F
(1683194816.088724) 000#0000000000000000
(1683194816.088725) 000#001E000000000010
(1683194816.088726) 000#0000100000000000
(1683194816.088727) 000#00000000
(1683194816.088728) 000#00000700D90F0000
(1683194816.088729) 000#208010FF00FF40EE
(1683194816.088730) 000#00E9FF0A0000001C
(1683194816.088731) 000#00081810
(1683194816.088732) 000#00C48000000510C0
(1683194816.088733) 000#0080004000400080
(1683194816.088734) 000#04000004D000E911
(1683194816.088735) 000#0313000000180200
(1683194816.088736) 000#06C4000006843581
(1683194816.088737) 000#0000000000000000
(1683194816.088738) 000#0000080000000044
(1683194816.088739) 000#901498C8FC4F6A00
(1683194816.088740) 000#000000FFE37F0074
(1683194816.088741) 000#0C800C8000000492
(1683194816.088742) 000#2A80005D20000417
(1683194816.088743) 000#200000000000
(1683194816.088744) 000#00000D10F5B02EA7
(1683194816.088745) 000#0100
(1683194816.088746) 000#80C03F0000BA3E05
(1683194816.088747) 000#F60374EC00F80780
(1683194816.088748) 000#87000007C4
(1683194816.088749) 000#001E000000000010
(1683194816.088750) 000#0000100000000000
(1683194816.088751) 000#1544405555541400
(1683194816.088752) 000#000000009200FE6E
(1683194816.088753) 000#20006620
(1683194816.088754) 000#208010FF00FF50FE
(1683194816.088755) 000#00EAFF0A0000001F
(1683194816.088756) 000#00081A12
(1683194816.088757) 000#FF838000000510DE
(1683194816.088758) 000#01001020000000
(1683194816.088759) 000#04000004E000F911
(1683194816.088760) 000#01
(1683194816.088761) 000#10800480000005FA
(1683194816.088762) 000#2580005D20000556
(1683194816.088763) 000#40EF0000000000C4
(1683194816.088764) 000#8800000725
(1683194816.088765) 000#F60375DC00F8F77F
(1683194816.088766) 000#001E000000000010
(1683194816.088767) 000#0000100000000000
(1683194816.088768) 000#208010FF00FF600E
(1683194816.088769) 000#00E8FF0A0000001D
(1683194816.088770) 000#00081C14
(1683194816.088771) 000#FF638000000710E0
(1683194816.088772) 000#00C0004000400080
(1683194816.088773) 000#04000004F0000911
(1683194816.088774) 000#0313000000190300
(1683194816.088775) 000#03E4000003843981
(1683194816.088776) 000#0000000000000000
(1683194816.088777) 000#0000080000000035
(1683194816.088778) 000#A01498C8FC4F6A00
(1683194816.088779) 000#000000FFE37F0065
(1683194816.088780) 000#1080FD7F000006F5
(1683194816.088781) 000#2880005D20000697
(1683194816.088782) 000#200000000000
(1683194816.088783) 000#0A10000000000000
(1683194816.088784) 000#80C03F0000BB3F05
(1683194816.088785) 000#F60376EE00F80780
(1683194816.088786) 000#8800000716
(1683194816.088787) 000#001E000000000010
(1683194816.088788) 000#0000100000000000
(1683194816.088789) 000#1044401540181400
(1683194816.088790) 000#00006630
(1683194816.088791) 000#208010FF00FF701E
(1683194816.088792) 000#00EAFF0A0000001F
(1683194816.088793) 000#00081E16
(1683194816.088794) 000#FF838000000710F0
(1683194816.088795) 000#0400000400001911
(1683194816.088796) 000#00000008
(1683194816.088797) 000#0E80F47F0000074D
(1683194816.088798) 000#3880005D20000733
(1683194816.088799) 000#87000007F7
(1683194816.088800) 000#F60377DE00F8F77F
(1683194816.088801) 000#001E000000000010
(1683194816.088802) 000#0000100000000000
(1683194816.088803) 000#208010FF00FF802E
(1683194816.088804) 000#00E9FF0A0000001C
(1683194816.088805) 000#00080008
(1683194816.088806) 000#FFC3800000061001
(1683194816.088807) 000#0000008000400080
(1683194816.088808) 000#0400000410002911
(1683194816.088809) 000#03130000001A0400
(1683194816.088810) 000#0604000006843181
(1683194816.088811) 000#0000000000000000
(1683194816.088812) 000#0000080000000026
(1683194816.088813) 000#B01498C8FC4F6A00
(1683194816.088814) 000#000000FFE37F0056
(1683194816.088815) 000#0E80FD7F000008EB
(1683194816.088816) 000#4580005D20000866
(1683194816.088817) 000#200000000000
(1683194816.088818) 000#80C03F0000BC4005
(1683194816.088819) 000#F60378DF00F8F77F
(1683194816.088820) 000#8700000708
(1683194816.088821) 000#001E000000000010
(1683194816.088822) 000#0000100000000000
(1683194816.088823) 000#00000000
(1683194816.088824) 000#05000051559C0000
(1683194816.088825) 000#0000000000000000
(1683194816.088826) 000#0001001061030009
(1683194816.088827) 000#20006640
(1683194816.088828) 000#00000000080000A0
(1683194816.088829) 000#590000C800C80000
(1683194816.088830) 000#208010FF00FF903E
(1683194816.088831) 000#00ECFF0A00000019
(1683194816.088832) 000#0008020A
(1683194816.088833) 000#FFE3800000061011
(1683194816.088834) 000#0400000420003911
(1683194816.088835) 000#10800E80000009C5
(1683194816.088836) 000#3B80005C200009EF
(1683194816.088837) 000#88000007E9
(1683194816.088838) 000#F50379DF00F8F77F
(1683194816.088839) 000#001E000000000010
(1683194816.088840) 000#0000100000000000
(1683194816.088841) 000#0000C70000000000
(1683194816.088842) 000#208010FF00FFA04E
(1683194816.088843) 000#00EBFF0A0000001E
(1683194816.088844) 000#0008040C
(1683194816.088845) 000#FFC3800000071020
(1683194816.088846) 000#0040008000400080
(1683194816.088847) 000#0400000430004911
(1683194816.088848) 000#03130000001B0500
(1683194816.088849) 000#0624000006843F81
(1683194816.088850) 000#0000000000000000
(1683194816.088851) 000#0000080000000017
(1683194816.088852) 000#C01498C8FC4F6A00
(1683194816.088853) 000#000000FFE37F0047
(1683194816.088854) 000#0A80128000000A1F
(1683194816.088855) 000#3580005D20000A54
(1683194816.088856) 000#200000000000
(1683194816.088857) 000#01001020000000
(1683194816.088858) 000#00000001
(1683194816.088859) 000#80C03F0000BD4105
(1683194816.088860) 000#F6037AF200F80780
(1683194816.088861) 000#88000007DA
(1683194816.088862) 000#001E000000000010
(1683194816.088863) 000#0010FFFFFFFF
(1683194816.088864) 000#0000100000000000
(1683194816.088865) 000#1544405555601400
(1683194816.088866) 000#0311610000080005
(1683194816.088867) 000#00006650
(1683194816.088868) 000#208010FF00FFB05E
(1683194816.088869) 000#00E9FF0A0000001C
(1683194816.088870) 000#0008060E
(1683194816.088871) 000#00A4800000041031
(1683194816.088872) 000#0400000440005911
(1683194816.088873) 000#0880148000000BD9
(1683194816.088874) 000#4380005D20000B92
(1683194816.088875) 000#870000073B
(1683194816.088876) 000#F6037BF300F80780
(1683194816.088877) 000#001E000000000010
(1683194816.088878) 000#0000100000000000
(1683194816.088879) 000#0010000000D30101
(1683194816.088880) 000#208010FF00FFC06E
(1683194816.088881) 000#00E9FF0A0000001C
(1683194816.088882) 000#00080800
(1683194816.088883) 000#00E480000003104E
(1683194816.088884) 000#0080008000400080
(1683194816.088885) 000#03130000001C0600
(1683194816.088886) 000#0744000007843B81
(1683194816.088887) 000#200000000000
(1683194816.088888) 000#0000000000000000
(1683194816.088889) 000#0000080000000008
(1683194816.088890) 000#D01498C8FC4F6A00
(1683194816.088891) 000#0400000450006911
(1683194816.088892) 000#06800E8000000CC6
(1683194816.088893) 000#4580005D20000C12
(1683194816.088894) 000#000000FFE37F0038
(1683194816.088895) 000#00000008
(1683194816.088896) 000#000000002000
(1683194816.088897) 000#80C03F0000BE4205
(1683194816.088898) 000#F6037CE300F8F77F
(1683194816.088899) 000#88000007BC
(1683194816.088900) 000#001E000000000010
(1683194816.088901) 000#0000100000000000
(1683194816.088902) 000#1544405555641400
(1683194816.088903) 000#00006660
(1683194816.088904) 000#208010FF00FFD07E
(1683194816.088905) 000#00EAFF0A0000001F
(1683194816.088906) 000#00080A02
(1683194816.088907) 000#FFE380000002105D
(1683194816.088908) 000#0400000460007911
(1683194816.088909) 000#0680098000000DD0
(1683194816.088910) 000#3B80005D20000D06
(1683194816.088911) 000#88000007AD
(1683194816.088912) 000#F6037DE400F8F77F
(1683194816.088913) 000#001E000000000010
(1683194816.088914) 000#0000100000000000
(1683194816.088915) 000#00000000
(1683194816.088916) 000#00000700D90F0000
(1683194816.088917) 000#208010FF00FFE08E
(1683194816.088918) 000#00E9FF0A0000001C
(1683194816.088919) 000#00080C04
(1683194816.088920) 000#FFC380000002106D
(1683194816.088921) 000#00C0008000400080
(1683194816.088922) 000#03130000001D0700
(1683194816.088923) 000#0664000006843B81
(1683194816.088924) 000#200000000000
(1683194816.088925) 000#0000000000000000
(1683194816.088926) 000#00000800000000F9
(1683194816.088927) 000#E01498C8FC4F6A00
(1683194816.088928) 000#0400000470008911
(1683194816.088929) 000#0A80078000000E5A
(1683194816.088930) 000#3580005C20000EBD
(1683194816.088931) 000#000000FFE37F0029
(1683194816.088932) 000#00000D10F5B02EA7
(1683194816.088933) 000#80C03F0000BF4305
(1683194816.088934) 000#F6037EE500F8F77F
(1683194816.088935) 000#880000079E
(1683194816.088936) 000#001E000000000010
(1683194816.088937) 000#0000100000000000
(1683194816.088938) 000#1544405555681400
(1683194816.088939) 000#000000009200FE6E
(1683194816.088940) 000#20006670
(1683194816.088941) 000#208010FF00FF00AE
(1683194816.088942) 000#00E9FF0A0000001C
(1683194816.088943) 000#00080E06
(1683194816.088944) 000#FFA380000004107F
(1683194816.088945) 000#01001020000000
(1683194816.088946) 000#0400000480009911
(1683194816.088947) 000#01
(1683194816.088948) 000#1080048000000F28
(1683194816.088949) 000#3580005D20000F3D
(1683194816.088950) 000#40EF000000000004
(1683194816.088951) 000#860000076F
(1683194816.088952) 000#F6037FE600F8F77F
(1683194816.088953) 000#001E000000000010
(1683194816.088954) 000#0000100000000000
(1683194816.088955) 000#208010FF00FF10BE
(1683194816.088956) 000#00EAFF0A0000001F
(1683194816.088957) 000#00081018
(1683194816.088958) 000#FFA3800000071080
(1683194816.088959) 000#000000C000400080
(1683194816.088960) 000#03130000001E0800
(1683194816.088961) 000#0584000005843B81
(1683194816.088962) 000#200000000000
(1683194816.088963) 000#0000000000000000
(1683194816.088964) 000#00000800000000EA
(1683194816.088965) 000#F01498C8FC4F6A00
(1683194816.088966) 000#000000FFE37F001A
(1683194816.088967) 000#12800E800000008A
(1683194816.088968) 000#3280005D20000008
(1683194816.088969) 000#040000049000A911
(1683194816.088970) 000#80C03F0000C04405
(1683194816.088971) 000#F60380F800F80780
(1683194816.088972) 000#8700000780
(1683194816.088973) 000#001E000000000010
(1683194816.088974) 000#0000100000000000
(1683194816.088975) 000#10444015406C1400
(1683194816.088976) 000#20006680
(1683194816.088977) 000#208010FF00FF20CE
(1683194816.088978) 000#00EBFF0A0000001E
(1683194816.088979) 000#0008121A
(1683194816.088980) 000#FFA3800000081093
(1683194816.088981) 000#0E801580000001B2
(1683194816.088982) 000#3280005D20000115
(1683194816.088983) 000#04000004A000B911
(1683194816.088984) 000#00000008
(1683194816.088985) 000#8800000761
(1683194816.088986) 000#F60381E800F8F77F
(1683194816.088987) 000#001E000000000010
(1683194816.088988) 000#0000100000000000
(1683194816.088989) 000#208010FF00FF30DE
(1683194816.088990) 000#00EAFF0A0000001F
(1683194816.088991) 000#0008141C
(1683194816.088992) 000#00A48000000610A3
(1683194816.088993) 000#004000C000400080
(1683194816.088994) 000#03130000001F0900
(1683194816.088995) 000#05A4000005843981
(1683194816.088996) 000#200000000000
(1683194816.088997) 000#0000000000000000
(1683194816.088998) 000#00000800000000DB
(1683194816.088999) 000#001498C8FC4F6A00
(1683194816.089000) 000#000000FFE37F000B
(1683194816.089001) 000#0E801480000002FF
(1683194816.089002) 000#3B80005D200002BD
(1683194816.089003) 000#04000004B000C911
(1683194816.089004) 000#80C03F0000C14505
(1683194816.089005) 000#F60382E900F8F77F
(1683194816.089006) 000#8800000752
(1683194816.089007) 000#001E000000000010
(1683194816.089008) 000#0000100000000000
(1683194816.089009) 000#0000000000100000
(1683194816.089010) 000#00000000
(1683194816.089011) 000#0500005155B00000
(1683194816.089012) 000#0000000000000000
(1683194816.089013) 000#00006690
(1683194816.089014) 000#00000000080000B0
(1683194816.089015) 000#0000000000000000
(1683194816.089016) 000#0000000006000000
(1683194816.089017) 000#080000FF00000000
(1683194816.089018) 000#208010FF00FF40EE
(1683194816.089019) 000#00E9FF0A0000001C
(1683194816.089020) 000#0008161E
(1683194816.089021) 000#00C48000000610B3
(1683194816.089022) 000#0001001061030009
(1683194816.089023) 000#590000C800C80000
(1683194816.089024) 000#0E800F80000003C5
(1683194816.089025) 000#4080005D2000039D
(1683194816.089026) 000#04000004C000D911
(1683194816.089027) 000#87000007B3
(1683194816.089028) 000#F60383EA00F8F77F
(1683194816.089029) 000#001E000000000010
(1683194816.089030) 000#0000100000000000
(1683194816.089031) 000#E012211880020020
(1683194816.089032) 000#0000C70000000000
(1683194816.089033) 000#208010FF00FF50FE
(1683194816.089034) 000#00EAFF0A0000001F
(1683194816.089035) 000#00081810
(1683194816.089036) 000#FFE38000000610C1
(1683194816.089037) 000#008000C000400080
(1683194816.089038) 000#0313000000200A00
(1683194816.089039) 000#07C4000007843381
(1683194816.089040) 000#200000000000
(1683194816.089041) 000#01001020000000
(1683194816.089042) 000#0000000000000000
(1683194816.089043) 000#00000800000000CC
(1683194816.089044) 000#101498C8FC4F6A00
(1683194816.089045) 000#0C80068000000431
(1683194816.089046) 000#3D80005C200004BD
(1683194816.089047) 000#04000004D000E911
(1683194816.089048) 000#000000FFE37F00FC
(1683194816.089049) 000#00000001
(1683194816.089050) 000#80C03F0000C24605
(1683194816.089051) 000#F50384EA00F8F77F
(1683194816.089052) 000#8800000734
(1683194816.089053) 000#001E000000000010
(1683194816.089054) 000#0000100000000000
(1683194816.089055) 000#1544405555B41400
(1683194816.089056) 000#0000002000000000
(1683194816.089057) 000#0311610000080005
(1683194816.089058) 000#0000000001008012
(1683194816.089059) 000#000066A0
(1683194816.089060) 000#208010FF00FF600E
(1683194816.089061) 000#00E9FF0A0000001C
(1683194816.089062) 000#00081A12
(1683194816.089063) 000#FFC38000000510DE
(1683194816.089064) 000#0E800080000005F7
(1683194816.089065) 000#3A80005D200005B3
(1683194816.089066) 000#04000004E000F911
(1683194816.089067) 000#8800000725
(1683194816.089068) 000#F50385EB00F8F77F
(1683194816.089069) 000#001E000000000010
(1683194816.089070) 000#0000100000000000
(1683194816.089071) 000#0010000000D30101
(1683194816.089072) 000#0000000020000000
(1683194816.089073) 000#208010FF00FF701E
(1683194816.089074) 000#00E9FF0A0000001C
(1683194816.089075) 000#00081C14
(1683194816.089076) 000#FFC38000000610E1
(1683194816.089077) 000#00C000C000400080
(1683194816.089078) 000#0313000000210B00
(1683194816.089079) 000#06E4000006843381
(1683194816.089080) 000#200000000000
(1683194816.089081) 000#0000000000000000
(1683194816.089082) 000#00000800000000BD
(1683194816.089083) 000#201498C8FC4F6A00
(1683194816.089084) 000#000000FFE37F00ED
(1683194816.089085) 000#1080FF7F00000621
(1683194816.089086) 000#3880005D2000062E
(1683194816.089087) 000#04000004F0000911
(1683194816.089088) 000#00000008
(1683194816.089089) 000#000000002000
(1683194816.089090) 000#80C03F0000C34705
(1683194816.089091) 000#F60386ED00F8F77F
(1683194816.089092) 000#87000007E6
(1683194816.089093) 000#001E000000000010
(1683194816.089094) 000#0000100000000000
(1683194816.089095) 000#1544405555B81400
(1683194816.089096) 000#0000000000000000
(1683194816.089097) 000#200066B0
(1683194816.089098) 000#208010FF00FF802E
(1683194816.089099) 000#00EAFF0A0000001F
(1683194816.089100) 000#00081E16
(1683194816.089101) 000#FFC38000000710F0
(1683194816.089102) 000#0E800780000007C6
(1683194816.089103) 000#3080005C2000077C
(1683194816.089104) 000#0400000400001911
(1683194816.089105) 000#8800000707
(1683194816.089106) 000#F60387FF00F80780
(1683194816.089107) 000#001E000000000010
(1683194816.089108) 000#0000100000000000
(1683194816.089109) 000#00000000
(1683194816.089110) 000#00000700D90F0000
(1683194816.089111) 000#208010FF00FF903E
(1683194816.089112) 000#00E9FF0A0000001C
(1683194816.089113) 000#00080008
(1683194816.089114) 000#FFA3800000061001
(1683194816.089115) 000#0000000000400080
(1683194816.089116) 000#0313000000220C00
(1683194816.089117) 000#0504000005843381
(1683194816.089118) 000#200000000000
(1683194816.089119) 000#0000000000000000
(1683194816.089120) 000#00000800000000AE
(1683194816.089121) 000#301498C8FC4F6A00
(1683194816.089122) 000#000000FFE37F00DE
(1683194816.089123) 000#0C800E80000008DA
(1683194816.089124) 000#2F80005C20000822
(1683194816.089125) 000#00000D10F5B02EA7
(1683194816.089126) 000#0400000410002911
(1683194816.089127) 000#80C03F0000C44805
(1683194816.089128) 000#F603880000F80780
(1683194816.089129) 000#88000007F8
(1683194816.089130) 000#001E000000000010
(1683194816.089131) 000#0000100000000000
(1683194816.089132) 000#1544405555FC1400
(1683194816.089133) 000#000000009200FE6E
(1683194816.089134) 000#000066C0
(1683194816.089135) 000#208010FF00FFA04E
(1683194816.089136) 000#00E9FF0A0000001C
(1683194816.089137) 000#0008020A
(1683194816.089138) 000#FF8380000005101E
(1683194816.089139) 000#01001020000000
(1683194816.089140) 000#01
(1683194816.089141) 000#0E80128000000951
(1683194816.089142) 000#2B80005D200009CB
(1683194816.089143) 000#0400000420003911
(1683194816.089144) 000#40EF000000000044
(1683194816.089145) 000#8700000719
(1683194816.089146) 000#F603890100F80780
(1683194816.089147) 000#001E000000000010
(1683194816.089148) 000#0000100000000000
(1683194816.089149) 000#208010FF00FFB05E
(1683194816.089150) 000#00E9FF0A0000001C
(1683194816.089151) 000#0008040C
(1683194816.089152) 000#0084800000061023
(1683194816.089153) 000#0040000000400080
(1683194816.089154) 000#0313000000230D00
(1683194816.089155) 000#0424000004843381
(1683194816.089156) 000#200000000000
(1683194816.089157) 000#0000000000000000
(1683194816.089158) 000#0000080000000080
(1683194816.089159) 000#401498C8FC4F6A00
(1683194816.089160) 000#000000FFE37F00B0
(1683194816.089161) 000#0C801A8000000ABB
(1683194816.089162) 000#3380005D20000A87
(1683194816.089163) 000#0A10000000000000
(1683194816.089164) 000#0400000430004911
(1683194816.089165) 000#80C03F0000C54905
(1683194816.089166) 000#F5038AF000F8F77F
(1683194816.089167) 000#88000007DA
(1683194816.089168) 000#001E000000000010
(1683194816.089169) 000#0000100000000000
(1683194816.089170) 000#1044401540001400
(1683194816.089171) 000#200066D0
(1683194816.089172) 000#208010FF00FFC06E
(1683194816.089173) 000#00EAFF0A0000001F
(1683194816.089174) 000#0008060E
(1683194816.089175) 000#01A4800000051033
(1683194816.089176) 000#0C801F8000000B79
(1683194816.089177) 000#4380005C20000B0F
(1683194816.089178) 000#0400000440005911
(1683194816.089179) 000#00000008
(1683194816.089180) 000#870000073B
(1683194816.089181) 000#F5038BF100F8F77F
(1683194816.089182) 000#001E000000000010
(1683194816.089183) 000#0000100000000000
(1683194816.089184) 000#208010FF00FFD07E
(1683194816.089185) 000#00EAFF0A0000001F
(1683194816.089186) 000#00080800
(1683194816.089187) 000#01E4800000051043
(1683194816.089188) 000#0080000000400080
(1683194816.089189) 000#0313000000240E00
(1683194816.089190) 000#0744000007843B81
(1683194816.089191) 000#200000000000
(1683194816.089192) 000#0000000000000000
(1683194816.089193) 000#0000080000000071
(1683194816.089194) 000#501498C8FC4F6A00
(1683194816.089195) 000#000000FFE37F00A1
(1683194816.089196) 000#1280128000000C3A
(1683194816.089197) 000#3E80005C20000CB2
(1683194816.089198) 000#0400000450006911
(1683194816.089199) 000#80C03F0000C64A05
(1683194816.089200) 000#F6038CF300F8F77F
(1683194816.089201) 000#88000007BC
(1683194816.089202) 000#001E000000000010
(1683194816.089203) 000#0000100000000000
(1683194816.089204) 000#00000000
(1683194816.089205) 000#0500005155440000
(1683194816.089206) 000#0000000000000000
(1683194816.089207) 000#0001001061030009
(1683194816.089208) 000#200066E0
(1683194816.089209) 000#00000000080000C0
(1683194816.089210) 000#590000C800C80000
(1683194816.089211) 000#208010FF00FFE08E
(1683194816.089212) 000#00E9FF0A0000001C
(1683194816.089213) 000#00080A02
(1683194816.089214) 000#00C4800000081055
(1683194816.089215) 000#1280FF7F00000D54
(1683194816.089216) 000#3080005D20000D33
(1683194816.089217) 000#0400000460007911
(1683194816.089218) 000#88000007AD
(1683194816.089219) 000#F6038DF400F8F77F
(1683194816.089220) 000#001E000000000010
(1683194816.089221) 000#0000100000000000
(1683194816.089222) 000#0000C70000000000
(1683194816.089223) 000#208010FF00FF00AE
(1683194816.089224) 000#00E9FF0A0000001C
(1683194816.089225) 000#00080C04
(1683194816.089226) 000#FFA3800000081063
(1683194816.089227) 000#00C0000000400080
(1683194816.089228) 000#0313000000160000
(1683194816.089229) 000#0564000005843D81
(1683194816.089230) 000#200000000000
(1683194816.089231) 000#01001020000000
(1683194816.089232) 000#0000000000000000
(1683194816.089233) 000#0000080000000062
(1683194816.089234) 000#601498C8FC4F6A00
(1683194816.089235) 000#1080FC7F00000E77
(1683194816.089236) 000#2580005C20000E04
(1683194816.089237) 000#000000FFE37F0092
(1683194816.089238) 000#00000001
(1683194816.089239) 000#0400000470008911
(1683194816.089240) 000#80C03F0000C74B05
(1683194816.089241) 000#F6038EF500F8F77F
(1683194816.089242) 000#880000079E
(1683194816.089243) 000#001E000000000010
(1683194816.089244) 000#0010FFFFFFFF
(1683194816.089245) 000#0000100000000000
(1683194816.089246) 000#1544405555481400
(1683194816.089247) 000#0311610000080005
(1683194816.089248) 000#000066F0
(1683194816.089249) 000#208010FF00FF10BE
(1683194816.089250) 000#00E9FF0A0000001C
(1683194816.089251) 000#00080E06
(1683194816.089252) 000#FF63800000071070
(1683194816.089253) 000#0C80F77F00000FA1
(1683194816.089254) 000#1D80005D20000F80
(1683194816.089255) 000#0400000480009911
(1683194816.089256) 000#880000078F
(1683194816.089257) 000#F6038FF600F8F77F
(1683194816.089258) 000#001E000000000010
(1683194816.089259) 000#0000100000000000
(1683194816.089260) 000#0010000000D30101
(1683194816.089261) 000#208010FF00FF20CE
(1683194816.089262) 000#00E9FF0A0000001C
(1683194816.089263) 000#00081018
(1683194816.089264) 000#FF4380000005108E
(1683194816.089265) 000#0000004000400080
(1683194816.089266) 000#0313000000170100
(1683194816.089267) 000#0284000002843181
(1683194816.089268) 000#200000000000
(1683194816.089269) 000#0000000000000000
(1683194816.089270) 000#0000080000000053
(1683194816.089271) 000#701498C8FC4F6A00
(1683194816.089272) 000#0A80F77F000000C9
(1683194816.089273) 000#2780005C20000018
(1683194816.089274) 000#000000FFE37F0083
(1683194816.089275) 000#040000049000A911
(1683194816.089276) 000#00000008
(1683194816.089277) 000#F60390F700F8F77F
(1683194816.089278) 000#8800000770
(1683194816.089279) 000#80C03F0000C84C05
(1683194816.089280) 000#000000002000
(1683194816.089281) 000#001E000000000010
(1683194816.089282) 000#0000100000000000
(1683194816.089283) 000#15444055558C1400
(1683194816.089284) 000#00006600
(1683194816.089285) 000#208010FF00FF30DE
(1683194816.089286) 000#00EAFF0A0000001F
(1683194816.089287) 000#0008121A
(1683194816.089288) 000#FF6380000004109F
(1683194816.089289) 000#0E80008000000183
(1683194816.089290) 000#2880005D200001C4
(1683194816.089291) 000#04000004A000B911
(1683194816.089292) 000#8800000761
(1683194816.089293) 000#F603910900F80780
(1683194816.089294) 000#001E000000000010
(1683194816.089295) 000#0000100000000000
(1683194816.089296) 000#00000000
(1683194816.089297) 000#00000700D90F0000
(1683194816.089298) 000#208010FF00FF40EE
(1683194816.089299) 000#00E9FF0A0000001C
(1683194816.089300) 000#0008141C
(1683194816.089301) 000#FF838000000610A1
(1683194816.089302) 000#0040004000400080
(1683194816.089303) 000#0313000000180200
(1683194816.089304) 000#04A4000004843B81
(1683194816.089305) 000#200000000000
(1683194816.089306) 000#0000000000000000
(1683194816.089307) 000#0000080000000044
(1683194816.089308) 000#801498C8FC4F6A00
(1683194816.089309) 000#0A800680000002AC
(1683194816.089310) 000#2480005D20000258
(1683194816.089311) 000#000000FFE37F0074
(1683194816.089312) 000#00000D10F5B02EA7
(1683194816.089313) 000#04000004B000C911
(1683194816.089314) 000#80C03F0000C94D05
(1683194816.089315) 000#F60392F900F8F77F
(1683194816.089316) 000#87000007A2
(1683194816.089317) 000#001E000000000010
(1683194816.089318) 000#0000100000000000
(1683194816.089319) 000#1544405555501400
(1683194816.089320) 000#000000009200FE6E
(1683194816.089321) 000#20006610
(1683194816.089322) 000#208010FF00FF50FE
(1683194816.089323) 000#00EAFF0A0000001F
(1683194816.089324) 000#0008161E
(1683194816.089325) 000#FF638000000410BF
(1683194816.089326) 000#01001020000000
(1683194816.089327) 000#01
(1683194816.089328) 000#0C80018000000369
(1683194816.089329) 000#2D80005D200003CA
(1683194816.089330) 000#40EF000000000084
(1683194816.089331) 000#04000004C000D911
(1683194816.089332) 000#8800000743
(1683194816.089333) 000#F60393FA00F8F77F
(1683194816.089334) 000#001E000000000010
(1683194816.089335) 000#0000100000000000
(1683194816.089336) 000#208010FF00FF600E
(1683194816.089337) 000#00EBFF0A0000001E
(1683194816.089338) 000#00081810
(1683194816.089339) 000#FF838000000510CE
(1683194816.089340) 000#0080004000400080
(1683194816.089341) 000#0313000000190300
(1683194816.089342) 000#04C4000004843981
(1683194816.089343) 000#200000000000
(1683194816.089344) 000#0000000000000000
(1683194816.089345) 000#0000080000000035
(1683194816.089346) 000#901498C8FC4F6A00
(1683194816.089347) 000#000000FFE37F0065
(1683194816.089348) 000#0E80FF7F000004A3
(1683194816.089349) 000#3A80005D200004AE
(1683194816.089350) 000#0100
(1683194816.089351) 000#04000004D000E911
(1683194816.089352) 000#80C03F0000CA4E05
(1683194816.089353) 000#F603940C00F80780
(1683194816.089354) 000#86000007D4
(1683194816.089355) 000#001E000000000010
(1683194816.089356) 000#0000100000000000
(1683194816.089357) 000#1044401540141400
(1683194816.089358) 000#20006620
(1683194816.089359) 000#208010FF00FF701E
(1683194816.089360) 000#00EAFF0A0000001F
(1683194816.089361) 000#00081A12
(1683194816.089362) 000#FFC38000000610D1
(1683194816.089363) 000#0A800180000005F4
(1683194816.089364) 000#3D80005D2000053D
(1683194816.089365) 000#04000004E000F911
(1683194816.089366) 000#00000008
(1683194816.089367) 000#F60395FC00F8F77F
(1683194816.089368) 000#8800000725
(1683194816.089369) 000#001E000000000010
(1683194816.089370) 000#0000100000000000
(1683194816.089371) 000#208010FF00FF802E
(1683194816.089372) 000#00EAFF0A0000001F
(1683194816.089373) 000#00081C14
(1683194816.089374) 000#FFC38000000410EF
(1683194816.089375) 000#00C0004000400080
(1683194816.089376) 000#03130000001A0400
(1683194816.089377) 000#06E4000006843381
(1683194816.089378) 000#200000000000
(1683194816.089379) 000#0000000000000000
(1683194816.089380) 000#0000080000000026
(1683194816.089381) 000#A01498C8FC4F6A00
(1683194816.089382) 000#000000FFE37F0056
(1683194816.089383) 000#0C8000800000066A
(1683194816.089384) 000#3E80005D200006FD
(1683194816.089385) 000#04000004F0000911
(1683194816.089386) 000#80C03F0000CB4F05
(1683194816.089387) 000#F60396FD00F8F77F
(1683194816.089388) 000#8800000716
(1683194816.089389) 000#001E000000000010
(1683194816.089390) 000#0000100000000000
(1683194816.089391) 000#0000000000100000
(1683194816.089392) 000#00000000
(1683194816.089393) 000#0500005155580000
(1683194816.089394) 000#0000000000000000
(1683194816.089395) 000#00006630
(1683194816.089396) 000#00000000080000D0
(1683194816.089397) 000#0000000000000000
(1683194816.089398) 000#0000000006000000
(1683194816.089399) 000#0001001061030009
(1683194816.089400) 000#208010FF00FF903E
(1683194816.089401) 000#00EAFF0A0000001F
(1683194816.089402) 000#00081E16
(1683194816.089403) 000#FFC38000000510FE
(1683194816.089404) 000#590000C800C80000
(1683194816.089405) 000#0E800680000007AC
(1683194816.089406) 000#4180005D200007B4
(1683194816.089407) 000#0400000400001911
(1683194816.089408) 000#87000007F7
(1683194816.089409) 000#F60397FE00F8F77F
(1683194816.089410) 000#001E000000000010
(1683194816.089411) 000#0000100000000000
(1683194816.089412) 000#E012211880020020
(1683194816.089413) 000#0000C70000000000
(1683194816.089414) 000#208010FF00FFA04E
(1683194816.089415) 000#00EBFF0A0000001E
(1683194816.089416) 000#00080008
(1683194816.089417) 000#FFE3800000061001
(1683194816.089418) 000#0000008000400080
(1683194816.089419) 000#03130000001B0500
(1683194816.089420) 000#0704000007843F81
(1683194816.089421) 000#200000000000
(1683194816.089422) 000#01001020000000
(1683194816.089423) 000#0000000000000000
(1683194816.089424) 000#0000080000000017
(1683194816.089425) 000#B01498C8FC4F6A00
(1683194816.089426) 000#0E800A80000008D5
(1683194816.089427) 000#4080005D20000852
(1683194816.089428) 000#000000FFE37F0047
(1683194816.089429) 000#00000001
(1683194816.089430) 000#0400000410002911
(1683194816.089431) 000#80C03F0000CC5005
(1683194816.089432) 000#F60398FF00F8F77F
(1683194816.089433) 000#88000007F8
(1683194816.089434) 000#001E000000000010
(1683194816.089435) 000#0000100000000000
(1683194816.089436) 000#15444055559C1400
(1683194816.089437) 000#0000002000000000
(1683194816.089438) 000#0311610000080005
(1683194816.089439) 000#0000000001008012
(1683194816.089440) 000#20006640
(1683194816.089441) 000#208010FF00FFB05E
(1683194816.089442) 000#00EAFF0A0000001F
(1683194816.089443) 000#0008020A
(1683194816.089444) 000#FFE3800000061011
(1683194816.089445) 000#0E800480000009DE
(1683194816.089446) 000#3B80005D20000972
(1683194816.089447) 000#0400000420003911
(1683194816.089448) 000#88000007E9
(1683194816.089449) 000#F603990000F8F77F
(1683194816.089450) 000#001E000000000010
(1683194816.089451) 000#0000100000000000
(1683194816.089452) 000#0010000000D30101
(1683194816.089453) 000#0000000020000000
(1683194816.089454) 000#208010FF00FFC06E
(1683194816.089455) 000#00E9FF0A0000001C
(1683194816.089456) 000#0008040C
(1683194816.089457) 000#FFC3800000061021
(1683194816.089458) 000#0040008000400080
(1683194816.089459) 000#03130000001C0600
(1683194816.089460) 000#0624000006843F81
(1683194816.089461) 000#200000000000
(1683194816.089462) 000#0000000000000000
(1683194816.089463) 000#0000080000000008
(1683194816.089464) 000#C01498C8FC4F6A00
(1683194816.089465) 000#000000FFE37F0038
(1683194816.089466) 000#0C80FC7F00000A01
(1683194816.089467) 000#3880005D20000AB2
(1683194816.089468) 000#0400000430004911
(1683194816.089469) 000#00000008
(1683194816.089470) 000#F6039A1200F80780
(1683194816.089471) 000#88000007DA
(1683194816.089472) 000#80C03F0000CD5105
(1683194816.089473) 000#000000002000
(1683194816.089474) 000#001E000000000010
(1683194816.089475) 000#0000100000000000
(1683194816.089476) 000#1544405555601400
(1683194816.089477) 000#0000000000000000
(1683194816.089478) 000#00006650
(1683194816.089479) 000#208010FF00FFD07E
(1683194816.089480) 000#00EAFF0A0000001F
(1683194816.089481) 000#0008060E
(1683194816.089482) 000#FFC380000005103E
(1683194816.089483) 000#0C80008000000BEB
(1683194816.089484) 000#3380005D20000B9A
(1683194816.089485) 000#0400000440005911
(1683194816.089486) 000#870000073B
(1683194816.089487) 000#F6039B1300F80780
(1683194816.089488) 000#001E000000000010
(1683194816.089489) 000#0000100000000000
(1683194816.089490) 000#00000000
(1683194816.089491) 000#00000700D90F0000
(1683194816.089492) 000#208010FF00FFE08E
(1683194816.089493) 000#00EAFF0A0000001F
(1683194816.089494) 000#00080800
(1683194816.089495) 000#FFA380000005104E
(1683194816.089496) 000#0080008000400080
(1683194816.089497) 000#03130000001D0700
(1683194816.089498) 000#0544000005843F81
(1683194816.089499) 000#200000000000
(1683194816.089500) 000#0000000000000000
(1683194816.089501) 000#00000800000000F9
(1683194816.089502) 000#D01498C8FC4F6A00
(1683194816.089503) 000#000000FFE37F0029
(1683194816.089504) 000#10800C8000000C78
(1683194816.089505) 000#3080005D20000C2E
(1683194816.089506) 000#00000D10F5B02EA7
(1683194816.089507) 000#0400000450006911
(1683194816.089508) 000#80C03F0000CE5205
(1683194816.089509) 000#F6039C1400F80780
(1683194816.089510) 000#88000007BC
(1683194816.089511) 000#001E000000000010
(1683194816.089512) 000#0000100000000000
(1683194816.089513) 000#1544405555641400
(1683194816.089514) 000#000000009200FE6E
(1683194816.089515) 000#00006660
(1683194816.089516) 000#208010FF00FF00AE
(1683194816.089517) 000#00E8FF0A0000001D
(1683194816.089518) 000#00080A02
(1683194816.089519) 000#FFA3800000071050
(1683194816.089520) 000#01001020000000
(1683194816.089521) 000#01
(1683194816.089522) 000#1080098000000DBA
(1683194816.089523) 000#2D80005D20000D6C
(1683194816.089524) 000#40EF0000000000C4
(1683194816.089525) 000#0400000460007911
(1683194816.089526) 000#88000007AD
(1683194816.089527) 000#F6039D0400F8F77F
(1683194816.089528) 000#001E000000000010
(1683194816.089529) 000#0000100000000000
(1683194816.089530) 000#208010FF00FF10BE
(1683194816.089531) 000#00EAFF0A0000001F
(1683194816.089532) 000#00080C04
(1683194816.089533) 000#FF83800000071060
(1683194816.089534) 000#00C0008000400080
(1683194816.089535) 000#03130000001E0800
(1683194816.089536) 000#0464000004843F81
(1683194816.089537) 000#200000000000
(1683194816.089538) 000#0000000000000000
(1683194816.089539) 000#00000800000000EA
(1683194816.089540) 000#E01498C8FC4F6A00
(1683194816.089541) 000#000000FFE37F001A
(1683194816.089542) 000#0680048000000E5F
(1683194816.089543) 000#3880005D20000EC6
(1683194816.089544) 000#0A10000000000000
(1683194816.089545) 000#80C03F0000CF5305
(1683194816.089546) 000#F5039E0400F8F77F
(1683194816.089547) 000#870000076E
(1683194816.089548) 000#0400000470008911
(1683194816.089549) 000#001E000000000010
(1683194816.089550) 000#0000100000000000
(1683194816.089551) 000#1044401540281400
(1683194816.089552) 000#20006670
(1683194816.089553) 000#208010FF00FF20CE
(1683194816.089554) 000#00E9FF0A0000001C
(1683194816.089555) 000#00080E06
(1683194816.089556) 000#FFC380000002107D
(1683194816.089557) 000#0680118000000F73
(1683194816.089558) 000#4E80005D20000F00
(1683194816.089559) 000#880000078F
(1683194816.089560) 000#F6039F1700F80780
(1683194816.089561) 000#0400000480009911
(1683194816.089562) 000#00000008
(1683194816.089563) 000#001E000000000010
(1683194816.089564) 000#0000100000000000
(1683194816.089565) 000#208010FF00FF30DE
(1683194816.089566) 000#00E8FF0A0000001D
(1683194816.089567) 000#00081018
(1683194816.089568) 000#000481000002108E
(1683194816.089569) 000#000000C000400080
(1683194816.089570) 000#03130000001F0900
(1683194816.089571) 000#0884000008843581
(1683194816.089572) 000#200000000000
(1683194816.089573) 000#0000000000000000
(1683194816.089574) 000#00000800000000DB
(1683194816.089575) 000#F01498C8FC4F6A00
(1683194816.089576) 000#0A800F800000008B
(1683194816.089577) 000#4680005D20000069
(1683194816.089578) 000#000000FFE37F000B
(1683194816.089579) 000#80C03F0000D05405
(1683194816.089580) 000#F503A00600F8F77F
(1683194816.089581) 000#8800000770
(1683194816.089582) 000#040000049000A911
(1683194816.089583) 000#001E000000000010
(1683194816.089584) 000#0000100000000000
(1683194816.089585) 000#00000000
(1683194816.089586) 000#0500005155AC0000
(1683194816.089587) 000#0000000000000000
(1683194816.089588) 000#0001001061030009
(1683194816.089589) 000#20006680
(1683194816.089590) 000#00000000080000E0
(1683194816.089591) 000#590000C800C80000
(1683194816.089592) 000#208010FF00FF40EE
(1683194816.089593) 000#00ECFF0A00000019
(1683194816.089594) 000#0008121A
(1683194816.089595) 000#FFE380000004109F
(1683194816.089596) 000#0C80008000000139
(1683194816.089597) 000#3080005D200001AF
(1683194816.089598) 000#8700000791
(1683194816.089599) 000#F603A10800F8F77F
(1683194816.089600) 000#04000004A000B911
(1683194816.089601) 000#001E000000000010
(1683194816.089602) 000#0000100000000000
(1683194816.089603) 000#0000C70000000000
(1683194816.089604) 000#208010FF00FF50FE
(1683194816.089605) 000#00E9FF0A0000001C
(1683194816.089606) 000#0008141C
(1683194816.089607) 000#FFA38000000510AE
(1683194816.089608) 000#004000C000400080
(1683194816.089609) 000#0313000000200A00
(1683194816.089610) 000#05A4000005843981
(1683194816.089611) 000#200000000000
