(1683194816.088612) 000#00C0000000400080
(1683194816.088622) 000#0313000000240E00
(1683194816.088632) 000#0664000006843B81
(1683194816.088642) 000#0000000000000000
(1683194816.088652) 000#0000080000000071
(1683194816.088662) 000#601498C8FC4F6A00
(1683194816.088672) 000#000000FFE37F00A1
(1683194816.088682) 000#0E80068000000E59
(1683194816.088692) 000#3880005D20000EC6
(1683194816.088702) 000#200000000000
(1683194816.088712) 000#80C03F0000B73B05
(1683194816.088722) 000#F6036ED500F8F77F
(1683194816.088732) 000#870000076E
(1683194816.088742) 000#001E000000000010
(1683194816.088752) 000#0000100000000000
(1683194816.088762) 000#0000000000100000
(1683194816.088772) 000#00000000
(1683194816.088782) 000#0500005155480000
(1683194816.088792) 000#0000000000000000
(1683194816.088802) 000#000066F0
(1683194816.088812) 000#0000000008000090
(1683194816.088822) 000#0000000000000000
(1683194816.088832) 000#0000000006000000
(1683194816.088842) 000#0001001061030009
(1683194816.088852) 000#208010FF00FFE08E
(1683194816.088862) 000#00E9FF0A0000001C
(1683194816.088872) 000#00080E06
(1683194816.088882) 000#FFC3800000061071
(1683194816.088892) 000#0400000480009911
(1683194816.088902) 000#590000C800C80000
(1683194816.088912) 000#0C80008000000F9F
(1683194816.088922) 000#2B80005D20000F85
(1683194816.088932) 000#880000078F
(1683194816.088942) 000#F5036FD500F8F77F
(1683194816.088952) 000#001E000000000010
(1683194816.088962) 000#0000100000000000
(1683194816.088972) 000#E012211880020020
(1683194816.088982) 000#0000C70000000000
(1683194816.088992) 000#208010FF00FF00AE
(1683194816.089002) 000#00EAFF0A0000001F
(1683194816.089012) 000#00081018
(1683194816.089022) 000#FF8380000005108E
(1683194816.089032) 000#040000049000A911
(1683194816.089042) 000#0000004000400080
(1683194816.089052) 000#0313000000160000
(1683194816.089062) 000#0484000004843D81
(1683194816.089072) 000#0000000000000000
(1683194816.089082) 000#0000080000000062
(1683194816.089092) 000#701498C8FC4F6A00
(1683194816.089102) 000#000000FFE37F0092
(1683194816.089112) 000#0A80FC7F00000000
(1683194816.089122) 000#1F80005D20000081
(1683194816.089132) 000#200000000000
(1683194816.089142) 000#01001020000000
(1683194816.089152) 000#00000001
(1683194816.089162) 000#80C03F0000B83C05
(1683194816.089172) 000#F60370E800F80780
(1683194816.089182) 000#8800000770
(1683194816.089192) 000#001E000000000010
(1683194816.089202) 000#0000100000000000
(1683194816.089212) 000#15444055558C1400
(1683194816.089222) 000#0000002000000000
(1683194816.089232) 000#0311610000080005
(1683194816.089242) 000#0000000001008012
(1683194816.089252) 000#00006600
(1683194816.089262) 000#208010FF00FF10BE
(1683194816.089272) 000#00E9FF0A0000001C
(1683194816.089282) 000#0008121A
(1683194816.089292) 000#FF4380000004109F
(1683194816.089302) 000#04000004A000B911
(1683194816.089312) 000#1080098000000126
(1683194816.089322) 000#2F80005C200001D7
(1683194816.089332) 000#8700000791
(1683194816.089342) 000#F50371D700F8F77F
(1683194816.089352) 000#001E000000000010
(1683194816.089362) 000#0000100000000000
(1683194816.089372) 000#0010000000D30101
(1683194816.089382) 000#0000000020000000
(1683194816.089392) 000#208010FF00FF20CE
(1683194816.089402) 000#00E9FF0A0000001C
(1683194816.089412) 000#0008141C
(1683194816.089422) 000#FF838000000710A0
(1683194816.089432) 000#0040004000400080
(1683194816.089442) 000#04000004B000C911
(1683194816.089452) 000#0313000000170100
(1683194816.089462) 000#04A4000004843B81
(1683194816.089472) 000#0000000000000000
(1683194816.089482) 000#0000080000000053
(1683194816.089492) 000#801498C8FC4F6A00
(1683194816.089502) 000#000000FFE37F0083
(1683194816.089512) 000#1080148000000247
(1683194816.089522) 000#4880005D20000252
(1683194816.089532) 000#200000000000
(1683194816.089542) 000#00000008
(1683194816.089552) 000#000000002000
(1683194816.089562) 000#80C03F0000B93D05
(1683194816.089572) 000#F60372D900F8F77F
(1683194816.089582) 000#8800000752
(1683194816.089592) 000#001E000000000010
(1683194816.089602) 000#0000100000000000
(1683194816.089612) 000#1544405555501400
(1683194816.089622) 000#0000000000000000
(1683194816.089632) 000#20006610
(1683194816.089642) 000#208010FF00FF30DE
(1683194816.089652) 000#00E9FF0A0000001C
(1683194816.089662) 000#0008161E
(1683194816.089672) 000#00048100000710B5
(1683194816.089682) 000#04000004C000D911
(1683194816.089692) 000#0C80118000000387
(1683194816.089702) 000#3B80005D200003A0
(1683194816.089712) 000#8800000743
(1683194816.089722) 000#F60373DA00F8F77F
(1683194816.089732) 000#0000000000000000
(1683194816.089742) 000#001E000000000010
(1683194816.089752) 000#0000100000000000
(1683194816.089762) 000#00000000
(1683194816.089772) 000#00000700D90F0000
(1683194816.089782) 000#208010FF00FF40EE
(1683194816.089792) 000#00E9FF0A0000001C
(1683194816.089802) 000#00081810
(1683194816.089812) 000#00C48000000510C0
(1683194816.089822) 000#0080004000400080
(1683194816.089832) 000#04000004D000E911
(1683194816.089842) 000#0313000000180200
(1683194816.089852) 000#06C4000006843581
(1683194816.089862) 000#0000000000000000
(1683194816.089872) 000#0000080000000044
(1683194816.089882) 000#901498C8FC4F6A00
(1683194816.089892) 000#000000FFE37F0074
(1683194816.089902) 000#0C800C8000000492
(1683194816.089912) 000#2A80005D20000417
(1683194816.089922) 000#200000000000
(1683194816.089932) 000#00000D10F5B02EA7
(1683194816.089942) 000#0100
(1683194816.089952) 000#80C03F0000BA3E05
(1683194816.089962) 000#F60374EC00F80780
(1683194816.089972) 000#87000007C4
(1683194816.089982) 000#001E000000000010
(1683194816.089992) 000#0000100000000000
(1683194816.090002) 000#1544405555541400
(1683194816.090012) 000#000000009200FE6E
(1683194816.090022) 000#20006620
(1683194816.090032) 000#208010FF00FF50FE
(1683194816.090042) 000#00EAFF0A0000001F
(1683194816.090052) 000#00081A12
(1683194816.090062) 000#FF838000000510DE
(1683194816.090072) 000#01001020000000
(1683194816.090082) 000#04000004E000F911
(1683194816.090092) 000#01
(1683194816.090102) 000#10800480000005FA
(1683194816.090112) 000#2580005D20000556
(1683194816.090122) 000#40EF0000000000C4
(1683194816.090132) 000#8800000725
(1683194816.090142) 000#F60375DC00F8F77F
(1683194816.090152) 000#001E000000000010
(1683194816.090162) 000#0000100000000000
(1683194816.090172) 000#208010FF00FF600E
(1683194816.090182) 000#00E8FF0A0000001D
(1683194816.090192) 000#00081C14
(1683194816.090202) 000#FF638000000710E0
(1683194816.090212) 000#00C0004000400080
(1683194816.090222) 000#04000004F0000911
(1683194816.090232) 000#0313000000190300
(1683194816.090242) 000#03E4000003843981
(1683194816.090252) 000#0000000000000000
(1683194816.090262) 000#0000080000000035
(1683194816.090272) 000#A01498C8FC4F6A00
(1683194816.090282) 000#000000FFE37F0065
(1683194816.090292) 000#1080FD7F000006F5
(1683194816.090302) 000#2880005D20000697
(1683194816.090312) 000#200000000000
(1683194816.090322) 000#0A10000000000000
(1683194816.090332) 000#80C03F0000BB3F05
(1683194816.090342) 000#F60376EE00F80780
(1683194816.090352) 000#8800000716
(1683194816.090362) 000#001E000000000010
(1683194816.090372) 000#0000100000000000
(1683194816.090382) 000#1044401540181400
(1683194816.090392) 000#00006630
(1683194816.090402) 000#208010FF00FF701E
(1683194816.090412) 000#00EAFF0A0000001F
(1683194816.090422) 000#00081E16
(1683194816.090432) 000#FF838000000710F0
(1683194816.090442) 000#0400000400001911
(1683194816.090452) 000#00000008
(1683194816.090462) 000#0E80F47F0000074D
(1683194816.090472) 000#3880005D20000733
(1683194816.090482) 000#87000007F7
(1683194816.090492) 000#F60377DE00F8F77F
(1683194816.090502) 000#001E000000000010
(1683194816.090512) 000#0000100000000000
(1683194816.090522) 000#208010FF00FF802E
(1683194816.090532) 000#00E9FF0A0000001C
(1683194816.090542) 000#00080008
(1683194816.090552) 000#FFC3800000061001
(1683194816.090562) 000#0000008000400080
(1683194816.090572) 000#0400000410002911
(1683194816.090582) 000#03130000001A0400
(1683194816.090592) 000#0604000006843181
(1683194816.090602) 000#0000000000000000
(1683194816.090612) 000#0000080000000026
(1683194816.090622) 000#B01498C8FC4F6A00
(1683194816.090632) 000#000000FFE37F0056
(1683194816.090642) 000#0E80FD7F000008EB
(1683194816.090652) 000#4580005D20000866
(1683194816.090662) 000#200000000000
(1683194816.090672) 000#80C03F0000BC4005
(1683194816.090682) 000#F60378DF00F8F77F
(1683194816.090692) 000#8700000708
(1683194816.090702) 000#001E000000000010
(1683194816.090712) 000#0000100000000000
(1683194816.090722) 000#00000000
(1683194816.090732) 000#05000051559C0000
(1683194816.090742) 000#0000000000000000
(1683194816.090752) 000#0001001061030009
(1683194816.090762) 000#20006640
(1683194816.090772) 000#00000000080000A0
(1683194816.090782) 000#590000C800C80000
(1683194816.090792) 000#208010FF00FF903E
(1683194816.090802) 000#00ECFF0A00000019
(1683194816.090812) 000#0008020A
(1683194816.090822) 000#FFE3800000061011
(1683194816.090832) 000#0400000420003911
(1683194816.090842) 000#10800E80000009C5
(1683194816.090852) 000#3B80005C200009EF
(1683194816.090862) 000#88000007E9
(1683194816.090872) 000#F50379DF00F8F77F
(1683194816.090882) 000#001E000000000010
(1683194816.090892) 000#0000100000000000
(1683194816.090902) 000#0000C70000000000
(1683194816.090912) 000#208010FF00FFA04E
(1683194816.090922) 000#00EBFF0A0000001E
(1683194816.090932) 000#0008040C
(1683194816.090942) 000#FFC3800000071020
(1683194816.090952) 000#0040008000400080
(1683194816.090962) 000#0400000430004911
(1683194816.090972) 000#03130000001B0500
(1683194816.090982) 000#0624000006843F81
(1683194816.090992) 000#0000000000000000
(1683194816.091002) 000#0000080000000017
(1683194816.091012) 000#C01498C8FC4F6A00
(1683194816.091022) 000#000000FFE37F0047
(1683194816.091032) 000#0A80128000000A1F
(1683194816.091042) 000#3580005D20000A54
(1683194816.091052) 000#200000000000
(1683194816.091062) 000#01001020000000
(1683194816.091072) 000#00000001
(1683194816.091082) 000#80C03F0000BD4105
(1683194816.091092) 000#F6037AF200F80780
(1683194816.091102) 000#88000007DA
(1683194816.091112) 000#001E000000000010
(1683194816.091122) 000#0010FFFFFFFF
(1683194816.091132) 000#0000100000000000
(1683194816.091142) 000#1544405555601400
(1683194816.091152) 000#0311610000080005
(1683194816.091162) 000#00006650
(1683194816.091172) 000#208010FF00FFB05E
(1683194816.091182) 000#00E9FF0A0000001C
(1683194816.091192) 000#0008060E
(1683194816.091202) 000#00A4800000041031
(1683194816.091212) 000#0400000440005911
(1683194816.091222) 000#0880148000000BD9
(1683194816.091232) 000#4380005D20000B92
(1683194816.091242) 000#870000073B
(1683194816.091252) 000#F6037BF300F80780
(1683194816.091262) 000#001E000000000010
(1683194816.091272) 000#0000100000000000
(1683194816.091282) 000#0010000000D30101
(1683194816.091292) 000#208010FF00FFC06E
(1683194816.091302) 000#00E9FF0A0000001C
(1683194816.091312) 000#00080800
(1683194816.091322) 000#00E480000003104E
(1683194816.091332) 000#0080008000400080
(1683194816.091342) 000#03130000001C0600
(1683194816.091352) 000#0744000007843B81
(1683194816.091362) 000#200000000000
(1683194816.091372) 000#0000000000000000
(1683194816.091382) 000#0000080000000008
(1683194816.091392) 000#D01498C8FC4F6A00
(1683194816.091402) 000#0400000450006911
(1683194816.091412) 000#06800E8000000CC6
(1683194816.091422) 000#4580005D20000C12
(1683194816.091432) 000#000000FFE37F0038
(1683194816.091442) 000#00000008
(1683194816.091452) 000#000000002000
(1683194816.091462) 000#80C03F0000BE4205
(1683194816.091472) 000#F6037CE300F8F77F
(1683194816.091482) 000#88000007BC
(1683194816.091492) 000#001E000000000010
(1683194816.091502) 000#0000100000000000
(1683194816.091512) 000#1544405555641400
(1683194816.091522) 000#00006660
(1683194816.091532) 000#208010FF00FFD07E
(1683194816.091542) 000#00EAFF0A0000001F
(1683194816.091552) 000#00080A02
(1683194816.091562) 000#FFE380000002105D
(1683194816.091572) 000#0400000460007911
(1683194816.091582) 000#0680098000000DD0
(1683194816.091592) 000#3B80005D20000D06
(1683194816.091602) 000#88000007AD
(1683194816.091612) 000#F6037DE400F8F77F
(1683194816.091622) 000#001E000000000010
(1683194816.091632) 000#0000100000000000
(1683194816.091642) 000#00000000
(1683194816.091652) 000#00000700D90F0000
(1683194816.091662) 000#208010FF00FFE08E
(1683194816.091672) 000#00E9FF0A0000001C
(1683194816.091682) 000#00080C04
(1683194816.091692) 000#FFC380000002106D
(1683194816.091702) 000#00C0008000400080
(1683194816.091712) 000#03130000001D0700
(1683194816.091722) 000#0664000006843B81
(1683194816.091732) 000#200000000000
(1683194816.091742) 000#0000000000000000
(1683194816.091752) 000#00000800000000F9
(1683194816.091762) 000#E01498C8FC4F6A00
(1683194816.091772) 000#0400000470008911
(1683194816.091782) 000#0A80078000000E5A
(1683194816.091792) 000#3580005C20000EBD
(1683194816.091802) 000#000000FFE37F0029
(1683194816.091812) 000#00000D10F5B02EA7
(1683194816.091822) 000#80C03F0000BF4305
(1683194816.091832) 000#F6037EE500F8F77F
(1683194816.091842) 000#880000079E
(1683194816.091852) 000#001E000000000010
(1683194816.091862) 000#0000100000000000
(1683194816.091872) 000#1544405555681400
(1683194816.091882) 000#000000009200FE6E
(1683194816.091892) 000#20006670
(1683194816.091902) 000#208010FF00FF00AE
(1683194816.091912) 000#00E9FF0A0000001C
(1683194816.091922) 000#00080E06
(1683194816.091932) 000#FFA380000004107F
(1683194816.091942) 000#01001020000000
(1683194816.091952) 000#0400000480009911
(1683194816.091962) 000#01
(1683194816.091972) 000#1080048000000F28
(1683194816.091982) 000#3580005D20000F3D
(1683194816.091992) 000#40EF000000000004
(1683194816.092002) 000#860000076F
(1683194816.092012) 000#F6037FE600F8F77F
(1683194816.092022) 000#001E000000000010
(1683194816.092032) 000#0000100000000000
(1683194816.092042) 000#208010FF00FF10BE
(1683194816.092052) 000#00EAFF0A0000001F
(1683194816.092062) 000#00081018
(1683194816.092072) 000#FFA3800000071080
(1683194816.092082) 000#000000C000400080
(1683194816.092092) 000#03130000001E0800
(1683194816.092102) 000#0584000005843B81
(1683194816.092112) 000#200000000000
(1683194816.092122) 000#0000000000000000
(1683194816.092132) 000#00000800000000EA
(1683194816.092142) 000#F01498C8FC4F6A00
(1683194816.092152) 000#000000FFE37F001A
(1683194816.092162) 000#12800E800000008A
(1683194816.092172) 000#3280005D20000008
(1683194816.092182) 000#040000049000A911
(1683194816.092192) 000#80C03F0000C04405
(1683194816.092202) 000#F60380F800F80780
(1683194816.092212) 000#8700000780
(1683194816.092222) 000#001E000000000010
(1683194816.092232) 000#0000100000000000
(1683194816.092242) 000#10444015406C1400
(1683194816.092252) 000#20006680
(1683194816.092262) 000#208010FF00FF20CE
(1683194816.092272) 000#00EBFF0A0000001E
(1683194816.092282) 000#0008121A
(1683194816.092292) 000#FFA3800000081093
(1683194816.092302) 000#0E801580000001B2
(1683194816.092312) 000#3280005D20000115
(1683194816.092322) 000#04000004A000B911
(1683194816.092332) 000#00000008
(1683194816.092342) 000#8800000761
(1683194816.092352) 000#F60381E800F8F77F
(1683194816.092362) 000#001E000000000010
(1683194816.092372) 000#0000100000000000
(1683194816.092382) 000#208010FF00FF30DE
(1683194816.092392) 000#00EAFF0A0000001F
(1683194816.092402) 000#0008141C
(1683194816.092412) 000#00A48000000610A3
(1683194816.092422) 000#004000C000400080
(1683194816.092432) 000#03130000001F0900
(1683194816.092442) 000#05A4000005843981
(1683194816.092452) 000#200000000000
(1683194816.092462) 000#0000000000000000
(1683194816.092472) 000#00000800000000DB
(1683194816.092482) 000#001498C8FC4F6A00
(1683194816.092492) 000#000000FFE37F000B
(1683194816.092502) 000#0E801480000002FF
(1683194816.092512) 000#3B80005D200002BD
(1683194816.092522) 000#04000004B000C911
(1683194816.092532) 000#80C03F0000C14505
(1683194816.092542) 000#F60382E900F8F77F
(1683194816.092552) 000#8800000752
(1683194816.092562) 000#001E000000000010
(1683194816.092572) 000#0000100000000000
(1683194816.092582) 000#0000000000100000
(1683194816.092592) 000#00000000
(1683194816.092602) 000#0500005155B00000
(1683194816.092612) 000#0000000000000000
(1683194816.092622) 000#00006690
(1683194816.092632) 000#00000000080000B0
(1683194816.092642) 000#0000000000000000
(1683194816.092652) 000#0000000006000000
(1683194816.092662) 000#080000FF00000000
(1683194816.092672) 000#208010FF00FF40EE
(1683194816.092682) 000#00E9FF0A0000001C
(1683194816.092692) 000#0008161E
(1683194816.092702) 000#00C48000000610B3
(1683194816.092712) 000#0001001061030009
(1683194816.092722) 000#590000C800C80000
(1683194816.092732) 000#0E800F80000003C5
(1683194816.092742) 000#4080005D2000039D
(1683194816.092752) 000#04000004C000D911
(1683194816.092762) 000#87000007B3
(1683194816.092772) 000#F60383EA00F8F77F
(1683194816.092782) 000#001E000000000010
(1683194816.092792) 000#0000100000000000
(1683194816.092802) 000#E012211880020020
(1683194816.092812) 000#0000C70000000000
(1683194816.092822) 000#208010FF00FF50FE
(1683194816.092832) 000#00EAFF0A0000001F
(1683194816.092842) 000#00081810
(1683194816.092852) 000#FFE38000000610C1
(1683194816.092862) 000#008000C000400080
(1683194816.092872) 000#0313000000200A00
(1683194816.092882) 000#07C4000007843381
(1683194816.092892) 000#200000000000
(1683194816.092902) 000#01001020000000
(1683194816.092912) 000#0000000000000000
(1683194816.092922) 000#00000800000000CC
(1683194816.092932) 000#101498C8FC4F6A00
(1683194816.092942) 000#0C80068000000431
(1683194816.092952) 000#3D80005C200004BD
(1683194816.092962) 000#04000004D000E911
(1683194816.092972) 000#000000FFE37F00FC
(1683194816.092982) 000#00000001
(1683194816.092992) 000#80C03F0000C24605
(1683194816.093002) 000#F50384EA00F8F77F
(1683194816.093012) 000#8800000734
(1683194816.093022) 000#001E000000000010
(1683194816.093032) 000#0000100000000000
(1683194816.093042) 000#1544405555B41400
(1683194816.093052) 000#0000002000000000
(1683194816.093062) 000#0311610000080005
(1683194816.093072) 000#0000000001008012
(1683194816.093082) 000#000066A0
(1683194816.093092) 000#208010FF00FF600E
(1683194816.093102) 000#00E9FF0A0000001C
(1683194816.093112) 000#00081A12
(1683194816.093122) 000#FFC38000000510DE
(1683194816.093132) 000#0E800080000005F7
(1683194816.093142) 000#3A80005D200005B3
(1683194816.093152) 000#04000004E000F911
(1683194816.093162) 000#8800000725
(1683194816.093172) 000#F50385EB00F8F77F
(1683194816.093182) 000#001E000000000010
(1683194816.093192) 000#0000100000000000
(1683194816.093202) 000#0010000000D30101
(1683194816.093212) 000#0000000020000000
(1683194816.093222) 000#208010FF00FF701E
(1683194816.093232) 000#00E9FF0A0000001C
(1683194816.093242) 000#00081C14
(1683194816.093252) 000#FFC38000000610E1
(1683194816.093262) 000#00C000C000400080
(1683194816.093272) 000#0313000000210B00
(1683194816.093282) 000#06E4000006843381
(1683194816.093292) 000#200000000000
(1683194816.093302) 000#0000000000000000
(1683194816.093312) 000#00000800000000BD
(1683194816.093322) 000#201498C8FC4F6A00
(1683194816.093332) 000#000000FFE37F00ED
(1683194816.093342) 000#1080FF7F00000621
(1683194816.093352) 000#3880005D2000062E
(1683194816.093362) 000#04000004F0000911
(1683194816.093372) 000#00000008
(1683194816.093382) 000#000000002000
(1683194816.093392) 000#80C03F0000C34705
(1683194816.093402) 000#F60386ED00F8F77F
(1683194816.093412) 000#87000007E6
(1683194816.093422) 000#001E000000000010
(1683194816.093432) 000#0000100000000000
(1683194816.093442) 000#1544405555B81400
(1683194816.093452) 000#0000000000000000
(1683194816.093462) 000#200066B0
(1683194816.093472) 000#208010FF00FF802E
(1683194816.093482) 000#00EAFF0A0000001F
(1683194816.093492) 000#00081E16
(1683194816.093502) 000#FFC38000000710F0
(1683194816.093512) 000#0E800780000007C6
(1683194816.093522) 000#3080005C2000077C
(1683194816.093532) 000#0400000400001911
(1683194816.093542) 000#8800000707
(1683194816.093552) 000#F60387FF00F80780
(1683194816.093562) 000#001E000000000010
(1683194816.093572) 000#0000100000000000
(1683194816.093582) 000#00000000
(1683194816.093592) 000#00000700D90F0000
(1683194816.093602) 000#208010FF00FF903E
(1683194816.093612) 000#00E9FF0A0000001C
(1683194816.093622) 000#00080008
(1683194816.093632) 000#FFA3800000061001
(1683194816.093642) 000#0000000000400080
(1683194816.093652) 000#0313000000220C00
(1683194816.093662) 000#0504000005843381
(1683194816.093672) 000#200000000000
(1683194816.093682) 000#0000000000000000
(1683194816.093692) 000#00000800000000AE
(1683194816.093702) 000#301498C8FC4F6A00
(1683194816.093712) 000#000000FFE37F00DE
(1683194816.093722) 000#0C800E80000008DA
(1683194816.093732) 000#2F80005C20000822
(1683194816.093742) 000#00000D10F5B02EA7
(1683194816.093752) 000#0400000410002911
(1683194816.093762) 000#80C03F0000C44805
(1683194816.093772) 000#F603880000F80780
(1683194816.093782) 000#88000007F8
(1683194816.093792) 000#001E000000000010
(1683194816.093802) 000#0000100000000000
(1683194816.093812) 000#1544405555FC1400
(1683194816.093822) 000#000000009200FE6E
(1683194816.093832) 000#000066C0
(1683194816.093842) 000#208010FF00FFA04E
(1683194816.093852) 000#00E9FF0A0000001C
(1683194816.093862) 000#0008020A
(1683194816.093872) 000#FF8380000005101E
(1683194816.093882) 000#01001020000000
(1683194816.093892) 000#01
(1683194816.093902) 000#0E80128000000951
(1683194816.093912) 000#2B80005D200009CB
(1683194816.093922) 000#0400000420003911
(1683194816.093932) 000#40EF000000000044
(1683194816.093942) 000#8700000719
(1683194816.093952) 000#F603890100F80780
(1683194816.093962) 000#001E000000000010
(1683194816.093972) 000#0000100000000000
(1683194816.093982) 000#208010FF00FFB05E
(1683194816.093992) 000#00E9FF0A0000001C
(1683194816.094002) 000#0008040C
(1683194816.094012) 000#0084800000061023
(1683194816.094022) 000#0040000000400080
(1683194816.094032) 000#0313000000230D00
(1683194816.094042) 000#0424000004843381
(1683194816.094052) 000#200000000000
(1683194816.094062) 000#0000000000000000
(1683194816.094072) 000#0000080000000080
(1683194816.094082) 000#401498C8FC4F6A00
(1683194816.094092) 000#000000FFE37F00B0
(1683194816.094102) 000#0C801A8000000ABB
(1683194816.094112) 000#3380005D20000A87
(1683194816.094122) 000#0A10000000000000
(1683194816.094132) 000#0400000430004911
(1683194816.094142) 000#80C03F0000C54905
(1683194816.094152) 000#F5038AF000F8F77F
(1683194816.094162) 000#88000007DA
(1683194816.094172) 000#001E000000000010
(1683194816.094182) 000#0000100000000000
(1683194816.094192) 000#1044401540001400
(1683194816.094202) 000#200066D0
(1683194816.094212) 000#208010FF00FFC06E
(1683194816.094222) 000#00EAFF0A0000001F
(1683194816.094232) 000#0008060E
(1683194816.094242) 000#01A4800000051033
(1683194816.094252) 000#0C801F8000000B79
(1683194816.094262) 000#4380005C20000B0F
(1683194816.094272) 000#0400000440005911
(1683194816.094282) 000#00000008
(1683194816.094292) 000#870000073B
(1683194816.094302) 000#F5038BF100F8F77F
(1683194816.094312) 000#001E000000000010
(1683194816.094322) 000#0000100000000000
(1683194816.094332) 000#208010FF00FFD07E
(1683194816.094342) 000#00EAFF0A0000001F
(1683194816.094352) 000#00080800
(1683194816.094362) 000#01E4800000051043
(1683194816.094372) 000#0080000000400080
(1683194816.094382) 000#0313000000240E00
(1683194816.094392) 000#0744000007843B81
(1683194816.094402) 000#200000000000
(1683194816.094412) 000#0000000000000000
(1683194816.094422) 000#0000080000000071
(1683194816.094432) 000#501498C8FC4F6A00
(1683194816.094442) 000#000000FFE37F00A1
(1683194816.094452) 000#1280128000000C3A
(1683194816.094462) 000#3E80005C20000CB2
(1683194816.094472) 000#0400000450006911
(1683194816.094482) 000#80C03F0000C64A05
(1683194816.094492) 000#F6038CF300F8F77F
(1683194816.094502) 000#88000007BC
(1683194816.094512) 000#001E000000000010
(1683194816.094522) 000#0000100000000000
(1683194816.094532) 000#00000000
(1683194816.094542) 000#0500005155440000
(1683194816.094552) 000#0000000000000000
(1683194816.094562) 000#0001001061030009
(1683194816.094572) 000#200066E0
(1683194816.094582) 000#00000000080000C0
(1683194816.094592) 000#590000C800C80000
(1683194816.094602) 000#208010FF00FFE08E
(1683194816.094612) 000#00E9FF0A0000001C
(1683194816.094622) 000#00080A02
(1683194816.094632) 000#00C4800000081055
(1683194816.094642) 000#1280FF7F00000D54
(1683194816.094652) 000#3080005D20000D33
(1683194816.094662) 000#0400000460007911
(1683194816.094672) 000#88000007AD
(1683194816.094682) 000#F6038DF400F8F77F
(1683194816.094692) 000#001E000000000010
(1683194816.094702) 000#0000100000000000
(1683194816.094712) 000#0000C70000000000
(1683194816.094722) 000#208010FF00FF00AE
(1683194816.094732) 000#00E9FF0A0000001C
(1683194816.094742) 000#00080C04
(1683194816.094752) 000#FFA3800000081063
(1683194816.094762) 000#00C0000000400080
(1683194816.094772) 000#0313000000160000
(1683194816.094782) 000#0564000005843D81
(1683194816.094792) 000#200000000000
(1683194816.094802) 000#01001020000000
(1683194816.094812) 000#0000000000000000
(1683194816.094822) 000#0000080000000062
(1683194816.094832) 000#601498C8FC4F6A00
(1683194816.094842) 000#1080FC7F00000E77
(1683194816.094852) 000#2580005C20000E04
(1683194816.094862) 000#000000FFE37F0092
(1683194816.094872) 000#00000001
(1683194816.094882) 000#0400000470008911
(1683194816.094892) 000#80C03F0000C74B05
(1683194816.094902) 000#F6038EF500F8F77F
(1683194816.094912) 000#880000079E
(1683194816.094922) 000#001E000000000010
(1683194816.094932) 000#0010FFFFFFFF
(1683194816.094942) 000#0000100000000000
(1683194816.094952) 000#1544405555481400
(1683194816.094962) 000#0311610000080005
(1683194816.094972) 000#000066F0
(1683194816.094982) 000#208010FF00FF10BE
(1683194816.094992) 000#00E9FF0A0000001C
(1683194816.095002) 000#00080E06
(1683194816.095012) 000#FF63800000071070
(1683194816.095022) 000#0C80F77F00000FA1
(1683194816.095032) 000#1D80005D20000F80
(1683194816.095042) 000#0400000480009911
(1683194816.095052) 000#880000078F
(1683194816.095062) 000#F6038FF600F8F77F
(1683194816.095072) 000#001E000000000010
(1683194816.095082) 000#0000100000000000
(1683194816.095092) 000#0010000000D30101
(1683194816.095102) 000#208010FF00FF20CE
(1683194816.095112) 000#00E9FF0A0000001C
(1683194816.095122) 000#00081018
(1683194816.095132) 000#FF4380000005108E
(1683194816.095142) 000#0000004000400080
(1683194816.095152) 000#0313000000170100
(1683194816.095162) 000#0284000002843181
(1683194816.095172) 000#200000000000
(1683194816.095182) 000#0000000000000000
(1683194816.095192) 000#0000080000000053
(1683194816.095202) 000#701498C8FC4F6A00
(1683194816.095212) 000#0A80F77F000000C9
(1683194816.095222) 000#2780005C20000018
(1683194816.095232) 000#000000FFE37F0083
(1683194816.095242) 000#040000049000A911
(1683194816.095252) 000#00000008
(1683194816.095262) 000#F60390F700F8F77F
(1683194816.095272) 000#8800000770
(1683194816.095282) 000#80C03F0000C84C05
(1683194816.095292) 000#000000002000
(1683194816.095302) 000#001E000000000010
(1683194816.095312) 000#0000100000000000
(1683194816.095322) 000#15444055558C1400
(1683194816.095332) 000#00006600
(1683194816.095342) 000#208010FF00FF30DE
(1683194816.095352) 000#00EAFF0A0000001F
(1683194816.095362) 000#0008121A
(1683194816.095372) 000#FF6380000004109F
(1683194816.095382) 000#0E80008000000183
(1683194816.095392) 000#2880005D200001C4
(1683194816.095402) 000#04000004A000B911
(1683194816.095412) 000#8800000761
(1683194816.095422) 000#F603910900F80780
(1683194816.095432) 000#001E000000000010
(1683194816.095442) 000#0000100000000000
(1683194816.095452) 000#00000000
(1683194816.095462) 000#00000700D90F0000
(1683194816.095472) 000#208010FF00FF40EE
(1683194816.095482) 000#00E9FF0A0000001C
(1683194816.095492) 000#0008141C
(1683194816.095502) 000#FF838000000610A1
(1683194816.095512) 000#0040004000400080
(1683194816.095522) 000#0313000000180200
(1683194816.095532) 000#04A4000004843B81
(1683194816.095542) 000#200000000000
(1683194816.095552) 000#0000000000000000
(1683194816.095562) 000#0000080000000044
(1683194816.095572) 000#801498C8FC4F6A00
(1683194816.095582) 000#0A800680000002AC
(1683194816.095592) 000#2480005D20000258
(1683194816.095602) 000#000000FFE37F0074
(1683194816.095612) 000#00000D10F5B02EA7
(1683194816.095622) 000#04000004B000C911
(1683194816.095632) 000#80C03F0000C94D05
(1683194816.095642) 000#F60392F900F8F77F
(1683194816.095652) 000#87000007A2
(1683194816.095662) 000#001E000000000010
(1683194816.095672) 000#0000100000000000
(1683194816.095682) 000#1544405555501400
(1683194816.095692) 000#000000009200FE6E
(1683194816.095702) 000#20006610
(1683194816.095712) 000#208010FF00FF50FE
(1683194816.095722) 000#00EAFF0A0000001F
(1683194816.095732) 000#0008161E
(1683194816.095742) 000#FF638000000410BF
(1683194816.095752) 000#01001020000000
(1683194816.095762) 000#01
(1683194816.095772) 000#0C80018000000369
(1683194816.095782) 000#2D80005D200003CA
(1683194816.095792) 000#40EF000000000084
(1683194816.095802) 000#04000004C000D911
(1683194816.095812) 000#8800000743
(1683194816.095822) 000#F60393FA00F8F77F
(1683194816.095832) 000#001E000000000010
(1683194816.095842) 000#0000100000000000
(1683194816.095852) 000#208010FF00FF600E
(1683194816.095862) 000#00EBFF0A0000001E
(1683194816.095872) 000#00081810
(1683194816.095882) 000#FF838000000510CE
(1683194816.095892) 000#0080004000400080
(1683194816.095902) 000#0313000000190300
(1683194816.095912) 000#04C4000004843981
(1683194816.095922) 000#200000000000
(1683194816.095932) 000#0000000000000000
(1683194816.095942) 000#0000080000000035
(1683194816.095952) 000#901498C8FC4F6A00
(1683194816.095962) 000#000000FFE37F0065
(1683194816.095972) 000#0E80FF7F000004A3
(1683194816.095982) 000#3A80005D200004AE
(1683194816.095992) 000#0100
(1683194816.096002) 000#04000004D000E911
(1683194816.096012) 000#80C03F0000CA4E05
(1683194816.096022) 000#F603940C00F80780
(1683194816.096032) 000#86000007D4
(1683194816.096042) 000#001E000000000010
(1683194816.096052) 000#0000100000000000
(1683194816.096062) 000#1044401540141400
(1683194816.096072) 000#20006620
(1683194816.096082) 000#208010FF00FF701E
(1683194816.096092) 000#00EAFF0A0000001F
(1683194816.096102) 000#00081A12
(1683194816.096112) 000#FFC38000000610D1
(1683194816.096122) 000#0A800180000005F4
(1683194816.096132) 000#3D80005D2000053D
(1683194816.096142) 000#04000004E000F911
(1683194816.096152) 000#00000008
(1683194816.096162) 000#F60395FC00F8F77F
(1683194816.096172) 000#8800000725
(1683194816.096182) 000#001E000000000010
(1683194816.096192) 000#0000100000000000
(1683194816.096202) 000#208010FF00FF802E
(1683194816.096212) 000#00EAFF0A0000001F
(1683194816.096222) 000#00081C14
(1683194816.096232) 000#FFC38000000410EF
(1683194816.096242) 000#00C0004000400080
(1683194816.096252) 000#03130000001A0400
(1683194816.096262) 000#06E4000006843381
(1683194816.096272) 000#200000000000
(1683194816.096282) 000#0000000000000000
(1683194816.096292) 000#0000080000000026
(1683194816.096302) 000#A01498C8FC4F6A00
(1683194816.096312) 000#000000FFE37F0056
(1683194816.096322) 000#0C8000800000066A
(1683194816.096332) 000#3E80005D200006FD
(1683194816.096342) 000#04000004F0000911
(1683194816.096352) 000#80C03F0000CB4F05
(1683194816.096362) 000#F60396FD00F8F77F
(1683194816.096372) 000#8800000716
(1683194816.096382) 000#001E000000000010
(1683194816.096392) 000#0000100000000000
(1683194816.096402) 000#0000000000100000
(1683194816.096412) 000#00000000
(1683194816.096422) 000#0500005155580000
(1683194816.096432) 000#0000000000000000
(1683194816.096442) 000#00006630
(1683194816.096452) 000#00000000080000D0
(1683194816.096462) 000#0000000000000000
(1683194816.096472) 000#0000000006000000
(1683194816.096482) 000#0001001061030009
(1683194816.096492) 000#208010FF00FF903E
(1683194816.096502) 000#00EAFF0A0000001F
(1683194816.096512) 000#00081E16
(1683194816.096522) 000#FFC38000000510FE
(1683194816.096532) 000#590000C800C80000
(1683194816.096542) 000#0E800680000007AC
(1683194816.096552) 000#4180005D200007B4
(1683194816.096562) 000#0400000400001911
(1683194816.096572) 000#87000007F7
(1683194816.096582) 000#F60397FE00F8F77F
(1683194816.096592) 000#001E000000000010
(1683194816.096602) 000#0000100000000000
(1683194816.096612) 000#E012211880020020
(1683194816.096622) 000#0000C70000000000
(1683194816.096632) 000#208010FF00FFA04E
(1683194816.096642) 000#00EBFF0A0000001E
(1683194816.096652) 000#00080008
(1683194816.096662) 000#FFE3800000061001
(1683194816.096672) 000#0000008000400080
(1683194816.096682) 000#03130000001B0500
(1683194816.096692) 000#0704000007843F81
(1683194816.096702) 000#200000000000
(1683194816.096712) 000#01001020000000
(1683194816.096722) 000#0000000000000000
(1683194816.096732) 000#0000080000000017
(1683194816.096742) 000#B01498C8FC4F6A00
(1683194816.096752) 000#0E800A80000008D5
(1683194816.096762) 000#4080005D20000852
(1683194816.096772) 000#000000FFE37F0047
(1683194816.096782) 000#00000001
(1683194816.096792) 000#0400000410002911
(1683194816.096802) 000#80C03F0000CC5005
(1683194816.096812) 000#F60398FF00F8F77F
(1683194816.096822) 000#88000007F8
(1683194816.096832) 000#001E000000000010
(1683194816.096842) 000#0000100000000000
(1683194816.096852) 000#15444055559C1400
(1683194816.096862) 000#0000002000000000
(1683194816.096872) 000#0311610000080005
(1683194816.096882) 000#0000000001008012
(1683194816.096892) 000#20006640
(1683194816.096902) 000#208010FF00FFB05E
(1683194816.096912) 000#00EAFF0A0000001F
(1683194816.096922) 000#0008020A
(1683194816.096932) 000#FFE3800000061011
(1683194816.096942) 000#0E800480000009DE
(1683194816.096952) 000#3B80005D20000972
(1683194816.096962) 000#0400000420003911
(1683194816.096972) 000#88000007E9
(1683194816.096982) 000#F603990000F8F77F
(1683194816.096992) 000#001E000000000010
(1683194816.097002) 000#0000100000000000
(1683194816.097012) 000#0010000000D30101
(1683194816.097022) 000#0000000020000000
(1683194816.097032) 000#208010FF00FFC06E
(1683194816.097042) 000#00E9FF0A0000001C
(1683194816.097052) 000#0008040C
(1683194816.097062) 000#FFC3800000061021
(1683194816.097072) 000#0040008000400080
(1683194816.097082) 000#03130000001C0600
(1683194816.097092) 000#0624000006843F81
(1683194816.097102) 000#200000000000
(1683194816.097112) 000#0000000000000000
(1683194816.097122) 000#0000080000000008
(1683194816.097132) 000#C01498C8FC4F6A00
(1683194816.097142) 000#000000FFE37F0038
(1683194816.097152) 000#0C80FC7F00000A01
(1683194816.097162) 000#3880005D20000AB2
(1683194816.097172) 000#0400000430004911
(1683194816.097182) 000#00000008
(1683194816.097192) 000#F6039A1200F80780
(1683194816.097202) 000#88000007DA
(1683194816.097212) 000#80C03F0000CD5105
(1683194816.097222) 000#000000002000
(1683194816.097232) 000#001E000000000010
(1683194816.097242) 000#0000100000000000
(1683194816.097252) 000#1544405555601400
(1683194816.097262) 000#0000000000000000
(1683194816.097272) 000#00006650
(1683194816.097282) 000#208010FF00FFD07E
(1683194816.097292) 000#00EAFF0A0000001F
(1683194816.097302) 000#0008060E
(1683194816.097312) 000#FFC380000005103E
(1683194816.097322) 000#0C80008000000BEB
(1683194816.097332) 000#3380005D20000B9A
(1683194816.097342) 000#0400000440005911
(1683194816.097352) 000#870000073B
(1683194816.097362) 000#F6039B1300F80780
(1683194816.097372) 000#001E000000000010
(1683194816.097382) 000#0000100000000000
(1683194816.097392) 000#00000000
(1683194816.097402) 000#00000700D90F0000
(1683194816.097412) 000#208010FF00FFE08E
(1683194816.097422) 000#00EAFF0A0000001F
(1683194816.097432) 000#00080800
(1683194816.097442) 000#FFA380000005104E
(1683194816.097452) 000#0080008000400080
(1683194816.097462) 000#03130000001D0700
(1683194816.097472) 000#0544000005843F81
(1683194816.097482) 000#200000000000
(1683194816.097492) 000#0000000000000000
(1683194816.097502) 000#00000800000000F9
(1683194816.097512) 000#D01498C8FC4F6A00
(1683194816.097522) 000#000000FFE37F0029
(1683194816.097532) 000#10800C8000000C78
(1683194816.097542) 000#3080005D20000C2E
(1683194816.097552) 000#00000D10F5B02EA7
(1683194816.097562) 000#0400000450006911
(1683194816.097572) 000#80C03F0000CE5205
(1683194816.097582) 000#F6039C1400F80780
(1683194816.097592) 000#88000007BC
(1683194816.097602) 000#001E000000000010
(1683194816.097612) 000#0000100000000000
(1683194816.097622) 000#1544405555641400
(1683194816.097632) 000#000000009200FE6E
(1683194816.097642) 000#00006660
(1683194816.097652) 000#208010FF00FF00AE
(1683194816.097662) 000#00E8FF0A0000001D
(1683194816.097672) 000#00080A02
(1683194816.097682) 000#FFA3800000071050
(1683194816.097692) 000#01001020000000
(1683194816.097702) 000#01
(1683194816.097712) 000#1080098000000DBA
(1683194816.097722) 000#2D80005D20000D6C
(1683194816.097732) 000#40EF0000000000C4
(1683194816.097742) 000#0400000460007911
(1683194816.097752) 000#88000007AD
(1683194816.097762) 000#F6039D0400F8F77F
(1683194816.097772) 000#001E000000000010
(1683194816.097782) 000#0000100000000000
(1683194816.097792) 000#208010FF00FF10BE
(1683194816.097802) 000#00EAFF0A0000001F
(1683194816.097812) 000#00080C04
(1683194816.097822) 000#FF83800000071060
(1683194816.097832) 000#00C0008000400080
(1683194816.097842) 000#03130000001E0800
(1683194816.097852) 000#0464000004843F81
(1683194816.097862) 000#200000000000
(1683194816.097872) 000#0000000000000000
(1683194816.097882) 000#00000800000000EA
(1683194816.097892) 000#E01498C8FC4F6A00
(1683194816.097902) 000#000000FFE37F001A
(1683194816.097912) 000#0680048000000E5F
(1683194816.097922) 000#3880005D20000EC6
(1683194816.097932) 000#0A10000000000000
(1683194816.097942) 000#80C03F0000CF5305
(1683194816.097952) 000#F5039E0400F8F77F
(1683194816.097962) 000#870000076E
(1683194816.097972) 000#0400000470008911
(1683194816.097982) 000#001E000000000010
(1683194816.097992) 000#0000100000000000
(1683194816.098002) 000#1044401540281400
(1683194816.098012) 000#20006670
(1683194816.098022) 000#208010FF00FF20CE
(1683194816.098032) 000#00E9FF0A0000001C
(1683194816.098042) 000#00080E06
(1683194816.098052) 000#FFC380000002107D
(1683194816.098062) 000#0680118000000F73
(1683194816.098072) 000#4E80005D20000F00
(1683194816.098082) 000#880000078F
(1683194816.098092) 000#F6039F1700F80780
(1683194816.098102) 000#0400000480009911
(1683194816.098112) 000#00000008
(1683194816.098122) 000#001E000000000010
(1683194816.098132) 000#0000100000000000
(1683194816.098142) 000#208010FF00FF30DE
(1683194816.098152) 000#00E8FF0A0000001D
(1683194816.098162) 000#00081018
(1683194816.098172) 000#000481000002108E
(1683194816.098182) 000#000000C000400080
(1683194816.098192) 000#03130000001F0900
(1683194816.098202) 000#0884000008843581
(1683194816.098212) 000#200000000000
(1683194816.098222) 000#0000000000000000
(1683194816.098232) 000#00000800000000DB
(1683194816.098242) 000#F01498C8FC4F6A00
(1683194816.098252) 000#0A800F800000008B
(1683194816.098262) 000#4680005D20000069
(1683194816.098272) 000#000000FFE37F000B
(1683194816.098282) 000#80C03F0000D05405
(1683194816.098292) 000#F503A00600F8F77F
(1683194816.098302) 000#8800000770
(1683194816.098312) 000#040000049000A911
(1683194816.098322) 000#001E000000000010
(1683194816.098332) 000#0000100000000000
(1683194816.098342) 000#00000000
(1683194816.098352) 000#0500005155AC0000
(1683194816.098362) 000#0000000000000000
(1683194816.098372) 000#0001001061030009
(1683194816.098382) 000#20006680
(1683194816.098392) 000#00000000080000E0
(1683194816.098402) 000#590000C800C80000
(1683194816.098412) 000#208010FF00FF40EE
(1683194816.098422) 000#00ECFF0A00000019
(1683194816.098432) 000#0008121A
(1683194816.098442) 000#FFE380000004109F
(1683194816.098452) 000#0C80008000000139
(1683194816.098462) 000#3080005D200001AF
(1683194816.098472) 000#8700000791
(1683194816.098482) 000#F603A10800F8F77F
(1683194816.098492) 000#04000004A000B911
(1683194816.098502) 000#001E000000000010
(1683194816.098512) 000#0000100000000000
(1683194816.098522) 000#0000C70000000000
(1683194816.098532) 000#208010FF00FF50FE
(1683194816.098542) 000#00E9FF0A0000001C
(1683194816.098552) 000#0008141C
(1683194816.098562) 000#FFA38000000510AE
(1683194816.098572) 000#004000C000400080
(1683194816.098582) 000#0313000000200A00
(1683194816.098592) 000#05A4000005843981
(1683194816.098602) 000#200000000000
