(1683194816.088612) 386#00C0000000400080
(1683194816.088613) 387#0313000000240E00
(1683194816.088614) 394#0664000006843B81
(1683194816.088615) 389#0000000000000000
(1683194816.088616) 38D#0000080000000071
(1683194816.088617) 420#601498C8FC4F6A00
(1683194816.088618) 421#000000FFE37F00A1
(1683194816.088619) 130#0E80068000000E59
(1683194816.088620) 140#3880005D20000EC6
(1683194816.088621) 47F#200000000000
(1683194816.088622) 381#80C03F0000B73B05
(1683194816.088623) 251#F6036ED500F8F77F
(1683194816.088624) 2B0#870000076E
(1683194816.088625) 371#001E000000000010
(1683194816.088626) 372#0000100000000000
(1683194816.088627) 412#0000000000100000
(1683194816.088628) 436#00000000
(1683194816.088629) 470#0500005155480000
(1683194816.088630) 4C9#0000000000000000
(1683194816.088631) 4F1#000066F0
(1683194816.088632) 50C#0000000008000090
(1683194816.088633) 520#0000000000000000
(1683194816.088634) 52A#0000000006000000
(1683194816.088635) 5C1#0001001061030009
(1683194816.088636) 153#208010FF00FFE08E
(1683194816.088637) 160#00E9FF0A0000001C
(1683194816.088638) 164#00080E06
(1683194816.088639) 220#FFC3800000061071
(1683194816.088640) 340#0400000480009911
(1683194816.088641) 5FF#590000C800C80000
(1683194816.088642) 130#0C80008000000F9F
(1683194816.088643) 140#2B80005D20000F85
(1683194816.088644) 2B0#880000078F
(1683194816.088645) 251#F5036FD500F8F77F
(1683194816.088646) 371#001E000000000010
(1683194816.088647) 372#0000100000000000
(1683194816.088648) 410#E012211880020020
(1683194816.088649) 50B#0000C70000000000
(1683194816.088650) 153#208010FF00FF00AE
(1683194816.088651) 160#00EAFF0A0000001F
(1683194816.088652) 164#00081018
(1683194816.088653) 220#FF8380000005108E
(1683194816.088654) 340#040000049000A911
(1683194816.088655) 386#0000004000400080
(1683194816.088656) 387#0313000000160000
(1683194816.088657) 394#0484000004843D81
(1683194816.088658) 389#0000000000000000
(1683194816.088659) 38D#0000080000000062
(1683194816.088660) 420#701498C8FC4F6A00
(1683194816.088661) 421#000000FFE37F0092
(1683194816.088662) 130#0A80FC7F00000000
(1683194816.088663) 140#1F80005D20000081
(1683194816.088664) 47F#200000000000
(1683194816.088665) 490#01001020000000
(1683194816.088666) 507#00000001
(1683194816.088667) 381#80C03F0000B83C05
(1683194816.088668) 251#F60370E800F80780
(1683194816.088669) 2B0#8800000770
(1683194816.088670) 371#001E000000000010
(1683194816.088671) 372#0000100000000000
(1683194816.088672) 470#15444055558C1400
(1683194816.088673) 50E#0000002000000000
(1683194816.088674) 541#0311610000080005
(1683194816.088675) 553#0000000001008012
(1683194816.088676) 4F1#00006600
(1683194816.088677) 153#208010FF00FF10BE
(1683194816.088678) 160#00E9FF0A0000001C
(1683194816.088679) 164#0008121A
(1683194816.088680) 220#FF4380000004109F
(1683194816.088681) 340#04000004A000B911
(1683194816.088682) 130#1080098000000126
(1683194816.088683) 140#2F80005C200001D7
(1683194816.088684) 2B0#8700000791
(1683194816.088685) 251#F50371D700F8F77F
(1683194816.088686) 371#001E000000000010
(1683194816.088687) 372#0000100000000000
(1683194816.088688) 54B#0010000000D30101
(1683194816.088689) 559#0000000020000000
(1683194816.088690) 153#208010FF00FF20CE
(1683194816.088691) 160#00E9FF0A0000001C
(1683194816.088692) 164#0008141C
(1683194816.088693) 220#FF838000000710A0
(1683194816.088694) 386#0040004000400080
(1683194816.088695) 340#04000004B000C911
(1683194816.088696) 387#0313000000170100
(1683194816.088697) 394#04A4000004843B81
(1683194816.088698) 389#0000000000000000
(1683194816.088699) 38D#0000080000000053
(1683194816.088700) 420#801498C8FC4F6A00
(1683194816.088701) 421#000000FFE37F0083
(1683194816.088702) 130#1080148000000247
(1683194816.088703) 140#4880005D20000252
(1683194816.088704) 47F#200000000000
(1683194816.088705) 485#00000008
(1683194816.088706) 53E#000000002000
(1683194816.088707) 381#80C03F0000B93D05
(1683194816.088708) 251#F60372D900F8F77F
(1683194816.088709) 2B0#8800000752
(1683194816.088710) 371#001E000000000010
(1683194816.088711) 372#0000100000000000
(1683194816.088712) 470#1544405555501400
(1683194816.088713) 544#0000000000000000
(1683194816.088714) 4F1#20006610
(1683194816.088715) 153#208010FF00FF30DE
(1683194816.088716) 160#00E9FF0A0000001C
(1683194816.088717) 164#0008161E
(1683194816.088718) 220#00048100000710B5
(1683194816.088719) 340#04000004C000D911
(1683194816.088720) 130#0C80118000000387
(1683194816.088721) 140#3B80005D200003A0
(1683194816.088722) 2B0#8800000743
(1683194816.088723) 251#F60373DA00F8F77F
(1683194816.088724) 07F#0000000000000000
(1683194816.088725) 371#001E000000000010
(1683194816.088726) 372#0000100000000000
(1683194816.088727) 436#00000000
(1683194816.088728) 595#00000700D90F0000
(1683194816.088729) 153#208010FF00FF40EE
(1683194816.088730) 160#00E9FF0A0000001C
(1683194816.088731) 164#00081810
(1683194816.088732) 220#00C48000000510C0
(1683194816.088733) 386#0080004000400080
(1683194816.088734) 340#04000004D000E911
(1683194816.088735) 387#0313000000180200
(1683194816.088736) 394#06C4000006843581
(1683194816.088737) 389#0000000000000000
(1683194816.088738) 38D#0000080000000044
(1683194816.088739) 420#901498C8FC4F6A00
(1683194816.088740) 421#000000FFE37F0074
(1683194816.088741) 130#0C800C8000000492
(1683194816.088742) 140#2A80005D20000417
(1683194816.088743) 47F#200000000000
(1683194816.088744) 495#00000D10F5B02EA7
(1683194816.088745) 4A7#0100
(1683194816.088746) 381#80C03F0000BA3E05
(1683194816.088747) 251#F60374EC00F80780
(1683194816.088748) 2B0#87000007C4
(1683194816.088749) 371#001E000000000010
(1683194816.088750) 372#0000100000000000
(1683194816.088751) 470#1544405555541400
(1683194816.088752) 596#000000009200FE6E
(1683194816.088753) 4F1#20006620
(1683194816.088754) 153#208010FF00FF50FE
(1683194816.088755) 160#00EAFF0A0000001F
(1683194816.088756) 164#00081A12
(1683194816.088757) 220#FF838000000510DE
(1683194816.088758) 490#01001020000000
(1683194816.088759) 340#04000004E000F911
(1683194816.088760) 500#01
(1683194816.088761) 130#10800480000005FA
(1683194816.088762) 140#2580005D20000556
(1683194816.088763) 592#40EF0000000000C4
(1683194816.088764) 2B0#8800000725
(1683194816.088765) 251#F60375DC00F8F77F
(1683194816.088766) 371#001E000000000010
(1683194816.088767) 372#0000100000000000
(1683194816.088768) 153#208010FF00FF600E
(1683194816.088769) 160#00E8FF0A0000001D
(1683194816.088770) 164#00081C14
(1683194816.088771) 220#FF638000000710E0
(1683194816.088772) 386#00C0004000400080
(1683194816.088773) 340#04000004F0000911
(1683194816.088774) 387#0313000000190300
(1683194816.088775) 394#03E4000003843981
(1683194816.088776) 389#0000000000000000
(1683194816.088777) 38D#0000080000000035
(1683194816.088778) 420#A01498C8FC4F6A00
(1683194816.088779) 421#000000FFE37F0065
(1683194816.088780) 130#1080FD7F000006F5
(1683194816.088781) 140#2880005D20000697
(1683194816.088782) 47F#200000000000
(1683194816.088783) 50A#0A10000000000000
(1683194816.088784) 381#80C03F0000BB3F05
(1683194816.088785) 251#F60376EE00F80780
(1683194816.088786) 2B0#8800000716
(1683194816.088787) 371#001E000000000010
(1683194816.088788) 372#0000100000000000
(1683194816.088789) 470#1044401540181400
(1683194816.088790) 4F1#00006630
(1683194816.088791) 153#208010FF00FF701E
(1683194816.088792) 160#00EAFF0A0000001F
(1683194816.088793) 164#00081E16
(1683194816.088794) 220#FF838000000710F0
(1683194816.088795) 340#0400000400001911
(1683194816.088796) 485#00000008
(1683194816.088797) 130#0E80F47F0000074D
(1683194816.088798) 140#3880005D20000733
(1683194816.088799) 2B0#87000007F7
(1683194816.088800) 251#F60377DE00F8F77F
(1683194816.088801) 371#001E000000000010
(1683194816.088802) 372#0000100000000000
(1683194816.088803) 153#208010FF00FF802E
(1683194816.088804) 160#00E9FF0A0000001C
(1683194816.088805) 164#00080008
(1683194816.088806) 220#FFC3800000061001
(1683194816.088807) 386#0000008000400080
(1683194816.088808) 340#0400000410002911
(1683194816.088809) 387#03130000001A0400
(1683194816.088810) 394#0604000006843181
(1683194816.088811) 389#0000000000000000
(1683194816.088812) 38D#0000080000000026
(1683194816.088813) 420#B01498C8FC4F6A00
(1683194816.088814) 421#000000FFE37F0056
(1683194816.088815) 130#0E80FD7F000008EB
(1683194816.088816) 140#4580005D20000866
(1683194816.088817) 47F#200000000000
(1683194816.088818) 381#80C03F0000BC4005
(1683194816.088819) 251#F60378DF00F8F77F
(1683194816.088820) 2B0#8700000708
(1683194816.088821) 371#001E000000000010
(1683194816.088822) 372#0000100000000000
(1683194816.088823) 436#00000000
(1683194816.088824) 470#05000051559C0000
(1683194816.088825) 520#0000000000000000
(1683194816.088826) 5C1#0001001061030009
(1683194816.088827) 4F1#20006640
(1683194816.088828) 50C#00000000080000A0
(1683194816.088829) 5FF#590000C800C80000
(1683194816.088830) 153#208010FF00FF903E
(1683194816.088831) 160#00ECFF0A00000019
(1683194816.088832) 164#0008020A
(1683194816.088833) 220#FFE3800000061011
(1683194816.088834) 340#0400000420003911
(1683194816.088835) 130#10800E80000009C5
(1683194816.088836) 140#3B80005C200009EF
(1683194816.088837) 2B0#88000007E9
(1683194816.088838) 251#F50379DF00F8F77F
(1683194816.088839) 371#001E000000000010
(1683194816.088840) 372#0000100000000000
(1683194816.088841) 50B#0000C70000000000
(1683194816.088842) 153#208010FF00FFA04E
(1683194816.088843) 160#00EBFF0A0000001E
(1683194816.088844) 164#0008040C
(1683194816.088845) 220#FFC3800000071020
(1683194816.088846) 386#0040008000400080
(1683194816.088847) 340#0400000430004911
(1683194816.088848) 387#03130000001B0500
(1683194816.088849) 394#0624000006843F81
(1683194816.088850) 389#0000000000000000
(1683194816.088851) 38D#0000080000000017
(1683194816.088852) 420#C01498C8FC4F6A00
(1683194816.088853) 421#000000FFE37F0047
(1683194816.088854) 130#0A80128000000A1F
(1683194816.088855) 140#3580005D20000A54
(1683194816.088856) 47F#200000000000
(1683194816.088857) 490#01001020000000
(1683194816.088858) 507#00000001
(1683194816.088859) 381#80C03F0000BD4105
(1683194816.088860) 251#F6037AF200F80780
(1683194816.088861) 2B0#88000007DA
(1683194816.088862) 371#001E000000000010
(1683194816.088863) 593#0010FFFFFFFF
(1683194816.088864) 372#0000100000000000
(1683194816.088865) 470#1544405555601400
(1683194816.088866) 541#0311610000080005
(1683194816.088867) 4F1#00006650
(1683194816.088868) 153#208010FF00FFB05E
(1683194816.088869) 160#00E9FF0A0000001C
(1683194816.088870) 164#0008060E
(1683194816.088871) 220#00A4800000041031
(1683194816.088872) 340#0400000440005911
(1683194816.088873) 130#0880148000000BD9
(1683194816.088874) 140#4380005D20000B92
(1683194816.088875) 2B0#870000073B
(1683194816.088876) 251#F6037BF300F80780
(1683194816.088877) 371#001E000000000010
(1683194816.088878) 372#0000100000000000
(1683194816.088879) 54B#0010000000D30101
(1683194816.088880) 153#208010FF00FFC06E
(1683194816.088881) 160#00E9FF0A0000001C
(1683194816.088882) 164#00080800
(1683194816.088883) 220#00E480000003104E
(1683194816.088884) 386#0080008000400080
(1683194816.088885) 387#03130000001C0600
(1683194816.088886) 394#0744000007843B81
(1683194816.088887) 47F#200000000000
(1683194816.088888) 389#0000000000000000
(1683194816.088889) 38D#0000080000000008
(1683194816.088890) 420#D01498C8FC4F6A00
(1683194816.088891) 340#0400000450006911
(1683194816.088892) 130#06800E8000000CC6
(1683194816.088893) 140#4580005D20000C12
(1683194816.088894) 421#000000FFE37F0038
(1683194816.088895) 485#00000008
(1683194816.088896) 53E#000000002000
(1683194816.088897) 381#80C03F0000BE4205
(1683194816.088898) 251#F6037CE300F8F77F
(1683194816.088899) 2B0#88000007BC
(1683194816.088900) 371#001E000000000010
(1683194816.088901) 372#0000100000000000
(1683194816.088902) 470#1544405555641400
(1683194816.088903) 4F1#00006660
(1683194816.088904) 153#208010FF00FFD07E
(1683194816.088905) 160#00EAFF0A0000001F
(1683194816.088906) 164#00080A02
(1683194816.088907) 220#FFE380000002105D
(1683194816.088908) 340#0400000460007911
(1683194816.088909) 130#0680098000000DD0
(1683194816.088910) 140#3B80005D20000D06
(1683194816.088911) 2B0#88000007AD
(1683194816.088912) 251#F6037DE400F8F77F
(1683194816.088913) 371#001E000000000010
(1683194816.088914) 372#0000100000000000
(1683194816.088915) 436#00000000
(1683194816.088916) 595#00000700D90F0000
(1683194816.088917) 153#208010FF00FFE08E
(1683194816.088918) 160#00E9FF0A0000001C
(1683194816.088919) 164#00080C04
(1683194816.088920) 220#FFC380000002106D
(1683194816.088921) 386#00C0008000400080
(1683194816.088922) 387#03130000001D0700
(1683194816.088923) 394#0664000006843B81
(1683194816.088924) 47F#200000000000
(1683194816.088925) 389#0000000000000000
(1683194816.088926) 38D#00000800000000F9
(1683194816.088927) 420#E01498C8FC4F6A00
(1683194816.088928) 340#0400000470008911
(1683194816.088929) 130#0A80078000000E5A
(1683194816.088930) 140#3580005C20000EBD
(1683194816.088931) 421#000000FFE37F0029
(1683194816.088932) 495#00000D10F5B02EA7
(1683194816.088933) 381#80C03F0000BF4305
(1683194816.088934) 251#F6037EE500F8F77F
(1683194816.088935) 2B0#880000079E
(1683194816.088936) 371#001E000000000010
(1683194816.088937) 372#0000100000000000
(1683194816.088938) 470#1544405555681400
(1683194816.088939) 596#000000009200FE6E
(1683194816.088940) 4F1#20006670
(1683194816.088941) 153#208010FF00FF00AE
(1683194816.088942) 160#00E9FF0A0000001C
(1683194816.088943) 164#00080E06
(1683194816.088944) 220#FFA380000004107F
(1683194816.088945) 490#01001020000000
(1683194816.088946) 340#0400000480009911
(1683194816.088947) 500#01
(1683194816.088948) 130#1080048000000F28
(1683194816.088949) 140#3580005D20000F3D
(1683194816.088950) 592#40EF000000000004
(1683194816.088951) 2B0#860000076F
(1683194816.088952) 251#F6037FE600F8F77F
(1683194816.088953) 371#001E000000000010
(1683194816.088954) 372#0000100000000000
(1683194816.088955) 153#208010FF00FF10BE
(1683194816.088956) 160#00EAFF0A0000001F
(1683194816.088957) 164#00081018
(1683194816.088958) 220#FFA3800000071080
(1683194816.088959) 386#000000C000400080
(1683194816.088960) 387#03130000001E0800
(1683194816.088961) 394#0584000005843B81
(1683194816.088962) 47F#200000000000
(1683194816.088963) 389#0000000000000000
(1683194816.088964) 38D#00000800000000EA
(1683194816.088965) 420#F01498C8FC4F6A00
(1683194816.088966) 421#000000FFE37F001A
(1683194816.088967) 130#12800E800000008A
(1683194816.088968) 140#3280005D20000008
(1683194816.088969) 340#040000049000A911
(1683194816.088970) 381#80C03F0000C04405
(1683194816.088971) 251#F60380F800F80780
(1683194816.088972) 2B0#8700000780
(1683194816.088973) 371#001E000000000010
(1683194816.088974) 372#0000100000000000
(1683194816.088975) 470#10444015406C1400
(1683194816.088976) 4F1#20006680
(1683194816.088977) 153#208010FF00FF20CE
(1683194816.088978) 160#00EBFF0A0000001E
(1683194816.088979) 164#0008121A
(1683194816.088980) 220#FFA3800000081093
(1683194816.088981) 130#0E801580000001B2
(1683194816.088982) 140#3280005D20000115
(1683194816.088983) 340#04000004A000B911
(1683194816.088984) 485#00000008
(1683194816.088985) 2B0#8800000761
(1683194816.088986) 251#F60381E800F8F77F
(1683194816.088987) 371#001E000000000010
(1683194816.088988) 372#0000100000000000
(1683194816.088989) 153#208010FF00FF30DE
(1683194816.088990) 160#00EAFF0A0000001F
(1683194816.088991) 164#0008141C
(1683194816.088992) 220#00A48000000610A3
(1683194816.088993) 386#004000C000400080
(1683194816.088994) 387#03130000001F0900
(1683194816.088995) 394#05A4000005843981
(1683194816.088996) 47F#200000000000
(1683194816.088997) 389#0000000000000000
(1683194816.088998) 38D#00000800000000DB
(1683194816.088999) 420#001498C8FC4F6A00
(1683194816.089000) 421#000000FFE37F000B
(1683194816.089001) 130#0E801480000002FF
(1683194816.089002) 140#3B80005D200002BD
(1683194816.089003) 340#04000004B000C911
(1683194816.089004) 381#80C03F0000C14505
(1683194816.089005) 251#F60382E900F8F77F
(1683194816.089006) 2B0#8800000752
(1683194816.089007) 371#001E000000000010
(1683194816.089008) 372#0000100000000000
(1683194816.089009) 412#0000000000100000
(1683194816.089010) 436#00000000
(1683194816.089011) 470#0500005155B00000
(1683194816.089012) 4C9#0000000000000000
(1683194816.089013) 4F1#00006690
(1683194816.089014) 50C#00000000080000B0
(1683194816.089015) 520#0000000000000000
(1683194816.089016) 52A#0000000006000000
(1683194816.089017) 5BE#080000FF00000000
(1683194816.089018) 153#208010FF00FF40EE
(1683194816.089019) 160#00E9FF0A0000001C
(1683194816.089020) 164#0008161E
(1683194816.089021) 220#00C48000000610B3
(1683194816.089022) 5C1#0001001061030009
(1683194816.089023) 5FF#590000C800C80000
(1683194816.089024) 130#0E800F80000003C5
(1683194816.089025) 140#4080005D2000039D
(1683194816.089026) 340#04000004C000D911
(1683194816.089027) 2B0#87000007B3
(1683194816.089028) 251#F60383EA00F8F77F
(1683194816.089029) 371#001E000000000010
(1683194816.089030) 372#0000100000000000
(1683194816.089031) 410#E012211880020020
(1683194816.089032) 50B#0000C70000000000
(1683194816.089033) 153#208010FF00FF50FE
(1683194816.089034) 160#00EAFF0A0000001F
(1683194816.089035) 164#00081810
(1683194816.089036) 220#FFE38000000610C1
(1683194816.089037) 386#008000C000400080
(1683194816.089038) 387#0313000000200A00
(1683194816.089039) 394#07C4000007843381
(1683194816.089040) 47F#200000000000
(1683194816.089041) 490#01001020000000
(1683194816.089042) 389#0000000000000000
(1683194816.089043) 38D#00000800000000CC
(1683194816.089044) 420#101498C8FC4F6A00
(1683194816.089045) 130#0C80068000000431
(1683194816.089046) 140#3D80005C200004BD
(1683194816.089047) 340#04000004D000E911
(1683194816.089048) 421#000000FFE37F00FC
(1683194816.089049) 507#00000001
(1683194816.089050) 381#80C03F0000C24605
(1683194816.089051) 251#F50384EA00F8F77F
(1683194816.089052) 2B0#8800000734
(1683194816.089053) 371#001E000000000010
(1683194816.089054) 372#0000100000000000
(1683194816.089055) 470#1544405555B41400
(1683194816.089056) 50E#0000002000000000
(1683194816.089057) 541#0311610000080005
(1683194816.089058) 553#0000000001008012
(1683194816.089059) 4F1#000066A0
(1683194816.089060) 153#208010FF00FF600E
(1683194816.089061) 160#00E9FF0A0000001C
(1683194816.089062) 164#00081A12
(1683194816.089063) 220#FFC38000000510DE
(1683194816.089064) 130#0E800080000005F7
(1683194816.089065) 140#3A80005D200005B3
(1683194816.089066) 340#04000004E000F911
(1683194816.089067) 2B0#8800000725
(1683194816.089068) 251#F50385EB00F8F77F
(1683194816.089069) 371#001E000000000010
(1683194816.089070) 372#0000100000000000
(1683194816.089071) 54B#0010000000D30101
(1683194816.089072) 559#0000000020000000
(1683194816.089073) 153#208010FF00FF701E
(1683194816.089074) 160#00E9FF0A0000001C
(1683194816.089075) 164#00081C14
(1683194816.089076) 220#FFC38000000610E1
(1683194816.089077) 386#00C000C000400080
(1683194816.089078) 387#0313000000210B00
(1683194816.089079) 394#06E4000006843381
(1683194816.089080) 47F#200000000000
(1683194816.089081) 389#0000000000000000
(1683194816.089082) 38D#00000800000000BD
(1683194816.089083) 420#201498C8FC4F6A00
(1683194816.089084) 421#000000FFE37F00ED
(1683194816.089085) 130#1080FF7F00000621
(1683194816.089086) 140#3880005D2000062E
(1683194816.089087) 340#04000004F0000911
(1683194816.089088) 485#00000008
(1683194816.089089) 53E#000000002000
(1683194816.089090) 381#80C03F0000C34705
(1683194816.089091) 251#F60386ED00F8F77F
(1683194816.089092) 2B0#87000007E6
(1683194816.089093) 371#001E000000000010
(1683194816.089094) 372#0000100000000000
(1683194816.089095) 470#1544405555B81400
(1683194816.089096) 544#0000000000000000
(1683194816.089097) 4F1#200066B0
(1683194816.089098) 153#208010FF00FF802E
(1683194816.089099) 160#00EAFF0A0000001F
(1683194816.089100) 164#00081E16
(1683194816.089101) 220#FFC38000000710F0
(1683194816.089102) 130#0E800780000007C6
(1683194816.089103) 140#3080005C2000077C
(1683194816.089104) 340#0400000400001911
(1683194816.089105) 2B0#8800000707
(1683194816.089106) 251#F60387FF00F80780
(1683194816.089107) 371#001E000000000010
(1683194816.089108) 372#0000100000000000
(1683194816.089109) 436#00000000
(1683194816.089110) 595#00000700D90F0000
(1683194816.089111) 153#208010FF00FF903E
(1683194816.089112) 160#00E9FF0A0000001C
(1683194816.089113) 164#00080008
(1683194816.089114) 220#FFA3800000061001
(1683194816.089115) 386#0000000000400080
(1683194816.089116) 387#0313000000220C00
(1683194816.089117) 394#0504000005843381
(1683194816.089118) 47F#200000000000
(1683194816.089119) 389#0000000000000000
(1683194816.089120) 38D#00000800000000AE
(1683194816.089121) 420#301498C8FC4F6A00
(1683194816.089122) 421#000000FFE37F00DE
(1683194816.089123) 130#0C800E80000008DA
(1683194816.089124) 140#2F80005C20000822
(1683194816.089125) 495#00000D10F5B02EA7
(1683194816.089126) 340#0400000410002911
(1683194816.089127) 381#80C03F0000C44805
(1683194816.089128) 251#F603880000F80780
(1683194816.089129) 2B0#88000007F8
(1683194816.089130) 371#001E000000000010
(1683194816.089131) 372#0000100000000000
(1683194816.089132) 470#1544405555FC1400
(1683194816.089133) 596#000000009200FE6E
(1683194816.089134) 4F1#000066C0
(1683194816.089135) 153#208010FF00FFA04E
(1683194816.089136) 160#00E9FF0A0000001C
(1683194816.089137) 164#0008020A
(1683194816.089138) 220#FF8380000005101E
(1683194816.089139) 490#01001020000000
(1683194816.089140) 500#01
(1683194816.089141) 130#0E80128000000951
(1683194816.089142) 140#2B80005D200009CB
(1683194816.089143) 340#0400000420003911
(1683194816.089144) 592#40EF000000000044
(1683194816.089145) 2B0#8700000719
(1683194816.089146) 251#F603890100F80780
(1683194816.089147) 371#001E000000000010
(1683194816.089148) 372#0000100000000000
(1683194816.089149) 153#208010FF00FFB05E
(1683194816.089150) 160#00E9FF0A0000001C
(1683194816.089151) 164#0008040C
(1683194816.089152) 220#0084800000061023
(1683194816.089153) 386#0040000000400080
(1683194816.089154) 387#0313000000230D00
(1683194816.089155) 394#0424000004843381
(1683194816.089156) 47F#200000000000
(1683194816.089157) 389#0000000000000000
(1683194816.089158) 38D#0000080000000080
(1683194816.089159) 420#401498C8FC4F6A00
(1683194816.089160) 421#000000FFE37F00B0
(1683194816.089161) 130#0C801A8000000ABB
(1683194816.089162) 140#3380005D20000A87
(1683194816.089163) 50A#0A10000000000000
(1683194816.089164) 340#0400000430004911
(1683194816.089165) 381#80C03F0000C54905
(1683194816.089166) 251#F5038AF000F8F77F
(1683194816.089167) 2B0#88000007DA
(1683194816.089168) 371#001E000000000010
(1683194816.089169) 372#0000100000000000
(1683194816.089170) 470#1044401540001400
(1683194816.089171) 4F1#200066D0
(1683194816.089172) 153#208010FF00FFC06E
(1683194816.089173) 160#00EAFF0A0000001F
(1683194816.089174) 164#0008060E
(1683194816.089175) 220#01A4800000051033
(1683194816.089176) 130#0C801F8000000B79
(1683194816.089177) 140#4380005C20000B0F
(1683194816.089178) 340#0400000440005911
(1683194816.089179) 485#00000008
(1683194816.089180) 2B0#870000073B
(1683194816.089181) 251#F5038BF100F8F77F
(1683194816.089182) 371#001E000000000010
(1683194816.089183) 372#0000100000000000
(1683194816.089184) 153#208010FF00FFD07E
(1683194816.089185) 160#00EAFF0A0000001F
(1683194816.089186) 164#00080800
(1683194816.089187) 220#01E4800000051043
(1683194816.089188) 386#0080000000400080
(1683194816.089189) 387#0313000000240E00
(1683194816.089190) 394#0744000007843B81
(1683194816.089191) 47F#200000000000
(1683194816.089192) 389#0000000000000000
(1683194816.089193) 38D#0000080000000071
(1683194816.089194) 420#501498C8FC4F6A00
(1683194816.089195) 421#000000FFE37F00A1
(1683194816.089196) 130#1280128000000C3A
(1683194816.089197) 140#3E80005C20000CB2
(1683194816.089198) 340#0400000450006911
(1683194816.089199) 381#80C03F0000C64A05
(1683194816.089200) 251#F6038CF300F8F77F
(1683194816.089201) 2B0#88000007BC
(1683194816.089202) 371#001E000000000010
(1683194816.089203) 372#0000100000000000
(1683194816.089204) 436#00000000
(1683194816.089205) 470#0500005155440000
(1683194816.089206) 520#0000000000000000
(1683194816.089207) 5C1#0001001061030009
(1683194816.089208) 4F1#200066E0
(1683194816.089209) 50C#00000000080000C0
(1683194816.089210) 5FF#590000C800C80000
(1683194816.089211) 153#208010FF00FFE08E
(1683194816.089212) 160#00E9FF0A0000001C
(1683194816.089213) 164#00080A02
(1683194816.089214) 220#00C4800000081055
(1683194816.089215) 130#1280FF7F00000D54
(1683194816.089216) 140#3080005D20000D33
(1683194816.089217) 340#0400000460007911
(1683194816.089218) 2B0#88000007AD
(1683194816.089219) 251#F6038DF400F8F77F
(1683194816.089220) 371#001E000000000010
(1683194816.089221) 372#0000100000000000
(1683194816.089222) 50B#0000C70000000000
(1683194816.089223) 153#208010FF00FF00AE
(1683194816.089224) 160#00E9FF0A0000001C
(1683194816.089225) 164#00080C04
(1683194816.089226) 220#FFA3800000081063
(1683194816.089227) 386#00C0000000400080
(1683194816.089228) 387#0313000000160000
(1683194816.089229) 394#0564000005843D81
(1683194816.089230) 47F#200000000000
(1683194816.089231) 490#01001020000000
(1683194816.089232) 389#0000000000000000
(1683194816.089233) 38D#0000080000000062
(1683194816.089234) 420#601498C8FC4F6A00
(1683194816.089235) 130#1080FC7F00000E77
(1683194816.089236) 140#2580005C20000E04
(1683194816.089237) 421#000000FFE37F0092
(1683194816.089238) 507#00000001
(1683194816.089239) 340#0400000470008911
(1683194816.089240) 381#80C03F0000C74B05
(1683194816.089241) 251#F6038EF500F8F77F
(1683194816.089242) 2B0#880000079E
(1683194816.089243) 371#001E000000000010
(1683194816.089244) 593#0010FFFFFFFF
(1683194816.089245) 372#0000100000000000
(1683194816.089246) 470#1544405555481400
(1683194816.089247) 541#0311610000080005
(1683194816.089248) 4F1#000066F0
(1683194816.089249) 153#208010FF00FF10BE
(1683194816.089250) 160#00E9FF0A0000001C
(1683194816.089251) 164#00080E06
(1683194816.089252) 220#FF63800000071070
(1683194816.089253) 130#0C80F77F00000FA1
(1683194816.089254) 140#1D80005D20000F80
(1683194816.089255) 340#0400000480009911
(1683194816.089256) 2B0#880000078F
(1683194816.089257) 251#F6038FF600F8F77F
(1683194816.089258) 371#001E000000000010
(1683194816.089259) 372#0000100000000000
(1683194816.089260) 54B#0010000000D30101
(1683194816.089261) 153#208010FF00FF20CE
(1683194816.089262) 160#00E9FF0A0000001C
(1683194816.089263) 164#00081018
(1683194816.089264) 220#FF4380000005108E
(1683194816.089265) 386#0000004000400080
(1683194816.089266) 387#0313000000170100
(1683194816.089267) 394#0284000002843181
(1683194816.089268) 47F#200000000000
(1683194816.089269) 389#0000000000000000
(1683194816.089270) 38D#0000080000000053
(1683194816.089271) 420#701498C8FC4F6A00
(1683194816.089272) 130#0A80F77F000000C9
(1683194816.089273) 140#2780005C20000018
(1683194816.089274) 421#000000FFE37F0083
(1683194816.089275) 340#040000049000A911
(1683194816.089276) 485#00000008
(1683194816.089277) 251#F60390F700F8F77F
(1683194816.089278) 2B0#8800000770
(1683194816.089279) 381#80C03F0000C84C05
(1683194816.089280) 53E#000000002000
(1683194816.089281) 371#001E000000000010
(1683194816.089282) 372#0000100000000000
(1683194816.089283) 470#15444055558C1400
(1683194816.089284) 4F1#00006600
(1683194816.089285) 153#208010FF00FF30DE
(1683194816.089286) 160#00EAFF0A0000001F
(1683194816.089287) 164#0008121A
(1683194816.089288) 220#FF6380000004109F
(1683194816.089289) 130#0E80008000000183
(1683194816.089290) 140#2880005D200001C4
(1683194816.089291) 340#04000004A000B911
(1683194816.089292) 2B0#8800000761
(1683194816.089293) 251#F603910900F80780
(1683194816.089294) 371#001E000000000010
(1683194816.089295) 372#0000100000000000
(1683194816.089296) 436#00000000
(1683194816.089297) 595#00000700D90F0000
(1683194816.089298) 153#208010FF00FF40EE
(1683194816.089299) 160#00E9FF0A0000001C
(1683194816.089300) 164#0008141C
(1683194816.089301) 220#FF838000000610A1
(1683194816.089302) 386#0040004000400080
(1683194816.089303) 387#0313000000180200
(1683194816.089304) 394#04A4000004843B81
(1683194816.089305) 47F#200000000000
(1683194816.089306) 389#0000000000000000
(1683194816.089307) 38D#0000080000000044
(1683194816.089308) 420#801498C8FC4F6A00
(1683194816.089309) 130#0A800680000002AC
(1683194816.089310) 140#2480005D20000258
(1683194816.089311) 421#000000FFE37F0074
(1683194816.089312) 495#00000D10F5B02EA7
(1683194816.089313) 340#04000004B000C911
(1683194816.089314) 381#80C03F0000C94D05
(1683194816.089315) 251#F60392F900F8F77F
(1683194816.089316) 2B0#87000007A2
(1683194816.089317) 371#001E000000000010
(1683194816.089318) 372#0000100000000000
(1683194816.089319) 470#1544405555501400
(1683194816.089320) 596#000000009200FE6E
(1683194816.089321) 4F1#20006610
(1683194816.089322) 153#208010FF00FF50FE
(1683194816.089323) 160#00EAFF0A0000001F
(1683194816.089324) 164#0008161E
(1683194816.089325) 220#FF638000000410BF
(1683194816.089326) 490#01001020000000
(1683194816.089327) 500#01
(1683194816.089328) 130#0C80018000000369
(1683194816.089329) 140#2D80005D200003CA
(1683194816.089330) 592#40EF000000000084
(1683194816.089331) 340#04000004C000D911
(1683194816.089332) 2B0#8800000743
(1683194816.089333) 251#F60393FA00F8F77F
(1683194816.089334) 371#001E000000000010
(1683194816.089335) 372#0000100000000000
(1683194816.089336) 153#208010FF00FF600E
(1683194816.089337) 160#00EBFF0A0000001E
(1683194816.089338) 164#00081810
(1683194816.089339) 220#FF838000000510CE
(1683194816.089340) 386#0080004000400080
(1683194816.089341) 387#0313000000190300
(1683194816.089342) 394#04C4000004843981
(1683194816.089343) 47F#200000000000
(1683194816.089344) 389#0000000000000000
(1683194816.089345) 38D#0000080000000035
(1683194816.089346) 420#901498C8FC4F6A00
(1683194816.089347) 421#000000FFE37F0065
(1683194816.089348) 130#0E80FF7F000004A3
(1683194816.089349) 140#3A80005D200004AE
(1683194816.089350) 4A2#0100
(1683194816.089351) 340#04000004D000E911
(1683194816.089352) 381#80C03F0000CA4E05
(1683194816.089353) 251#F603940C00F80780
(1683194816.089354) 2B0#86000007D4
(1683194816.089355) 371#001E000000000010
(1683194816.089356) 372#0000100000000000
(1683194816.089357) 470#1044401540141400
(1683194816.089358) 4F1#20006620
(1683194816.089359) 153#208010FF00FF701E
(1683194816.089360) 160#00EAFF0A0000001F
(1683194816.089361) 164#00081A12
(1683194816.089362) 220#FFC38000000610D1
(1683194816.089363) 130#0A800180000005F4
(1683194816.089364) 140#3D80005D2000053D
(1683194816.089365) 340#04000004E000F911
(1683194816.089366) 485#00000008
(1683194816.089367) 251#F60395FC00F8F77F
(1683194816.089368) 2B0#8800000725
(1683194816.089369) 371#001E000000000010
(1683194816.089370) 372#0000100000000000
(1683194816.089371) 153#208010FF00FF802E
(1683194816.089372) 160#00EAFF0A0000001F
(1683194816.089373) 164#00081C14
(1683194816.089374) 220#FFC38000000410EF
(1683194816.089375) 386#00C0004000400080
(1683194816.089376) 387#03130000001A0400
(1683194816.089377) 394#06E4000006843381
(1683194816.089378) 47F#200000000000
(1683194816.089379) 389#0000000000000000
(1683194816.089380) 38D#0000080000000026
(1683194816.089381) 420#A01498C8FC4F6A00
(1683194816.089382) 421#000000FFE37F0056
(1683194816.089383) 130#0C8000800000066A
(1683194816.089384) 140#3E80005D200006FD
(1683194816.089385) 340#04000004F0000911
(1683194816.089386) 381#80C03F0000CB4F05
(1683194816.089387) 251#F60396FD00F8F77F
(1683194816.089388) 2B0#8800000716
(1683194816.089389) 371#001E000000000010
(1683194816.089390) 372#0000100000000000
(1683194816.089391) 412#0000000000100000
(1683194816.089392) 436#00000000
(1683194816.089393) 470#0500005155580000
(1683194816.089394) 4C9#0000000000000000
(1683194816.089395) 4F1#00006630
(1683194816.089396) 50C#00000000080000D0
(1683194816.089397) 520#0000000000000000
(1683194816.089398) 52A#0000000006000000
(1683194816.089399) 5C1#0001001061030009
(1683194816.089400) 153#208010FF00FF903E
(1683194816.089401) 160#00EAFF0A0000001F
(1683194816.089402) 164#00081E16
(1683194816.089403) 220#FFC38000000510FE
(1683194816.089404) 5FF#590000C800C80000
(1683194816.089405) 130#0E800680000007AC
(1683194816.089406) 140#4180005D200007B4
(1683194816.089407) 340#0400000400001911
(1683194816.089408) 2B0#87000007F7
(1683194816.089409) 251#F60397FE00F8F77F
(1683194816.089410) 371#001E000000000010
(1683194816.089411) 372#0000100000000000
(1683194816.089412) 410#E012211880020020
(1683194816.089413) 50B#0000C70000000000
(1683194816.089414) 153#208010FF00FFA04E
(1683194816.089415) 160#00EBFF0A0000001E
(1683194816.089416) 164#00080008
(1683194816.089417) 220#FFE3800000061001
(1683194816.089418) 386#0000008000400080
(1683194816.089419) 387#03130000001B0500
(1683194816.089420) 394#0704000007843F81
(1683194816.089421) 47F#200000000000
(1683194816.089422) 490#01001020000000
(1683194816.089423) 389#0000000000000000
(1683194816.089424) 38D#0000080000000017
(1683194816.089425) 420#B01498C8FC4F6A00
(1683194816.089426) 130#0E800A80000008D5
(1683194816.089427) 140#4080005D20000852
(1683194816.089428) 421#000000FFE37F0047
(1683194816.089429) 507#00000001
(1683194816.089430) 340#0400000410002911
(1683194816.089431) 381#80C03F0000CC5005
(1683194816.089432) 251#F60398FF00F8F77F
(1683194816.089433) 2B0#88000007F8
(1683194816.089434) 371#001E000000000010
(1683194816.089435) 372#0000100000000000
(1683194816.089436) 470#15444055559C1400
(1683194816.089437) 50E#0000002000000000
(1683194816.089438) 541#0311610000080005
(1683194816.089439) 553#0000000001008012
(1683194816.089440) 4F1#20006640
(1683194816.089441) 153#208010FF00FFB05E
(1683194816.089442) 160#00EAFF0A0000001F
(1683194816.089443) 164#0008020A
(1683194816.089444) 220#FFE3800000061011
(1683194816.089445) 130#0E800480000009DE
(1683194816.089446) 140#3B80005D20000972
(1683194816.089447) 340#0400000420003911
(1683194816.089448) 2B0#88000007E9
(1683194816.089449) 251#F603990000F8F77F
(1683194816.089450) 371#001E000000000010
(1683194816.089451) 372#0000100000000000
(1683194816.089452) 54B#0010000000D30101
(1683194816.089453) 559#0000000020000000
(1683194816.089454) 153#208010FF00FFC06E
(1683194816.089455) 160#00E9FF0A0000001C
(1683194816.089456) 164#0008040C
(1683194816.089457) 220#FFC3800000061021
(1683194816.089458) 386#0040008000400080
(1683194816.089459) 387#03130000001C0600
(1683194816.089460) 394#0624000006843F81
(1683194816.089461) 47F#200000000000
(1683194816.089462) 389#0000000000000000
(1683194816.089463) 38D#0000080000000008
(1683194816.089464) 420#C01498C8FC4F6A00
(1683194816.089465) 421#000000FFE37F0038
(1683194816.089466) 130#0C80FC7F00000A01
(1683194816.089467) 140#3880005D20000AB2
(1683194816.089468) 340#0400000430004911
(1683194816.089469) 485#00000008
(1683194816.089470) 251#F6039A1200F80780
(1683194816.089471) 2B0#88000007DA
(1683194816.089472) 381#80C03F0000CD5105
(1683194816.089473) 53E#000000002000
(1683194816.089474) 371#001E000000000010
(1683194816.089475) 372#0000100000000000
(1683194816.089476) 470#1544405555601400
(1683194816.089477) 544#0000000000000000
(1683194816.089478) 4F1#00006650
(1683194816.089479) 153#208010FF00FFD07E
(1683194816.089480) 160#00EAFF0A0000001F
(1683194816.089481) 164#0008060E
(1683194816.089482) 220#FFC380000005103E
(1683194816.089483) 130#0C80008000000BEB
(1683194816.089484) 140#3380005D20000B9A
(1683194816.089485) 340#0400000440005911
(1683194816.089486) 2B0#870000073B
(1683194816.089487) 251#F6039B1300F80780
(1683194816.089488) 371#001E000000000010
(1683194816.089489) 372#0000100000000000
(1683194816.089490) 436#00000000
(1683194816.089491) 595#00000700D90F0000
(1683194816.089492) 153#208010FF00FFE08E
(1683194816.089493) 160#00EAFF0A0000001F
(1683194816.089494) 164#00080800
(1683194816.089495) 220#FFA380000005104E
(1683194816.089496) 386#0080008000400080
(1683194816.089497) 387#03130000001D0700
(1683194816.089498) 394#0544000005843F81
(1683194816.089499) 47F#200000000000
(1683194816.089500) 389#0000000000000000
(1683194816.089501) 38D#00000800000000F9
(1683194816.089502) 420#D01498C8FC4F6A00
(1683194816.089503) 421#000000FFE37F0029
(1683194816.089504) 130#10800C8000000C78
(1683194816.089505) 140#3080005D20000C2E
(1683194816.089506) 495#00000D10F5B02EA7
(1683194816.089507) 340#0400000450006911
(1683194816.089508) 381#80C03F0000CE5205
(1683194816.089509) 251#F6039C1400F80780
(1683194816.089510) 2B0#88000007BC
(1683194816.089511) 371#001E000000000010
(1683194816.089512) 372#0000100000000000
(1683194816.089513) 470#1544405555641400
(1683194816.089514) 596#000000009200FE6E
(1683194816.089515) 4F1#00006660
(1683194816.089516) 153#208010FF00FF00AE
(1683194816.089517) 160#00E8FF0A0000001D
(1683194816.089518) 164#00080A02
(1683194816.089519) 220#FFA3800000071050
(1683194816.089520) 490#01001020000000
(1683194816.089521) 500#01
(1683194816.089522) 130#1080098000000DBA
(1683194816.089523) 140#2D80005D20000D6C
(1683194816.089524) 592#40EF0000000000C4
(1683194816.089525) 340#0400000460007911
(1683194816.089526) 2B0#88000007AD
(1683194816.089527) 251#F6039D0400F8F77F
(1683194816.089528) 371#001E000000000010
(1683194816.089529) 372#0000100000000000
(1683194816.089530) 153#208010FF00FF10BE
(1683194816.089531) 160#00EAFF0A0000001F
(1683194816.089532) 164#00080C04
(1683194816.089533) 220#FF83800000071060
(1683194816.089534) 386#00C0008000400080
(1683194816.089535) 387#03130000001E0800
(1683194816.089536) 394#0464000004843F81
(1683194816.089537) 47F#200000000000
(1683194816.089538) 389#0000000000000000
(1683194816.089539) 38D#00000800000000EA
(1683194816.089540) 420#E01498C8FC4F6A00
(1683194816.089541) 421#000000FFE37F001A
(1683194816.089542) 130#0680048000000E5F
(1683194816.089543) 140#3880005D20000EC6
(1683194816.089544) 50A#0A10000000000000
(1683194816.089545) 381#80C03F0000CF5305
(1683194816.089546) 251#F5039E0400F8F77F
(1683194816.089547) 2B0#870000076E
(1683194816.089548) 340#0400000470008911
(1683194816.089549) 371#001E000000000010
(1683194816.089550) 372#0000100000000000
(1683194816.089551) 470#1044401540281400
(1683194816.089552) 4F1#20006670
(1683194816.089553) 153#208010FF00FF20CE
(1683194816.089554) 160#00E9FF0A0000001C
(1683194816.089555) 164#00080E06
(1683194816.089556) 220#FFC380000002107D
(1683194816.089557) 130#0680118000000F73
(1683194816.089558) 140#4E80005D20000F00
(1683194816.089559) 2B0#880000078F
(1683194816.089560) 251#F6039F1700F80780
(1683194816.089561) 340#0400000480009911
(1683194816.089562) 485#00000008
(1683194816.089563) 371#001E000000000010
(1683194816.089564) 372#0000100000000000
(1683194816.089565) 153#208010FF00FF30DE
(1683194816.089566) 160#00E8FF0A0000001D
(1683194816.089567) 164#00081018
(1683194816.089568) 220#000481000002108E
(1683194816.089569) 386#000000C000400080
(1683194816.089570) 387#03130000001F0900
(1683194816.089571) 394#0884000008843581
(1683194816.089572) 47F#200000000000
(1683194816.089573) 389#0000000000000000
(1683194816.089574) 38D#00000800000000DB
(1683194816.089575) 420#F01498C8FC4F6A00
(1683194816.089576) 130#0A800F800000008B
(1683194816.089577) 140#4680005D20000069
(1683194816.089578) 421#000000FFE37F000B
(1683194816.089579) 381#80C03F0000D05405
(1683194816.089580) 251#F503A00600F8F77F
(1683194816.089581) 2B0#8800000770
(1683194816.089582) 340#040000049000A911
(1683194816.089583) 371#001E000000000010
(1683194816.089584) 372#0000100000000000
(1683194816.089585) 436#00000000
(1683194816.089586) 470#0500005155AC0000
(1683194816.089587) 520#0000000000000000
(1683194816.089588) 5C1#0001001061030009
(1683194816.089589) 4F1#20006680
(1683194816.089590) 50C#00000000080000E0
(1683194816.089591) 5FF#590000C800C80000
(1683194816.089592) 153#208010FF00FF40EE
(1683194816.089593) 160#00ECFF0A00000019
(1683194816.089594) 164#0008121A
(1683194816.089595) 220#FFE380000004109F
(1683194816.089596) 130#0C80008000000139
(1683194816.089597) 140#3080005D200001AF
(1683194816.089598) 2B0#8700000791
(1683194816.089599) 251#F603A10800F8F77F
(1683194816.089600) 340#04000004A000B911
(1683194816.089601) 371#001E000000000010
(1683194816.089602) 372#0000100000000000
(1683194816.089603) 50B#0000C70000000000
(1683194816.089604) 153#208010FF00FF50FE
(1683194816.089605) 160#00E9FF0A0000001C
(1683194816.089606) 164#0008141C
(1683194816.089607) 220#FFA38000000510AE
(1683194816.089608) 386#004000C000400080
(1683194816.089609) 387#0313000000200A00
(1683194816.089610) 394#05A4000005843981
(1683194816.089611) 47F#200000000000
