(1307.002810) 000#1C8CDC00000002001080CE81767E650037363032463700000000000000000000
(1307.002811) 000#7946E90001000000000080808080000800000000100000000000000000000000
(1307.002812) 000#287FF100000000000202000240FF00FF000005000008FE00000000040000FF00
(1307.002813) 000#7B48EC1001050410000000000000000000000000007200000000000000000000
(1307.002814) 000#6B9DE70010FF07080000FF070000FF01C40A170040FF04FF0000000000000000
(1307.002815) 000#0B22E7700A52700A00000000009F020000000000000000000000000000000000
(1307.002816) 000#AEC4E7FEF77F6400000000001E0C0200FFF33F0000000000FF07000000000000
(1307.002817) 000#14F5EB2B007F2E002C002C00007F2700460000401404FE0A0026009F00020000
(1307.002818) 000#781FEB00109C806C400027000000075F0A0000000E020000FEBF2F8271000000
(1307.002819) 000#5A6A32401B618D0000005D1C5B012C00000000000000402335D54017A0140000
(1307.002820) 000#D908DD00000002000B80C781697E650037363032463700000000000000000000
(1307.002821) 000#E294F200000000000202000240FF00FF000005000008FE00000000040000FF00
(1307.002822) 000#EAE9E80010FF07080000FF070000FF01C40A170040FF04FF0000000000000000
(1307.002823) 000#70A8E87C0A52740A0000000000A0020000000000000000000000000000000000
(1307.002824) 000#298DEC2B007F2E002C002C00007F2700460000401404000B0026009F00020000
(1307.002825) 000#8B81EC00109C806C400027000000075F0A0000000E020000FEBF2F8271000000
(1307.002826) 000#41BADE00000002000280D581627E650037363032463700000000000000000000
(1307.002827) 000#B3ADEA0001000000000080808080000800000000100000000000000000000000
(1307.002828) 000#A4CDF300000000000202000240FF00FF000005000008FE00000000040000FF00
(1307.002829) 000#3D11ED1001050410000000000000000000000000007200000000000000000000
(1307.002830) 000#ACB0E90010FF07080000FF070000FF01C40A170040FF04FF0000000000000000
(1307.002831) 000#FC59E9840A527C0A0000000000A2020000000000000000000000000000000000
(1307.002832) 000#2FB0E8FEF77F6400000000001E0C0200FFF33F0000000000FF07000000000000
(1307.002833) 000#BBD9ED2B007F2E002C002C00007F2700460000401404040B0026009F00020000
(1307.002834) 000#CDD8ED00109C806C400027000000075F0A0000000E020000FEBF2F8271000000
(1307.002835) 000#0DADDF00000002000B80E2816F7E650037363032463700000000000000000000
(1307.002836) 000#5753F400000000000202000240FF00FF000005000008FE00000000040000FF00
(1307.002837) 000#9D75A20000010000000001008000000000000000000000000000000000000000
(1307.002838) 000#665BEA0010FF07080000FF070000FF01C40A170040FF04FF0000000000000000
(1307.002839) 000#4DB6EA840A52800A0000000000A3020000000000000000000000000000000000
(1307.002840) 000#351FEE2B007F2E002C002C00007F2700460000401404040B0025009F00020000
(1307.002841) 000#0733EE00109C806C400027000000075F0A0000000E020000FEBF2F8271000000
(1307.002842) 000#54B9E0000000020005809781847E650037363032463700000000000000000000
(1307.002843) 000#F5F4EB0001000000000080808080000800000000100000000000000000000000
(1307.002844) 000#110AF500000000000202000240FF00FF000005000008FE00000000040000FF00
(1307.002845) 000#F7FAEE1001050410000000000000000000000000007200000000000000000000
(1307.002846) 000#2002EB0010FF07080000FF070000FF01C40A170040FF04FF0000000000000000
(1307.002847) 000#827CEB900A52880A0000000000A5020000000000000000000000000000000000
(1307.002848) 000#69E9E9FEF77F6400000000001E0C0200FFF33F0000000000FF07000000000000
(1307.002849) 000#42A0EF2B007F2E002B002B00007F2700460000401404080B0025009F00020000
(1307.002850) 000#416AEF00109C806C400027000000075F0A0000000E020000FEBF2F8271000000
(1307.002851) 000#9BF3E100000002000B80B981767E650037363032463700000000000000000000
(1307.002852) 000#DBE1F600000000000202000240FF00FF000005000008FE00000000040000FF00
(1307.002853) 000#D39CEC0010FF07080000FF070000FF01C40A170040FF04FF0000000000000000
(1307.002854) 000#1A1EEC900A528C0A0000000000A6020000000000000000000000000000000000
(1307.002855) 000#AE0BF02B007F2E002B002B00007F2700460000401404000B0025009F00020000
(1307.002856) 000#05DAF000109C806C400027000000075F0A0000000E020000FEBF2F8271000000
(1307.002857) 000#0654E200000002000E80DB816F7E650037363032463700000000000000000000
(1307.002858) 000#066AEC0001000000000080808080000800000000100000000000000000000000
(1307.002859) 000#9DB8F700000000000202000240FF00FF000005000008FE00000000040000FF00
(1307.002860) 000#B1A3EF1001050410000000000000000000000000007200000000000000000000
(1307.002861) 000#95C5ED0010FF07080000FF070000FF01C40A170040FF04FF0000000000000000
(1307.002862) 000#E894ED7C0A52840A0000000000A4020000000000000000000000000000000000
(1307.002863) 000#A302EAFEF77F6400000000001E0C0200FFF33F0000000000FF07000000000000
(1307.002864) 000#E852F12B007F2E002B002B00007F2700460000401404000B0025009F00020000
(1307.002865) 000#5C2FF100109C806C400027000000075D0A0000000E020000FEBF2F8271000000
(1307.002866) 000#F60DE300000002000580C0817D7E650037363032463700000000000000000000
(1307.002867) 000#1CCCF800000000000202000240FF00FF000005000008FE00000000040000FF00
(1307.002868) 000#5F2EEE0010FF07080000FF070000FF01C40A170040FF04FF0000000000000000
(1307.002869) 000#F2E4EE7C0A52800A0000000000A3020000000000000000000000000000000000
(1307.002870) 000#9FA4F22B007F2E002C002C00007F2700460000401404F80A0025009F00020000
(1307.002871) 000#96C4F200109C806C400027000000075D0A0000000E020000FEBF2F8271000000
(1307.002872) 000#C9A8E400000002000080E281767E650037363032463700000000000000000000
(1307.002873) 000#4033ED0001000000000080808080000800000000100000000000000000000000
(1307.002874) 000#5A95F900000000000202000240FF00FF000005000008FE00000000040000FF00
(1307.002875) 000#F513F01001050410000000000000000000000000007200000000000000000000
(1307.002876) 000#1977EF0010FF07080000FF070000FF01C40A170040FF04FF0000000000000000
(1307.002877) 000#AE39EF8C0A52840A0000000000A3020000000000000000000000000000000000
(1307.002878) 000#DB2CA30000010000000001008000000000000000000000000000000000000000
(1307.002879) 000#E55BEBFEF77F6400000000001E0C0200FFF33F0000000000FF07000000000000
(1307.002880) 000#33FBF32B007F2E002C002C00007F2700460000401404FA0A0025009F00020000
(1307.002881) 000#CF31F300109C806C400027000000075F0A0000000E020000FEBF2F8271000000
(1307.002882) 000#A0EFE500000002000E80C081627E650037363032463700000000000000000000
(1307.002883) 000#907EFA00000000000202000240FF00FF000005000008FE00000000040000FF00
(1307.002884) 000#5DC7F00010FF07080000FF070000FF01C40A170040FF04FF0000000000000000
(1307.002885) 000#096CF0900A52880A0000000000A4020000000000000000000000000000000000
(1307.002886) 000#C065F42B007F2E002C002C00007F2700460000401404FA0A0025009F00020000
(1307.002887) 000#3CAFF400109C806C400027000000075F0A0000000E020000FEBF2F8271000000
(1307.002888) 000#B035E600000002000880CE817D7E650037363032463700000000000000000000
(1307.002889) 000#8AD8EE0001000000000080808080000800000000100000000000000000000000
(1307.002890) 000#D627FB00000000000202000240FF00FF000005000008FE00000000040000FF00
(1307.002891) 000#B34AF11001050410000000000000000000000000007200000000000000000000
(1307.002892) 000#1B9EF10010FF07080000FF070000FF01C40A170040FF04FF0000000000000000
(1307.002893) 000#1B67F1880A52880A0000000000A4020000000000000000000000000000000000
(1307.002894) 000#16C5ECFEF77F6400000000001E0C0200FFF33F0000000000FF07000000000000
(1307.002895) 000#863CF52B007F2E002C002C00007F2700460000401404FA0A0025009F00020000
(1307.002896) 000#7AF6F500109C806C400027000000075F0A0000000E020000FEBF2F8271000000
(1307.002897) 000#8B2633401B5E8D0000005D1C5B012C00000000000000402335D54017A0140000
(1307.002898) 000#378AE700000002000580CE81767E650037363032463700000000000000000000
(1307.002899) 000#25B9FC00000000000202000240FF00FF000005000008FE00000000040000FF00
(1307.002900) 000#D175F20010FF07080000FF070000FF01C40A170040FF04FF0000000000000000
(1307.002901) 000#AA0AF2840A52840A0000000000A3020000000000000000000000000000000000
(1307.002902) 000#00A0F62C007F2E002C002C00007F2700460000401404020B0025009F00020000
(1307.002903) 000#B01DF600109C806C400027000000075F0A0000000E020000FEBF2F8271000000
(1307.002904) 000#1AB1E800000002000B80D581917E650037363032463700000000000000000000
(1307.002905) 000#CC81EF0001000000000080808080000800000000100000000000000000000000
(1307.002906) 000#63E0FD00000000000202000240FF00FF000005000008FE00000000040000FF00
(1307.002907) 000#79A1F21001050410000000000000000000000000007200000000000000000000
(1307.002908) 000#972CF30010FF07080000FF070000FF01C40A170040FF04FF0000000000000000
(1307.002909) 000#5AD9F3800A52800A0000000000A3020000000000000000000000000000000000
(1307.002910) 000#509CEDFEF77F6400000000001E0C0200FFF33F0000000000FF07000000000000
(1307.002911) 000#9D19F72C007F2E002B002B00007F27004600004014040C0B0025009F00020000
(1307.002912) 000#F644F700109C806C400027000000075F0A0000000E020000FEBF2F8271000000
(1307.002913) 000#A015E900000002000880B9817D7E650037363032463700000000000000000000
(1307.002914) 000#A90BFE00000000000202000240FF00FF000005000008FE00000000040000FF00
(1307.002915) 000#64B2F40010FF07080000FF070000FF01C40A170040FF04FF0000000000000000
(1307.002916) 000#B5EDF4880A52840A0000000000A4020000000000000000000000000000000000
(1307.002917) 000#5840F82C007F2E002B002B00007F27004600004014040C0B0026009F00020000
(1307.002918) 000#7730F800109C806C400027000000075F0A0000000E020000FEBF2F8271000000
(1307.002919) 000#A1C8EA0000000200FE7FC0814D7E650037363032463700000000000000000000
(1307.002920) 000#8831F00001000000000080808080000800000000100000000000000000000000
(1307.002921) 000#EF52FF00000000000202000240FF00FF000005000008FE00000000040000FF00
(1307.002922) 000#3FF8F31001050410000000000000000000000000007200000000000000000000
(1307.002923) 000#28B2A40000010000000001008000000000000000000000000000000000000000
(1307.002924) 000#22EBF50010FF07080000FF070000FF01C40A170040FF04FF0000000000000000
(1307.002925) 000#F3B4F5880A52840A0000000000A4020000000000000000000000000000000000
(1307.002926) 000#9A77EEFEF77F6400000000001E0C0200FFF33F0000000000FF07000000000000
(1307.002927) 000#4885F92B007F2E002B002B00007F27004600004014040E0B0026009F00020000
(1307.002928) 000#3169F900109C806C400027000000075F0A0000000E020000FEBF2F8271000000
(1307.002929) 000#DC32EB00000002000080CE81627E650037363032463700000000000000000000
(1307.002930) 000#991E0000000000000202000240FF00FF000005000008FE00000000040000FF00
(1307.002931) 000#E800F60010FF07080000FF070000FF01C40A170040FF04FF0000000000000000
(1307.002932) 000#1376F6840A52840A0000000000A4020000000000000000000000000000000000
(1307.002933) 000#826EFA2B007F2E002B002B00007F27004600004014040E0B0026009F00020000
(1307.002934) 000#FB82FA00109C806C400027000000075F0A0000000E020000FEBF2F8271000000
(1307.002935) 000#EB48EC00000002000E80CE81917E650037363032463700000000000000000000
(1307.002936) 000#CE68F10001000000000080808080000800000000100000000000000000000000
(1307.002937) 000#DF470100000000000202000240FF00FF000005000008FE00000000040000FF00
(1307.002938) 000#CC66F41001050410000000000000000000000000007200000000000000000000
(1307.002939) 000#AE59F70010FF07080000FF070000FF01C40A170040FF04FF0000000000000000
(1307.002940) 000#81C3F7940A528C0A0000000000A6020000000000000000000000000000000000
(1307.002941) 000#DC2EEFFEF77F6400000000001E0C0200FFF33F0000000000FF07000000000000
(1307.002942) 000#C437FB2B007F2E002B002B00007F27004600004014040E0B0026009F00020000
(1307.002943) 000#BDDBFB00109C806C400027000000075F0A0000000E020000FEBF2F8271000000
(1307.002944) 000#AA25ED00000002000580E981697E650037363032463700000000000000000000
(1307.002945) 000#15AC0200000000000202000240FF00FF000005000008FE00000000040000FF00
(1307.002946) 000#2F2DF80010FF07080000FF070000FF01C40A170040FF04FF0000000000000000
(1307.002947) 000#0F84F8980A52900A0000000000A7020000000000000000000000000000000000
(1307.002948) 000#37A9FC2B007F2E002B002B00007F27004600004014040E0B0026009F00020000
(1307.002949) 000#51E9FC00109C806C400027000000075D0A0000000E020000FEBF2F8271000000
(1307.002950) 000#7C2AEE00000002000280E981847E650037363032463700000000000000000000
(1307.002951) 000#0483F20001000000000080808080000800000000100000000000000000000000
(1307.002952) 000#53F50300000000000202000240FF00FF000005000008FE00000000040000FF00
(1307.002953) 000#8A3FF51001050410000000000000000000000000007200000000000000000000
(1307.002954) 000#6974F90010FF07080000FF070000FF01C40A170040FF04FF0000000000000000
(1307.002955) 000#5ABAF9A00A52980A0000000000A8020000000000000000000000000000000000
(1307.002956) 000#989EF0FEF77F6400000000001E0C0200FFF33F0000000000FF07000000000000
(1307.002957) 000#A5FDFD2B007F2E002B002B00007F27004600004014040A0B0026009F00020000
(1307.002958) 000#17B0FD00109C806C400027000000075D0A0000000E020000FEBF2F8271000000
(1307.002959) 000#A27FEF00000002000E80DB81847E650037363032463700000000000000000000
(1307.002960) 000#A06B0400000000000202000240FF00FF000005000008FE00000000040000FF00
(1307.002961) 000#A39FFA0010FF07080000FF070000FF01C40A170040FF04FF0000000000000000
(1307.002962) 000#3616FAA00A529C0A0000000000A9020000000000000000000000000000000000
(1307.002963) 000#2D0BFE2B007F2E002B002B00007F2700460000401404000B0026009F00020000
(1307.002964) 000#DD5BFE00109C806C400027000000075D0A0000000E020000FEBF2F8271000000
(1307.002965) 000#B944F000000002000E80DB817D7E650037363032463700000000000000000000
(1307.002966) 000#42DAF30001000000000080808080000800000000100000000000000000000000
(1307.002967) 000#E6320500000000000202000240FF00FF000005000008FE00000000040000FF00
(1307.002968) 000#40D4F61001050410000000000000000000000000007200000000000000000000
(1307.002969) 000#6EEBA50000010000000001008000000000000000000000000000000000000000
(1307.002970) 000#E5C6FB0010FF07080000FF070000FF01C40A170040FF04FF0000000000000000
(1307.002971) 000#ABD9FB880A52900A0000000000A6020000000000000000000000000000000000
(1307.002972) 000#DEC7F1FEF77F6400000000001E0C0200FFF33F0000000000FF07000000000000
(1307.002973) 000#6B52FF2B007F2E002B002B00007F2700460000401404000B0026009F00020000
(1307.002974) 000#9B02FF00109C806C400027000000075D0A0000000E020000FEBF2F8271000000
(1307.002975) 000#C4D534401B5E8E0000005D1C5B012C00000000000000402335D54017A0140000
(1307.002976) 000#F3DFF100000002001380CE817D7E650037363032463700000000000000000000
(1307.002977) 000#2CD90600000000000202000240FF00FF000005000008FE00000000040000FF00
(1307.002978) 000#1658FC0010FF07080000FF070000FF01C40A170040FF04FF0000000000000000
(1307.002979) 000#CA5DFC840A52880A0000000000A5020000000000000000000000000000000000
(1307.002980) 000#EDF3002B007F2E002B002B00007F2700460000401404F80A0026009F00020000
(1307.002981) 000#ED4E0000109C806C400027000000075D0A0000000E020000FEBF2F8271000000
(1307.002982) 000#2962F200000002000080C081987E650037363032463700000000000000000000
(1307.002983) 000#B144F40001000000000080808080000800000000100000000000000000000000
(1307.002984) 000#6A800700000000000202000240FF00FF000005000008FE00000000040000FF00
(1307.002985) 000#068DF71001050410000000000000000000000000007200000000000000000000
(1307.002986) 000#5001FD0010FF07080000FF070000FF01C40A170040FF04FF0000000000000000
(1307.002987) 000#867DFD980A52900A0000000000A6020000000000000000000000000000000000
(1307.002988) 000#142CF2FEF77F6400000000001E0C0200FFF33F0000000000FF07000000000000
(1307.002989) 000#FCB1012B007F2E002C002C00007F2700460000401404020B0026009F00020000
(1307.002990) 000#AB170100109C806C400027000000075D0A0000000E020000FEBF2F8271000000
(1307.002991) 000#D752F300000002000280E2817D7E650037363032463700000000000000000000
(1307.002992) 000#EBF40800000000000202000240FF00FF000005000008FE00000000040000FF00
(1307.002993) 000#9AEAFE0010FF07080000FF070000FF01C40A170040FF04FF0000000000000000
(1307.002994) 000#EAD1FE980A52940A0000000000A7020000000000000000000000000000000000
(1307.002995) 000#7BAA022B007F2E002B002B00007F2700460000401404020B0026009F00020000
(1307.002996) 000#7E500200109C806C400027000000075F0A0000000E020000FEBF2F8271000000
(1307.002997) 000#8BE9F400000002001380CE81697E650037363032463700000000000000000000
(1307.002998) 000#F71DF50001000000000080808080000800000000100000000000000000000000
(1307.002999) 000#ADAD0900000000000202000240FF00FF000005000008FE00000000040000FF00
(1307.003000) 000#87F9F81001050410000000000000000000000000007200000000000000000000
(1307.003001) 000#DCB3FF0010FF07080000FF070000FF01C40A170040FF04FF0000000000000000
(1307.003002) 000#AC88FF980A52940A0000000000A7020000000000000000000000000000000000
(1307.003003) 000#5275F3FEF77F6400000000001E0C0200FFF33F0000000000FF07000000000000
(1307.003004) 000#E9FE032B007F2E002B002B00007F2700460000401404060B0026009F00020000
(1307.003005) 000#38090300109C806C400027000000075F0A0000000E020000FEBF2F8271000000
(1307.003006) 000#3CCCF500000002001380CE816F7E650037363032463700000000000000000000
(1307.003007) 000#67460A00000000000202000240FF00FF000005000008FE00000000040000FF00
(1307.003008) 000#AAFF000010FF07080000FF070000FF01C40A170040FF04FF0000000000000000
(1307.003009) 000#A400A60000010000000001008000000000000000000000000000000000000000
(1307.003010) 000#B0B200900A52900A0000000000A6020000000000000000000000000000000000
(1307.003011) 000#EA8D042B007F2E002B002B00007F2700460000401404FE0A0026009F00020000
(1307.003012) 000#D43B0400109C806C400027000000075D0A0000000E020000FEBF2F8271000000
(1307.003013) 000#9115F600000002001380B9817D7E650037363032463700000000000000000000
(1307.003014) 000#3DF6F60001000000000080808080000800000000100000000000000000000000
(1307.003015) 000#211F0B00000000000202000240FF00FF000005000008FE00000000040000FF00
(1307.003016) 000#C1A0F91001050410000000000000000000000000007200000000000000000000
(1307.003017) 000#ECA6010010FF07080000FF070000FF01C40A170040FF04FF0000000000000000
(1307.003018) 000#AC00018C0A528C0A0000000000A5020000000000000000000000000000000000
(1307.003019) 000#A1EBF4FEF77F6400000000001E0C0200FFF33F0000000000FF07000000000000
(1307.003020) 000#78D9052B007F2E002B002B00007F2700460000401404FA0A0026009F00020000
(1307.003021) 000#92620500109C806C400027000000075D0A0000000E020000FEBF2F8271000000
(1307.003022) 000#0E4AF700000002000E80AC818B7E650037363032463700000000000000000000
(1307.003023) 000#D2810C00000000000202000240FF00FF000005000008FE00000000040000FF00
(1307.003024) 000#264D020010FF07080000FF070000FF01C40A170040FF04FF0000000000000000
(1307.003025) 000#DA1802940A52900A0000000000A6020000000000000000000000000000000000
(1307.003026) 000#FFC2062B007F2E002C002C00007F2700460000401404FA0A0026009F00020000
(1307.003027) 000#58890600109C806C400027000000075D0A0000000E020000FEBF2F8271000000
(1307.003028) 000#88E8F800000002000580D581847E650037363032463700000000000000000000
(1307.003029) 000#7BAFF70001000000000080808080000800000000100000000000000000000000
(1307.003030) 000#94D80D00000000000202000240FF00FF000005000008FE00000000040000FF00
(1307.003031) 000#0B4BFA1001050410000000000000000000000000007200000000000000000000
(1307.003032) 000#6014030010FF07080000FF070000FF01C40A170040FF04FF0000000000000000
(1307.003033) 000#C6AA03880A528C0A0000000000A5020000000000000000000000000000000000
(1307.003034) 000#E7B2F5FEF77F6400000000001E0C0200FFF33F0000000000FF07000000000000
(1307.003035) 000#2066072B007F2E002B002B00007F2700460000401404FE0A0026009F00020000
(1307.003036) 000#1ED00700109C806C400027000000075D0A0000000E020000FEBF2F8271000000
(1307.003037) 000#B31DF900000002000B80C0816F7E650037363032463700000000000000000000
(1307.003038) 000#5E330E00000000000202000240FF00FF000005000008FE00000000040000FF00
(1307.003039) 000#938A040010FF07080000FF070000FF01C40A170040FF04FF0000000000000000
(1307.003040) 000#B95A04840A52880A0000000000A4020000000000000000000000000000000000
(1307.003041) 000#6FF4082B007F2E002B002B00007F2700460000401404000B0026009F00020000
(1307.003042) 000#9FA40800109C806C400027000000075D0A0000000E020000FEBF2F8271000000
(1307.003043) 000#8F59FA00000002000E80E281697E650037363032463700000000000000000000
(1307.003044) 000#FADBF80001000000000080808080000800000000100000000000000000000000
(1307.003045) 000#186A0F00000000000202000240FF00FF000005000008FE00000000040000FF00
(1307.003046) 000#4D12FB1001050410000000000000000000000000007200000000000000000000
(1307.003047) 000#E259A70000010000000001008000000000000000000000000000000000000000
(1307.003048) 000#D5D3050010FF07080000FF070000FF01C40A170040FF04FF0000000000000000
(1307.003049) 000#273F05900A528C0A0000000000A5020000000000000000000000000000000000
(1307.003050) 000#2D59F6FEF77F6400000000001E0C0200FFF33F0000000000FF07000000000000
(1307.003051) 000#29AD092B007F2E002B002B00007F2700460000401404000B0026009F00020000
(1307.003052) 000#D9FD0900109C806C400027000000075D0A0000000E020000FEBF2F8271000000
(1307.003053) 000#828C35401B5E8E0000005D1C5B012C00000000000000402335D54017A0140000
(1307.003054) 000#AD60FB00000002000E80E981847E650037363032463700000000000000000000
(1307.003055) 000#5CDA1000000000000202000240FF00FF000005000008FE00000000040000FF00
(1307.003056) 000#1F38060010FF07080000FF070000FF01C40A170040FF04FF0000000000000000
(1307.003057) 000#E36D06940A52900A0000000000A6020000000000000000000000000000000000
(1307.003058) 000#B45D0A2B007F2E002C002C00007F2700460000401404FA0A0026009F00020000
(1307.003059) 000#13160A00109C806C400027000000075D0A0000000E020000FEBF2F8271000000
(1307.003060) 000#91A8FC00000002001380D5817D7E650037363032463700000000000000000000
(1307.003061) 000#BC82F90001000000000080808080000800000000100000000000000000000000
(1307.003062) 000#1A831100000000000202000240FF00FF000005000008FE00000000040000FF00
(1307.003063) 000#BE8CFC1001050410000000000000000000000000007200000000000000000000
(1307.003064) 000#5961070010FF07080000FF070000FF01C40A170040FF04FF0000000000000000
(1307.003065) 000#295A07980A52940A0000000000A7020000000000000000000000000000000000
(1307.003066) 000#6B00F7FEF77F6400000000001E0C0200FFF33F0000000000FF07000000000000
(1307.003067) 000#8E120B2B007F2E002C002C00007F2700460000401404F60A0026009F00020000
(1307.003068) 000#554F0B00109C806C400027000000075D0A0000000E020000FEBF2F8271000000
(1307.003069) 000#6D33FD00000002000580DB816F7E650037363032463700000000000000000000
(1307.003070) 000#D0681200000000000202000240FF00FF000005000008FE00000000040000FF00
(1307.003071) 000#D815080010FF07080000FF070000FF01C40A170040FF04FF0000000000000000
(1307.003072) 000#6956089C0A52980A0000000000A8020000000000000000000000000000000000
(1307.003073) 000#7D8C0C2B007F2E002C002C00007F2700460000401404F60A0026009F00020000
(1307.003074) 000#A6D10C00109C806C400027000000075D0A0000000E020000FEBF2F8271000000
(1307.003075) 000#E7BEFE00000002000E80C0816F7E650037363032463700000000000000000000
(1307.003076) 000#7669FA0001000000000080808080000800000000100000000000000000000000
(1307.003077) 000#96311300000000000202000240FF00FF000005000008FE00000000040000FF00
(1307.003078) 000#F8D5FD1001050410000000000000000000000000007200000000000000000000
(1307.003079) 000#9E4C090010FF07080000FF070000FF01C40A170040FF04FF0000000000000000
(1307.003080) 000#364B098C0A52900A0000000000A6020000000000000000000000000000000000
(1307.003081) 000#EA74F8FEF77F6400000000001E0C0200FFF33F0000000000FF07000000000000
(1307.003082) 000#FB590D2C007F2E002C002C00007F2700460000401404FA0A0026009F00020000
(1307.003083) 000#FF240D00109C806C400027000000075F0A0000000E020000FEBF2F8271000000
(1307.003084) 000#649BFF00000002000E80CE817D7E650037363032463700000000000000000000
(1307.003085) 000#65AF1400000000000202000240FF00FF000005000008FE00000000040000FF00
(1307.003086) 000#54A70A0010FF07080000FF070000FF01C40A170040FF04FF0000000000000000
(1307.003087) 000#7E770A840A52880A0000000000A4020000000000000000000000000000000000
(1307.003088) 000#0FB90E2C007F2E002C002C00007F2700460000401404FC0A0026009F00020000
(1307.003089) 000#35CF0E00109C806C400027000000075F0A0000000E020000FEBF2F8271000000
(1307.003090) 000#763A0000000002000E80E981767E650037363032463700000000000000000000
(1307.003091) 000#3030FB0001000000000080808080000800000000100000000000000000000000
(1307.003092) 000#23F61500000000000202000240FF00FF000005000008FE00000000040000FF00
(1307.003093) 000#323EFE1001050410000000000000000000000000007200000000000000000000
(1307.003094) 000#12FE0B0010FF07080000FF070000FF01C40A170040FF04FF0000000000000000
(1307.003095) 000#F41F0B8C0A52880A0000000000A4020000000000000000000000000000000000
(1307.003096) 000#AC2DF9FEF77F6400000000001E0C0200FFF33F0000000000FF07000000000000
(1307.003097) 000#EE160F2C007F2E002B002B00007F2700460000401404FE0A0026009F00020000
(1307.003098) 000#73960F00109C806C400027000000075F0A0000000E020000FEBF2F8271000000
(1307.003099) 000#67300100000002000280E281767E650037363032463700000000000000000000
(1307.003100) 000#E91D1600000000000202000240FF00FF000005000008FE00000000040000FF00
(1307.003101) 000#E1600C0010FF07080000FF070000FF01C40A170040FF04FF0000000000000000
(1307.003102) 000#371C0C980A52900A0000000000A6020000000000000000000000000000000000
(1307.003103) 000#632DA80000010000000001008000000000000000000000000000000000000000
(1307.003104) 000#163C102B007F2E002B002B00007F2700460000401404FE0A0026009F00020000
(1307.003105) 000#288A1000109C806C400027000000075D0A0000000E020000FEBF2F8271000000
(1307.003106) 000#0D350200000002000280C081767E650037363032463700000000000000000000
(1307.003107) 000#C3AEFC0001000000000080808080000800000000100000000000000000000000
(1307.003108) 000#AF441700000000000202000240FF00FF000005000008FE00000000040000FF00
(1307.003109) 000#7467FF1001050410000000000000000000000000007200000000000000000000
(1307.003110) 000#A7390D0010FF07080000FF070000FF01C40A170040FF04FF0000000000000000
(1307.003111) 000#D7020D980A52940A0000000000A7020000000000000000000000000000000000
(1307.003112) 000#66C6FAFEF77F6400000000001E0C0200FFF33F0000000000FF07000000000000
(1307.003113) 000#7485112B007F2E002B002B00007F2700460000401404020B0026009F00020000
(1307.003114) 000#6ED31100109C806C400027000000075D0A0000000E020000FEBF2F8271000000
(1307.003115) 000#35C20300000002000080C781847E650037363032463700000000000000000000
(1307.003116) 000#2E301800000000000202000240FF00FF000005000008FE00000000040000FF00
(1307.003117) 000#6DD20E0010FF07080000FF070000FF01C40A170040FF04FF0000000000000000
(1307.003118) 000#CB6C0E880A528C0A0000000000A5020000000000000000000000000000000000
(1307.003119) 000#6A63122B007F2E002B002B00007F2700460000401404060B0026009F00020000
(1307.003120) 000#A4381200109C806C400027000000075D0A0000000E020000FEBF2F8271000000
(1307.003121) 000#5BFE0400000002000580CE81847E650037363032463700000000000000000000
(1307.003122) 000#85F7FD0001000000000080808080000800000000100000000000000000000000
(1307.003123) 000#68691900000000000202000240FF00FF000005000008FE00000000040000FF00
(1307.003124) 000#022B001001050410000000000000000000000000007200000000000000000000
(1307.003125) 000#2B8B0F0010FF07080000FF070000FF01C40A170040FF04FF0000000000000000
(1307.003126) 000#DDA70F880A52880A0000000000A5020000000000000000000000000000000000
(1307.003127) 000#209FFBFEF77F6400000000001E0C0200FFF33F0000000000FF07000000000000
(1307.003128) 000#2C3A132B007F2E002B002B00007F2700460000401404060B0026009F00020000
(1307.003129) 000#FDCD1300109C806C400027000000075F0A0000000E020000FEBF2F8271000000
(1307.003130) 000#436636401B5D8E0000005D1C5B012C00000000000000402335D54017A0140000
(1307.003131) 000#69E80500000002000280D5817D7E650037363032463700000000000000000000
(1307.003132) 000#A2821A00000000000202000240FF00FF000005000008FE00000000040000FF00
(1307.003133) 000#6F3B100010FF07080000FF070000FF01C40A170040FF04FF0000000000000000
(1307.003134) 000#A6B910900A528C0A0000000000A6020000000000000000000000000000000000
(1307.003135) 000#DFA4142B007F2E002B002B00007F2700460000401404060B0026009F00020000
(1307.003136) 000#0E531400109C806C400027000000075F0A0000000E020000FEBF2F8271000000
(1307.003137) 000#684F0600000002000E80F7817D7E650037363032463700000000000000000000
(1307.003138) 000#4F1CFE0001000000000080808080000800000000100000000000000000000000
(1307.003139) 000#E4DB1B00000000000202000240FF00FF000005000008FE00000000040000FF00
(1307.003140) 000#4472011001050410000000000000000000000000007200000000000000000000
(1307.003141) 000#2574A90000010000000001008000000000000000000000000000000000000000
(1307.003142) 000#2962110010FF07080000FF070000FF01C40A170040FF04FF0000000000000000
(1307.003143) 000#F56711840A52880A0000000000A5020000000000000000000000000000000000
(1307.003144) 000#D301FCFEF77F6400000000001E0C0200FFF33F0000000000FF07000000000000
(1307.003145) 000#571B152B007F2E002B002B00007F2700460000401404F80A0026009F00020000
(1307.003146) 000#480A1500109C806C400027000000075F0A0000000E020000FEBF2F8271000000
(1307.003147) 000#66810700000002000580E981697E650037363032463700000000000000000000
(1307.003148) 000#17451C00000000000202000240FF00FF000005000008FE00000000040000FF00
(1307.003149) 000#E389120010FF07080000FF070000FF01C40A170040FF04FF0000000000000000
(1307.003150) 000#7EEE12800A52840A0000000000A3020000000000000000000000000000000000
(1307.003151) 000#543A162B007F2E002C002C00007F2700460000401404EC0A0026009F00020000
(1307.003152) 000#9D4D1600109C806C400027000000075D0A0000000E020000FEBF2F8271000000
(1307.003153) 000#63590800000002000B80D581767E650037363032463700000000000000000000
(1307.003154) 000#0945FF0001000000000080808080000800000000100000000000000000000000
(1307.003155) 000#511C1D00000000000202000240FF00FF000005000008FE00000000040000FF00
(1307.003156) 000#8E99021001050410000000000000000000000000007200000000000000000000
(1307.003157) 000#0220130010FF07080000FF070000FF01C00A170040FF04FF0000000000000000
(1307.003158) 000#4331138C0A52880A0000000000A4020000000000000000000000000000000000
(1307.003159) 000#9558FDFEF77F6400000000001E0C0200FFF33F0000000000FF07000000000000
(1307.003160) 000#1263172B007F2E002C002C00007F2700460000401404EC0A0026009F00020000
(1307.003161) 000#DB141700109C806C400027000000075D0A0000000E020000FEBF2F8271000000
(1307.003162) 000#61180900000002000580D581697E650037363032463700000000000000000000
(1307.003163) 000#9BF71E00000000000202000240FF00FF000005000008FE00000000040000FF00
(1307.003164) 000#F1BE140010FF07080000FF070000FF01C00A170040FF04FF0000000000000000
(1307.003165) 000#A4A214900A528C0A0000000000A5020000000000000000000000000000000000
(1307.003166) 000#6B3B182B007F2E002C002C00007F2700460000401404F40A0026009F00020000
(1307.003167) 000#E6411800109C806C400027000000075F0A0000000D020000FEBF2F8271000000
(1307.003168) 000#CE4C0A00000002000880CE81697E650037363032463700000000000000000000
(1307.003169) 000#7F09000001000000000080808080000800000000100000000000000000000000
(1307.003170) 000#DDAE1F00000000000202000240FF00FF000005000008FE00000000040000FF00
(1307.003171) 000#C8C0031001050410000000000000000000000000007200000000000000000000
(1307.003172) 000#1017150010FF07080000FF070000FF01C40A170040FF04FF0000000000000000
(1307.003173) 000#E2FB15900A528C0A0000000000A5020000000000000000000000000000000000
(1307.003174) 000#5FB3FEFEF77F6400000000001E0C0200FFF33F0000000000FF07000000000000
(1307.003175) 000#8579192B007F2E002C002C00007F2700460000401404FC0A0026009F00020000
(1307.003176) 000#A0181900109C806C400027000000075F0A0000000D020000FEBF2F8271000000
(1307.003177) 000#BF350B00000002000880D581847E650037363032463700000000000000000000
(1307.003178) 000#32872000000000000202000240FF00FF000005000008FE00000000040000FF00
(1307.003179) 000#DAFC160010FF07080000FF070000FF01C40A170040FF04FF0000000000000000
(1307.003180) 000#0C8016980A52900A0000000000A6020000000000000000000000000000000000
(1307.003181) 000#4F921A2B007F2E002C002C00007F2700460000401404FC0A0026009F00020000
(1307.003182) 000#6AF31A00109C806C400027000000075F0A0000000D020000FEBF2F8271000000
(1307.003183) 000#7FB10C00000002000880DB81847E650037363032463700000000000000000000
(1307.003184) 000#3950010001000000000080808080000800000000100000000000000000000000
(1307.003185) 000#74DE2100000000000202000240FF00FF000005000008FE00000000040000FF00
(1307.003186) 000#3B5E041001050410000000000000000000000000007200000000000000000000
(1307.003187) 000#9CA5170010FF07080000FF070000FF01C40A170040FF04FF0000000000000000
(1307.003188) 000#EC9E17980A52940A0000000000A7020000000000000000000000000000000000
(1307.003189) 000#EF9FAA0000010000000001008000000000000000000000000000000000000000
(1307.003190) 000#19EAFFFEF77F6400000000001E0C0200FFF33F0000000000FF07000000000000
(1307.003191) 000#DDC61B2B007F2E002C002C00007F2700460000401404F80A0026009F00020000
(1307.003192) 000#2CAA1B00109C806C400027000000075F0A0000000D020000FEBF2F8271000000
(1307.003193) 000#F8130D00000002000580C081987E650037363032463700000000000000000000
(1307.003194) 000#BE352200000000000202000240FF00FF000005000008FE00000000040000FF00
(1307.003195) 000#1DD1180010FF07080000FF070000FF01C40A170040FF04FF0000000000000000
(1307.003196) 000#D11918800A52880A0000000000A4020000000000000000000000000000000000
(1307.003197) 000#524E1C2B007F2E002C002C00007F2700460000401404F40A0026009F00020000
(1307.003198) 000#7CB91C00109C806C400027000000075F0A0000000E020000FEBF2F8271000000
(1307.003199) 000#95370E00000002000880C781847E650037363032463700000000000000000000
(1307.003200) 000#F3BB020001000000000080808080000800000000100000000000000000000000
(1307.003201) 000#F86C2300000000000202000240FF00FF000005000008FE00000000040000FF00
(1307.003202) 000#7D07051001050410000000000000000000000000007200000000000000000000
(1307.003203) 000#5B88190010FF07080000FF070000FF01C40A170040FF04FF0000000000000000
(1307.003204) 000#C6EF19800A52840A0000000000A3020000000000000000000000000000000000
(1307.003205) 000#6FA600FEF77F6400000000001E0C0200FFF33F0000000000FF07000000000000
(1307.003206) 000#14171D2B007F2E002C002C00007F2700460000401404F40A0026009F00020000
(1307.003207) 000#3AE01D00109C806C400027000000075F0A0000000E020000FEBF2F8271000000
(1307.003208) 000#54A337401B5F8D0000005D1C5B012C00000000000000402335D54017A0140000
(1307.003209) 000#63660F0000000200FB7FE981847E650037363032463700000000000000000000
(1307.003210) 000#0BF22400000000000202000240FF00FF000005000008FE00000000040000FF00
(1307.003211) 000#91631A0010FF07080000FF070000FF01C40A170040FF04FF0000000000000000
(1307.003212) 000#C5C81A900A52880A0000000000A4020000000000000000000000000000000000
(1307.003213) 000#F4761E2C007F2E002C002C00007F2700460000401404FA0A0026009F00020000
(1307.003214) 000#F00B1E00109C806C400027000000075F0A0000000E020000FEBF2F8271000000
(1307.003215) 000#9D7B1000000002000880D5817D7E650037363032463700000000000000000000
(1307.003216) 000#B5E2030001000000000080808080000800000000100000000000000000000000
(1307.003217) 000#4DAB2500000000000202000240FF00FF000005000008FE00000000040000FF00
(1307.003218) 000#B7EC061001050410000000000000000000000000007200000000000000000000
(1307.003219) 000#D73A1B0010FF07080000FF070000FF01C40A170040FF04FF0000000000000000
(1307.003220) 000#C3CE1B940A528C0A0000000000A5020000000000000000000000000000000000
(1307.003221) 000#29FF01FEF77F6400000000001E0C0200FFF33F0000000000FF07000000000000
(1307.003222) 000#8C241F2C007F2E002C002C00007F2700460000401404FC0A0026009F00020000
(1307.003223) 000#15DF1F00109C806C400027000000075F0A0000000D020000FEBF2F8271000000
(1307.003224) 000#529A1100000002000B80E981767E650037363032463700000000000000000000
(1307.003225) 000#87402600000000000202000240FF00FF000005000008FE00000000040000FF00
(1307.003226) 000#A9C6AB0000010000000001008000000000000000000000000000000000000000
(1307.003227) 000#24A41C0010FF07080000FF070000FF01C40A170040FF04FF0000000000000000
(1307.003228) 000#245D1C880A52880A0000000000A4020000000000000000000000000000000000
(1307.003229) 000#192B202C007F2E002C002C00007F2700460000401404FA0A0025009F00020000
(1307.003230) 000#FAF62000109C806C400027000000075F0A0000000D020000FEBF2F8271000000
(1307.003231) 000#734A1200000002000880F081767E650037363032463700000000000000000000
(1307.003232) 000#467C040001000000000080808080000800000000100000000000000000000000
(1307.003233) 000#C1192700000000000202000240FF00FF000005000008FE00000000040000FF00
(1307.003234) 000#F1B5071001050410000000000000000000000000007200000000000000000000
(1307.003235) 000#62FD1D0010FF07080000FF070000FF01C40A170040FF04FF0000000000000000
(1307.003236) 000#19821D840A52840A0000000000A3020000000000000000000000000000000000
(1307.003237) 000#E31402FEF77F6400000000001E0C0200FFF33F0000000000FF07000000000000
(1307.003238) 000#E3E8212B007F2E002C002C00007F2700460000401404FA0A0025009F00020000
(1307.003239) 000#8C822100109C806C400028000000075F0A0000000D020000FEBF2F8271000000
(1307.003240) 000#1ED81300000002000E80DB81847E650037363032463700000000000000000000
(1307.003241) 000#406D2800000000000202000240FF00FF000005000008FE00000000040000FF00
(1307.003242) 000#A8161E0010FF07080000FF070000FF01C40A170040FF04FF0000000000000000
(1307.003243) 000#65E31E800A52800A0000000000A3020000000000000000000000000000000000
(1307.003244) 000#C305222B007F2E002C002C00007F2700460000401404F80A0025009F00020000
(1307.003245) 000#D5C92200109C806C400027000000075F0A0000000E020000FEBF2F8271000000
(1307.003246) 000#B4DA1400000002000E80B981767E650037363032463700000000000000000000
(1307.003247) 000#0025050001000000000080808080000800000000100000000000000000000000
(1307.003248) 000#06342900000000000202000240FF00FF000005000008FE00000000040000FF00
(1307.003249) 000#70C1081001050410000000000000000000000000007200000000000000000000
(1307.003250) 000#EE4F1F0010FF07080000FF070000FF01C40A170040FF04FF0000000000000000
(1307.003251) 000#23BA1F800A52800A0000000000A3020000000000000000000000000000000000
(1307.003252) 000#A54D03FEF77F6400000000001E0C0200FFF33F0000000000FF07000000000000
(1307.003253) 000#F94A232B007F2E002C002C00007F2700460000401404F40A0025009F00020000
(1307.003254) 000#93902300109C806C400027000000075F0A0000000E020000FEBF2F8271000000
(1307.003255) 000#D3391500000002001980C781847E650037363032463700000000000000000000
(1307.003256) 000#CCDF2A00000000000202000240FF00FF000005000008FE00000000040000FF00
(1307.003257) 000#0166200010FF07080000FF070000FF01C40A170040FF04FF0000000000000000
(1307.003258) 000#D7A8207C0A527C0A0000000000A2020000000000000000000000000000000000
(1307.003259) 000#B64E242C007F2E002C002C00007F2700460000401404F40A0025009F00020000
(1307.003260) 000#600E2400109C806C400027000000075F0A0000000E020000FEBF2F8271000000
(1307.003261) 000#A0FD1600000002000B80C781847E650037363032463700000000000000000000
(1307.003262) 000#CACE060001000000000080808080000800000000100000000000000000000000
(1307.003263) 000#8A862B00000000000202000240FF00FF000005000008FE00000000040000FF00
(1307.003264) 000#3698091001050410000000000000000000000000007200000000000000000000
(1307.003265) 000#473F210010FF07080000FF070000FF01C40A170040FF04FF0000000000000000
(1307.003266) 000#1C1521780A52780A0000000000A1020000000000000000000000000000000000
(1307.003267) 000#56D304FEF77F6400000000001E0C0200FFF33F0000000000FF07000000000000
(1307.003268) 000#241A252C007F2E002C002C00007F2700460000401404F00A0025009F00020000
(1307.003269) 000#26572500109C806C400027000000075F0A0000000E020000FEBF2F8271000000
(1307.003270) 000#6FB71700000002000580E981767E650037363032463700000000000000000000
(1307.003271) 000#79182C00000000000202000240FF00FF000005000008FE00000000040000FF00
(1307.003272) 000#5A58AC0000010000000001008000000000000000000000000000000000000000
(1307.003273) 000#8DD4220010FF07080000FF070000FF01C40A170040FF04FF0000000000000000
(1307.003274) 000#E65322840A527C0A0000000000A1020000000000000000000000000000000000
(1307.003275) 000#EEF1262C007F2E002C002C00007F2700460000401404F00A0025009F00020000
(1307.003276) 000#ECBC2600109C806C400027000000075F0A0000000E020000FEBF2F8271000000
(1307.003277) 000#19131800000002000080C081697E650037363032463700000000000000000000
(1307.003278) 000#8C97070001000000000080808080000800000000100000000000000000000000
(1307.003279) 000#3F412D00000000000202000240FF00FF000005000008FE00000000040000FF00
(1307.003280) 000#FC730A1001050410000000000000000000000000007200000000000000000000
(1307.003281) 000#CB8D230010FF07080000FF070000FF01C40A170040FF04FF0000000000000000
(1307.003282) 000#3C9C23880A52800A0000000000A2020000000000000000000000000000000000
(1307.003283) 000#108A05FEF77F6400000000001E0C0200FFF33F0000000000FF07000000000000
(1307.003284) 000#1432272B007F2E002C002C00007F2700460000401404F00A0025009F00020000
(1307.003285) 000#AAE52700109C806C400027000000075F0A0000000E020000FEBF2F8271000000
(1307.003286) 000#332738401B5E8D0000005D1C5B012C00000000000000402335D54017A0140000
(1307.003287) 000#572D1900000002000880B9817D7E650037363032463700000000000000000000
(1307.003288) 000#F5AA2E00000000000202000240FF00FF000005000008FE00000000040000FF00
(1307.003289) 000#3813240010FF07080000FF070000FF01C40A170040FF04FF0000000000000000
(1307.003290) 000#6CB824900A52880A0000000000A4020000000000000000000000000000000000
(1307.003291) 000#7F40282B007F2E002C002C00007F2700460000401404F20A0025009F00020000
(1307.003292) 000#881C2800109C806C400027000000075F0A0000000D020000FEBF2F8271000000
(1307.003293) 000#51F71A00000002000280F0818B7E650037363032463700000000000000000000
(1307.003294) 000#0DE3080001000000000080808080000800000000100000000000000000000000
(1307.003295) 000#B3F32F00000000000202000240FF00FF000005000008FE00000000040000FF00
(1307.003296) 000#BA2A0B1001050410000000000000000000000000007200000000000000000000
(1307.003297) 000#7E4A250010FF07080000FF070000FF01C40A170040FF04FF0000000000000000
(1307.003298) 000#8CA625900A528C0A0000000000A5020000000000000000000000000000000000
(1307.003299) 000#DA6106FEF77F6400000000001E0C0200FFF33F0000000000FF07000000000000
(1307.003300) 000#BB88292C007F2E002C002C00007F2700460000401404F40A0025009F00020000
(1307.003301) 000#CE452900109C806C400027000000075F0A0000000D020000FEBF2F8271000000
(1307.003302) 000#1A791B00000002000580B981767E650037363032463700000000000000000000
(1307.003303) 000#F7433000000000000202000240FF00FF000005000008FE00000000040000FF00
(1307.003304) 000#B4A1260010FF07080000FF070000FF01C40A170040FF04FF0000000000000000
(1307.003305) 000#09A626780A52800A0000000000A2020000000000000000000000000000000000
(1307.003306) 000#0D752A2C007F2E002C002C00007F2700460000401404F80A0025009F00020000
(1307.003307) 000#04AE2A00109C806C400027000000075F0A0000000D020000FEBF2F8271000000
(1307.003308) 000#E9E71C00000002000580B981767E650037363032463700000000000000000000
(1307.003309) 000#4BBA090001000000000080808080000800000000100000000000000000000000
(1307.003310) 000#B11A3100000000000202000240FF00FF000005000008FE00000000040000FF00
(1307.003311) 000#49B40C1001050410000000000000000000000000007200000000000000000000
(1307.003312) 000#F2F8270010FF07080000FF070000FF01C40A170040FF04FF0000000000000000
(1307.003313) 000#C22E27780A527C0A0000000000A2020000000000000000000000000000000000
(1307.003314) 000#1C01AD0000010000000001008000000000000000000000000000000000000000
(1307.003315) 000#9C3807FEF77F6400000000001E0C0200FFF33F0000000000FF07000000000000
(1307.003316) 000#4B2C2B2C007F2E002C002C00007F2700460000401404F80A0025009F00020000
(1307.003317) 000#42F72B00109C806C400027000000075F0A0000000D020000FEBF2F8271000000
(1307.003318) 000#3EAE1D00000002000080C081847E650037363032463700000000000000000000
(1307.003319) 000#7BF13200000000000202000240FF00FF000005000008FE00000000040000FF00
(1307.003320) 000#738C280010FF07080000FF070000FF01C40A170040FF04FF0000000000000000
(1307.003321) 000#724828880A52800A0000000000A3020000000000000000000000000000000000
(1307.003322) 000#04282C2B007F2E002C002C00007F2700460000401404F80A0025009F00020000
(1307.003323) 000#12E42C00109C806C400027000000075F0A0000000E020000FEBF2F8271000000
(1307.003324) 000#A4B31E00000002000880B9817D7E650037363032463700000000000000000000
(1307.003325) 000#81510A0001000000000080808080000800000000100000000000000000000000
(1307.003326) 000#3DA83300000000000202000240FF00FF000005000008FE00000000040000FF00
(1307.003327) 000#0FED0D1001050410000000000000000000000000007200000000000000000000
(1307.003328) 000#35D5290010FF07080000FF070000FF01C40A170040FF04FF0000000000000000
(1307.003329) 000#829B298C0A52840A0000000000A3020000000000000000000000000000000000
(1307.003330) 000#1D4C08FEF77F6400000000001E0C0200FFF33F0000000000FF07000000000000
(1307.003331) 000#A8772D2B007F2E002C002C00007F2700460000401404FA0A0025009F00020000
(1307.003332) 000#F7302D00109C806C400027000000075F0A0000000D020000FEBF2F8271000000
(1307.003333) 000#8B4C1F00000002000880C081767E650037363032463700000000000000000000
(1307.003334) 000#CE363400000000000202000240FF00FF000005000008FE00000000040000FF00
(1307.003335) 000#FF3E2A0010FF07080000FF070000FF01C40A170040FF04FF0000000000000000
(1307.003336) 000#19DF2A8C0A52880A0000000000A4020000000000000000000000000000000000
(1307.003337) 000#629C2E2B007F2E002C002C00007F2700460000401404FA0A0025009F00020000
(1307.003338) 000#9E562E00109C806C400027000000075F0A0000000E020000FEBF2F8271000000
(1307.003339) 000#46022000000002000280E281697E650037363032463700000000000000000000
(1307.003340) 000#C7080B0001000000000080808080000800000000100000000000000000000000
(1307.003341) 000#886F3500000000000202000240FF00FF000005000008FE00000000040000FF00
(1307.003342) 000#C5060E1001050410000000000000000000000000007200000000000000000000
(1307.003343) 000#B9672B0010FF07080000FF070000FF01C40A170040FF04FF0000000000000000
(1307.003344) 000#C2182B840A52840A0000000000A3020000000000000000000000000000000000
(1307.003345) 000#5B1509FEF77F6400000000001E0C0200FFF33F0000000000FF07000000000000
(1307.003346) 000#A7D32F2B007F2E002B002B00007F2700460000401404040B0025009F00020000
(1307.003347) 000#D80F2F00109C806C400027000000075F0A0000000E020000FEBF2F8271000000
(1307.003348) 000#F2E72100000002000B80DB816F7E650037363032463700000000000000000000
(1307.003349) 000#42843600000000000202000240FF00FF000005000008FE00000000040000FF00
(1307.003350) 000#4AF92C0010FF07080000FF070000FF01C40A170040FF04FF0000000000000000
(1307.003351) 000#870C2C800A52800A0000000000A3020000000000000000000000000000000000
(1307.003352) 000#7573302B007F2E002B002B00007F27004600004014040A0B0025009F00020000
(1307.003353) 000#9CBF3000109C806C400027000000075F0A0000000E020000FEBF2F8271000000
(1307.003354) 000#9C742200000002000E80B381697E650037363032463700000000000000000000
(1307.003355) 000#34960C0001000000000080808080000800000000100000000000000000000000
(1307.003356) 000#04DD3700000000000202000240FF00FF000005000008FE00000000040000FF00
(1307.003357) 000#835F0F1001050410000000000000000000000000007200000000000000000000
(1307.003358) 000#0CA02D0010FF07080000FF070000FF01C40A170040FF04FF0000000000000000
(1307.003359) 000#DDFF2D880A52840A0000000000A4020000000000000000000000000000000000
(1307.003360) 000#D6EAAE0000010000000001008000000000000000000000000000000000000000
(1307.003361) 000#91FE0AFEF77F6400000000001E0C0200FFF33F0000000000FF07000000000000
(1307.003362) 000#332A312B007F2E002B002B00007F27004600004014040A0B0025009F00020000
(1307.003363) 000#DAE63100109C806C400027000000075F0A0000000E020000FEBF2F8271000000
(1307.003364) 000#938E39401B5F8D0000005D1C5B012C00000000000000402335D54017A0140000
(1307.003365) 000#9B832300000002000880AC817D7E650037363032463700000000000000000000
(1307.003366) 000#85A93800000000000202000240FF00FF000005000008FE00000000040000FF00
(1307.003367) 000#C64B2E0010FF07080000FF070000FF01C40A170040FF04FF0000000000000000
(1307.003368) 000#0BBE2E800A52800A0000000000A3020000000000000000000000000000000000
(1307.003369) 000#13C7322B007F2E002B002B00007F2700460000401404080B0025009F00020000
(1307.003370) 000#100D3200109C806C400027000000075F0A0000000E020000FEBF2F8271000000
(1307.003371) 000#11D22400000002000E80AC815B7E650037363032463700000000000000000000
(1307.003372) 000#72CF0D0001000000000080808080000800000000100000000000000000000000
(1307.003373) 000#C3F03900000000000202000240FF00FF000005000008FE00000000040000FF00
(1307.003374) 000#C7EF101001050410000000000000000000000000007200000000000000000000
(1307.003375) 000#80122F0010FF07080000FF070000FF01C40A170040FF04FF0000000000000000
(1307.003376) 000#56DC2F7C0A527C0A0000000000A2020000000000000000000000000000000000
(1307.003377) 000#D7A70BFEF77F6400000000001E0C0200FFF33F0000000000FF07000000000000
(1307.003378) 000#8193332B007F2E002B002B00007F27004600004014040C0B0025009F00020000
(1307.003379) 000#56543300109C806C400027000000075F0A0000000E020000FEBF2F8271000000
(1307.003380) 000#052B2500000002000280A581847E650037363032463700000000000000000000
(1307.003381) 000#091B3A00000000000202000240FF00FF000005000008FE00000000040000FF00
(1307.003382) 000#C4A2300010FF07080000FF070000FF01C40A170040FF04FF0000000000000000
(1307.003383) 000#C56630880A52800A0000000000A3020000000000000000000000000000000000
(1307.003384) 000#DC26342B007F2E002B002B00007F27004600004014040E0B0026009F00020000
(1307.003385) 000#A5CA3400109C806C400027000000075F0A0000000E020000FEBF2F8271000000
(1307.003386) 000#E9BB2600000002000580AC81697E650037363032463700000000000000000000
(1307.003387) 000#B8240E0001000000000080808080000800000000100000000000000000000000
(1307.003388) 000#4F423B00000000000202000240FF00FF000005000008FE00000000040000FF00
(1307.003389) 000#81B6111001050410000000000000000000000000007200000000000000000000
(1307.003390) 000#82FB310010FF07080000FF070000FF01C40A170040FF04FF0000000000000000
(1307.003391) 000#B5BC318C0A52840A0000000000A4020000000000000000000000000000000000
(1307.003392) 000#24390CFEF77F6400000000001E0C0200FFF33F0000000000FF07000000000000
(1307.003393) 000#9A7F352B007F2E002B002B00007F27004600004014040E0B0026009F00020000
(1307.003394) 000#FC3F3500109C806C400027000000075D0A0000000E020000FEBF2F8271000000
(1307.003395) 000#A6162700000002000E80C781547E650037363032463700000000000000000000
(1307.003396) 000#BCDC3C00000000000202000240FF00FF000005000008FE00000000040000FF00
(1307.003397) 000#90B3AF0000010000000001008000000000000000000000000000000000000000
(1307.003398) 000#4810320010FF07080000FF070000FF01C40A170040FF04FF0000000000000000
(1307.003399) 000#678A32940A528C0A0000000000A6020000000000000000000000000000000000
(1307.003400) 000#5094362B007F2E002B002B00007F27004600004014040E0B0026009F00020000
(1307.003401) 000#36D43600109C806C400027000000075D0A0000000E020000FEBF2F8271000000
(1307.003402) 000#FE7D0F0001000000000080808080000800000000100000000000000000000000
(1307.003403) 000#3B852800000002000080B381547E650037363032463700000000000000000000
(1307.003404) 000#FA853D00000000000202000240FF00FF000005000008FE00000000040000FF00
(1307.003405) 000#4B5D121001050410000000000000000000000000007200000000000000000000
(1307.003406) 000#0E49330010FF07080000FF070000FF01C40A170040FF04FF0000000000000000
(1307.003407) 000#6EAC339C0A52940A0000000000A8020000000000000000000000000000000000
(1307.003408) 000#62600DFEF77F6400000000001E0C0200FFF33F0000000000FF07000000000000
(1307.003409) 000#54D0372B007F2E002B002B00007F2700460000401404040B0026009F00020000
(1307.003410) 000#708D3700109C806C400027000000075D0A0000000E020000FEBF2F8271000000
(1307.003411) 000#38922900000002000080C781697E650037363032463700000000000000000000
(1307.003412) 000#306E3E00000000000202000240FF00FF000005000008FE00000000040000FF00
(1307.003413) 000#FDD7340010FF07080000FF070000FF01C40A170040FF04FF0000000000000000
(1307.003414) 000#600734880A528C0A0000000000A6020000000000000000000000000000000000
(1307.003415) 000#D5A4382B007F2E002B002B00007F2700460000401404040B0026009F00020000
(1307.003416) 000#F1F93800109C806C400027000000075D0A0000000E020000FEBF2F8271000000
(1307.003417) 000#56CF2A00000002000880C081697E650037363032463700000000000000000000
(1307.003418) 000#BACD100001000000000080808080000800000000100000000000000000000000
(1307.003419) 000#76373F00000000000202000240FF00FF000005000008FE00000000040000FF00
(1307.003420) 000#0D04131001050410000000000000000000000000007200000000000000000000
(1307.003421) 000#BB8E350010FF07080000FF070000FF01C40A170040FF04FF0000000000000000
(1307.003422) 000#678B35840A52880A0000000000A5020000000000000000000000000000000000
(1307.003423) 000#A88B0EFEF77F6400000000001E0C0200FFF33F0000000000FF07000000000000
(1307.003424) 000#5D1B392B007F2E002B002B00007F2700460000401404FA0A0026009F00020000
(1307.003425) 000#B7A03900109C806C400027000000075D0A0000000E020000FEBF2F8271000000
(1307.003426) 000#FAB42B00000002000280DB81627E650037363032463700000000000000000000
(1307.003427) 000#EE3D4000000000000202000240FF00FF000005000008FE00000000040000FF00
(1307.003428) 000#7165360010FF07080000FF070000FF01C40A170040FF04FF0000000000000000
(1307.003429) 000#838936900A528C0A0000000000A5020000000000000000000000000000000000
(1307.003430) 000#A9FB3A2B007F2E002B002B00007F2700460000401404FC0A0026009F00020000
(1307.003431) 000#7D4B3A00109C806C400027000000075D0A0000000E020000FEBF2F8271000000
(1307.003432) 000#C1762C00000002000E80D5815B7E650037363032463700000000000000000000
(1307.003433) 000#FC94110001000000000080808080000800000000100000000000000000000000
(1307.003434) 000#A8644100000000000202000240FF00FF000005000008FE00000000040000FF00
(1307.003435) 000#FE9A141001050410000000000000000000000000007200000000000000000000
(1307.003436) 000#373C370010FF07080000FF070000FF01C40A170040FF04FF0000000000000000
(1307.003437) 000#A11F379C0A52940A0000000000A7020000000000000000000000000000000000
(1307.003438) 000#EED20FFEF77F6400000000001E0C0200FFF33F0000000000FF07000000000000
(1307.003439) 000#05A43B2B007F2E002B002B00007F2700460000401404FE0A0026009F00020000
(1307.003440) 000#3B123B00109C806C400027000000075D0A0000000E020000FEBF2F8271000000
(1307.003441) 000#BF953A401B5E8D0000005D1C5B012C00000000000000402335D54017A0140000
(1307.003442) 000#A8452D00000002000580C0817D7E650037363032463700000000000000000000
(1307.003443) 000#628F4200000000000202000240FF00FF000005000008FE00000000040000FF00
(1307.003444) 000#D403B00000010000000001008000000000000000000000000000000000000000
(1307.003445) 000#B648380010FF07080000FF070000FF01C40A170040FF04FF0000000000000000
(1307.003446) 000#070B389C0A52980A0000000000A8020000000000000000000000000000000000
(1307.003447) 000#F63A3C2B007F2E002B002B00007F2700460000401404FE0A0026009F00020000
(1307.003448) 000#C88C3C00109C806C400027000000075D0A0000000E020000FEBF2F8271000000
(1307.003449) 000#A9462E00000002000580C081767E650037363032463700000000000000000000
(1307.003450) 000#367F120001000000000080808080000800000000100000000000000000000000
(1307.003451) 000#24D64300000000000202000240FF00FF000005000008FE00000000040000FF00
(1307.003452) 000#B8C3151001050410000000000000000000000000007200000000000000000000
(1307.003453) 000#F011390010FF07080000FF070000FF01C40A170040FF04FF0000000000000000
(1307.003454) 000#BE0E39880A52900A0000000000A6020000000000000000000000000000000000
(1307.003455) 000#AA6210FEF77F6400000000001E0C0200FFF33F0000000000FF07000000000000
(1307.003456) 000#18783D2B007F2E002B002B00007F2700460000401404F60A0026009F00020000
(1307.003457) 000#8ED53D00109C806C400027000000075D0A0000000E020000FEBF2F8271000000
(1307.003458) 000#F7AC2F00000002000B80D581697E650037363032463700000000000000000000
(1307.003459) 000#D7484400000000000202000240FF00FF000005000008FE00000000040000FF00
(1307.003460) 000#3AFA3A0010FF07080000FF070000FF01C40A170040FF04FF0000000000000000
(1307.003461) 000#7A5C3A8C0A528C0A0000000000A5020000000000000000000000000000000000
(1307.003462) 000#674F3E2B007F2E002C002C00007F2700460000401404EE0A0026009F00020000
(1307.003463) 000#443E3E00109C806C400027000000075D0A0000000E020000FEBF2F8271000000
(1307.003464) 000#CFF93000000002000080AC816F7E650037363032463700000000000000000000
(1307.003465) 000#7026130001000000000080808080000800000000100000000000000000000000
(1307.003466) 000#91114500000000000202000240FF00FF000005000008FE00000000040000FF00
(1307.003467) 000#7228161001050410000000000000000000000000007200000000000000000000
(1307.003468) 000#DB533B0010FF07080000FF070000FF01C00A170040FF04FF0000000000000000
(1307.003469) 000#8E4F3B900A528C0A0000000000A5020000000000000000000000000000000000
(1307.003470) 000#EC3B11FEF77F6400000000001E0C0200FFF33F0000000000FF07000000000000
(1307.003471) 000#21163F2B007F2E002C002C00007F2700460000401404EE0A0026009F00020000
(1307.003472) 000#02673F00109C806C400027000000075D0A0000000E020000FEBF2F8271000000
(1307.003473) 000#EDB23100000002000080CE81847E650037363032463700000000000000000000
(1307.003474) 000#5BFA4600000000000202000240FF00FF000005000008FE00000000040000FF00
(1307.003475) 000#28CD3C0010FF07080000FF070000FF01C00A170040FF04FF0000000000000000
(1307.003476) 000#125A3C800A52840A0000000000A3020000000000000000000000000000000000
(1307.003477) 000#531A402B007F2E002C002C00007F2700460000401404EC0A0026009F00020000
(1307.003478) 000#9A6D4000109C806C400027000000075D0A0000000E020000FEBF2F8271000000
(1307.003479) 000#83B8140001000000000080808080000800000000100000000000000000000000
(1307.003480) 000#B33A3200000002000080CE81767E650037363032463700000000000000000000
(1307.003481) 000#1DA34700000000000202000240FF00FF000005000008FE00000000040000FF00
(1307.003482) 000#3471171001050410000000000000000000000000007200000000000000000000
(1307.003483) 000#925AB10000010000000001008000000000000000000000000000000000000000
(1307.003484) 000#6E943D0010FF07080000FF070000FF01C00A170040FF04FF0000000000000000
(1307.003485) 000#927B3D7C0A52800A0000000000A2020000000000000000000000000000000000
(1307.003486) 000#26D012FEF77F6400000000001E0C0200FFF33F0000000000FF07000000000000
(1307.003487) 000#C14E412B007F2E002C002C00007F2700460000401404E80A0026009F00020000
(1307.003488) 000#7FB94100109C806C400027000000075D0A0000000D020000FEBF2F8271000000
(1307.003489) 000#B17B3300000002000E80CE81697E650037363032463700000000000000000000
(1307.003490) 000#9CD74800000000000202000240FF00FF000005000008FE00000000040000FF00
(1307.003491) 000#A47F3E0010FF07080000FF070000FF01C00A170040FF04FF0000000000000000
(1307.003492) 000#DEB73E840A52800A0000000000A2020000000000000000000000000000000000
(1307.003493) 000#0BA5422B007F2E002C002C00007F2700460000401404E80A0026009F00020000
(1307.003494) 000#B5524200109C806C400027000000075D0A0000000D020000FEBF2F8271000000
(1307.003495) 000#D1113400000002000E80E281697E650037363032463700000000000000000000
(1307.003496) 000#C5E1150001000000000080808080000800000000100000000000000000000000
(1307.003497) 000#DA8E4900000000000202000240FF00FF000005000008FE00000000040000FF00
(1307.003498) 000#B505181001050410000000000000000000000000007200000000000000000000
(1307.003499) 000#E2263F0010FF07080000FF070000FF01C00A170040FF04FF0000000000000000
(1307.003500) 000#14803F880A52840A0000000000A3020000000000000000000000000000000000
(1307.003501) 000#608913FEF77F6400000000001E0C0200FFF33F0000000000FF07000000000000
(1307.003502) 000#597D432C007F2E002C002C00007F2700460000401404E00A0026009F00020000
(1307.003503) 000#2EA54300109C806C400027000000075F0A0001080E020000FEBF2F8271000000
(1307.003504) 000#93FF3500000002000E80DB81627E650037363032463700000000000000000000
(1307.003505) 000#10654A00000000000202000240FF00FF000005000008FE00000000040000FF00
(1307.003506) 000#7A2C400010FF07080000FF070000FF01C00A170040FF04FF0000000000000000
(1307.003507) 000#8C8A40880A52840A0000000000A3020000000000000000000000000000000000
(1307.003508) 000#26AC442C007F2E002C002C00007F2700460000401404DC0A0026009F00020000
(1307.003509) 000#1F394400109C806C400027000000075F0A0000000D020000FEBF2F8271000000
(1307.003510) 000#63803600000002000E80DB816F7E650037363032463700000000000000000000
(1307.003511) 000#0F0A160001000000000080808080000800000000100000000000000000000000
(1307.003512) 000#563C4B00000000000202000240FF00FF000005000008FE00000000040000FF00
(1307.003513) 000#F35C191001050410000000000000000000000000007200000000000000000000
(1307.003514) 000#3C75410010FF07080000FF070000FF01C00A170040FF04FF0000000000000000
(1307.003515) 000#CF2E41900A52880A0000000000A4020000000000000000000000000000000000
(1307.003516) 000#931714FEF77F6400000000001E0C0200FFF33F0000000000FF07000000000000
(1307.003517) 000#06BC452C007F2E002C002C00007F2700460000401404E20A0026009F00020000
(1307.003518) 000#59604500109C806C400027000000075F0A0000000D020000FEBF2F8271000000
(1307.003519) 000#1F3C3B401B5F8D0000005D1C5B012C00000000000000402335D54017A0140000
(1307.003520) 000#01323700000002001080DB817D7E650037363032463700000000000000000000
(1307.003521) 000#A5A24C00000000000202000240FF00FF000005000008FE00000000040000FF00
(1307.003522) 000#F69E420010FF07080000FF070000FF01C00A170040FF04FF0000000000000000
(1307.003523) 000#B78F428C0A52880A0000000000A4020000000000000000000000000000000000
(1307.003524) 000#CC57462C007F2E002C002C00007F2700460000401404E20A0026009F00020000
(1307.003525) 000#938B4600109C806C400027000000075F0A0000000D020000FEBF2F8271000000
(1307.003526) 000#D9013800000002000080CE81847E650037363032463700000000000000000000
(1307.003527) 000#4953170001000000000080808080000800000000100000000000000000000000
(1307.003528) 000#E3FB4D00000000000202000240FF00FF000005000008FE00000000040000FF00
(1307.003529) 000#39B71A1001050410000000000000000000000000007200000000000000000000
(1307.003530) 000#58B1B20000010000000001008000000000000000000000000000000000000000
(1307.003531) 000#B0C7430010FF07080000FF070000FF01C00A170040FF04FF0000000000000000
(1307.003532) 000#AA3043780A52800A0000000000A2020000000000000000000000000000000000
(1307.003533) 000#D54E15FEF77F6400000000001E0C0200FFF33F0000000000FF07000000000000
(1307.003534) 000#B405472C007F2E002C002C00007F2700460000401404E40A0026009F00020000
(1307.003535) 000#D5D24700109C806C400027000000075F0A0000000D020000FEBF2F8271000000
(1307.003536) 000#1CB83900000002000580B3818B7E650037363032463700000000000000000000
(1307.003537) 000#29104E00000000000202000240FF00FF000005000008FE00000000040000FF00
(1307.003538) 000#4359440010FF07080000FF070000FF01C00A170040FF04FF0000000000000000
(1307.003539) 000#637F44740A52780A0000000000A0020000000000000000000000000000000000
(1307.003540) 000#715C482C007F2E002C002C00007F2700460000401404E40A0025009F00020000
(1307.003541) 000#54A64800109C806C400027000000075F0A0000000D020000FEBF2F8271000000
(1307.003542) 000#D94A3A00000002000280D581847E650037363032463700000000000000000000
(1307.003543) 000#C827180001000000000080808080000800000000100000000000000000000000
(1307.003544) 000#6F494F00000000000202000240FF00FF000005000008FE00000000040000FF00
(1307.003545) 000#7FEE1B1001050410000000000000000000000000007200000000000000000000
(1307.003546) 000#0500450010FF07080000FF070000FF01C00A170040FF04FF0000000000000000
(1307.003547) 000#2F6F45800A527C0A0000000000A1020000000000000000000000000000000000
(1307.003548) 000#1FA516FEF77F6400000000001E0C0200FFF33F0000000000FF07000000000000
(1307.003549) 000#3705492C007F2E002C002C00007F2700460000401404E40A0025009F00020000
(1307.003550) 000#12FF4900109C806C400027000000075F0A0000000D020000FEBF2F8271000000
(1307.003551) 000#0F273B00000002000B80C081847E650037363032463700000000000000000000
(1307.003552) 000#2BF95000000000000202000240FF00FF000005000008FE00000000040000FF00
(1307.003553) 000#CFEB460010FF07080000FF070000FF01C00A170040FF04FF0000000000000000
(1307.003554) 000#9F0A46880A52800A0000000000A2020000000000000000000000000000000000
(1307.003555) 000#17E84A2C007F2E002C002C00007F2700460000401404E60A0025009F00020000
(1307.003556) 000#B99B4A00109C806C400027000000075F0A0001080D020000FEBF2F8271000000
(1307.003557) 000#8E7E190001000000000080808080000800000000100000000000000000000000
(1307.003558) 000#F7993C00000002000580C7818B7E650037363032463700000000000000000000
(1307.003559) 000#6DA05100000000000202000240FF00FF000005000008FE00000000040000FF00
(1307.003560) 000#8C701C1001050410000000000000000000000000007200000000000000000000
(1307.003561) 000#89B2470010FF07080000FF070000FF01C00A170040FF04FF0000000000000000
(1307.003562) 000#C3E2477C0A527C0A0000000000A1020000000000000000000000000000000000
(1307.003563) 000#59FC17FEF77F6400000000001E0C0200FFF33F0000000000FF07000000000000
(1307.003564) 000#3F8D4B2C007F2E002C002C00007F2700460000401404F00A0025009F00020000
(1307.003565) 000#9E4D4B00109C806C400027000000075F0A0000000D020000FEBF2F8271000000
(1307.003566) 000#CB393D00000002000E80D5818B7E650037363032463700000000000000000000
(1307.003567) 000#A74B5200000000000202000240FF00FF000005000008FE00000000040000FF00
(1307.003568) 000#AF36480010FF07080000FF070000FF01C40A170040FF04FF0000000000000000
(1307.003569) 000#DE3548740A52780A0000000000A1020000000000000000000000000000000000
(1307.003570) 000#1EE8B30000010000000001008000000000000000000000000000000000000000
(1307.003571) 000#CC134C2C007F2E002C002C00007F2700460000401404F00A0025009F00020000
(1307.003572) 000#6DD34C00109C806C400027000000075F0A0000000D020000FEBF2F8271000000
(1307.003573) 000#44951A0001000000000080808080000800000000100000000000000000000000
(1307.003574) 000#43113E00000002000B80CE81847E650037363032463700000000000000000000
(1307.003575) 000#E1125300000000000202000240FF00FF000005000008FE00000000040000FF00
(1307.003576) 000#CA291D1001050410000000000000000000000000007200000000000000000000
(1307.003577) 000#E96F490010FF07080000FF070000FF01C40A170040FF04FF0000000000000000
(1307.003578) 000#590749700A52740A0000000000A0020000000000000000000000000000000000
(1307.003579) 000#D88818FEF77F6400000000001E0C0200FFF33F0000000000FF07000000000000
(1307.003580) 000#22514D2C007F2E002C002C00007F2700460000401404F80A0025009F00020000
(1307.003581) 000#2B8A4D00109C806C400027000000075F0A0000000D020000FEBF2F8271000000
(1307.003582) 000#B96E3F00000002000E80B9818B7E650037363032463700000000000000000000
(1307.003583) 000#128C5400000000000202000240FF00FF000005000008FE00000000040000FF00
(1307.003584) 000#23844A0010FF07080000FF070000FF01C40A170040FF04FF0000000000000000
(1307.003585) 000#5FDD4A780A52740A0000000000A0020000000000000000000000000000000000
(1307.003586) 000#7EAA4E2C007F2E002C002C00007F2700460000401404F60A0025009F00020000
(1307.003587) 000#E1614E00109C806C400027000000075F0A0000000D020000FEBF2F8271000000
(1307.003588) 000#F4A04000000002000E80B9817D7E650037363032463700000000000000000000
(1307.003589) 000#02CC1B0001000000000080808080000800000000100000000000000000000000
(1307.003590) 000#54D55500000000000202000240FF00FF000005000008FE00000000040000FF00
(1307.003591) 000#00C21E1001050410000000000000000000000000007200000000000000000000
(1307.003592) 000#65DD4B0010FF07080000FF070000FF01C40A170040FF04FF0000000000000000
(1307.003593) 000#33AD4B740A52740A0000000000A0020000000000000000000000000000000000
(1307.003594) 000#9ED119FEF77F6400000000001E0C0200FFF33F0000000000FF07000000000000
(1307.003595) 000#6E6F4F2B007F2E002C002C00007F2700460000401404F40A0025009F00020000
(1307.003596) 000#A7384F00109C806C400027000000075F0A0000000D020000FEBF2F8271000000
(1307.003597) 000#ECA23C401B5F8D0000005D1C5B012C00000000000000402335D54017A0140000
(1307.003598) 000#F2A74100000002000E8097818B7E650037363032463700000000000000000000
(1307.003599) 000#9E3E5600000000000202000240FF00FF000005000008FE00000000040000FF00
(1307.003600) 000#96434C0010FF07080000FF070000FF01C40A170040FF04FF0000000000000000
(1307.003601) 000#F6FC4C700A52700A00000000009F020000000000000000000000000000000000
(1307.003602) 000#2ADF502B007F2E002C002C00007F2700460000401404F40A0025009F00020000
(1307.003603) 000#E3885000109C806C400027000000075F0A0000000D020000FEBF2F8271000000
(1307.003604) 000#61AC4200000002000080CE817D7E650037363032463700000000000000000000
(1307.003605) 000#F1521C0001000000000080808080000800000000100000000000000000000000
(1307.003606) 000#D8675700000000000202000240FF00FF000005000008FE00000000040000FF00
(1307.003607) 000#469B1F1001050410000000000000000000000000007200000000000000000000
(1307.003608) 000#D01A4D0010FF07080000FF070000FF01C40A170040FF04FF0000000000000000
(1307.003609) 000#0D174D800A52780A0000000000A1020000000000000000000000000000000000
(1307.003610) 000#543A1AFEF77F6400000000001E0C0200FFF33F0000000000FF07000000000000
(1307.003611) 000#8680512B007F2E002C002C00007F2700460000401404F60A0025009F00020000
(1307.003612) 000#065C5100109C806C400027000000075F0A0000000E020000FEBF2F8271000000
(1307.003613) 000#929A4300000002000E80C781697E650037363032463700000000000000000000
(1307.003614) 000#59135800000000000202000240FF00FF000005000008FE00000000040000FF00
(1307.003615) 000#1AF14E0010FF07080000FF070000FF01C40A170040FF04FF0000000000000000
(1307.003616) 000#AC004E800A527C0A0000000000A2020000000000000000000000000000000000
(1307.003617) 000#ED76B40000010000000001008000000000000000000000000000000000000000
(1307.003618) 000#0846522B007F2E002C002C00007F2700460000401404F60A0026009F00020000
(1307.003619) 000#6F3A5200109C806C400027000000075F0A0000000D020000FEBF2F8271000000
(1307.003620) 000#CB864400000002000B80D581847E650037363032463700000000000000000000
(1307.003621) 000#B70B1D0001000000000080808080000800000000100000000000000000000000
(1307.003622) 000#1F4A5900000000000202000240FF00FF000005000008FE00000000040000FF00
(1307.003623) 000#A9B2201001050410000000000000000000000000007200000000000000000000
(1307.003624) 000#5CA84F0010FF07080000FF070000FF01C40A170040FF04FF0000000000000000
(1307.003625) 000#EBE64F8C0A52840A0000000000A3020000000000000000000000000000000000
(1307.003626) 000#12631BFEF77F6400000000001E0C0200FFF33F0000000000FF07000000000000
(1307.003627) 000#4E1F532B007F2E002C002C00007F2700460000401404F60A0026009F00020000
(1307.003628) 000#29635300109C806C400027000000075F0A0000000D020000FEBF2F8271000000
(1307.003629) 000#45174500000002000B80C081767E650037363032463700000000000000000000
(1307.003630) 000#D5A15A00000000000202000240FF00FF000005000008FE00000000040000FF00
(1307.003631) 000#1818500010FF07080000FF070000FF01C40A170040FF04FF0000000000000000
(1307.003632) 000#FEF9508C0A52880A0000000000A4020000000000000000000000000000000000
(1307.003633) 000#DB7C542B007F2E002C002C00007F2700460000401404000B0026009F00020000
(1307.003634) 000#C5515400109C806C400027000000075D0A0000000D020000FEBF2F8271000000
(1307.003635) 000#7DE01E0001000000000080808080000800000000100000000000000000000000
(1307.003636) 000#A3F24600000002000580CE815B7E650037363032463700000000000000000000
(1307.003637) 000#93F85B00000000000202000240FF00FF000005000008FE00000000040000FF00
(1307.003638) 000#EFEB211001050410000000000000000000000000007200000000000000000000
(1307.003639) 000#5E41510010FF07080000FF070000FF01C40A170040FF04FF0000000000000000
(1307.003640) 000#159351780A52800A0000000000A3020000000000000000000000000000000000
(1307.003641) 000#E1FD1CFEF77F6400000000001E0C0200FFF33F0000000000FF07000000000000
(1307.003642) 000#78CE552B007F2E002B002B00007F2700460000401404080B0026009F00020000
(1307.003643) 000#20855500109C806C400027000000075D0A0000000E020000FEBF2F8271000000
(1307.003644) 000#F85E4700000002000080C0818B7E650037363032463700000000000000000000
(1307.003645) 000#60665C00000000000202000240FF00FF000005000008FE00000000040000FF00
(1307.003646) 000#94AA520010FF07080000FF070000FF01C40A170040FF04FF0000000000000000
(1307.003647) 000#E5A952740A52780A0000000000A1020000000000000000000000000000000000
(1307.003648) 000#B225562B007F2E002B002B00007F2700460000401404080B0026009F00020000
(1307.003649) 000#EA6E5600109C806C400027000000075D0A0000000E020000FEBF2F8271000000
(1307.003650) 000#11094800000002000E80AC81767E650037363032463700000000000000000000
(1307.003651) 000#3BB91F0001000000000080808080000800000000100000000000000000000000
(1307.003652) 000#263F5D00000000000202000240FF00FF000005000008FE00000000040000FF00
(1307.003653) 000#2500221001050410000000000000000000000000007200000000000000000000
(1307.003654) 000#D2F3530010FF07080000FF070000FF01C40A170040FF04FF0000000000000000
(1307.003655) 000#D33753880A52800A0000000000A3020000000000000000000000000000000000
(1307.003656) 000#AB2FB50000010000000001008000000000000000000000000000000000000000
(1307.003657) 000#A7A41DFEF77F6400000000001E0C0200FFF33F0000000000FF07000000000000
(1307.003658) 000#1E7A572B007F2E002B002B00007F27004600004014040A0B0026009F00020000
(1307.003659) 000#AC375700109C806C400027000000075D0A0000000E020000FEBF2F8271000000
(1307.003660) 000#4BD94900000002000080AC81847E650037363032463700000000000000000000
(1307.003661) 000#ECD45E00000000000202000240FF00FF000005000008FE00000000040000FF00
(1307.003662) 000#216D540010FF07080000FF070000FF01C40A170040FF04FF0000000000000000
(1307.003663) 000#F03254880A52840A0000000000A4020000000000000000000000000000000000
(1307.003664) 000#A105582B007F2E002B002B00007F27004600004014040C0B0026009F00020000
(1307.003665) 000#2D435800109C806C400027000000075D0A0000000E020000FEBF2F8271000000
(1307.003666) 000#86E44A00000002000B80D5818B7E650037363032463700000000000000000000
(1307.003667) 000#D490200001000000000080808080000800000000100000000000000000000000
(1307.003668) 000#AA8D5F00000000000202000240FF00FF000005000008FE00000000040000FF00
(1307.003669) 000#6359231001050410000000000000000000000000007200000000000000000000
(1307.003670) 000#6734550010FF07080000FF070000FF01C40A170040FF04FF0000000000000000
(1307.003671) 000#B66B55880A52840A0000000000A4020000000000000000000000000000000000
(1307.003672) 000#6D4F1EFEF77F6400000000001E0C0200FFF33F0000000000FF07000000000000
(1307.003673) 000#4F47592B007F2E002B002B00007F2700460000401404040B0026009F00020000
(1307.003674) 000#6B1A5900109C806C400027000000075D0A0000000E020000FEBF2F8271000000
(1307.003675) 000#3DEE3D401B608D0000005D1C5B012C00000000000000402335D54017A0140000
(1307.003676) 000#F2224B00000002000580CE817D7E650037363032463700000000000000000000
(1307.003677) 000#45A46000000000000202000240FF00FF000005000008FE00000000040000FF00
(1307.003678) 000#ADDF560010FF07080000FF070000FF01C40A170040FF04FF0000000000000000
(1307.003679) 000#56A956840A52840A0000000000A4020000000000000000000000000000000000
(1307.003680) 000#85AC5A2B007F2E002B002B00007F2700460000401404040B0026009F00020000
(1307.003681) 000#A1F15A00109C806C400027000000075D0A0000000E020000FEBF2F8271000000
(1307.003682) 000#CA544C00000002000580CE81767E650037363032463700000000000000000000
(1307.003683) 000#92C9210001000000000080808080000800000000100000000000000000000000
(1307.003684) 000#03FD6100000000000202000240FF00FF000005000008FE00000000040000FF00
(1307.003685) 000#90C7241001050410000000000000000000000000007200000000000000000000
(1307.003686) 000#EB86570010FF07080000FF070000FF01C40A170040FF04FF0000000000000000
(1307.003687) 000#267357800A52800A0000000000A3020000000000000000000000000000000000
(1307.003688) 000#2B161FFEF77F6400000000001E0C0200FFF33F0000000000FF07000000000000
(1307.003689) 000#D91E5B2B007F2E002B002B00007F2700460000401404FE0A0026009F00020000
(1307.003690) 000#E7A85B00109C806C400027000000075D0A0000000E020000FEBF2F8271000000
(1307.003691) 000#E3BC4D00000002000580D581767E650037363032463700000000000000000000
(1307.003692) 000#C9166200000000000202000240FF00FF000005000008FE00000000040000FF00
(1307.003693) 000#6AF2580010FF07080000FF070000FF01C40A170040FF04FF0000000000000000
(1307.003694) 000#BBAD58880A52840A0000000000A4020000000000000000000000000000000000
(1307.003695) 000#E4665C2B007F2E002B002B00007F2700460000401404000B0026009F00020000
(1307.003696) 000#14365C00109C806C400027000000075D0A0000000E020000FEBF2F8271000000
(1307.003697) 000#EEF94E00000002000580E981627E650037363032463700000000000000000000
(1307.003698) 000#5822220001000000000080808080000800000000100000000000000000000000
(1307.003699) 000#8F4F6300000000000202000240FF00FF000005000008FE00000000040000FF00
(1307.003700) 000#D69E251001050410000000000000000000000000007200000000000000000000
(1307.003701) 000#61C4B60000010000000001008000000000000000000000000000000000000000
(1307.003702) 000#2CAB590010FF07080000FF070000FF01C40A170040FF04FF0000000000000000
(1307.003703) 000#E15E59800A52800A0000000000A3020000000000000000000000000000000000
(1307.003704) 000#C43F20FEF77F6400000000001E0C0200FFF33F0000000000FF07000000000000
(1307.003705) 000#A23F5D2B007F2E002B002B00007F2700460000401404000B0026009F00020000
(1307.003706) 000#526F5D00109C806C400027000000075D0A0000000E020000FEBF2F8271000000
(1307.003707) 000#08464F00000002000E80C781547E650037363032463700000000000000000000
(1307.003708) 000#7CD16400000000000202000240FF00FF000005000008FE00000000040000FF00
(1307.003709) 000#E6405A0010FF07080000FF070000FF01C40A170040FF04FF0000000000000000
(1307.003710) 000#308E5A7C0A527C0A0000000000A2020000000000000000000000000000000000
(1307.003711) 000#82D25E2B007F2E002B002B00007F2700460000401404020B0026009F00020000
(1307.003712) 000#98845E00109C806C400027000000075D0A0000000E020000FEBF2F8271000000
(1307.003713) 000#1E7B230001000000000080808080000800000000100000000000000000000000
(1307.003714) 000#F4B15000000002000580B3818B7E650037363032463700000000000000000000
(1307.003715) 000#3A886500000000000202000240FF00FF000005000008FE00000000040000FF00
(1307.003716) 000#1C75261001050410000000000000000000000000007200000000000000000000
(1307.003717) 000#A0195B0010FF07080000FF070000FF01C40A170040FF04FF0000000000000000
(1307.003718) 000#8BF45B840A52800A0000000000A3020000000000000000000000000000000000
(1307.003719) 000#826621FEF77F6400000000001E0C0200FFF33F0000000000FF07000000000000
(1307.003720) 000#0A6D5F2B007F2E002B002B00007F2700460000401404FC0A0026009F00020000
(1307.003721) 000#DEDD5F00109C806C400027000000075D0A0000000E020000FEBF2F8271000000
(1307.003722) 000#B67F510000000200FE7FA5817D7E650037363032463700000000000000000000
(1307.003723) 000#F0636600000000000202000240FF00FF000005000008FE00000000040000FF00
(1307.003724) 000#53875C0010FF07080000FF070000FF01C40A170040FF04FF0000000000000000
(1307.003725) 000#64C05C8C0A52840A0000000000A4020000000000000000000000000000000000
(1307.003726) 000#E544602B007F2E002B002B00007F2700460000401404FC0A0026009F00020000
(1307.003727) 000#31F46000109C806C400027000000075D0A0000000E020000FEBF2F8271000000
(1307.003728) 000#92015200000002000580B9817D7E650037363032463700000000000000000000
(1307.003729) 000#EDE5240001000000000080808080000800000000100000000000000000000000
(1307.003730) 000#B63A6700000000000202000240FF00FF000005000008FE00000000040000FF00
(1307.003731) 000#5A2C271001050410000000000000000000000000007200000000000000000000
(1307.003732) 000#15DE5D0010FF07080000FF070000FF01C40A170040FF04FF0000000000000000
(1307.003733) 000#41755D900A52880A0000000000A4020000000000000000000000000000000000
(1307.003734) 000#488D22FEF77F6400000000001E0C0200FFF33F0000000000FF07000000000000
(1307.003735) 000#D0E6612B007F2E002C002C00007F2700460000401404FA0A0026009F00020000
(1307.003736) 000#77AD6100109C806C400027000000075D0A0000000E020000FEBF2F8271000000
(1307.003737) 000#CDE65300000002000B80CE817D7E650037363032463700000000000000000000
(1307.003738) 000#374E6800000000000202000240FF00FF000005000008FE00000000040000FF00
(1307.003739) 000#DF355E0010FF07080000FF070000FF01C40A170040FF04FF0000000000000000
(1307.003740) 000#CBC15E940A528C0A0000000000A5020000000000000000000000000000000000
(1307.003741) 000#CE00622B007F2E002C002C00007F2700460000401404FE0A0026009F00020000
(1307.003742) 000#BD466200109C806C400027000000075D0A0000000E020000FEBF2F8271000000
(1307.003743) 000#8D125400000002001080F0817D7E650037363032463700000000000000000000
(1307.003744) 000#ABBC250001000000000080808080000800000000100000000000000000000000
(1307.003745) 000#71176900000000000202000240FF00FF000005000008FE00000000040000FF00
(1307.003746) 000#DB58281001050410000000000000000000000000007200000000000000000000
(1307.003747) 000#279DB70000010000000001008000000000000000000000000000000000000000
(1307.003748) 000#996C5F0010FF07080000FF070000FF01C40A170040FF04FF0000000000000000
(1307.003749) 000#99955F880A52880A0000000000A4020000000000000000000000000000000000
(1307.003750) 000#0ED423FEF77F6400000000001E0C0200FFF33F0000000000FF07000000000000
(1307.003751) 000#C5A9632B007F2E002B002B00007F2700460000401404FE0A0026009F00020000
(1307.003752) 000#FB1F6300109C806C400027000000075D0A0000000E020000FEBF2F8271000000
(1307.003753) 000#86E03E401B5E8D0000005D1C5B012C00000000000000402335D54017A0140000
(1307.003754) 000#430A5500000002001380E281847E650037363032463700000000000000000000
(1307.003755) 000#BBFC6A00000000000202000240FF00FF000005000008FE00000000040000FF00
(1307.003756) 000#7645600010FF07080000FF070000FF01C40A170040FF04FF0000000000000000
(1307.003757) 000#DB8F607C0A52800A0000000000A3020000000000000000000000000000000000
(1307.003758) 000#3637642B007F2E002B002B00007F2700460000401404FE0A0026009F00020000
(1307.003759) 000#08816400109C806C400027000000075D0A0000000E020000FEBF2F8271000000
(1307.003760) 000#BDA3560000000200FB7FE981697E650037363032463700000000000000000000
(1307.003761) 000#6157260001000000000080808080000800000000100000000000000000000000
(1307.003762) 000#FDA56B00000000000202000240FF00FF000005000008FE00000000040000FF00
(1307.003763) 000#9D01291001050410000000000000000000000000007200000000000000000000
(1307.003764) 000#301C610010FF07080000FF070000FF01C40A170040FF04FF0000000000000000
(1307.003765) 000#1BF161840A52800A0000000000A3020000000000000000000000000000000000
(1307.003766) 000#FD4A24FEF77F6400000000001E0C0200FFF33F0000000000FF07000000000000
(1307.003767) 000#E993652B007F2E002C002C00007F2700460000401404FA0A0026009F00020000
(1307.003768) 000#4ED86500109C806C400027000000075D0A0000000E020000FEBF2F8271000000
(1307.003769) 000#02935700000002000280C7817D7E650037363032463700000000000000000000
(1307.003770) 000#0E3B6C00000000000202000240FF00FF000005000008FE00000000040000FF00
(1307.003771) 000#FAF7620010FF07080000FF070000FF01C40A170040FF04FF0000000000000000
(1307.003772) 000#AE5C62900A52880A0000000000A4020000000000000000000000000000000000
(1307.003773) 000#6E88662B007F2E002B002B00007F2700460000401404FA0A0026009F00020000
(1307.003774) 000#84336600109C806C400027000000075D0A0000000E020000FEBF2F8271000000
(1307.003775) 000#BE4B5800000002000E80C081847E650037363032463700000000000000000000
(1307.003776) 000#270E270001000000000080808080000800000000100000000000000000000000
(1307.003777) 000#48626D00000000000202000240FF00FF000005000008FE00000000040000FF00
(1307.003778) 000#57EA2A1001050410000000000000000000000000007200000000000000000000
(1307.003779) 000#BCAE630010FF07080000FF070000FF01C40A170040FF04FF0000000000000000
(1307.003780) 000#4E4263900A528C0A0000000000A5020000000000000000000000000000000000
(1307.003781) 000#BB1325FEF77F6400000000001E0C0200FFF33F0000000000FF07000000000000
(1307.003782) 000#28D1672B007F2E002B002B00007F2700460000401404FA0A0026009F00020000
(1307.003783) 000#F2476700109C806C400028000000075D0A0000000E020000FEBF2F8271000000
(1307.003784) 000#94835900000002000E80CE817D7E650037363032463700000000000000000000
(1307.003785) 000#82896E00000000000202000240FF00FF000005000008FE00000000040000FF00
(1307.003786) 000#4F30640010FF07080000FF070000FF01C40A170040FF04FF0000000000000000
(1307.003787) 000#4FC964880A52880A0000000000A4020000000000000000000000000000000000
(1307.003788) 000#97AE682B007F2E002B002B00007F2700460000401404FC0A0026009F00020000
(1307.003789) 000#5CB26800109C806C400027000000075F0A0000000E020000FEBF2F8271000000
(1307.003790) 000#72DB5A00000002000080D581767E650037363032463700000000000000000000
(1307.003791) 000#A67A280001000000000080808080000800000000100000000000000000000000
(1307.003792) 000#C4D06F00000000000202000240FF00FF000005000008FE00000000040000FF00
(1307.003793) 000#11B32B1001050410000000000000000000000000007200000000000000000000
(1307.003794) 000#A6E9B80000010000000001008000000000000000000000000000000000000000
(1307.003795) 000#0969650010FF07080000FF070000FF01C40A170040FF04FF0000000000000000
(1307.003796) 000#F21F65840A52840A0000000000A4020000000000000000000000000000000000
(1307.003797) 000#71F826FEF77F6400000000001E0C0200FFF33F0000000000FF07000000000000
(1307.003798) 000#3BF1692B007F2E002B002B00007F2700460000401404FE0A0026009F00020000
(1307.003799) 000#1AEB6900109C806C400027000000075F0A0000000E020000FEBF2F8271000000
(1307.003800) 000#496A5B00000002000B80CE816F7E650037363032463700000000000000000000
(1307.003801) 000#80607000000000000202000240FF00FF000005000008FE00000000040000FF00
(1307.003802) 000#C382660010FF07080000FF070000FF01C40A170040FF04FF0000000000000000
(1307.003803) 000#0E7766800A52800A0000000000A3020000000000000000000000000000000000
(1307.003804) 000#8D0C6A2B007F2E002B002B00007F2700460000401404F20A0026009F00020000
(1307.003805) 000#D0006A00109C806C400027000000075F0A0000000E020000FEBF2F8271000000
(1307.003806) 000#3F015C00000002000880C781767E650037363032463700000000000000000000
(1307.003807) 000#E023290001000000000080808080000800000000100000000000000000000000
(1307.003808) 000#C6397100000000000202000240FF00FF000005000008FE00000000040000FF00
(1307.003809) 000#E22D2C1001050410000000000000000000000000007200000000000000000000
