(1307.002810) 000#1C8CDC00000002001080CE81767E650037363032463700000000000000000000
(1307.002820) 000#7946E90001000000000080808080000800000000100000000000000000000000
(1307.002830) 000#287FF100000000000202000240FF00FF000005000008FE00000000040000FF00
(1307.002840) 000#7B48EC1001050410000000000000000000000000007200000000000000000000
(1307.002850) 000#6B9DE70010FF07080000FF070000FF01C40A170040FF04FF0000000000000000
(1307.002860) 000#0B22E7700A52700A00000000009F020000000000000000000000000000000000
(1307.002870) 000#AEC4E7FEF77F6400000000001E0C0200FFF33F0000000000FF07000000000000
(1307.002880) 000#14F5EB2B007F2E002C002C00007F2700460000401404FE0A0026009F00020000
(1307.002890) 000#781FEB00109C806C400027000000075F0A0000000E020000FEBF2F8271000000
(1307.002900) 000#5A6A32401B618D0000005D1C5B012C00000000000000402335D54017A0140000
(1307.002910) 000#D908DD00000002000B80C781697E650037363032463700000000000000000000
(1307.002920) 000#E294F200000000000202000240FF00FF000005000008FE00000000040000FF00
(1307.002930) 000#EAE9E80010FF07080000FF070000FF01C40A170040FF04FF0000000000000000
(1307.002940) 000#70A8E87C0A52740A0000000000A0020000000000000000000000000000000000
(1307.002950) 000#298DEC2B007F2E002C002C00007F2700460000401404000B0026009F00020000
(1307.002960) 000#8B81EC00109C806C400027000000075F0A0000000E020000FEBF2F8271000000
(1307.002970) 000#41BADE00000002000280D581627E650037363032463700000000000000000000
(1307.002980) 000#B3ADEA0001000000000080808080000800000000100000000000000000000000
(1307.002990) 000#A4CDF300000000000202000240FF00FF000005000008FE00000000040000FF00
(1307.003000) 000#3D11ED1001050410000000000000000000000000007200000000000000000000
(1307.003010) 000#ACB0E90010FF07080000FF070000FF01C40A170040FF04FF0000000000000000
(1307.003020) 000#FC59E9840A527C0A0000000000A2020000000000000000000000000000000000
(1307.003030) 000#2FB0E8FEF77F6400000000001E0C0200FFF33F0000000000FF07000000000000
(1307.003040) 000#BBD9ED2B007F2E002C002C00007F2700460000401404040B0026009F00020000
(1307.003050) 000#CDD8ED00109C806C400027000000075F0A0000000E020000FEBF2F8271000000
(1307.003060) 000#0DADDF00000002000B80E2816F7E650037363032463700000000000000000000
(1307.003070) 000#5753F400000000000202000240FF00FF000005000008FE00000000040000FF00
(1307.003080) 000#9D75A20000010000000001008000000000000000000000000000000000000000
(1307.003090) 000#665BEA0010FF07080000FF070000FF01C40A170040FF04FF0000000000000000
(1307.003100) 000#4DB6EA840A52800A0000000000A3020000000000000000000000000000000000
(1307.003110) 000#351FEE2B007F2E002C002C00007F2700460000401404040B0025009F00020000
(1307.003120) 000#0733EE00109C806C400027000000075F0A0000000E020000FEBF2F8271000000
(1307.003130) 000#54B9E0000000020005809781847E650037363032463700000000000000000000
(1307.003140) 000#F5F4EB0001000000000080808080000800000000100000000000000000000000
(1307.003150) 000#110AF500000000000202000240FF00FF000005000008FE00000000040000FF00
(1307.003160) 000#F7FAEE1001050410000000000000000000000000007200000000000000000000
(1307.003170) 000#2002EB0010FF07080000FF070000FF01C40A170040FF04FF0000000000000000
(1307.003180) 000#827CEB900A52880A0000000000A5020000000000000000000000000000000000
(1307.003190) 000#69E9E9FEF77F6400000000001E0C0200FFF33F0000000000FF07000000000000
(1307.003200) 000#42A0EF2B007F2E002B002B00007F2700460000401404080B0025009F00020000
(1307.003210) 000#416AEF00109C806C400027000000075F0A0000000E020000FEBF2F8271000000
(1307.003220) 000#9BF3E100000002000B80B981767E650037363032463700000000000000000000
(1307.003230) 000#DBE1F600000000000202000240FF00FF000005000008FE00000000040000FF00
(1307.003240) 000#D39CEC0010FF07080000FF070000FF01C40A170040FF04FF0000000000000000
(1307.003250) 000#1A1EEC900A528C0A0000000000A6020000000000000000000000000000000000
(1307.003260) 000#AE0BF02B007F2E002B002B00007F2700460000401404000B0025009F00020000
(1307.003270) 000#05DAF000109C806C400027000000075F0A0000000E020000FEBF2F8271000000
(1307.003280) 000#0654E200000002000E80DB816F7E650037363032463700000000000000000000
(1307.003290) 000#066AEC0001000000000080808080000800000000100000000000000000000000
(1307.003300) 000#9DB8F700000000000202000240FF00FF000005000008FE00000000040000FF00
(1307.003310) 000#B1A3EF1001050410000000000000000000000000007200000000000000000000
(1307.003320) 000#95C5ED0010FF07080000FF070000FF01C40A170040FF04FF0000000000000000
(1307.003330) 000#E894ED7C0A52840A0000000000A4020000000000000000000000000000000000
(1307.003340) 000#A302EAFEF77F6400000000001E0C0200FFF33F0000000000FF07000000000000
(1307.003350) 000#E852F12B007F2E002B002B00007F2700460000401404000B0025009F00020000
(1307.003360) 000#5C2FF100109C806C400027000000075D0A0000000E020000FEBF2F8271000000
(1307.003370) 000#F60DE300000002000580C0817D7E650037363032463700000000000000000000
(1307.003380) 000#1CCCF800000000000202000240FF00FF000005000008FE00000000040000FF00
(1307.003390) 000#5F2EEE0010FF07080000FF070000FF01C40A170040FF04FF0000000000000000
(1307.003400) 000#F2E4EE7C0A52800A0000000000A3020000000000000000000000000000000000
(1307.003410) 000#9FA4F22B007F2E002C002C00007F2700460000401404F80A0025009F00020000
(1307.003420) 000#96C4F200109C806C400027000000075D0A0000000E020000FEBF2F8271000000
(1307.003430) 000#C9A8E400000002000080E281767E650037363032463700000000000000000000
(1307.003440) 000#4033ED0001000000000080808080000800000000100000000000000000000000
(1307.003450) 000#5A95F900000000000202000240FF00FF000005000008FE00000000040000FF00
(1307.003460) 000#F513F01001050410000000000000000000000000007200000000000000000000
(1307.003470) 000#1977EF0010FF07080000FF070000FF01C40A170040FF04FF0000000000000000
(1307.003480) 000#AE39EF8C0A52840A0000000000A3020000000000000000000000000000000000
(1307.003490) 000#DB2CA30000010000000001008000000000000000000000000000000000000000
(1307.003500) 000#E55BEBFEF77F6400000000001E0C0200FFF33F0000000000FF07000000000000
(1307.003510) 000#33FBF32B007F2E002C002C00007F2700460000401404FA0A0025009F00020000
(1307.003520) 000#CF31F300109C806C400027000000075F0A0000000E020000FEBF2F8271000000
(1307.003530) 000#A0EFE500000002000E80C081627E650037363032463700000000000000000000
(1307.003540) 000#907EFA00000000000202000240FF00FF000005000008FE00000000040000FF00
(1307.003550) 000#5DC7F00010FF07080000FF070000FF01C40A170040FF04FF0000000000000000
(1307.003560) 000#096CF0900A52880A0000000000A4020000000000000000000000000000000000
(1307.003570) 000#C065F42B007F2E002C002C00007F2700460000401404FA0A0025009F00020000
(1307.003580) 000#3CAFF400109C806C400027000000075F0A0000000E020000FEBF2F8271000000
(1307.003590) 000#B035E600000002000880CE817D7E650037363032463700000000000000000000
(1307.003600) 000#8AD8EE0001000000000080808080000800000000100000000000000000000000
(1307.003610) 000#D627FB00000000000202000240FF00FF000005000008FE00000000040000FF00
(1307.003620) 000#B34AF11001050410000000000000000000000000007200000000000000000000
(1307.003630) 000#1B9EF10010FF07080000FF070000FF01C40A170040FF04FF0000000000000000
(1307.003640) 000#1B67F1880A52880A0000000000A4020000000000000000000000000000000000
(1307.003650) 000#16C5ECFEF77F6400000000001E0C0200FFF33F0000000000FF07000000000000
(1307.003660) 000#863CF52B007F2E002C002C00007F2700460000401404FA0A0025009F00020000
(1307.003670) 000#7AF6F500109C806C400027000000075F0A0000000E020000FEBF2F8271000000
(1307.003680) 000#8B2633401B5E8D0000005D1C5B012C00000000000000402335D54017A0140000
(1307.003690) 000#378AE700000002000580CE81767E650037363032463700000000000000000000
(1307.003700) 000#25B9FC00000000000202000240FF00FF000005000008FE00000000040000FF00
(1307.003710) 000#D175F20010FF07080000FF070000FF01C40A170040FF04FF0000000000000000
(1307.003720) 000#AA0AF2840A52840A0000000000A3020000000000000000000000000000000000
(1307.003730) 000#00A0F62C007F2E002C002C00007F2700460000401404020B0025009F00020000
(1307.003740) 000#B01DF600109C806C400027000000075F0A0000000E020000FEBF2F8271000000
(1307.003750) 000#1AB1E800000002000B80D581917E650037363032463700000000000000000000
(1307.003760) 000#CC81EF0001000000000080808080000800000000100000000000000000000000
(1307.003770) 000#63E0FD00000000000202000240FF00FF000005000008FE00000000040000FF00
(1307.003780) 000#79A1F21001050410000000000000000000000000007200000000000000000000
(1307.003790) 000#972CF30010FF07080000FF070000FF01C40A170040FF04FF0000000000000000
(1307.003800) 000#5AD9F3800A52800A0000000000A3020000000000000000000000000000000000
(1307.003810) 000#509CEDFEF77F6400000000001E0C0200FFF33F0000000000FF07000000000000
(1307.003820) 000#9D19F72C007F2E002B002B00007F27004600004014040C0B0025009F00020000
(1307.003830) 000#F644F700109C806C400027000000075F0A0000000E020000FEBF2F8271000000
(1307.003840) 000#A015E900000002000880B9817D7E650037363032463700000000000000000000
(1307.003850) 000#A90BFE00000000000202000240FF00FF000005000008FE00000000040000FF00
(1307.003860) 000#64B2F40010FF07080000FF070000FF01C40A170040FF04FF0000000000000000
(1307.003870) 000#B5EDF4880A52840A0000000000A4020000000000000000000000000000000000
(1307.003880) 000#5840F82C007F2E002B002B00007F27004600004014040C0B0026009F00020000
(1307.003890) 000#7730F800109C806C400027000000075F0A0000000E020000FEBF2F8271000000
(1307.003900) 000#A1C8EA0000000200FE7FC0814D7E650037363032463700000000000000000000
(1307.003910) 000#8831F00001000000000080808080000800000000100000000000000000000000
(1307.003920) 000#EF52FF00000000000202000240FF00FF000005000008FE00000000040000FF00
(1307.003930) 000#3FF8F31001050410000000000000000000000000007200000000000000000000
(1307.003940) 000#28B2A40000010000000001008000000000000000000000000000000000000000
(1307.003950) 000#22EBF50010FF07080000FF070000FF01C40A170040FF04FF0000000000000000
(1307.003960) 000#F3B4F5880A52840A0000000000A4020000000000000000000000000000000000
(1307.003970) 000#9A77EEFEF77F6400000000001E0C0200FFF33F0000000000FF07000000000000
(1307.003980) 000#4885F92B007F2E002B002B00007F27004600004014040E0B0026009F00020000
(1307.003990) 000#3169F900109C806C400027000000075F0A0000000E020000FEBF2F8271000000
(1307.004000) 000#DC32EB00000002000080CE81627E650037363032463700000000000000000000
(1307.004010) 000#991E0000000000000202000240FF00FF000005000008FE00000000040000FF00
(1307.004020) 000#E800F60010FF07080000FF070000FF01C40A170040FF04FF0000000000000000
(1307.004030) 000#1376F6840A52840A0000000000A4020000000000000000000000000000000000
(1307.004040) 000#826EFA2B007F2E002B002B00007F27004600004014040E0B0026009F00020000
(1307.004050) 000#FB82FA00109C806C400027000000075F0A0000000E020000FEBF2F8271000000
(1307.004060) 000#EB48EC00000002000E80CE81917E650037363032463700000000000000000000
(1307.004070) 000#CE68F10001000000000080808080000800000000100000000000000000000000
(1307.004080) 000#DF470100000000000202000240FF00FF000005000008FE00000000040000FF00
(1307.004090) 000#CC66F41001050410000000000000000000000000007200000000000000000000
(1307.004100) 000#AE59F70010FF07080000FF070000FF01C40A170040FF04FF0000000000000000
(1307.004110) 000#81C3F7940A528C0A0000000000A6020000000000000000000000000000000000
(1307.004120) 000#DC2EEFFEF77F6400000000001E0C0200FFF33F0000000000FF07000000000000
(1307.004130) 000#C437FB2B007F2E002B002B00007F27004600004014040E0B0026009F00020000
(1307.004140) 000#BDDBFB00109C806C400027000000075F0A0000000E020000FEBF2F8271000000
(1307.004150) 000#AA25ED00000002000580E981697E650037363032463700000000000000000000
(1307.004160) 000#15AC0200000000000202000240FF00FF000005000008FE00000000040000FF00
(1307.004170) 000#2F2DF80010FF07080000FF070000FF01C40A170040FF04FF0000000000000000
(1307.004180) 000#0F84F8980A52900A0000000000A7020000000000000000000000000000000000
(1307.004190) 000#37A9FC2B007F2E002B002B00007F27004600004014040E0B0026009F00020000
(1307.004200) 000#51E9FC00109C806C400027000000075D0A0000000E020000FEBF2F8271000000
(1307.004210) 000#7C2AEE00000002000280E981847E650037363032463700000000000000000000
(1307.004220) 000#0483F20001000000000080808080000800000000100000000000000000000000
(1307.004230) 000#53F50300000000000202000240FF00FF000005000008FE00000000040000FF00
(1307.004240) 000#8A3FF51001050410000000000000000000000000007200000000000000000000
(1307.004250) 000#6974F90010FF07080000FF070000FF01C40A170040FF04FF0000000000000000
(1307.004260) 000#5ABAF9A00A52980A0000000000A8020000000000000000000000000000000000
(1307.004270) 000#989EF0FEF77F6400000000001E0C0200FFF33F0000000000FF07000000000000
(1307.004280) 000#A5FDFD2B007F2E002B002B00007F27004600004014040A0B0026009F00020000
(1307.004290) 000#17B0FD00109C806C400027000000075D0A0000000E020000FEBF2F8271000000
(1307.004300) 000#A27FEF00000002000E80DB81847E650037363032463700000000000000000000
(1307.004310) 000#A06B0400000000000202000240FF00FF000005000008FE00000000040000FF00
(1307.004320) 000#A39FFA0010FF07080000FF070000FF01C40A170040FF04FF0000000000000000
(1307.004330) 000#3616FAA00A529C0A0000000000A9020000000000000000000000000000000000
(1307.004340) 000#2D0BFE2B007F2E002B002B00007F2700460000401404000B0026009F00020000
(1307.004350) 000#DD5BFE00109C806C400027000000075D0A0000000E020000FEBF2F8271000000
(1307.004360) 000#B944F000000002000E80DB817D7E650037363032463700000000000000000000
(1307.004370) 000#42DAF30001000000000080808080000800000000100000000000000000000000
(1307.004380) 000#E6320500000000000202000240FF00FF000005000008FE00000000040000FF00
(1307.004390) 000#40D4F61001050410000000000000000000000000007200000000000000000000
(1307.004400) 000#6EEBA50000010000000001008000000000000000000000000000000000000000
(1307.004410) 000#E5C6FB0010FF07080000FF070000FF01C40A170040FF04FF0000000000000000
(1307.004420) 000#ABD9FB880A52900A0000000000A6020000000000000000000000000000000000
(1307.004430) 000#DEC7F1FEF77F6400000000001E0C0200FFF33F0000000000FF07000000000000
(1307.004440) 000#6B52FF2B007F2E002B002B00007F2700460000401404000B0026009F00020000
(1307.004450) 000#9B02FF00109C806C400027000000075D0A0000000E020000FEBF2F8271000000
(1307.004460) 000#C4D534401B5E8E0000005D1C5B012C00000000000000402335D54017A0140000
(1307.004470) 000#F3DFF100000002001380CE817D7E650037363032463700000000000000000000
(1307.004480) 000#2CD90600000000000202000240FF00FF000005000008FE00000000040000FF00
(1307.004490) 000#1658FC0010FF07080000FF070000FF01C40A170040FF04FF0000000000000000
(1307.004500) 000#CA5DFC840A52880A0000000000A5020000000000000000000000000000000000
(1307.004510) 000#EDF3002B007F2E002B002B00007F2700460000401404F80A0026009F00020000
(1307.004520) 000#ED4E0000109C806C400027000000075D0A0000000E020000FEBF2F8271000000
(1307.004530) 000#2962F200000002000080C081987E650037363032463700000000000000000000
(1307.004540) 000#B144F40001000000000080808080000800000000100000000000000000000000
(1307.004550) 000#6A800700000000000202000240FF00FF000005000008FE00000000040000FF00
(1307.004560) 000#068DF71001050410000000000000000000000000007200000000000000000000
(1307.004570) 000#5001FD0010FF07080000FF070000FF01C40A170040FF04FF0000000000000000
(1307.004580) 000#867DFD980A52900A0000000000A6020000000000000000000000000000000000
(1307.004590) 000#142CF2FEF77F6400000000001E0C0200FFF33F0000000000FF07000000000000
(1307.004600) 000#FCB1012B007F2E002C002C00007F2700460000401404020B0026009F00020000
(1307.004610) 000#AB170100109C806C400027000000075D0A0000000E020000FEBF2F8271000000
(1307.004620) 000#D752F300000002000280E2817D7E650037363032463700000000000000000000
(1307.004630) 000#EBF40800000000000202000240FF00FF000005000008FE00000000040000FF00
(1307.004640) 000#9AEAFE0010FF07080000FF070000FF01C40A170040FF04FF0000000000000000
(1307.004650) 000#EAD1FE980A52940A0000000000A7020000000000000000000000000000000000
(1307.004660) 000#7BAA022B007F2E002B002B00007F2700460000401404020B0026009F00020000
(1307.004670) 000#7E500200109C806C400027000000075F0A0000000E020000FEBF2F8271000000
(1307.004680) 000#8BE9F400000002001380CE81697E650037363032463700000000000000000000
(1307.004690) 000#F71DF50001000000000080808080000800000000100000000000000000000000
(1307.004700) 000#ADAD0900000000000202000240FF00FF000005000008FE00000000040000FF00
(1307.004710) 000#87F9F81001050410000000000000000000000000007200000000000000000000
(1307.004720) 000#DCB3FF0010FF07080000FF070000FF01C40A170040FF04FF0000000000000000
(1307.004730) 000#AC88FF980A52940A0000000000A7020000000000000000000000000000000000
(1307.004740) 000#5275F3FEF77F6400000000001E0C0200FFF33F0000000000FF07000000000000
(1307.004750) 000#E9FE032B007F2E002B002B00007F2700460000401404060B0026009F00020000
(1307.004760) 000#38090300109C806C400027000000075F0A0000000E020000FEBF2F8271000000
(1307.004770) 000#3CCCF500000002001380CE816F7E650037363032463700000000000000000000
(1307.004780) 000#67460A00000000000202000240FF00FF000005000008FE00000000040000FF00
(1307.004790) 000#AAFF000010FF07080000FF070000FF01C40A170040FF04FF0000000000000000
(1307.004800) 000#A400A60000010000000001008000000000000000000000000000000000000000
(1307.004810) 000#B0B200900A52900A0000000000A6020000000000000000000000000000000000
(1307.004820) 000#EA8D042B007F2E002B002B00007F2700460000401404FE0A0026009F00020000
(1307.004830) 000#D43B0400109C806C400027000000075D0A0000000E020000FEBF2F8271000000
(1307.004840) 000#9115F600000002001380B9817D7E650037363032463700000000000000000000
(1307.004850) 000#3DF6F60001000000000080808080000800000000100000000000000000000000
(1307.004860) 000#211F0B00000000000202000240FF00FF000005000008FE00000000040000FF00
(1307.004870) 000#C1A0F91001050410000000000000000000000000007200000000000000000000
(1307.004880) 000#ECA6010010FF07080000FF070000FF01C40A170040FF04FF0000000000000000
(1307.004890) 000#AC00018C0A528C0A0000000000A5020000000000000000000000000000000000
(1307.004900) 000#A1EBF4FEF77F6400000000001E0C0200FFF33F0000000000FF07000000000000
(1307.004910) 000#78D9052B007F2E002B002B00007F2700460000401404FA0A0026009F00020000
(1307.004920) 000#92620500109C806C400027000000075D0A0000000E020000FEBF2F8271000000
(1307.004930) 000#0E4AF700000002000E80AC818B7E650037363032463700000000000000000000
(1307.004940) 000#D2810C00000000000202000240FF00FF000005000008FE00000000040000FF00
(1307.004950) 000#264D020010FF07080000FF070000FF01C40A170040FF04FF0000000000000000
(1307.004960) 000#DA1802940A52900A0000000000A6020000000000000000000000000000000000
(1307.004970) 000#FFC2062B007F2E002C002C00007F2700460000401404FA0A0026009F00020000
(1307.004980) 000#58890600109C806C400027000000075D0A0000000E020000FEBF2F8271000000
(1307.004990) 000#88E8F800000002000580D581847E650037363032463700000000000000000000
(1307.005000) 000#7BAFF70001000000000080808080000800000000100000000000000000000000
(1307.005010) 000#94D80D00000000000202000240FF00FF000005000008FE00000000040000FF00
(1307.005020) 000#0B4BFA1001050410000000000000000000000000007200000000000000000000
(1307.005030) 000#6014030010FF07080000FF070000FF01C40A170040FF04FF0000000000000000
(1307.005040) 000#C6AA03880A528C0A0000000000A5020000000000000000000000000000000000
(1307.005050) 000#E7B2F5FEF77F6400000000001E0C0200FFF33F0000000000FF07000000000000
(1307.005060) 000#2066072B007F2E002B002B00007F2700460000401404FE0A0026009F00020000
(1307.005070) 000#1ED00700109C806C400027000000075D0A0000000E020000FEBF2F8271000000
(1307.005080) 000#B31DF900000002000B80C0816F7E650037363032463700000000000000000000
(1307.005090) 000#5E330E00000000000202000240FF00FF000005000008FE00000000040000FF00
(1307.005100) 000#938A040010FF07080000FF070000FF01C40A170040FF04FF0000000000000000
(1307.005110) 000#B95A04840A52880A0000000000A4020000000000000000000000000000000000
(1307.005120) 000#6FF4082B007F2E002B002B00007F2700460000401404000B0026009F00020000
(1307.005130) 000#9FA40800109C806C400027000000075D0A0000000E020000FEBF2F8271000000
(1307.005140) 000#8F59FA00000002000E80E281697E650037363032463700000000000000000000
(1307.005150) 000#FADBF80001000000000080808080000800000000100000000000000000000000
(1307.005160) 000#186A0F00000000000202000240FF00FF000005000008FE00000000040000FF00
(1307.005170) 000#4D12FB1001050410000000000000000000000000007200000000000000000000
(1307.005180) 000#E259A70000010000000001008000000000000000000000000000000000000000
(1307.005190) 000#D5D3050010FF07080000FF070000FF01C40A170040FF04FF0000000000000000
(1307.005200) 000#273F05900A528C0A0000000000A5020000000000000000000000000000000000
(1307.005210) 000#2D59F6FEF77F6400000000001E0C0200FFF33F0000000000FF07000000000000
(1307.005220) 000#29AD092B007F2E002B002B00007F2700460000401404000B0026009F00020000
(1307.005230) 000#D9FD0900109C806C400027000000075D0A0000000E020000FEBF2F8271000000
(1307.005240) 000#828C35401B5E8E0000005D1C5B012C00000000000000402335D54017A0140000
(1307.005250) 000#AD60FB00000002000E80E981847E650037363032463700000000000000000000
(1307.005260) 000#5CDA1000000000000202000240FF00FF000005000008FE00000000040000FF00
(1307.005270) 000#1F38060010FF07080000FF070000FF01C40A170040FF04FF0000000000000000
(1307.005280) 000#E36D06940A52900A0000000000A6020000000000000000000000000000000000
(1307.005290) 000#B45D0A2B007F2E002C002C00007F2700460000401404FA0A0026009F00020000
(1307.005300) 000#13160A00109C806C400027000000075D0A0000000E020000FEBF2F8271000000
(1307.005310) 000#91A8FC00000002001380D5817D7E650037363032463700000000000000000000
(1307.005320) 000#BC82F90001000000000080808080000800000000100000000000000000000000
(1307.005330) 000#1A831100000000000202000240FF00FF000005000008FE00000000040000FF00
(1307.005340) 000#BE8CFC1001050410000000000000000000000000007200000000000000000000
(1307.005350) 000#5961070010FF07080000FF070000FF01C40A170040FF04FF0000000000000000
(1307.005360) 000#295A07980A52940A0000000000A7020000000000000000000000000000000000
(1307.005370) 000#6B00F7FEF77F6400000000001E0C0200FFF33F0000000000FF07000000000000
(1307.005380) 000#8E120B2B007F2E002C002C00007F2700460000401404F60A0026009F00020000
(1307.005390) 000#554F0B00109C806C400027000000075D0A0000000E020000FEBF2F8271000000
(1307.005400) 000#6D33FD00000002000580DB816F7E650037363032463700000000000000000000
(1307.005410) 000#D0681200000000000202000240FF00FF000005000008FE00000000040000FF00
(1307.005420) 000#D815080010FF07080000FF070000FF01C40A170040FF04FF0000000000000000
(1307.005430) 000#6956089C0A52980A0000000000A8020000000000000000000000000000000000
(1307.005440) 000#7D8C0C2B007F2E002C002C00007F2700460000401404F60A0026009F00020000
(1307.005450) 000#A6D10C00109C806C400027000000075D0A0000000E020000FEBF2F8271000000
(1307.005460) 000#E7BEFE00000002000E80C0816F7E650037363032463700000000000000000000
(1307.005470) 000#7669FA0001000000000080808080000800000000100000000000000000000000
(1307.005480) 000#96311300000000000202000240FF00FF000005000008FE00000000040000FF00
(1307.005490) 000#F8D5FD1001050410000000000000000000000000007200000000000000000000
(1307.005500) 000#9E4C090010FF07080000FF070000FF01C40A170040FF04FF0000000000000000
(1307.005510) 000#364B098C0A52900A0000000000A6020000000000000000000000000000000000
(1307.005520) 000#EA74F8FEF77F6400000000001E0C0200FFF33F0000000000FF07000000000000
(1307.005530) 000#FB590D2C007F2E002C002C00007F2700460000401404FA0A0026009F00020000
(1307.005540) 000#FF240D00109C806C400027000000075F0A0000000E020000FEBF2F8271000000
(1307.005550) 000#649BFF00000002000E80CE817D7E650037363032463700000000000000000000
(1307.005560) 000#65AF1400000000000202000240FF00FF000005000008FE00000000040000FF00
(1307.005570) 000#54A70A0010FF07080000FF070000FF01C40A170040FF04FF0000000000000000
(1307.005580) 000#7E770A840A52880A0000000000A4020000000000000000000000000000000000
(1307.005590) 000#0FB90E2C007F2E002C002C00007F2700460000401404FC0A0026009F00020000
(1307.005600) 000#35CF0E00109C806C400027000000075F0A0000000E020000FEBF2F8271000000
(1307.005610) 000#763A0000000002000E80E981767E650037363032463700000000000000000000
(1307.005620) 000#3030FB0001000000000080808080000800000000100000000000000000000000
(1307.005630) 000#23F61500000000000202000240FF00FF000005000008FE00000000040000FF00
(1307.005640) 000#323EFE1001050410000000000000000000000000007200000000000000000000
(1307.005650) 000#12FE0B0010FF07080000FF070000FF01C40A170040FF04FF0000000000000000
(1307.005660) 000#F41F0B8C0A52880A0000000000A4020000000000000000000000000000000000
(1307.005670) 000#AC2DF9FEF77F6400000000001E0C0200FFF33F0000000000FF07000000000000
(1307.005680) 000#EE160F2C007F2E002B002B00007F2700460000401404FE0A0026009F00020000
(1307.005690) 000#73960F00109C806C400027000000075F0A0000000E020000FEBF2F8271000000
(1307.005700) 000#67300100000002000280E281767E650037363032463700000000000000000000
(1307.005710) 000#E91D1600000000000202000240FF00FF000005000008FE00000000040000FF00
(1307.005720) 000#E1600C0010FF07080000FF070000FF01C40A170040FF04FF0000000000000000
(1307.005730) 000#371C0C980A52900A0000000000A6020000000000000000000000000000000000
(1307.005740) 000#632DA80000010000000001008000000000000000000000000000000000000000
(1307.005750) 000#163C102B007F2E002B002B00007F2700460000401404FE0A0026009F00020000
(1307.005760) 000#288A1000109C806C400027000000075D0A0000000E020000FEBF2F8271000000
(1307.005770) 000#0D350200000002000280C081767E650037363032463700000000000000000000
(1307.005780) 000#C3AEFC0001000000000080808080000800000000100000000000000000000000
(1307.005790) 000#AF441700000000000202000240FF00FF000005000008FE00000000040000FF00
(1307.005800) 000#7467FF1001050410000000000000000000000000007200000000000000000000
(1307.005810) 000#A7390D0010FF07080000FF070000FF01C40A170040FF04FF0000000000000000
(1307.005820) 000#D7020D980A52940A0000000000A7020000000000000000000000000000000000
(1307.005830) 000#66C6FAFEF77F6400000000001E0C0200FFF33F0000000000FF07000000000000
(1307.005840) 000#7485112B007F2E002B002B00007F2700460000401404020B0026009F00020000
(1307.005850) 000#6ED31100109C806C400027000000075D0A0000000E020000FEBF2F8271000000
(1307.005860) 000#35C20300000002000080C781847E650037363032463700000000000000000000
(1307.005870) 000#2E301800000000000202000240FF00FF000005000008FE00000000040000FF00
(1307.005880) 000#6DD20E0010FF07080000FF070000FF01C40A170040FF04FF0000000000000000
(1307.005890) 000#CB6C0E880A528C0A0000000000A5020000000000000000000000000000000000
(1307.005900) 000#6A63122B007F2E002B002B00007F2700460000401404060B0026009F00020000
(1307.005910) 000#A4381200109C806C400027000000075D0A0000000E020000FEBF2F8271000000
(1307.005920) 000#5BFE0400000002000580CE81847E650037363032463700000000000000000000
(1307.005930) 000#85F7FD0001000000000080808080000800000000100000000000000000000000
(1307.005940) 000#68691900000000000202000240FF00FF000005000008FE00000000040000FF00
(1307.005950) 000#022B001001050410000000000000000000000000007200000000000000000000
(1307.005960) 000#2B8B0F0010FF07080000FF070000FF01C40A170040FF04FF0000000000000000
(1307.005970) 000#DDA70F880A52880A0000000000A5020000000000000000000000000000000000
(1307.005980) 000#209FFBFEF77F6400000000001E0C0200FFF33F0000000000FF07000000000000
(1307.005990) 000#2C3A132B007F2E002B002B00007F2700460000401404060B0026009F00020000
(1307.006000) 000#FDCD1300109C806C400027000000075F0A0000000E020000FEBF2F8271000000
(1307.006010) 000#436636401B5D8E0000005D1C5B012C00000000000000402335D54017A0140000
(1307.006020) 000#69E80500000002000280D5817D7E650037363032463700000000000000000000
(1307.006030) 000#A2821A00000000000202000240FF00FF000005000008FE00000000040000FF00
(1307.006040) 000#6F3B100010FF07080000FF070000FF01C40A170040FF04FF0000000000000000
(1307.006050) 000#A6B910900A528C0A0000000000A6020000000000000000000000000000000000
(1307.006060) 000#DFA4142B007F2E002B002B00007F2700460000401404060B0026009F00020000
(1307.006070) 000#0E531400109C806C400027000000075F0A0000000E020000FEBF2F8271000000
(1307.006080) 000#684F0600000002000E80F7817D7E650037363032463700000000000000000000
(1307.006090) 000#4F1CFE0001000000000080808080000800000000100000000000000000000000
(1307.006100) 000#E4DB1B00000000000202000240FF00FF000005000008FE00000000040000FF00
(1307.006110) 000#4472011001050410000000000000000000000000007200000000000000000000
(1307.006120) 000#2574A90000010000000001008000000000000000000000000000000000000000
(1307.006130) 000#2962110010FF07080000FF070000FF01C40A170040FF04FF0000000000000000
(1307.006140) 000#F56711840A52880A0000000000A5020000000000000000000000000000000000
(1307.006150) 000#D301FCFEF77F6400000000001E0C0200FFF33F0000000000FF07000000000000
(1307.006160) 000#571B152B007F2E002B002B00007F2700460000401404F80A0026009F00020000
(1307.006170) 000#480A1500109C806C400027000000075F0A0000000E020000FEBF2F8271000000
(1307.006180) 000#66810700000002000580E981697E650037363032463700000000000000000000
(1307.006190) 000#17451C00000000000202000240FF00FF000005000008FE00000000040000FF00
(1307.006200) 000#E389120010FF07080000FF070000FF01C40A170040FF04FF0000000000000000
(1307.006210) 000#7EEE12800A52840A0000000000A3020000000000000000000000000000000000
(1307.006220) 000#543A162B007F2E002C002C00007F2700460000401404EC0A0026009F00020000
(1307.006230) 000#9D4D1600109C806C400027000000075D0A0000000E020000FEBF2F8271000000
(1307.006240) 000#63590800000002000B80D581767E650037363032463700000000000000000000
(1307.006250) 000#0945FF0001000000000080808080000800000000100000000000000000000000
(1307.006260) 000#511C1D00000000000202000240FF00FF000005000008FE00000000040000FF00
(1307.006270) 000#8E99021001050410000000000000000000000000007200000000000000000000
(1307.006280) 000#0220130010FF07080000FF070000FF01C00A170040FF04FF0000000000000000
(1307.006290) 000#4331138C0A52880A0000000000A4020000000000000000000000000000000000
(1307.006300) 000#9558FDFEF77F6400000000001E0C0200FFF33F0000000000FF07000000000000
(1307.006310) 000#1263172B007F2E002C002C00007F2700460000401404EC0A0026009F00020000
(1307.006320) 000#DB141700109C806C400027000000075D0A0000000E020000FEBF2F8271000000
(1307.006330) 000#61180900000002000580D581697E650037363032463700000000000000000000
(1307.006340) 000#9BF71E00000000000202000240FF00FF000005000008FE00000000040000FF00
(1307.006350) 000#F1BE140010FF07080000FF070000FF01C00A170040FF04FF0000000000000000
(1307.006360) 000#A4A214900A528C0A0000000000A5020000000000000000000000000000000000
(1307.006370) 000#6B3B182B007F2E002C002C00007F2700460000401404F40A0026009F00020000
(1307.006380) 000#E6411800109C806C400027000000075F0A0000000D020000FEBF2F8271000000
(1307.006390) 000#CE4C0A00000002000880CE81697E650037363032463700000000000000000000
(1307.006400) 000#7F09000001000000000080808080000800000000100000000000000000000000
(1307.006410) 000#DDAE1F00000000000202000240FF00FF000005000008FE00000000040000FF00
(1307.006420) 000#C8C0031001050410000000000000000000000000007200000000000000000000
(1307.006430) 000#1017150010FF07080000FF070000FF01C40A170040FF04FF0000000000000000
(1307.006440) 000#E2FB15900A528C0A0000000000A5020000000000000000000000000000000000
(1307.006450) 000#5FB3FEFEF77F6400000000001E0C0200FFF33F0000000000FF07000000000000
(1307.006460) 000#8579192B007F2E002C002C00007F2700460000401404FC0A0026009F00020000
(1307.006470) 000#A0181900109C806C400027000000075F0A0000000D020000FEBF2F8271000000
(1307.006480) 000#BF350B00000002000880D581847E650037363032463700000000000000000000
(1307.006490) 000#32872000000000000202000240FF00FF000005000008FE00000000040000FF00
(1307.006500) 000#DAFC160010FF07080000FF070000FF01C40A170040FF04FF0000000000000000
(1307.006510) 000#0C8016980A52900A0000000000A6020000000000000000000000000000000000
(1307.006520) 000#4F921A2B007F2E002C002C00007F2700460000401404FC0A0026009F00020000
(1307.006530) 000#6AF31A00109C806C400027000000075F0A0000000D020000FEBF2F8271000000
(1307.006540) 000#7FB10C00000002000880DB81847E650037363032463700000000000000000000
(1307.006550) 000#3950010001000000000080808080000800000000100000000000000000000000
(1307.006560) 000#74DE2100000000000202000240FF00FF000005000008FE00000000040000FF00
(1307.006570) 000#3B5E041001050410000000000000000000000000007200000000000000000000
(1307.006580) 000#9CA5170010FF07080000FF070000FF01C40A170040FF04FF0000000000000000
(1307.006590) 000#EC9E17980A52940A0000000000A7020000000000000000000000000000000000
(1307.006600) 000#EF9FAA0000010000000001008000000000000000000000000000000000000000
(1307.006610) 000#19EAFFFEF77F6400000000001E0C0200FFF33F0000000000FF07000000000000
(1307.006620) 000#DDC61B2B007F2E002C002C00007F2700460000401404F80A0026009F00020000
(1307.006630) 000#2CAA1B00109C806C400027000000075F0A0000000D020000FEBF2F8271000000
(1307.006640) 000#F8130D00000002000580C081987E650037363032463700000000000000000000
(1307.006650) 000#BE352200000000000202000240FF00FF000005000008FE00000000040000FF00
(1307.006660) 000#1DD1180010FF07080000FF070000FF01C40A170040FF04FF0000000000000000
(1307.006670) 000#D11918800A52880A0000000000A4020000000000000000000000000000000000
(1307.006680) 000#524E1C2B007F2E002C002C00007F2700460000401404F40A0026009F00020000
(1307.006690) 000#7CB91C00109C806C400027000000075F0A0000000E020000FEBF2F8271000000
(1307.006700) 000#95370E00000002000880C781847E650037363032463700000000000000000000
(1307.006710) 000#F3BB020001000000000080808080000800000000100000000000000000000000
(1307.006720) 000#F86C2300000000000202000240FF00FF000005000008FE00000000040000FF00
(1307.006730) 000#7D07051001050410000000000000000000000000007200000000000000000000
(1307.006740) 000#5B88190010FF07080000FF070000FF01C40A170040FF04FF0000000000000000
(1307.006750) 000#C6EF19800A52840A0000000000A3020000000000000000000000000000000000
(1307.006760) 000#6FA600FEF77F6400000000001E0C0200FFF33F0000000000FF07000000000000
(1307.006770) 000#14171D2B007F2E002C002C00007F2700460000401404F40A0026009F00020000
(1307.006780) 000#3AE01D00109C806C400027000000075F0A0000000E020000FEBF2F8271000000
(1307.006790) 000#54A337401B5F8D0000005D1C5B012C00000000000000402335D54017A0140000
(1307.006800) 000#63660F0000000200FB7FE981847E650037363032463700000000000000000000
(1307.006810) 000#0BF22400000000000202000240FF00FF000005000008FE00000000040000FF00
(1307.006820) 000#91631A0010FF07080000FF070000FF01C40A170040FF04FF0000000000000000
(1307.006830) 000#C5C81A900A52880A0000000000A4020000000000000000000000000000000000
(1307.006840) 000#F4761E2C007F2E002C002C00007F2700460000401404FA0A0026009F00020000
(1307.006850) 000#F00B1E00109C806C400027000000075F0A0000000E020000FEBF2F8271000000
(1307.006860) 000#9D7B1000000002000880D5817D7E650037363032463700000000000000000000
(1307.006870) 000#B5E2030001000000000080808080000800000000100000000000000000000000
(1307.006880) 000#4DAB2500000000000202000240FF00FF000005000008FE00000000040000FF00
(1307.006890) 000#B7EC061001050410000000000000000000000000007200000000000000000000
(1307.006900) 000#D73A1B0010FF07080000FF070000FF01C40A170040FF04FF0000000000000000
(1307.006910) 000#C3CE1B940A528C0A0000000000A5020000000000000000000000000000000000
(1307.006920) 000#29FF01FEF77F6400000000001E0C0200FFF33F0000000000FF07000000000000
(1307.006930) 000#8C241F2C007F2E002C002C00007F2700460000401404FC0A0026009F00020000
(1307.006940) 000#15DF1F00109C806C400027000000075F0A0000000D020000FEBF2F8271000000
(1307.006950) 000#529A1100000002000B80E981767E650037363032463700000000000000000000
(1307.006960) 000#87402600000000000202000240FF00FF000005000008FE00000000040000FF00
(1307.006970) 000#A9C6AB0000010000000001008000000000000000000000000000000000000000
(1307.006980) 000#24A41C0010FF07080000FF070000FF01C40A170040FF04FF0000000000000000
(1307.006990) 000#245D1C880A52880A0000000000A4020000000000000000000000000000000000
(1307.007000) 000#192B202C007F2E002C002C00007F2700460000401404FA0A0025009F00020000
(1307.007010) 000#FAF62000109C806C400027000000075F0A0000000D020000FEBF2F8271000000
(1307.007020) 000#734A1200000002000880F081767E650037363032463700000000000000000000
(1307.007030) 000#467C040001000000000080808080000800000000100000000000000000000000
(1307.007040) 000#C1192700000000000202000240FF00FF000005000008FE00000000040000FF00
(1307.007050) 000#F1B5071001050410000000000000000000000000007200000000000000000000
(1307.007060) 000#62FD1D0010FF07080000FF070000FF01C40A170040FF04FF0000000000000000
(1307.007070) 000#19821D840A52840A0000000000A3020000000000000000000000000000000000
(1307.007080) 000#E31402FEF77F6400000000001E0C0200FFF33F0000000000FF07000000000000
(1307.007090) 000#E3E8212B007F2E002C002C00007F2700460000401404FA0A0025009F00020000
(1307.007100) 000#8C822100109C806C400028000000075F0A0000000D020000FEBF2F8271000000
(1307.007110) 000#1ED81300000002000E80DB81847E650037363032463700000000000000000000
(1307.007120) 000#406D2800000000000202000240FF00FF000005000008FE00000000040000FF00
(1307.007130) 000#A8161E0010FF07080000FF070000FF01C40A170040FF04FF0000000000000000
(1307.007140) 000#65E31E800A52800A0000000000A3020000000000000000000000000000000000
(1307.007150) 000#C305222B007F2E002C002C00007F2700460000401404F80A0025009F00020000
(1307.007160) 000#D5C92200109C806C400027000000075F0A0000000E020000FEBF2F8271000000
(1307.007170) 000#B4DA1400000002000E80B981767E650037363032463700000000000000000000
(1307.007180) 000#0025050001000000000080808080000800000000100000000000000000000000
(1307.007190) 000#06342900000000000202000240FF00FF000005000008FE00000000040000FF00
(1307.007200) 000#70C1081001050410000000000000000000000000007200000000000000000000
(1307.007210) 000#EE4F1F0010FF07080000FF070000FF01C40A170040FF04FF0000000000000000
(1307.007220) 000#23BA1F800A52800A0000000000A3020000000000000000000000000000000000
(1307.007230) 000#A54D03FEF77F6400000000001E0C0200FFF33F0000000000FF07000000000000
(1307.007240) 000#F94A232B007F2E002C002C00007F2700460000401404F40A0025009F00020000
(1307.007250) 000#93902300109C806C400027000000075F0A0000000E020000FEBF2F8271000000
(1307.007260) 000#D3391500000002001980C781847E650037363032463700000000000000000000
(1307.007270) 000#CCDF2A00000000000202000240FF00FF000005000008FE00000000040000FF00
(1307.007280) 000#0166200010FF07080000FF070000FF01C40A170040FF04FF0000000000000000
(1307.007290) 000#D7A8207C0A527C0A0000000000A2020000000000000000000000000000000000
(1307.007300) 000#B64E242C007F2E002C002C00007F2700460000401404F40A0025009F00020000
(1307.007310) 000#600E2400109C806C400027000000075F0A0000000E020000FEBF2F8271000000
(1307.007320) 000#A0FD1600000002000B80C781847E650037363032463700000000000000000000
(1307.007330) 000#CACE060001000000000080808080000800000000100000000000000000000000
(1307.007340) 000#8A862B00000000000202000240FF00FF000005000008FE00000000040000FF00
(1307.007350) 000#3698091001050410000000000000000000000000007200000000000000000000
(1307.007360) 000#473F210010FF07080000FF070000FF01C40A170040FF04FF0000000000000000
(1307.007370) 000#1C1521780A52780A0000000000A1020000000000000000000000000000000000
(1307.007380) 000#56D304FEF77F6400000000001E0C0200FFF33F0000000000FF07000000000000
(1307.007390) 000#241A252C007F2E002C002C00007F2700460000401404F00A0025009F00020000
(1307.007400) 000#26572500109C806C400027000000075F0A0000000E020000FEBF2F8271000000
(1307.007410) 000#6FB71700000002000580E981767E650037363032463700000000000000000000
(1307.007420) 000#79182C00000000000202000240FF00FF000005000008FE00000000040000FF00
(1307.007430) 000#5A58AC0000010000000001008000000000000000000000000000000000000000
(1307.007440) 000#8DD4220010FF07080000FF070000FF01C40A170040FF04FF0000000000000000
(1307.007450) 000#E65322840A527C0A0000000000A1020000000000000000000000000000000000
(1307.007460) 000#EEF1262C007F2E002C002C00007F2700460000401404F00A0025009F00020000
(1307.007470) 000#ECBC2600109C806C400027000000075F0A0000000E020000FEBF2F8271000000
(1307.007480) 000#19131800000002000080C081697E650037363032463700000000000000000000
(1307.007490) 000#8C97070001000000000080808080000800000000100000000000000000000000
(1307.007500) 000#3F412D00000000000202000240FF00FF000005000008FE00000000040000FF00
(1307.007510) 000#FC730A1001050410000000000000000000000000007200000000000000000000
(1307.007520) 000#CB8D230010FF07080000FF070000FF01C40A170040FF04FF0000000000000000
(1307.007530) 000#3C9C23880A52800A0000000000A2020000000000000000000000000000000000
(1307.007540) 000#108A05FEF77F6400000000001E0C0200FFF33F0000000000FF07000000000000
(1307.007550) 000#1432272B007F2E002C002C00007F2700460000401404F00A0025009F00020000
(1307.007560) 000#AAE52700109C806C400027000000075F0A0000000E020000FEBF2F8271000000
(1307.007570) 000#332738401B5E8D0000005D1C5B012C00000000000000402335D54017A0140000
(1307.007580) 000#572D1900000002000880B9817D7E650037363032463700000000000000000000
(1307.007590) 000#F5AA2E00000000000202000240FF00FF000005000008FE00000000040000FF00
(1307.007600) 000#3813240010FF07080000FF070000FF01C40A170040FF04FF0000000000000000
(1307.007610) 000#6CB824900A52880A0000000000A4020000000000000000000000000000000000
(1307.007620) 000#7F40282B007F2E002C002C00007F2700460000401404F20A0025009F00020000
(1307.007630) 000#881C2800109C806C400027000000075F0A0000000D020000FEBF2F8271000000
(1307.007640) 000#51F71A00000002000280F0818B7E650037363032463700000000000000000000
(1307.007650) 000#0DE3080001000000000080808080000800000000100000000000000000000000
(1307.007660) 000#B3F32F00000000000202000240FF00FF000005000008FE00000000040000FF00
(1307.007670) 000#BA2A0B1001050410000000000000000000000000007200000000000000000000
(1307.007680) 000#7E4A250010FF07080000FF070000FF01C40A170040FF04FF0000000000000000
(1307.007690) 000#8CA625900A528C0A0000000000A5020000000000000000000000000000000000
(1307.007700) 000#DA6106FEF77F6400000000001E0C0200FFF33F0000000000FF07000000000000
(1307.007710) 000#BB88292C007F2E002C002C00007F2700460000401404F40A0025009F00020000
(1307.007720) 000#CE452900109C806C400027000000075F0A0000000D020000FEBF2F8271000000
(1307.007730) 000#1A791B00000002000580B981767E650037363032463700000000000000000000
(1307.007740) 000#F7433000000000000202000240FF00FF000005000008FE00000000040000FF00
(1307.007750) 000#B4A1260010FF07080000FF070000FF01C40A170040FF04FF0000000000000000
(1307.007760) 000#09A626780A52800A0000000000A2020000000000000000000000000000000000
(1307.007770) 000#0D752A2C007F2E002C002C00007F2700460000401404F80A0025009F00020000
(1307.007780) 000#04AE2A00109C806C400027000000075F0A0000000D020000FEBF2F8271000000
(1307.007790) 000#E9E71C00000002000580B981767E650037363032463700000000000000000000
(1307.007800) 000#4BBA090001000000000080808080000800000000100000000000000000000000
(1307.007810) 000#B11A3100000000000202000240FF00FF000005000008FE00000000040000FF00
(1307.007820) 000#49B40C1001050410000000000000000000000000007200000000000000000000
(1307.007830) 000#F2F8270010FF07080000FF070000FF01C40A170040FF04FF0000000000000000
(1307.007840) 000#C22E27780A527C0A0000000000A2020000000000000000000000000000000000
(1307.007850) 000#1C01AD0000010000000001008000000000000000000000000000000000000000
(1307.007860) 000#9C3807FEF77F6400000000001E0C0200FFF33F0000000000FF07000000000000
(1307.007870) 000#4B2C2B2C007F2E002C002C00007F2700460000401404F80A0025009F00020000
(1307.007880) 000#42F72B00109C806C400027000000075F0A0000000D020000FEBF2F8271000000
(1307.007890) 000#3EAE1D00000002000080C081847E650037363032463700000000000000000000
(1307.007900) 000#7BF13200000000000202000240FF00FF000005000008FE00000000040000FF00
(1307.007910) 000#738C280010FF07080000FF070000FF01C40A170040FF04FF0000000000000000
(1307.007920) 000#724828880A52800A0000000000A3020000000000000000000000000000000000
(1307.007930) 000#04282C2B007F2E002C002C00007F2700460000401404F80A0025009F00020000
(1307.007940) 000#12E42C00109C806C400027000000075F0A0000000E020000FEBF2F8271000000
(1307.007950) 000#A4B31E00000002000880B9817D7E650037363032463700000000000000000000
(1307.007960) 000#81510A0001000000000080808080000800000000100000000000000000000000
(1307.007970) 000#3DA83300000000000202000240FF00FF000005000008FE00000000040000FF00
(1307.007980) 000#0FED0D1001050410000000000000000000000000007200000000000000000000
(1307.007990) 000#35D5290010FF07080000FF070000FF01C40A170040FF04FF0000000000000000
(1307.008000) 000#829B298C0A52840A0000000000A3020000000000000000000000000000000000
(1307.008010) 000#1D4C08FEF77F6400000000001E0C0200FFF33F0000000000FF07000000000000
(1307.008020) 000#A8772D2B007F2E002C002C00007F2700460000401404FA0A0025009F00020000
(1307.008030) 000#F7302D00109C806C400027000000075F0A0000000D020000FEBF2F8271000000
(1307.008040) 000#8B4C1F00000002000880C081767E650037363032463700000000000000000000
(1307.008050) 000#CE363400000000000202000240FF00FF000005000008FE00000000040000FF00
(1307.008060) 000#FF3E2A0010FF07080000FF070000FF01C40A170040FF04FF0000000000000000
(1307.008070) 000#19DF2A8C0A52880A0000000000A4020000000000000000000000000000000000
(1307.008080) 000#629C2E2B007F2E002C002C00007F2700460000401404FA0A0025009F00020000
(1307.008090) 000#9E562E00109C806C400027000000075F0A0000000E020000FEBF2F8271000000
(1307.008100) 000#46022000000002000280E281697E650037363032463700000000000000000000
(1307.008110) 000#C7080B0001000000000080808080000800000000100000000000000000000000
(1307.008120) 000#886F3500000000000202000240FF00FF000005000008FE00000000040000FF00
(1307.008130) 000#C5060E1001050410000000000000000000000000007200000000000000000000
(1307.008140) 000#B9672B0010FF07080000FF070000FF01C40A170040FF04FF0000000000000000
(1307.008150) 000#C2182B840A52840A0000000000A3020000000000000000000000000000000000
(1307.008160) 000#5B1509FEF77F6400000000001E0C0200FFF33F0000000000FF07000000000000
(1307.008170) 000#A7D32F2B007F2E002B002B00007F2700460000401404040B0025009F00020000
(1307.008180) 000#D80F2F00109C806C400027000000075F0A0000000E020000FEBF2F8271000000
(1307.008190) 000#F2E72100000002000B80DB816F7E650037363032463700000000000000000000
(1307.008200) 000#42843600000000000202000240FF00FF000005000008FE00000000040000FF00
(1307.008210) 000#4AF92C0010FF07080000FF070000FF01C40A170040FF04FF0000000000000000
(1307.008220) 000#870C2C800A52800A0000000000A3020000000000000000000000000000000000
(1307.008230) 000#7573302B007F2E002B002B00007F27004600004014040A0B0025009F00020000
(1307.008240) 000#9CBF3000109C806C400027000000075F0A0000000E020000FEBF2F8271000000
(1307.008250) 000#9C742200000002000E80B381697E650037363032463700000000000000000000
(1307.008260) 000#34960C0001000000000080808080000800000000100000000000000000000000
(1307.008270) 000#04DD3700000000000202000240FF00FF000005000008FE00000000040000FF00
(1307.008280) 000#835F0F1001050410000000000000000000000000007200000000000000000000
(1307.008290) 000#0CA02D0010FF07080000FF070000FF01C40A170040FF04FF0000000000000000
(1307.008300) 000#DDFF2D880A52840A0000000000A4020000000000000000000000000000000000
(1307.008310) 000#D6EAAE0000010000000001008000000000000000000000000000000000000000
(1307.008320) 000#91FE0AFEF77F6400000000001E0C0200FFF33F0000000000FF07000000000000
(1307.008330) 000#332A312B007F2E002B002B00007F27004600004014040A0B0025009F00020000
(1307.008340) 000#DAE63100109C806C400027000000075F0A0000000E020000FEBF2F8271000000
(1307.008350) 000#938E39401B5F8D0000005D1C5B012C00000000000000402335D54017A0140000
(1307.008360) 000#9B832300000002000880AC817D7E650037363032463700000000000000000000
(1307.008370) 000#85A93800000000000202000240FF00FF000005000008FE00000000040000FF00
(1307.008380) 000#C64B2E0010FF07080000FF070000FF01C40A170040FF04FF0000000000000000
(1307.008390) 000#0BBE2E800A52800A0000000000A3020000000000000000000000000000000000
(1307.008400) 000#13C7322B007F2E002B002B00007F2700460000401404080B0025009F00020000
(1307.008410) 000#100D3200109C806C400027000000075F0A0000000E020000FEBF2F8271000000
(1307.008420) 000#11D22400000002000E80AC815B7E650037363032463700000000000000000000
(1307.008430) 000#72CF0D0001000000000080808080000800000000100000000000000000000000
(1307.008440) 000#C3F03900000000000202000240FF00FF000005000008FE00000000040000FF00
(1307.008450) 000#C7EF101001050410000000000000000000000000007200000000000000000000
(1307.008460) 000#80122F0010FF07080000FF070000FF01C40A170040FF04FF0000000000000000
(1307.008470) 000#56DC2F7C0A527C0A0000000000A2020000000000000000000000000000000000
(1307.008480) 000#D7A70BFEF77F6400000000001E0C0200FFF33F0000000000FF07000000000000
(1307.008490) 000#8193332B007F2E002B002B00007F27004600004014040C0B0025009F00020000
(1307.008500) 000#56543300109C806C400027000000075F0A0000000E020000FEBF2F8271000000
(1307.008510) 000#052B2500000002000280A581847E650037363032463700000000000000000000
(1307.008520) 000#091B3A00000000000202000240FF00FF000005000008FE00000000040000FF00
(1307.008530) 000#C4A2300010FF07080000FF070000FF01C40A170040FF04FF0000000000000000
(1307.008540) 000#C56630880A52800A0000000000A3020000000000000000000000000000000000
(1307.008550) 000#DC26342B007F2E002B002B00007F27004600004014040E0B0026009F00020000
(1307.008560) 000#A5CA3400109C806C400027000000075F0A0000000E020000FEBF2F8271000000
(1307.008570) 000#E9BB2600000002000580AC81697E650037363032463700000000000000000000
(1307.008580) 000#B8240E0001000000000080808080000800000000100000000000000000000000
(1307.008590) 000#4F423B00000000000202000240FF00FF000005000008FE00000000040000FF00
(1307.008600) 000#81B6111001050410000000000000000000000000007200000000000000000000
(1307.008610) 000#82FB310010FF07080000FF070000FF01C40A170040FF04FF0000000000000000
(1307.008620) 000#B5BC318C0A52840A0000000000A4020000000000000000000000000000000000
(1307.008630) 000#24390CFEF77F6400000000001E0C0200FFF33F0000000000FF07000000000000
(1307.008640) 000#9A7F352B007F2E002B002B00007F27004600004014040E0B0026009F00020000
(1307.008650) 000#FC3F3500109C806C400027000000075D0A0000000E020000FEBF2F8271000000
(1307.008660) 000#A6162700000002000E80C781547E650037363032463700000000000000000000
(1307.008670) 000#BCDC3C00000000000202000240FF00FF000005000008FE00000000040000FF00
(1307.008680) 000#90B3AF0000010000000001008000000000000000000000000000000000000000
(1307.008690) 000#4810320010FF07080000FF070000FF01C40A170040FF04FF0000000000000000
(1307.008700) 000#678A32940A528C0A0000000000A6020000000000000000000000000000000000
(1307.008710) 000#5094362B007F2E002B002B00007F27004600004014040E0B0026009F00020000
(1307.008720) 000#36D43600109C806C400027000000075D0A0000000E020000FEBF2F8271000000
(1307.008730) 000#FE7D0F0001000000000080808080000800000000100000000000000000000000
(1307.008740) 000#3B852800000002000080B381547E650037363032463700000000000000000000
(1307.008750) 000#FA853D00000000000202000240FF00FF000005000008FE00000000040000FF00
(1307.008760) 000#4B5D121001050410000000000000000000000000007200000000000000000000
(1307.008770) 000#0E49330010FF07080000FF070000FF01C40A170040FF04FF0000000000000000
(1307.008780) 000#6EAC339C0A52940A0000000000A8020000000000000000000000000000000000
(1307.008790) 000#62600DFEF77F6400000000001E0C0200FFF33F0000000000FF07000000000000
(1307.008800) 000#54D0372B007F2E002B002B00007F2700460000401404040B0026009F00020000
(1307.008810) 000#708D3700109C806C400027000000075D0A0000000E020000FEBF2F8271000000
(1307.008820) 000#38922900000002000080C781697E650037363032463700000000000000000000
(1307.008830) 000#306E3E00000000000202000240FF00FF000005000008FE00000000040000FF00
(1307.008840) 000#FDD7340010FF07080000FF070000FF01C40A170040FF04FF0000000000000000
(1307.008850) 000#600734880A528C0A0000000000A6020000000000000000000000000000000000
(1307.008860) 000#D5A4382B007F2E002B002B00007F2700460000401404040B0026009F00020000
(1307.008870) 000#F1F93800109C806C400027000000075D0A0000000E020000FEBF2F8271000000
(1307.008880) 000#56CF2A00000002000880C081697E650037363032463700000000000000000000
(1307.008890) 000#BACD100001000000000080808080000800000000100000000000000000000000
(1307.008900) 000#76373F00000000000202000240FF00FF000005000008FE00000000040000FF00
(1307.008910) 000#0D04131001050410000000000000000000000000007200000000000000000000
(1307.008920) 000#BB8E350010FF07080000FF070000FF01C40A170040FF04FF0000000000000000
(1307.008930) 000#678B35840A52880A0000000000A5020000000000000000000000000000000000
(1307.008940) 000#A88B0EFEF77F6400000000001E0C0200FFF33F0000000000FF07000000000000
(1307.008950) 000#5D1B392B007F2E002B002B00007F2700460000401404FA0A0026009F00020000
(1307.008960) 000#B7A03900109C806C400027000000075D0A0000000E020000FEBF2F8271000000
(1307.008970) 000#FAB42B00000002000280DB81627E650037363032463700000000000000000000
(1307.008980) 000#EE3D4000000000000202000240FF00FF000005000008FE00000000040000FF00
(1307.008990) 000#7165360010FF07080000FF070000FF01C40A170040FF04FF0000000000000000
(1307.009000) 000#838936900A528C0A0000000000A5020000000000000000000000000000000000
(1307.009010) 000#A9FB3A2B007F2E002B002B00007F2700460000401404FC0A0026009F00020000
(1307.009020) 000#7D4B3A00109C806C400027000000075D0A0000000E020000FEBF2F8271000000
(1307.009030) 000#C1762C00000002000E80D5815B7E650037363032463700000000000000000000
(1307.009040) 000#FC94110001000000000080808080000800000000100000000000000000000000
(1307.009050) 000#A8644100000000000202000240FF00FF000005000008FE00000000040000FF00
(1307.009060) 000#FE9A141001050410000000000000000000000000007200000000000000000000
(1307.009070) 000#373C370010FF07080000FF070000FF01C40A170040FF04FF0000000000000000
(1307.009080) 000#A11F379C0A52940A0000000000A7020000000000000000000000000000000000
(1307.009090) 000#EED20FFEF77F6400000000001E0C0200FFF33F0000000000FF07000000000000
(1307.009100) 000#05A43B2B007F2E002B002B00007F2700460000401404FE0A0026009F00020000
(1307.009110) 000#3B123B00109C806C400027000000075D0A0000000E020000FEBF2F8271000000
(1307.009120) 000#BF953A401B5E8D0000005D1C5B012C00000000000000402335D54017A0140000
(1307.009130) 000#A8452D00000002000580C0817D7E650037363032463700000000000000000000
(1307.009140) 000#628F4200000000000202000240FF00FF000005000008FE00000000040000FF00
(1307.009150) 000#D403B00000010000000001008000000000000000000000000000000000000000
(1307.009160) 000#B648380010FF07080000FF070000FF01C40A170040FF04FF0000000000000000
(1307.009170) 000#070B389C0A52980A0000000000A8020000000000000000000000000000000000
(1307.009180) 000#F63A3C2B007F2E002B002B00007F2700460000401404FE0A0026009F00020000
(1307.009190) 000#C88C3C00109C806C400027000000075D0A0000000E020000FEBF2F8271000000
(1307.009200) 000#A9462E00000002000580C081767E650037363032463700000000000000000000
(1307.009210) 000#367F120001000000000080808080000800000000100000000000000000000000
(1307.009220) 000#24D64300000000000202000240FF00FF000005000008FE00000000040000FF00
(1307.009230) 000#B8C3151001050410000000000000000000000000007200000000000000000000
(1307.009240) 000#F011390010FF07080000FF070000FF01C40A170040FF04FF0000000000000000
(1307.009250) 000#BE0E39880A52900A0000000000A6020000000000000000000000000000000000
(1307.009260) 000#AA6210FEF77F6400000000001E0C0200FFF33F0000000000FF07000000000000
(1307.009270) 000#18783D2B007F2E002B002B00007F2700460000401404F60A0026009F00020000
(1307.009280) 000#8ED53D00109C806C400027000000075D0A0000000E020000FEBF2F8271000000
(1307.009290) 000#F7AC2F00000002000B80D581697E650037363032463700000000000000000000
(1307.009300) 000#D7484400000000000202000240FF00FF000005000008FE00000000040000FF00
(1307.009310) 000#3AFA3A0010FF07080000FF070000FF01C40A170040FF04FF0000000000000000
(1307.009320) 000#7A5C3A8C0A528C0A0000000000A5020000000000000000000000000000000000
(1307.009330) 000#674F3E2B007F2E002C002C00007F2700460000401404EE0A0026009F00020000
(1307.009340) 000#443E3E00109C806C400027000000075D0A0000000E020000FEBF2F8271000000
(1307.009350) 000#CFF93000000002000080AC816F7E650037363032463700000000000000000000
(1307.009360) 000#7026130001000000000080808080000800000000100000000000000000000000
(1307.009370) 000#91114500000000000202000240FF00FF000005000008FE00000000040000FF00
(1307.009380) 000#7228161001050410000000000000000000000000007200000000000000000000
(1307.009390) 000#DB533B0010FF07080000FF070000FF01C00A170040FF04FF0000000000000000
(1307.009400) 000#8E4F3B900A528C0A0000000000A5020000000000000000000000000000000000
(1307.009410) 000#EC3B11FEF77F6400000000001E0C0200FFF33F0000000000FF07000000000000
(1307.009420) 000#21163F2B007F2E002C002C00007F2700460000401404EE0A0026009F00020000
(1307.009430) 000#02673F00109C806C400027000000075D0A0000000E020000FEBF2F8271000000
(1307.009440) 000#EDB23100000002000080CE81847E650037363032463700000000000000000000
(1307.009450) 000#5BFA4600000000000202000240FF00FF000005000008FE00000000040000FF00
(1307.009460) 000#28CD3C0010FF07080000FF070000FF01C00A170040FF04FF0000000000000000
(1307.009470) 000#125A3C800A52840A0000000000A3020000000000000000000000000000000000
(1307.009480) 000#531A402B007F2E002C002C00007F2700460000401404EC0A0026009F00020000
(1307.009490) 000#9A6D4000109C806C400027000000075D0A0000000E020000FEBF2F8271000000
(1307.009500) 000#83B8140001000000000080808080000800000000100000000000000000000000
(1307.009510) 000#B33A3200000002000080CE81767E650037363032463700000000000000000000
(1307.009520) 000#1DA34700000000000202000240FF00FF000005000008FE00000000040000FF00
(1307.009530) 000#3471171001050410000000000000000000000000007200000000000000000000
(1307.009540) 000#925AB10000010000000001008000000000000000000000000000000000000000
(1307.009550) 000#6E943D0010FF07080000FF070000FF01C00A170040FF04FF0000000000000000
(1307.009560) 000#927B3D7C0A52800A0000000000A2020000000000000000000000000000000000
(1307.009570) 000#26D012FEF77F6400000000001E0C0200FFF33F0000000000FF07000000000000
(1307.009580) 000#C14E412B007F2E002C002C00007F2700460000401404E80A0026009F00020000
(1307.009590) 000#7FB94100109C806C400027000000075D0A0000000D020000FEBF2F8271000000
(1307.009600) 000#B17B3300000002000E80CE81697E650037363032463700000000000000000000
(1307.009610) 000#9CD74800000000000202000240FF00FF000005000008FE00000000040000FF00
(1307.009620) 000#A47F3E0010FF07080000FF070000FF01C00A170040FF04FF0000000000000000
(1307.009630) 000#DEB73E840A52800A0000000000A2020000000000000000000000000000000000
(1307.009640) 000#0BA5422B007F2E002C002C00007F2700460000401404E80A0026009F00020000
(1307.009650) 000#B5524200109C806C400027000000075D0A0000000D020000FEBF2F8271000000
(1307.009660) 000#D1113400000002000E80E281697E650037363032463700000000000000000000
(1307.009670) 000#C5E1150001000000000080808080000800000000100000000000000000000000
(1307.009680) 000#DA8E4900000000000202000240FF00FF000005000008FE00000000040000FF00
(1307.009690) 000#B505181001050410000000000000000000000000007200000000000000000000
(1307.009700) 000#E2263F0010FF07080000FF070000FF01C00A170040FF04FF0000000000000000
(1307.009710) 000#14803F880A52840A0000000000A3020000000000000000000000000000000000
(1307.009720) 000#608913FEF77F6400000000001E0C0200FFF33F0000000000FF07000000000000
(1307.009730) 000#597D432C007F2E002C002C00007F2700460000401404E00A0026009F00020000
(1307.009740) 000#2EA54300109C806C400027000000075F0A0001080E020000FEBF2F8271000000
(1307.009750) 000#93FF3500000002000E80DB81627E650037363032463700000000000000000000
(1307.009760) 000#10654A00000000000202000240FF00FF000005000008FE00000000040000FF00
(1307.009770) 000#7A2C400010FF07080000FF070000FF01C00A170040FF04FF0000000000000000
(1307.009780) 000#8C8A40880A52840A0000000000A3020000000000000000000000000000000000
(1307.009790) 000#26AC442C007F2E002C002C00007F2700460000401404DC0A0026009F00020000
(1307.009800) 000#1F394400109C806C400027000000075F0A0000000D020000FEBF2F8271000000
(1307.009810) 000#63803600000002000E80DB816F7E650037363032463700000000000000000000
(1307.009820) 000#0F0A160001000000000080808080000800000000100000000000000000000000
(1307.009830) 000#563C4B00000000000202000240FF00FF000005000008FE00000000040000FF00
(1307.009840) 000#F35C191001050410000000000000000000000000007200000000000000000000
(1307.009850) 000#3C75410010FF07080000FF070000FF01C00A170040FF04FF0000000000000000
(1307.009860) 000#CF2E41900A52880A0000000000A4020000000000000000000000000000000000
(1307.009870) 000#931714FEF77F6400000000001E0C0200FFF33F0000000000FF07000000000000
(1307.009880) 000#06BC452C007F2E002C002C00007F2700460000401404E20A0026009F00020000
(1307.009890) 000#59604500109C806C400027000000075F0A0000000D020000FEBF2F8271000000
(1307.009900) 000#1F3C3B401B5F8D0000005D1C5B012C00000000000000402335D54017A0140000
(1307.009910) 000#01323700000002001080DB817D7E650037363032463700000000000000000000
(1307.009920) 000#A5A24C00000000000202000240FF00FF000005000008FE00000000040000FF00
(1307.009930) 000#F69E420010FF07080000FF070000FF01C00A170040FF04FF0000000000000000
(1307.009940) 000#B78F428C0A52880A0000000000A4020000000000000000000000000000000000
(1307.009950) 000#CC57462C007F2E002C002C00007F2700460000401404E20A0026009F00020000
(1307.009960) 000#938B4600109C806C400027000000075F0A0000000D020000FEBF2F8271000000
(1307.009970) 000#D9013800000002000080CE81847E650037363032463700000000000000000000
(1307.009980) 000#4953170001000000000080808080000800000000100000000000000000000000
(1307.009990) 000#E3FB4D00000000000202000240FF00FF000005000008FE00000000040000FF00
(1307.010000) 000#39B71A1001050410000000000000000000000000007200000000000000000000
(1307.010010) 000#58B1B20000010000000001008000000000000000000000000000000000000000
(1307.010020) 000#B0C7430010FF07080000FF070000FF01C00A170040FF04FF0000000000000000
(1307.010030) 000#AA3043780A52800A0000000000A2020000000000000000000000000000000000
(1307.010040) 000#D54E15FEF77F6400000000001E0C0200FFF33F0000000000FF07000000000000
(1307.010050) 000#B405472C007F2E002C002C00007F2700460000401404E40A0026009F00020000
(1307.010060) 000#D5D24700109C806C400027000000075F0A0000000D020000FEBF2F8271000000
(1307.010070) 000#1CB83900000002000580B3818B7E650037363032463700000000000000000000
(1307.010080) 000#29104E00000000000202000240FF00FF000005000008FE00000000040000FF00
(1307.010090) 000#4359440010FF07080000FF070000FF01C00A170040FF04FF0000000000000000
(1307.010100) 000#637F44740A52780A0000000000A0020000000000000000000000000000000000
(1307.010110) 000#715C482C007F2E002C002C00007F2700460000401404E40A0025009F00020000
(1307.010120) 000#54A64800109C806C400027000000075F0A0000000D020000FEBF2F8271000000
(1307.010130) 000#D94A3A00000002000280D581847E650037363032463700000000000000000000
(1307.010140) 000#C827180001000000000080808080000800000000100000000000000000000000
(1307.010150) 000#6F494F00000000000202000240FF00FF000005000008FE00000000040000FF00
(1307.010160) 000#7FEE1B1001050410000000000000000000000000007200000000000000000000
(1307.010170) 000#0500450010FF07080000FF070000FF01C00A170040FF04FF0000000000000000
(1307.010180) 000#2F6F45800A527C0A0000000000A1020000000000000000000000000000000000
(1307.010190) 000#1FA516FEF77F6400000000001E0C0200FFF33F0000000000FF07000000000000
(1307.010200) 000#3705492C007F2E002C002C00007F2700460000401404E40A0025009F00020000
(1307.010210) 000#12FF4900109C806C400027000000075F0A0000000D020000FEBF2F8271000000
(1307.010220) 000#0F273B00000002000B80C081847E650037363032463700000000000000000000
(1307.010230) 000#2BF95000000000000202000240FF00FF000005000008FE00000000040000FF00
(1307.010240) 000#CFEB460010FF07080000FF070000FF01C00A170040FF04FF0000000000000000
(1307.010250) 000#9F0A46880A52800A0000000000A2020000000000000000000000000000000000
(1307.010260) 000#17E84A2C007F2E002C002C00007F2700460000401404E60A0025009F00020000
(1307.010270) 000#B99B4A00109C806C400027000000075F0A0001080D020000FEBF2F8271000000
(1307.010280) 000#8E7E190001000000000080808080000800000000100000000000000000000000
(1307.010290) 000#F7993C00000002000580C7818B7E650037363032463700000000000000000000
(1307.010300) 000#6DA05100000000000202000240FF00FF000005000008FE00000000040000FF00
(1307.010310) 000#8C701C1001050410000000000000000000000000007200000000000000000000
(1307.010320) 000#89B2470010FF07080000FF070000FF01C00A170040FF04FF0000000000000000
(1307.010330) 000#C3E2477C0A527C0A0000000000A1020000000000000000000000000000000000
(1307.010340) 000#59FC17FEF77F6400000000001E0C0200FFF33F0000000000FF07000000000000
(1307.010350) 000#3F8D4B2C007F2E002C002C00007F2700460000401404F00A0025009F00020000
(1307.010360) 000#9E4D4B00109C806C400027000000075F0A0000000D020000FEBF2F8271000000
(1307.010370) 000#CB393D00000002000E80D5818B7E650037363032463700000000000000000000
(1307.010380) 000#A74B5200000000000202000240FF00FF000005000008FE00000000040000FF00
(1307.010390) 000#AF36480010FF07080000FF070000FF01C40A170040FF04FF0000000000000000
(1307.010400) 000#DE3548740A52780A0000000000A1020000000000000000000000000000000000
(1307.010410) 000#1EE8B30000010000000001008000000000000000000000000000000000000000
(1307.010420) 000#CC134C2C007F2E002C002C00007F2700460000401404F00A0025009F00020000
(1307.010430) 000#6DD34C00109C806C400027000000075F0A0000000D020000FEBF2F8271000000
(1307.010440) 000#44951A0001000000000080808080000800000000100000000000000000000000
(1307.010450) 000#43113E00000002000B80CE81847E650037363032463700000000000000000000
(1307.010460) 000#E1125300000000000202000240FF00FF000005000008FE00000000040000FF00
(1307.010470) 000#CA291D1001050410000000000000000000000000007200000000000000000000
(1307.010480) 000#E96F490010FF07080000FF070000FF01C40A170040FF04FF0000000000000000
(1307.010490) 000#590749700A52740A0000000000A0020000000000000000000000000000000000
(1307.010500) 000#D88818FEF77F6400000000001E0C0200FFF33F0000000000FF07000000000000
(1307.010510) 000#22514D2C007F2E002C002C00007F2700460000401404F80A0025009F00020000
(1307.010520) 000#2B8A4D00109C806C400027000000075F0A0000000D020000FEBF2F8271000000
(1307.010530) 000#B96E3F00000002000E80B9818B7E650037363032463700000000000000000000
(1307.010540) 000#128C5400000000000202000240FF00FF000005000008FE00000000040000FF00
(1307.010550) 000#23844A0010FF07080000FF070000FF01C40A170040FF04FF0000000000000000
(1307.010560) 000#5FDD4A780A52740A0000000000A0020000000000000000000000000000000000
(1307.010570) 000#7EAA4E2C007F2E002C002C00007F2700460000401404F60A0025009F00020000
(1307.010580) 000#E1614E00109C806C400027000000075F0A0000000D020000FEBF2F8271000000
(1307.010590) 000#F4A04000000002000E80B9817D7E650037363032463700000000000000000000
(1307.010600) 000#02CC1B0001000000000080808080000800000000100000000000000000000000
(1307.010610) 000#54D55500000000000202000240FF00FF000005000008FE00000000040000FF00
(1307.010620) 000#00C21E1001050410000000000000000000000000007200000000000000000000
(1307.010630) 000#65DD4B0010FF07080000FF070000FF01C40A170040FF04FF0000000000000000
(1307.010640) 000#33AD4B740A52740A0000000000A0020000000000000000000000000000000000
(1307.010650) 000#9ED119FEF77F6400000000001E0C0200FFF33F0000000000FF07000000000000
(1307.010660) 000#6E6F4F2B007F2E002C002C00007F2700460000401404F40A0025009F00020000
(1307.010670) 000#A7384F00109C806C400027000000075F0A0000000D020000FEBF2F8271000000
(1307.010680) 000#ECA23C401B5F8D0000005D1C5B012C00000000000000402335D54017A0140000
(1307.010690) 000#F2A74100000002000E8097818B7E650037363032463700000000000000000000
(1307.010700) 000#9E3E5600000000000202000240FF00FF000005000008FE00000000040000FF00
(1307.010710) 000#96434C0010FF07080000FF070000FF01C40A170040FF04FF0000000000000000
(1307.010720) 000#F6FC4C700A52700A00000000009F020000000000000000000000000000000000
(1307.010730) 000#2ADF502B007F2E002C002C00007F2700460000401404F40A0025009F00020000
(1307.010740) 000#E3885000109C806C400027000000075F0A0000000D020000FEBF2F8271000000
(1307.010750) 000#61AC4200000002000080CE817D7E650037363032463700000000000000000000
(1307.010760) 000#F1521C0001000000000080808080000800000000100000000000000000000000
(1307.010770) 000#D8675700000000000202000240FF00FF000005000008FE00000000040000FF00
(1307.010780) 000#469B1F1001050410000000000000000000000000007200000000000000000000
(1307.010790) 000#D01A4D0010FF07080000FF070000FF01C40A170040FF04FF0000000000000000
(1307.010800) 000#0D174D800A52780A0000000000A1020000000000000000000000000000000000
(1307.010810) 000#543A1AFEF77F6400000000001E0C0200FFF33F0000000000FF07000000000000
(1307.010820) 000#8680512B007F2E002C002C00007F2700460000401404F60A0025009F00020000
(1307.010830) 000#065C5100109C806C400027000000075F0A0000000E020000FEBF2F8271000000
(1307.010840) 000#929A4300000002000E80C781697E650037363032463700000000000000000000
(1307.010850) 000#59135800000000000202000240FF00FF000005000008FE00000000040000FF00
(1307.010860) 000#1AF14E0010FF07080000FF070000FF01C40A170040FF04FF0000000000000000
(1307.010870) 000#AC004E800A527C0A0000000000A2020000000000000000000000000000000000
(1307.010880) 000#ED76B40000010000000001008000000000000000000000000000000000000000
(1307.010890) 000#0846522B007F2E002C002C00007F2700460000401404F60A0026009F00020000
(1307.010900) 000#6F3A5200109C806C400027000000075F0A0000000D020000FEBF2F8271000000
(1307.010910) 000#CB864400000002000B80D581847E650037363032463700000000000000000000
(1307.010920) 000#B70B1D0001000000000080808080000800000000100000000000000000000000
(1307.010930) 000#1F4A5900000000000202000240FF00FF000005000008FE00000000040000FF00
(1307.010940) 000#A9B2201001050410000000000000000000000000007200000000000000000000
(1307.010950) 000#5CA84F0010FF07080000FF070000FF01C40A170040FF04FF0000000000000000
(1307.010960) 000#EBE64F8C0A52840A0000000000A3020000000000000000000000000000000000
(1307.010970) 000#12631BFEF77F6400000000001E0C0200FFF33F0000000000FF07000000000000
(1307.010980) 000#4E1F532B007F2E002C002C00007F2700460000401404F60A0026009F00020000
(1307.010990) 000#29635300109C806C400027000000075F0A0000000D020000FEBF2F8271000000
(1307.011000) 000#45174500000002000B80C081767E650037363032463700000000000000000000
(1307.011010) 000#D5A15A00000000000202000240FF00FF000005000008FE00000000040000FF00
(1307.011020) 000#1818500010FF07080000FF070000FF01C40A170040FF04FF0000000000000000
(1307.011030) 000#FEF9508C0A52880A0000000000A4020000000000000000000000000000000000
(1307.011040) 000#DB7C542B007F2E002C002C00007F2700460000401404000B0026009F00020000
(1307.011050) 000#C5515400109C806C400027000000075D0A0000000D020000FEBF2F8271000000
(1307.011060) 000#7DE01E0001000000000080808080000800000000100000000000000000000000
(1307.011070) 000#A3F24600000002000580CE815B7E650037363032463700000000000000000000
(1307.011080) 000#93F85B00000000000202000240FF00FF000005000008FE00000000040000FF00
(1307.011090) 000#EFEB211001050410000000000000000000000000007200000000000000000000
(1307.011100) 000#5E41510010FF07080000FF070000FF01C40A170040FF04FF0000000000000000
(1307.011110) 000#159351780A52800A0000000000A3020000000000000000000000000000000000
(1307.011120) 000#E1FD1CFEF77F6400000000001E0C0200FFF33F0000000000FF07000000000000
(1307.011130) 000#78CE552B007F2E002B002B00007F2700460000401404080B0026009F00020000
(1307.011140) 000#20855500109C806C400027000000075D0A0000000E020000FEBF2F8271000000
(1307.011150) 000#F85E4700000002000080C0818B7E650037363032463700000000000000000000
(1307.011160) 000#60665C00000000000202000240FF00FF000005000008FE00000000040000FF00
(1307.011170) 000#94AA520010FF07080000FF070000FF01C40A170040FF04FF0000000000000000
(1307.011180) 000#E5A952740A52780A0000000000A1020000000000000000000000000000000000
(1307.011190) 000#B225562B007F2E002B002B00007F2700460000401404080B0026009F00020000
(1307.011200) 000#EA6E5600109C806C400027000000075D0A0000000E020000FEBF2F8271000000
(1307.011210) 000#11094800000002000E80AC81767E650037363032463700000000000000000000
(1307.011220) 000#3BB91F0001000000000080808080000800000000100000000000000000000000
(1307.011230) 000#263F5D00000000000202000240FF00FF000005000008FE00000000040000FF00
(1307.011240) 000#2500221001050410000000000000000000000000007200000000000000000000
(1307.011250) 000#D2F3530010FF07080000FF070000FF01C40A170040FF04FF0000000000000000
(1307.011260) 000#D33753880A52800A0000000000A3020000000000000000000000000000000000
(1307.011270) 000#AB2FB50000010000000001008000000000000000000000000000000000000000
(1307.011280) 000#A7A41DFEF77F6400000000001E0C0200FFF33F0000000000FF07000000000000
(1307.011290) 000#1E7A572B007F2E002B002B00007F27004600004014040A0B0026009F00020000
(1307.011300) 000#AC375700109C806C400027000000075D0A0000000E020000FEBF2F8271000000
(1307.011310) 000#4BD94900000002000080AC81847E650037363032463700000000000000000000
(1307.011320) 000#ECD45E00000000000202000240FF00FF000005000008FE00000000040000FF00
(1307.011330) 000#216D540010FF07080000FF070000FF01C40A170040FF04FF0000000000000000
(1307.011340) 000#F03254880A52840A0000000000A4020000000000000000000000000000000000
(1307.011350) 000#A105582B007F2E002B002B00007F27004600004014040C0B0026009F00020000
(1307.011360) 000#2D435800109C806C400027000000075D0A0000000E020000FEBF2F8271000000
(1307.011370) 000#86E44A00000002000B80D5818B7E650037363032463700000000000000000000
(1307.011380) 000#D490200001000000000080808080000800000000100000000000000000000000
(1307.011390) 000#AA8D5F00000000000202000240FF00FF000005000008FE00000000040000FF00
(1307.011400) 000#6359231001050410000000000000000000000000007200000000000000000000
(1307.011410) 000#6734550010FF07080000FF070000FF01C40A170040FF04FF0000000000000000
(1307.011420) 000#B66B55880A52840A0000000000A4020000000000000000000000000000000000
(1307.011430) 000#6D4F1EFEF77F6400000000001E0C0200FFF33F0000000000FF07000000000000
(1307.011440) 000#4F47592B007F2E002B002B00007F2700460000401404040B0026009F00020000
(1307.011450) 000#6B1A5900109C806C400027000000075D0A0000000E020000FEBF2F8271000000
(1307.011460) 000#3DEE3D401B608D0000005D1C5B012C00000000000000402335D54017A0140000
(1307.011470) 000#F2224B00000002000580CE817D7E650037363032463700000000000000000000
(1307.011480) 000#45A46000000000000202000240FF00FF000005000008FE00000000040000FF00
(1307.011490) 000#ADDF560010FF07080000FF070000FF01C40A170040FF04FF0000000000000000
(1307.011500) 000#56A956840A52840A0000000000A4020000000000000000000000000000000000
(1307.011510) 000#85AC5A2B007F2E002B002B00007F2700460000401404040B0026009F00020000
(1307.011520) 000#A1F15A00109C806C400027000000075D0A0000000E020000FEBF2F8271000000
(1307.011530) 000#CA544C00000002000580CE81767E650037363032463700000000000000000000
(1307.011540) 000#92C9210001000000000080808080000800000000100000000000000000000000
(1307.011550) 000#03FD6100000000000202000240FF00FF000005000008FE00000000040000FF00
(1307.011560) 000#90C7241001050410000000000000000000000000007200000000000000000000
(1307.011570) 000#EB86570010FF07080000FF070000FF01C40A170040FF04FF0000000000000000
(1307.011580) 000#267357800A52800A0000000000A3020000000000000000000000000000000000
(1307.011590) 000#2B161FFEF77F6400000000001E0C0200FFF33F0000000000FF07000000000000
(1307.011600) 000#D91E5B2B007F2E002B002B00007F2700460000401404FE0A0026009F00020000
(1307.011610) 000#E7A85B00109C806C400027000000075D0A0000000E020000FEBF2F8271000000
(1307.011620) 000#E3BC4D00000002000580D581767E650037363032463700000000000000000000
(1307.011630) 000#C9166200000000000202000240FF00FF000005000008FE00000000040000FF00
(1307.011640) 000#6AF2580010FF07080000FF070000FF01C40A170040FF04FF0000000000000000
(1307.011650) 000#BBAD58880A52840A0000000000A4020000000000000000000000000000000000
(1307.011660) 000#E4665C2B007F2E002B002B00007F2700460000401404000B0026009F00020000
(1307.011670) 000#14365C00109C806C400027000000075D0A0000000E020000FEBF2F8271000000
(1307.011680) 000#EEF94E00000002000580E981627E650037363032463700000000000000000000
(1307.011690) 000#5822220001000000000080808080000800000000100000000000000000000000
(1307.011700) 000#8F4F6300000000000202000240FF00FF000005000008FE00000000040000FF00
(1307.011710) 000#D69E251001050410000000000000000000000000007200000000000000000000
(1307.011720) 000#61C4B60000010000000001008000000000000000000000000000000000000000
(1307.011730) 000#2CAB590010FF07080000FF070000FF01C40A170040FF04FF0000000000000000
(1307.011740) 000#E15E59800A52800A0000000000A3020000000000000000000000000000000000
(1307.011750) 000#C43F20FEF77F6400000000001E0C0200FFF33F0000000000FF07000000000000
(1307.011760) 000#A23F5D2B007F2E002B002B00007F2700460000401404000B0026009F00020000
(1307.011770) 000#526F5D00109C806C400027000000075D0A0000000E020000FEBF2F8271000000
(1307.011780) 000#08464F00000002000E80C781547E650037363032463700000000000000000000
(1307.011790) 000#7CD16400000000000202000240FF00FF000005000008FE00000000040000FF00
(1307.011800) 000#E6405A0010FF07080000FF070000FF01C40A170040FF04FF0000000000000000
(1307.011810) 000#308E5A7C0A527C0A0000000000A2020000000000000000000000000000000000
(1307.011820) 000#82D25E2B007F2E002B002B00007F2700460000401404020B0026009F00020000
(1307.011830) 000#98845E00109C806C400027000000075D0A0000000E020000FEBF2F8271000000
(1307.011840) 000#1E7B230001000000000080808080000800000000100000000000000000000000
(1307.011850) 000#F4B15000000002000580B3818B7E650037363032463700000000000000000000
(1307.011860) 000#3A886500000000000202000240FF00FF000005000008FE00000000040000FF00
(1307.011870) 000#1C75261001050410000000000000000000000000007200000000000000000000
(1307.011880) 000#A0195B0010FF07080000FF070000FF01C40A170040FF04FF0000000000000000
(1307.011890) 000#8BF45B840A52800A0000000000A3020000000000000000000000000000000000
(1307.011900) 000#826621FEF77F6400000000001E0C0200FFF33F0000000000FF07000000000000
(1307.011910) 000#0A6D5F2B007F2E002B002B00007F2700460000401404FC0A0026009F00020000
(1307.011920) 000#DEDD5F00109C806C400027000000075D0A0000000E020000FEBF2F8271000000
(1307.011930) 000#B67F510000000200FE7FA5817D7E650037363032463700000000000000000000
(1307.011940) 000#F0636600000000000202000240FF00FF000005000008FE00000000040000FF00
(1307.011950) 000#53875C0010FF07080000FF070000FF01C40A170040FF04FF0000000000000000
(1307.011960) 000#64C05C8C0A52840A0000000000A4020000000000000000000000000000000000
(1307.011970) 000#E544602B007F2E002B002B00007F2700460000401404FC0A0026009F00020000
(1307.011980) 000#31F46000109C806C400027000000075D0A0000000E020000FEBF2F8271000000
(1307.011990) 000#92015200000002000580B9817D7E650037363032463700000000000000000000
(1307.012000) 000#EDE5240001000000000080808080000800000000100000000000000000000000
(1307.012010) 000#B63A6700000000000202000240FF00FF000005000008FE00000000040000FF00
(1307.012020) 000#5A2C271001050410000000000000000000000000007200000000000000000000
(1307.012030) 000#15DE5D0010FF07080000FF070000FF01C40A170040FF04FF0000000000000000
(1307.012040) 000#41755D900A52880A0000000000A4020000000000000000000000000000000000
(1307.012050) 000#488D22FEF77F6400000000001E0C0200FFF33F0000000000FF07000000000000
(1307.012060) 000#D0E6612B007F2E002C002C00007F2700460000401404FA0A0026009F00020000
(1307.012070) 000#77AD6100109C806C400027000000075D0A0000000E020000FEBF2F8271000000
(1307.012080) 000#CDE65300000002000B80CE817D7E650037363032463700000000000000000000
(1307.012090) 000#374E6800000000000202000240FF00FF000005000008FE00000000040000FF00
(1307.012100) 000#DF355E0010FF07080000FF070000FF01C40A170040FF04FF0000000000000000
(1307.012110) 000#CBC15E940A528C0A0000000000A5020000000000000000000000000000000000
(1307.012120) 000#CE00622B007F2E002C002C00007F2700460000401404FE0A0026009F00020000
(1307.012130) 000#BD466200109C806C400027000000075D0A0000000E020000FEBF2F8271000000
(1307.012140) 000#8D125400000002001080F0817D7E650037363032463700000000000000000000
(1307.012150) 000#ABBC250001000000000080808080000800000000100000000000000000000000
(1307.012160) 000#71176900000000000202000240FF00FF000005000008FE00000000040000FF00
(1307.012170) 000#DB58281001050410000000000000000000000000007200000000000000000000
(1307.012180) 000#279DB70000010000000001008000000000000000000000000000000000000000
(1307.012190) 000#996C5F0010FF07080000FF070000FF01C40A170040FF04FF0000000000000000
(1307.012200) 000#99955F880A52880A0000000000A4020000000000000000000000000000000000
(1307.012210) 000#0ED423FEF77F6400000000001E0C0200FFF33F0000000000FF07000000000000
(1307.012220) 000#C5A9632B007F2E002B002B00007F2700460000401404FE0A0026009F00020000
(1307.012230) 000#FB1F6300109C806C400027000000075D0A0000000E020000FEBF2F8271000000
(1307.012240) 000#86E03E401B5E8D0000005D1C5B012C00000000000000402335D54017A0140000
(1307.012250) 000#430A5500000002001380E281847E650037363032463700000000000000000000
(1307.012260) 000#BBFC6A00000000000202000240FF00FF000005000008FE00000000040000FF00
(1307.012270) 000#7645600010FF07080000FF070000FF01C40A170040FF04FF0000000000000000
(1307.012280) 000#DB8F607C0A52800A0000000000A3020000000000000000000000000000000000
(1307.012290) 000#3637642B007F2E002B002B00007F2700460000401404FE0A0026009F00020000
(1307.012300) 000#08816400109C806C400027000000075D0A0000000E020000FEBF2F8271000000
(1307.012310) 000#BDA3560000000200FB7FE981697E650037363032463700000000000000000000
(1307.012320) 000#6157260001000000000080808080000800000000100000000000000000000000
(1307.012330) 000#FDA56B00000000000202000240FF00FF000005000008FE00000000040000FF00
(1307.012340) 000#9D01291001050410000000000000000000000000007200000000000000000000
(1307.012350) 000#301C610010FF07080000FF070000FF01C40A170040FF04FF0000000000000000
(1307.012360) 000#1BF161840A52800A0000000000A3020000000000000000000000000000000000
(1307.012370) 000#FD4A24FEF77F6400000000001E0C0200FFF33F0000000000FF07000000000000
(1307.012380) 000#E993652B007F2E002C002C00007F2700460000401404FA0A0026009F00020000
(1307.012390) 000#4ED86500109C806C400027000000075D0A0000000E020000FEBF2F8271000000
(1307.012400) 000#02935700000002000280C7817D7E650037363032463700000000000000000000
(1307.012410) 000#0E3B6C00000000000202000240FF00FF000005000008FE00000000040000FF00
(1307.012420) 000#FAF7620010FF07080000FF070000FF01C40A170040FF04FF0000000000000000
(1307.012430) 000#AE5C62900A52880A0000000000A4020000000000000000000000000000000000
(1307.012440) 000#6E88662B007F2E002B002B00007F2700460000401404FA0A0026009F00020000
(1307.012450) 000#84336600109C806C400027000000075D0A0000000E020000FEBF2F8271000000
(1307.012460) 000#BE4B5800000002000E80C081847E650037363032463700000000000000000000
(1307.012470) 000#270E270001000000000080808080000800000000100000000000000000000000
(1307.012480) 000#48626D00000000000202000240FF00FF000005000008FE00000000040000FF00
(1307.012490) 000#57EA2A1001050410000000000000000000000000007200000000000000000000
(1307.012500) 000#BCAE630010FF07080000FF070000FF01C40A170040FF04FF0000000000000000
(1307.012510) 000#4E4263900A528C0A0000000000A5020000000000000000000000000000000000
(1307.012520) 000#BB1325FEF77F6400000000001E0C0200FFF33F0000000000FF07000000000000
(1307.012530) 000#28D1672B007F2E002B002B00007F2700460000401404FA0A0026009F00020000
(1307.012540) 000#F2476700109C806C400028000000075D0A0000000E020000FEBF2F8271000000
(1307.012550) 000#94835900000002000E80CE817D7E650037363032463700000000000000000000
(1307.012560) 000#82896E00000000000202000240FF00FF000005000008FE00000000040000FF00
(1307.012570) 000#4F30640010FF07080000FF070000FF01C40A170040FF04FF0000000000000000
(1307.012580) 000#4FC964880A52880A0000000000A4020000000000000000000000000000000000
(1307.012590) 000#97AE682B007F2E002B002B00007F2700460000401404FC0A0026009F00020000
(1307.012600) 000#5CB26800109C806C400027000000075F0A0000000E020000FEBF2F8271000000
(1307.012610) 000#72DB5A00000002000080D581767E650037363032463700000000000000000000
(1307.012620) 000#A67A280001000000000080808080000800000000100000000000000000000000
(1307.012630) 000#C4D06F00000000000202000240FF00FF000005000008FE00000000040000FF00
(1307.012640) 000#11B32B1001050410000000000000000000000000007200000000000000000000
(1307.012650) 000#A6E9B80000010000000001008000000000000000000000000000000000000000
(1307.012660) 000#0969650010FF07080000FF070000FF01C40A170040FF04FF0000000000000000
(1307.012670) 000#F21F65840A52840A0000000000A4020000000000000000000000000000000000
(1307.012680) 000#71F826FEF77F6400000000001E0C0200FFF33F0000000000FF07000000000000
(1307.012690) 000#3BF1692B007F2E002B002B00007F2700460000401404FE0A0026009F00020000
(1307.012700) 000#1AEB6900109C806C400027000000075F0A0000000E020000FEBF2F8271000000
(1307.012710) 000#496A5B00000002000B80CE816F7E650037363032463700000000000000000000
(1307.012720) 000#80607000000000000202000240FF00FF000005000008FE00000000040000FF00
(1307.012730) 000#C382660010FF07080000FF070000FF01C40A170040FF04FF0000000000000000
(1307.012740) 000#0E7766800A52800A0000000000A3020000000000000000000000000000000000
(1307.012750) 000#8D0C6A2B007F2E002B002B00007F2700460000401404F20A0026009F00020000
(1307.012760) 000#D0006A00109C806C400027000000075F0A0000000E020000FEBF2F8271000000
(1307.012770) 000#3F015C00000002000880C781767E650037363032463700000000000000000000
(1307.012780) 000#E023290001000000000080808080000800000000100000000000000000000000
(1307.012790) 000#C6397100000000000202000240FF00FF000005000008FE00000000040000FF00
(1307.012800) 000#E22D2C1001050410000000000000000000000000007200000000000000000000
