(1307.002810) 0#1C8CDC00000002001080CE81767E650037363032463700000000000000000000
(1307.002811) 0#7946E90001000000000080808080000800000000100000000000000000000000
(1307.002812) 0#287FF100000000000202000240FF00FF000005000008FE00000000040000FF00
(1307.002813) 0#7B48EC1001050410000000000000000000000000007200000000000000000000
(1307.002814) 0#6B9DE70010FF07080000FF070000FF01C40A170040FF04FF0000000000000000
(1307.002815) 0#0B22E7700A52700A00000000009F020000000000000000000000000000000000
(1307.002816) 0#AEC4E7FEF77F6400000000001E0C0200FFF33F0000000000FF07000000000000
(1307.002817) 0#14F5EB2B007F2E002C002C00007F2700460000401404FE0A0026009F00020000
(1307.002818) 0#781FEB00109C806C400027000000075F0A0000000E020000FEBF2F8271000000
(1307.002819) 0#5A6A32401B618D0000005D1C5B012C00000000000000402335D54017A0140000
(1307.002820) 0#D908DD00000002000B80C781697E650037363032463700000000000000000000
(1307.002821) 0#E294F200000000000202000240FF00FF000005000008FE00000000040000FF00
(1307.002822) 0#EAE9E80010FF07080000FF070000FF01C40A170040FF04FF0000000000000000
(1307.002823) 0#70A8E87C0A52740A0000000000A0020000000000000000000000000000000000
(1307.002824) 0#298DEC2B007F2E002C002C00007F2700460000401404000B0026009F00020000
(1307.002825) 0#8B81EC00109C806C400027000000075F0A0000000E020000FEBF2F8271000000
(1307.002826) 0#41BADE00000002000280D581627E650037363032463700000000000000000000
(1307.002827) 0#B3ADEA0001000000000080808080000800000000100000000000000000000000
(1307.002828) 0#A4CDF300000000000202000240FF00FF000005000008FE00000000040000FF00
(1307.002829) 0#3D11ED1001050410000000000000000000000000007200000000000000000000
(1307.002830) 0#ACB0E90010FF07080000FF070000FF01C40A170040FF04FF0000000000000000
(1307.002831) 0#FC59E9840A527C0A0000000000A2020000000000000000000000000000000000
(1307.002832) 0#2FB0E8FEF77F6400000000001E0C0200FFF33F0000000000FF07000000000000
(1307.002833) 0#BBD9ED2B007F2E002C002C00007F2700460000401404040B0026009F00020000
(1307.002834) 0#CDD8ED00109C806C400027000000075F0A0000000E020000FEBF2F8271000000
(1307.002835) 0#0DADDF00000002000B80E2816F7E650037363032463700000000000000000000
(1307.002836) 0#5753F400000000000202000240FF00FF000005000008FE00000000040000FF00
(1307.002837) 0#9D75A20000010000000001008000000000000000000000000000000000000000
(1307.002838) 0#665BEA0010FF07080000FF070000FF01C40A170040FF04FF0000000000000000
(1307.002839) 0#4DB6EA840A52800A0000000000A3020000000000000000000000000000000000
(1307.002840) 0#351FEE2B007F2E002C002C00007F2700460000401404040B0025009F00020000
(1307.002841) 0#0733EE00109C806C400027000000075F0A0000000E020000FEBF2F8271000000
(1307.002842) 0#54B9E0000000020005809781847E650037363032463700000000000000000000
(1307.002843) 0#F5F4EB0001000000000080808080000800000000100000000000000000000000
(1307.002844) 0#110AF500000000000202000240FF00FF000005000008FE00000000040000FF00
(1307.002845) 0#F7FAEE1001050410000000000000000000000000007200000000000000000000
(1307.002846) 0#2002EB0010FF07080000FF070000FF01C40A170040FF04FF0000000000000000
(1307.002847) 0#827CEB900A52880A0000000000A5020000000000000000000000000000000000
(1307.002848) 0#69E9E9FEF77F6400000000001E0C0200FFF33F0000000000FF07000000000000
(1307.002849) 0#42A0EF2B007F2E002B002B00007F2700460000401404080B0025009F00020000
(1307.002850) 0#416AEF00109C806C400027000000075F0A0000000E020000FEBF2F8271000000
(1307.002851) 0#9BF3E100000002000B80B981767E650037363032463700000000000000000000
(1307.002852) 0#DBE1F600000000000202000240FF00FF000005000008FE00000000040000FF00
(1307.002853) 0#D39CEC0010FF07080000FF070000FF01C40A170040FF04FF0000000000000000
(1307.002854) 0#1A1EEC900A528C0A0000000000A6020000000000000000000000000000000000
(1307.002855) 0#AE0BF02B007F2E002B002B00007F2700460000401404000B0025009F00020000
(1307.002856) 0#05DAF000109C806C400027000000075F0A0000000E020000FEBF2F8271000000
(1307.002857) 0#0654E200000002000E80DB816F7E650037363032463700000000000000000000
(1307.002858) 0#066AEC0001000000000080808080000800000000100000000000000000000000
(1307.002859) 0#9DB8F700000000000202000240FF00FF000005000008FE00000000040000FF00
(1307.002860) 0#B1A3EF1001050410000000000000000000000000007200000000000000000000
(1307.002861) 0#95C5ED0010FF07080000FF070000FF01C40A170040FF04FF0000000000000000
(1307.002862) 0#E894ED7C0A52840A0000000000A4020000000000000000000000000000000000
(1307.002863) 0#A302EAFEF77F6400000000001E0C0200FFF33F0000000000FF07000000000000
(1307.002864) 0#E852F12B007F2E002B002B00007F2700460000401404000B0025009F00020000
(1307.002865) 0#5C2FF100109C806C400027000000075D0A0000000E020000FEBF2F8271000000
(1307.002866) 0#F60DE300000002000580C0817D7E650037363032463700000000000000000000
(1307.002867) 0#1CCCF800000000000202000240FF00FF000005000008FE00000000040000FF00
(1307.002868) 0#5F2EEE0010FF07080000FF070000FF01C40A170040FF04FF0000000000000000
(1307.002869) 0#F2E4EE7C0A52800A0000000000A3020000000000000000000000000000000000
(1307.002870) 0#9FA4F22B007F2E002C002C00007F2700460000401404F80A0025009F00020000
(1307.002871) 0#96C4F200109C806C400027000000075D0A0000000E020000FEBF2F8271000000
(1307.002872) 0#C9A8E400000002000080E281767E650037363032463700000000000000000000
(1307.002873) 0#4033ED0001000000000080808080000800000000100000000000000000000000
(1307.002874) 0#5A95F900000000000202000240FF00FF000005000008FE00000000040000FF00
(1307.002875) 0#F513F01001050410000000000000000000000000007200000000000000000000
(1307.002876) 0#1977EF0010FF07080000FF070000FF01C40A170040FF04FF0000000000000000
(1307.002877) 0#AE39EF8C0A52840A0000000000A3020000000000000000000000000000000000
(1307.002878) 0#DB2CA30000010000000001008000000000000000000000000000000000000000
(1307.002879) 0#E55BEBFEF77F6400000000001E0C0200FFF33F0000000000FF07000000000000
(1307.002880) 0#33FBF32B007F2E002C002C00007F2700460000401404FA0A0025009F00020000
(1307.002881) 0#CF31F300109C806C400027000000075F0A0000000E020000FEBF2F8271000000
(1307.002882) 0#A0EFE500000002000E80C081627E650037363032463700000000000000000000
(1307.002883) 0#907EFA00000000000202000240FF00FF000005000008FE00000000040000FF00
(1307.002884) 0#5DC7F00010FF07080000FF070000FF01C40A170040FF04FF0000000000000000
(1307.002885) 0#096CF0900A52880A0000000000A4020000000000000000000000000000000000
(1307.002886) 0#C065F42B007F2E002C002C00007F2700460000401404FA0A0025009F00020000
(1307.002887) 0#3CAFF400109C806C400027000000075F0A0000000E020000FEBF2F8271000000
(1307.002888) 0#B035E600000002000880CE817D7E650037363032463700000000000000000000
(1307.002889) 0#8AD8EE0001000000000080808080000800000000100000000000000000000000
(1307.002890) 0#D627FB00000000000202000240FF00FF000005000008FE00000000040000FF00
(1307.002891) 0#B34AF11001050410000000000000000000000000007200000000000000000000
(1307.002892) 0#1B9EF10010FF07080000FF070000FF01C40A170040FF04FF0000000000000000
(1307.002893) 0#1B67F1880A52880A0000000000A4020000000000000000000000000000000000
(1307.002894) 0#16C5ECFEF77F6400000000001E0C0200FFF33F0000000000FF07000000000000
(1307.002895) 0#863CF52B007F2E002C002C00007F2700460000401404FA0A0025009F00020000
(1307.002896) 0#7AF6F500109C806C400027000000075F0A0000000E020000FEBF2F8271000000
(1307.002897) 0#8B2633401B5E8D0000005D1C5B012C00000000000000402335D54017A0140000
(1307.002898) 0#378AE700000002000580CE81767E650037363032463700000000000000000000
(1307.002899) 0#25B9FC00000000000202000240FF00FF000005000008FE00000000040000FF00
(1307.002900) 0#D175F20010FF07080000FF070000FF01C40A170040FF04FF0000000000000000
(1307.002901) 0#AA0AF2840A52840A0000000000A3020000000000000000000000000000000000
(1307.002902) 0#00A0F62C007F2E002C002C00007F2700460000401404020B0025009F00020000
(1307.002903) 0#B01DF600109C806C400027000000075F0A0000000E020000FEBF2F8271000000
(1307.002904) 0#1AB1E800000002000B80D581917E650037363032463700000000000000000000
(1307.002905) 0#CC81EF0001000000000080808080000800000000100000000000000000000000
(1307.002906) 0#63E0FD00000000000202000240FF00FF000005000008FE00000000040000FF00
(1307.002907) 0#79A1F21001050410000000000000000000000000007200000000000000000000
(1307.002908) 0#972CF30010FF07080000FF070000FF01C40A170040FF04FF0000000000000000
(1307.002909) 0#5AD9F3800A52800A0000000000A3020000000000000000000000000000000000
(1307.002910) 0#509CEDFEF77F6400000000001E0C0200FFF33F0000000000FF07000000000000
(1307.002911) 0#9D19F72C007F2E002B002B00007F27004600004014040C0B0025009F00020000
(1307.002912) 0#F644F700109C806C400027000000075F0A0000000E020000FEBF2F8271000000
(1307.002913) 0#A015E900000002000880B9817D7E650037363032463700000000000000000000
(1307.002914) 0#A90BFE00000000000202000240FF00FF000005000008FE00000000040000FF00
(1307.002915) 0#64B2F40010FF07080000FF070000FF01C40A170040FF04FF0000000000000000
(1307.002916) 0#B5EDF4880A52840A0000000000A4020000000000000000000000000000000000
(1307.002917) 0#5840F82C007F2E002B002B00007F27004600004014040C0B0026009F00020000
(1307.002918) 0#7730F800109C806C400027000000075F0A0000000E020000FEBF2F8271000000
(1307.002919) 0#A1C8EA0000000200FE7FC0814D7E650037363032463700000000000000000000
(1307.002920) 0#8831F00001000000000080808080000800000000100000000000000000000000
(1307.002921) 0#EF52FF00000000000202000240FF00FF000005000008FE00000000040000FF00
(1307.002922) 0#3FF8F31001050410000000000000000000000000007200000000000000000000
(1307.002923) 0#28B2A40000010000000001008000000000000000000000000000000000000000
(1307.002924) 0#22EBF50010FF07080000FF070000FF01C40A170040FF04FF0000000000000000
(1307.002925) 0#F3B4F5880A52840A0000000000A4020000000000000000000000000000000000
(1307.002926) 0#9A77EEFEF77F6400000000001E0C0200FFF33F0000000000FF07000000000000
(1307.002927) 0#4885F92B007F2E002B002B00007F27004600004014040E0B0026009F00020000
(1307.002928) 0#3169F900109C806C400027000000075F0A0000000E020000FEBF2F8271000000
(1307.002929) 0#DC32EB00000002000080CE81627E650037363032463700000000000000000000
(1307.002930) 0#991E0000000000000202000240FF00FF000005000008FE00000000040000FF00
(1307.002931) 0#E800F60010FF07080000FF070000FF01C40A170040FF04FF0000000000000000
(1307.002932) 0#1376F6840A52840A0000000000A4020000000000000000000000000000000000
(1307.002933) 0#826EFA2B007F2E002B002B00007F27004600004014040E0B0026009F00020000
(1307.002934) 0#FB82FA00109C806C400027000000075F0A0000000E020000FEBF2F8271000000
(1307.002935) 0#EB48EC00000002000E80CE81917E650037363032463700000000000000000000
(1307.002936) 0#CE68F10001000000000080808080000800000000100000000000000000000000
(1307.002937) 0#DF470100000000000202000240FF00FF000005000008FE00000000040000FF00
(1307.002938) 0#CC66F41001050410000000000000000000000000007200000000000000000000
(1307.002939) 0#AE59F70010FF07080000FF070000FF01C40A170040FF04FF0000000000000000
(1307.002940) 0#81C3F7940A528C0A0000000000A6020000000000000000000000000000000000
(1307.002941) 0#DC2EEFFEF77F6400000000001E0C0200FFF33F0000000000FF07000000000000
(1307.002942) 0#C437FB2B007F2E002B002B00007F27004600004014040E0B0026009F00020000
(1307.002943) 0#BDDBFB00109C806C400027000000075F0A0000000E020000FEBF2F8271000000
(1307.002944) 0#AA25ED00000002000580E981697E650037363032463700000000000000000000
(1307.002945) 0#15AC0200000000000202000240FF00FF000005000008FE00000000040000FF00
(1307.002946) 0#2F2DF80010FF07080000FF070000FF01C40A170040FF04FF0000000000000000
(1307.002947) 0#0F84F8980A52900A0000000000A7020000000000000000000000000000000000
(1307.002948) 0#37A9FC2B007F2E002B002B00007F27004600004014040E0B0026009F00020000
(1307.002949) 0#51E9FC00109C806C400027000000075D0A0000000E020000FEBF2F8271000000
(1307.002950) 0#7C2AEE00000002000280E981847E650037363032463700000000000000000000
(1307.002951) 0#0483F20001000000000080808080000800000000100000000000000000000000
(1307.002952) 0#53F50300000000000202000240FF00FF000005000008FE00000000040000FF00
(1307.002953) 0#8A3FF51001050410000000000000000000000000007200000000000000000000
(1307.002954) 0#6974F90010FF07080000FF070000FF01C40A170040FF04FF0000000000000000
(1307.002955) 0#5ABAF9A00A52980A0000000000A8020000000000000000000000000000000000
(1307.002956) 0#989EF0FEF77F6400000000001E0C0200FFF33F0000000000FF07000000000000
(1307.002957) 0#A5FDFD2B007F2E002B002B00007F27004600004014040A0B0026009F00020000
(1307.002958) 0#17B0FD00109C806C400027000000075D0A0000000E020000FEBF2F8271000000
(1307.002959) 0#A27FEF00000002000E80DB81847E650037363032463700000000000000000000
(1307.002960) 0#A06B0400000000000202000240FF00FF000005000008FE00000000040000FF00
(1307.002961) 0#A39FFA0010FF07080000FF070000FF01C40A170040FF04FF0000000000000000
(1307.002962) 0#3616FAA00A529C0A0000000000A9020000000000000000000000000000000000
(1307.002963) 0#2D0BFE2B007F2E002B002B00007F2700460000401404000B0026009F00020000
(1307.002964) 0#DD5BFE00109C806C400027000000075D0A0000000E020000FEBF2F8271000000
(1307.002965) 0#B944F000000002000E80DB817D7E650037363032463700000000000000000000
(1307.002966) 0#42DAF30001000000000080808080000800000000100000000000000000000000
(1307.002967) 0#E6320500000000000202000240FF00FF000005000008FE00000000040000FF00
(1307.002968) 0#40D4F61001050410000000000000000000000000007200000000000000000000
(1307.002969) 0#6EEBA50000010000000001008000000000000000000000000000000000000000
(1307.002970) 0#E5C6FB0010FF07080000FF070000FF01C40A170040FF04FF0000000000000000
(1307.002971) 0#ABD9FB880A52900A0000000000A6020000000000000000000000000000000000
(1307.002972) 0#DEC7F1FEF77F6400000000001E0C0200FFF33F0000000000FF07000000000000
(1307.002973) 0#6B52FF2B007F2E002B002B00007F2700460000401404000B0026009F00020000
(1307.002974) 0#9B02FF00109C806C400027000000075D0A0000000E020000FEBF2F8271000000
(1307.002975) 0#C4D534401B5E8E0000005D1C5B012C00000000000000402335D54017A0140000
(1307.002976) 0#F3DFF100000002001380CE817D7E650037363032463700000000000000000000
(1307.002977) 0#2CD90600000000000202000240FF00FF000005000008FE00000000040000FF00
(1307.002978) 0#1658FC0010FF07080000FF070000FF01C40A170040FF04FF0000000000000000
(1307.002979) 0#CA5DFC840A52880A0000000000A5020000000000000000000000000000000000
(1307.002980) 0#EDF3002B007F2E002B002B00007F2700460000401404F80A0026009F00020000
(1307.002981) 0#ED4E0000109C806C400027000000075D0A0000000E020000FEBF2F8271000000
(1307.002982) 0#2962F200000002000080C081987E650037363032463700000000000000000000
(1307.002983) 0#B144F40001000000000080808080000800000000100000000000000000000000
(1307.002984) 0#6A800700000000000202000240FF00FF000005000008FE00000000040000FF00
(1307.002985) 0#068DF71001050410000000000000000000000000007200000000000000000000
(1307.002986) 0#5001FD0010FF07080000FF070000FF01C40A170040FF04FF0000000000000000
(1307.002987) 0#867DFD980A52900A0000000000A6020000000000000000000000000000000000
(1307.002988) 0#142CF2FEF77F6400000000001E0C0200FFF33F0000000000FF07000000000000
(1307.002989) 0#FCB1012B007F2E002C002C00007F2700460000401404020B0026009F00020000
(1307.002990) 0#AB170100109C806C400027000000075D0A0000000E020000FEBF2F8271000000
(1307.002991) 0#D752F300000002000280E2817D7E650037363032463700000000000000000000
(1307.002992) 0#EBF40800000000000202000240FF00FF000005000008FE00000000040000FF00
(1307.002993) 0#9AEAFE0010FF07080000FF070000FF01C40A170040FF04FF0000000000000000
(1307.002994) 0#EAD1FE980A52940A0000000000A7020000000000000000000000000000000000
(1307.002995) 0#7BAA022B007F2E002B002B00007F2700460000401404020B0026009F00020000
(1307.002996) 0#7E500200109C806C400027000000075F0A0000000E020000FEBF2F8271000000
(1307.002997) 0#8BE9F400000002001380CE81697E650037363032463700000000000000000000
(1307.002998) 0#F71DF50001000000000080808080000800000000100000000000000000000000
(1307.002999) 0#ADAD0900000000000202000240FF00FF000005000008FE00000000040000FF00
(1307.003000) 0#87F9F81001050410000000000000000000000000007200000000000000000000
(1307.003001) 0#DCB3FF0010FF07080000FF070000FF01C40A170040FF04FF0000000000000000
(1307.003002) 0#AC88FF980A52940A0000000000A7020000000000000000000000000000000000
(1307.003003) 0#5275F3FEF77F6400000000001E0C0200FFF33F0000000000FF07000000000000
(1307.003004) 0#E9FE032B007F2E002B002B00007F2700460000401404060B0026009F00020000
(1307.003005) 0#38090300109C806C400027000000075F0A0000000E020000FEBF2F8271000000
(1307.003006) 0#3CCCF500000002001380CE816F7E650037363032463700000000000000000000
(1307.003007) 0#67460A00000000000202000240FF00FF000005000008FE00000000040000FF00
(1307.003008) 0#AAFF000010FF07080000FF070000FF01C40A170040FF04FF0000000000000000
(1307.003009) 0#A400A60000010000000001008000000000000000000000000000000000000000
(1307.003010) 0#B0B200900A52900A0000000000A6020000000000000000000000000000000000
(1307.003011) 0#EA8D042B007F2E002B002B00007F2700460000401404FE0A0026009F00020000
(1307.003012) 0#D43B0400109C806C400027000000075D0A0000000E020000FEBF2F8271000000
(1307.003013) 0#9115F600000002001380B9817D7E650037363032463700000000000000000000
(1307.003014) 0#3DF6F60001000000000080808080000800000000100000000000000000000000
(1307.003015) 0#211F0B00000000000202000240FF00FF000005000008FE00000000040000FF00
(1307.003016) 0#C1A0F91001050410000000000000000000000000007200000000000000000000
(1307.003017) 0#ECA6010010FF07080000FF070000FF01C40A170040FF04FF0000000000000000
(1307.003018) 0#AC00018C0A528C0A0000000000A5020000000000000000000000000000000000
(1307.003019) 0#A1EBF4FEF77F6400000000001E0C0200FFF33F0000000000FF07000000000000
(1307.003020) 0#78D9052B007F2E002B002B00007F2700460000401404FA0A0026009F00020000
(1307.003021) 0#92620500109C806C400027000000075D0A0000000E020000FEBF2F8271000000
(1307.003022) 0#0E4AF700000002000E80AC818B7E650037363032463700000000000000000000
(1307.003023) 0#D2810C00000000000202000240FF00FF000005000008FE00000000040000FF00
(1307.003024) 0#264D020010FF07080000FF070000FF01C40A170040FF04FF0000000000000000
(1307.003025) 0#DA1802940A52900A0000000000A6020000000000000000000000000000000000
(1307.003026) 0#FFC2062B007F2E002C002C00007F2700460000401404FA0A0026009F00020000
(1307.003027) 0#58890600109C806C400027000000075D0A0000000E020000FEBF2F8271000000
(1307.003028) 0#88E8F800000002000580D581847E650037363032463700000000000000000000
(1307.003029) 0#7BAFF70001000000000080808080000800000000100000000000000000000000
(1307.003030) 0#94D80D00000000000202000240FF00FF000005000008FE00000000040000FF00
(1307.003031) 0#0B4BFA1001050410000000000000000000000000007200000000000000000000
(1307.003032) 0#6014030010FF07080000FF070000FF01C40A170040FF04FF0000000000000000
(1307.003033) 0#C6AA03880A528C0A0000000000A5020000000000000000000000000000000000
(1307.003034) 0#E7B2F5FEF77F6400000000001E0C0200FFF33F0000000000FF07000000000000
(1307.003035) 0#2066072B007F2E002B002B00007F2700460000401404FE0A0026009F00020000
(1307.003036) 0#1ED00700109C806C400027000000075D0A0000000E020000FEBF2F8271000000
(1307.003037) 0#B31DF900000002000B80C0816F7E650037363032463700000000000000000000
(1307.003038) 0#5E330E00000000000202000240FF00FF000005000008FE00000000040000FF00
(1307.003039) 0#938A040010FF07080000FF070000FF01C40A170040FF04FF0000000000000000
(1307.003040) 0#B95A04840A52880A0000000000A4020000000000000000000000000000000000
(1307.003041) 0#6FF4082B007F2E002B002B00007F2700460000401404000B0026009F00020000
(1307.003042) 0#9FA40800109C806C400027000000075D0A0000000E020000FEBF2F8271000000
(1307.003043) 0#8F59FA00000002000E80E281697E650037363032463700000000000000000000
(1307.003044) 0#FADBF80001000000000080808080000800000000100000000000000000000000
(1307.003045) 0#186A0F00000000000202000240FF00FF000005000008FE00000000040000FF00
(1307.003046) 0#4D12FB1001050410000000000000000000000000007200000000000000000000
(1307.003047) 0#E259A70000010000000001008000000000000000000000000000000000000000
(1307.003048) 0#D5D3050010FF07080000FF070000FF01C40A170040FF04FF0000000000000000
(1307.003049) 0#273F05900A528C0A0000000000A5020000000000000000000000000000000000
(1307.003050) 0#2D59F6FEF77F6400000000001E0C0200FFF33F0000000000FF07000000000000
(1307.003051) 0#29AD092B007F2E002B002B00007F2700460000401404000B0026009F00020000
(1307.003052) 0#D9FD0900109C806C400027000000075D0A0000000E020000FEBF2F8271000000
(1307.003053) 0#828C35401B5E8E0000005D1C5B012C00000000000000402335D54017A0140000
(1307.003054) 0#AD60FB00000002000E80E981847E650037363032463700000000000000000000
(1307.003055) 0#5CDA1000000000000202000240FF00FF000005000008FE00000000040000FF00
(1307.003056) 0#1F38060010FF07080000FF070000FF01C40A170040FF04FF0000000000000000
(1307.003057) 0#E36D06940A52900A0000000000A6020000000000000000000000000000000000
(1307.003058) 0#B45D0A2B007F2E002C002C00007F2700460000401404FA0A0026009F00020000
(1307.003059) 0#13160A00109C806C400027000000075D0A0000000E020000FEBF2F8271000000
(1307.003060) 0#91A8FC00000002001380D5817D7E650037363032463700000000000000000000
(1307.003061) 0#BC82F90001000000000080808080000800000000100000000000000000000000
(1307.003062) 0#1A831100000000000202000240FF00FF000005000008FE00000000040000FF00
(1307.003063) 0#BE8CFC1001050410000000000000000000000000007200000000000000000000
(1307.003064) 0#5961070010FF07080000FF070000FF01C40A170040FF04FF0000000000000000
(1307.003065) 0#295A07980A52940A0000000000A7020000000000000000000000000000000000
(1307.003066) 0#6B00F7FEF77F6400000000001E0C0200FFF33F0000000000FF07000000000000
(1307.003067) 0#8E120B2B007F2E002C002C00007F2700460000401404F60A0026009F00020000
(1307.003068) 0#554F0B00109C806C400027000000075D0A0000000E020000FEBF2F8271000000
(1307.003069) 0#6D33FD00000002000580DB816F7E650037363032463700000000000000000000
(1307.003070) 0#D0681200000000000202000240FF00FF000005000008FE00000000040000FF00
(1307.003071) 0#D815080010FF07080000FF070000FF01C40A170040FF04FF0000000000000000
(1307.003072) 0#6956089C0A52980A0000000000A8020000000000000000000000000000000000
(1307.003073) 0#7D8C0C2B007F2E002C002C00007F2700460000401404F60A0026009F00020000
(1307.003074) 0#A6D10C00109C806C400027000000075D0A0000000E020000FEBF2F8271000000
(1307.003075) 0#E7BEFE00000002000E80C0816F7E650037363032463700000000000000000000
(1307.003076) 0#7669FA0001000000000080808080000800000000100000000000000000000000
(1307.003077) 0#96311300000000000202000240FF00FF000005000008FE00000000040000FF00
(1307.003078) 0#F8D5FD1001050410000000000000000000000000007200000000000000000000
(1307.003079) 0#9E4C090010FF07080000FF070000FF01C40A170040FF04FF0000000000000000
(1307.003080) 0#364B098C0A52900A0000000000A6020000000000000000000000000000000000
(1307.003081) 0#EA74F8FEF77F6400000000001E0C0200FFF33F0000000000FF07000000000000
(1307.003082) 0#FB590D2C007F2E002C002C00007F2700460000401404FA0A0026009F00020000
(1307.003083) 0#FF240D00109C806C400027000000075F0A0000000E020000FEBF2F8271000000
(1307.003084) 0#649BFF00000002000E80CE817D7E650037363032463700000000000000000000
(1307.003085) 0#65AF1400000000000202000240FF00FF000005000008FE00000000040000FF00
(1307.003086) 0#54A70A0010FF07080000FF070000FF01C40A170040FF04FF0000000000000000
(1307.003087) 0#7E770A840A52880A0000000000A4020000000000000000000000000000000000
(1307.003088) 0#0FB90E2C007F2E002C002C00007F2700460000401404FC0A0026009F00020000
(1307.003089) 0#35CF0E00109C806C400027000000075F0A0000000E020000FEBF2F8271000000
(1307.003090) 0#763A0000000002000E80E981767E650037363032463700000000000000000000
(1307.003091) 0#3030FB0001000000000080808080000800000000100000000000000000000000
(1307.003092) 0#23F61500000000000202000240FF00FF000005000008FE00000000040000FF00
(1307.003093) 0#323EFE1001050410000000000000000000000000007200000000000000000000
(1307.003094) 0#12FE0B0010FF07080000FF070000FF01C40A170040FF04FF0000000000000000
(1307.003095) 0#F41F0B8C0A52880A0000000000A4020000000000000000000000000000000000
(1307.003096) 0#AC2DF9FEF77F6400000000001E0C0200FFF33F0000000000FF07000000000000
(1307.003097) 0#EE160F2C007F2E002B002B00007F2700460000401404FE0A0026009F00020000
(1307.003098) 0#73960F00109C806C400027000000075F0A0000000E020000FEBF2F8271000000
(1307.003099) 0#67300100000002000280E281767E650037363032463700000000000000000000
(1307.003100) 0#E91D1600000000000202000240FF00FF000005000008FE00000000040000FF00
(1307.003101) 0#E1600C0010FF07080000FF070000FF01C40A170040FF04FF0000000000000000
(1307.003102) 0#371C0C980A52900A0000000000A6020000000000000000000000000000000000
(1307.003103) 0#632DA80000010000000001008000000000000000000000000000000000000000
(1307.003104) 0#163C102B007F2E002B002B00007F2700460000401404FE0A0026009F00020000
(1307.003105) 0#288A1000109C806C400027000000075D0A0000000E020000FEBF2F8271000000
(1307.003106) 0#0D350200000002000280C081767E650037363032463700000000000000000000
(1307.003107) 0#C3AEFC0001000000000080808080000800000000100000000000000000000000
(1307.003108) 0#AF441700000000000202000240FF00FF000005000008FE00000000040000FF00
(1307.003109) 0#7467FF1001050410000000000000000000000000007200000000000000000000
(1307.003110) 0#A7390D0010FF07080000FF070000FF01C40A170040FF04FF0000000000000000
(1307.003111) 0#D7020D980A52940A0000000000A7020000000000000000000000000000000000
(1307.003112) 0#66C6FAFEF77F6400000000001E0C0200FFF33F0000000000FF07000000000000
(1307.003113) 0#7485112B007F2E002B002B00007F2700460000401404020B0026009F00020000
(1307.003114) 0#6ED31100109C806C400027000000075D0A0000000E020000FEBF2F8271000000
(1307.003115) 0#35C20300000002000080C781847E650037363032463700000000000000000000
(1307.003116) 0#2E301800000000000202000240FF00FF000005000008FE00000000040000FF00
(1307.003117) 0#6DD20E0010FF07080000FF070000FF01C40A170040FF04FF0000000000000000
(1307.003118) 0#CB6C0E880A528C0A0000000000A5020000000000000000000000000000000000
(1307.003119) 0#6A63122B007F2E002B002B00007F2700460000401404060B0026009F00020000
(1307.003120) 0#A4381200109C806C400027000000075D0A0000000E020000FEBF2F8271000000
(1307.003121) 0#5BFE0400000002000580CE81847E650037363032463700000000000000000000
(1307.003122) 0#85F7FD0001000000000080808080000800000000100000000000000000000000
(1307.003123) 0#68691900000000000202000240FF00FF000005000008FE00000000040000FF00
(1307.003124) 0#022B001001050410000000000000000000000000007200000000000000000000
(1307.003125) 0#2B8B0F0010FF07080000FF070000FF01C40A170040FF04FF0000000000000000
(1307.003126) 0#DDA70F880A52880A0000000000A5020000000000000000000000000000000000
(1307.003127) 0#209FFBFEF77F6400000000001E0C0200FFF33F0000000000FF07000000000000
(1307.003128) 0#2C3A132B007F2E002B002B00007F2700460000401404060B0026009F00020000
(1307.003129) 0#FDCD1300109C806C400027000000075F0A0000000E020000FEBF2F8271000000
(1307.003130) 0#436636401B5D8E0000005D1C5B012C00000000000000402335D54017A0140000
(1307.003131) 0#69E80500000002000280D5817D7E650037363032463700000000000000000000
(1307.003132) 0#A2821A00000000000202000240FF00FF000005000008FE00000000040000FF00
(1307.003133) 0#6F3B100010FF07080000FF070000FF01C40A170040FF04FF0000000000000000
(1307.003134) 0#A6B910900A528C0A0000000000A6020000000000000000000000000000000000
(1307.003135) 0#DFA4142B007F2E002B002B00007F2700460000401404060B0026009F00020000
(1307.003136) 0#0E531400109C806C400027000000075F0A0000000E020000FEBF2F8271000000
(1307.003137) 0#684F0600000002000E80F7817D7E650037363032463700000000000000000000
(1307.003138) 0#4F1CFE0001000000000080808080000800000000100000000000000000000000
(1307.003139) 0#E4DB1B00000000000202000240FF00FF000005000008FE00000000040000FF00
(1307.003140) 0#4472011001050410000000000000000000000000007200000000000000000000
(1307.003141) 0#2574A90000010000000001008000000000000000000000000000000000000000
(1307.003142) 0#2962110010FF07080000FF070000FF01C40A170040FF04FF0000000000000000
(1307.003143) 0#F56711840A52880A0000000000A5020000000000000000000000000000000000
(1307.003144) 0#D301FCFEF77F6400000000001E0C0200FFF33F0000000000FF07000000000000
(1307.003145) 0#571B152B007F2E002B002B00007F2700460000401404F80A0026009F00020000
(1307.003146) 0#480A1500109C806C400027000000075F0A0000000E020000FEBF2F8271000000
(1307.003147) 0#66810700000002000580E981697E650037363032463700000000000000000000
(1307.003148) 0#17451C00000000000202000240FF00FF000005000008FE00000000040000FF00
(1307.003149) 0#E389120010FF07080000FF070000FF01C40A170040FF04FF0000000000000000
(1307.003150) 0#7EEE12800A52840A0000000000A3020000000000000000000000000000000000
(1307.003151) 0#543A162B007F2E002C002C00007F2700460000401404EC0A0026009F00020000
(1307.003152) 0#9D4D1600109C806C400027000000075D0A0000000E020000FEBF2F8271000000
(1307.003153) 0#63590800000002000B80D581767E650037363032463700000000000000000000
(1307.003154) 0#0945FF0001000000000080808080000800000000100000000000000000000000
(1307.003155) 0#511C1D00000000000202000240FF00FF000005000008FE00000000040000FF00
(1307.003156) 0#8E99021001050410000000000000000000000000007200000000000000000000
(1307.003157) 0#0220130010FF07080000FF070000FF01C00A170040FF04FF0000000000000000
(1307.003158) 0#4331138C0A52880A0000000000A4020000000000000000000000000000000000
(1307.003159) 0#9558FDFEF77F6400000000001E0C0200FFF33F0000000000FF07000000000000
(1307.003160) 0#1263172B007F2E002C002C00007F2700460000401404EC0A0026009F00020000
(1307.003161) 0#DB141700109C806C400027000000075D0A0000000E020000FEBF2F8271000000
(1307.003162) 0#61180900000002000580D581697E650037363032463700000000000000000000
(1307.003163) 0#9BF71E00000000000202000240FF00FF000005000008FE00000000040000FF00
(1307.003164) 0#F1BE140010FF07080000FF070000FF01C00A170040FF04FF0000000000000000
(1307.003165) 0#A4A214900A528C0A0000000000A5020000000000000000000000000000000000
(1307.003166) 0#6B3B182B007F2E002C002C00007F2700460000401404F40A0026009F00020000
(1307.003167) 0#E6411800109C806C400027000000075F0A0000000D020000FEBF2F8271000000
(1307.003168) 0#CE4C0A00000002000880CE81697E650037363032463700000000000000000000
(1307.003169) 0#7F09000001000000000080808080000800000000100000000000000000000000
(1307.003170) 0#DDAE1F00000000000202000240FF00FF000005000008FE00000000040000FF00
(1307.003171) 0#C8C0031001050410000000000000000000000000007200000000000000000000
(1307.003172) 0#1017150010FF07080000FF070000FF01C40A170040FF04FF0000000000000000
(1307.003173) 0#E2FB15900A528C0A0000000000A5020000000000000000000000000000000000
(1307.003174) 0#5FB3FEFEF77F6400000000001E0C0200FFF33F0000000000FF07000000000000
(1307.003175) 0#8579192B007F2E002C002C00007F2700460000401404FC0A0026009F00020000
(1307.003176) 0#A0181900109C806C400027000000075F0A0000000D020000FEBF2F8271000000
(1307.003177) 0#BF350B00000002000880D581847E650037363032463700000000000000000000
(1307.003178) 0#32872000000000000202000240FF00FF000005000008FE00000000040000FF00
(1307.003179) 0#DAFC160010FF07080000FF070000FF01C40A170040FF04FF0000000000000000
(1307.003180) 0#0C8016980A52900A0000000000A6020000000000000000000000000000000000
(1307.003181) 0#4F921A2B007F2E002C002C00007F2700460000401404FC0A0026009F00020000
(1307.003182) 0#6AF31A00109C806C400027000000075F0A0000000D020000FEBF2F8271000000
(1307.003183) 0#7FB10C00000002000880DB81847E650037363032463700000000000000000000
(1307.003184) 0#3950010001000000000080808080000800000000100000000000000000000000
(1307.003185) 0#74DE2100000000000202000240FF00FF000005000008FE00000000040000FF00
(1307.003186) 0#3B5E041001050410000000000000000000000000007200000000000000000000
(1307.003187) 0#9CA5170010FF07080000FF070000FF01C40A170040FF04FF0000000000000000
(1307.003188) 0#EC9E17980A52940A0000000000A7020000000000000000000000000000000000
(1307.003189) 0#EF9FAA0000010000000001008000000000000000000000000000000000000000
(1307.003190) 0#19EAFFFEF77F6400000000001E0C0200FFF33F0000000000FF07000000000000
(1307.003191) 0#DDC61B2B007F2E002C002C00007F2700460000401404F80A0026009F00020000
(1307.003192) 0#2CAA1B00109C806C400027000000075F0A0000000D020000FEBF2F8271000000
(1307.003193) 0#F8130D00000002000580C081987E650037363032463700000000000000000000
(1307.003194) 0#BE352200000000000202000240FF00FF000005000008FE00000000040000FF00
(1307.003195) 0#1DD1180010FF07080000FF070000FF01C40A170040FF04FF0000000000000000
(1307.003196) 0#D11918800A52880A0000000000A4020000000000000000000000000000000000
(1307.003197) 0#524E1C2B007F2E002C002C00007F2700460000401404F40A0026009F00020000
(1307.003198) 0#7CB91C00109C806C400027000000075F0A0000000E020000FEBF2F8271000000
(1307.003199) 0#95370E00000002000880C781847E650037363032463700000000000000000000
(1307.003200) 0#F3BB020001000000000080808080000800000000100000000000000000000000
(1307.003201) 0#F86C2300000000000202000240FF00FF000005000008FE00000000040000FF00
(1307.003202) 0#7D07051001050410000000000000000000000000007200000000000000000000
(1307.003203) 0#5B88190010FF07080000FF070000FF01C40A170040FF04FF0000000000000000
(1307.003204) 0#C6EF19800A52840A0000000000A3020000000000000000000000000000000000
(1307.003205) 0#6FA600FEF77F6400000000001E0C0200FFF33F0000000000FF07000000000000
(1307.003206) 0#14171D2B007F2E002C002C00007F2700460000401404F40A0026009F00020000
(1307.003207) 0#3AE01D00109C806C400027000000075F0A0000000E020000FEBF2F8271000000
(1307.003208) 0#54A337401B5F8D0000005D1C5B012C00000000000000402335D54017A0140000
(1307.003209) 0#63660F0000000200FB7FE981847E650037363032463700000000000000000000
(1307.003210) 0#0BF22400000000000202000240FF00FF000005000008FE00000000040000FF00
(1307.003211) 0#91631A0010FF07080000FF070000FF01C40A170040FF04FF0000000000000000
(1307.003212) 0#C5C81A900A52880A0000000000A4020000000000000000000000000000000000
(1307.003213) 0#F4761E2C007F2E002C002C00007F2700460000401404FA0A0026009F00020000
(1307.003214) 0#F00B1E00109C806C400027000000075F0A0000000E020000FEBF2F8271000000
(1307.003215) 0#9D7B1000000002000880D5817D7E650037363032463700000000000000000000
(1307.003216) 0#B5E2030001000000000080808080000800000000100000000000000000000000
(1307.003217) 0#4DAB2500000000000202000240FF00FF000005000008FE00000000040000FF00
(1307.003218) 0#B7EC061001050410000000000000000000000000007200000000000000000000
(1307.003219) 0#D73A1B0010FF07080000FF070000FF01C40A170040FF04FF0000000000000000
(1307.003220) 0#C3CE1B940A528C0A0000000000A5020000000000000000000000000000000000
(1307.003221) 0#29FF01FEF77F6400000000001E0C0200FFF33F0000000000FF07000000000000
(1307.003222) 0#8C241F2C007F2E002C002C00007F2700460000401404FC0A0026009F00020000
(1307.003223) 0#15DF1F00109C806C400027000000075F0A0000000D020000FEBF2F8271000000
(1307.003224) 0#529A1100000002000B80E981767E650037363032463700000000000000000000
(1307.003225) 0#87402600000000000202000240FF00FF000005000008FE00000000040000FF00
(1307.003226) 0#A9C6AB0000010000000001008000000000000000000000000000000000000000
(1307.003227) 0#24A41C0010FF07080000FF070000FF01C40A170040FF04FF0000000000000000
(1307.003228) 0#245D1C880A52880A0000000000A4020000000000000000000000000000000000
(1307.003229) 0#192B202C007F2E002C002C00007F2700460000401404FA0A0025009F00020000
(1307.003230) 0#FAF62000109C806C400027000000075F0A0000000D020000FEBF2F8271000000
(1307.003231) 0#734A1200000002000880F081767E650037363032463700000000000000000000
(1307.003232) 0#467C040001000000000080808080000800000000100000000000000000000000
(1307.003233) 0#C1192700000000000202000240FF00FF000005000008FE00000000040000FF00
(1307.003234) 0#F1B5071001050410000000000000000000000000007200000000000000000000
(1307.003235) 0#62FD1D0010FF07080000FF070000FF01C40A170040FF04FF0000000000000000
(1307.003236) 0#19821D840A52840A0000000000A3020000000000000000000000000000000000
(1307.003237) 0#E31402FEF77F6400000000001E0C0200FFF33F0000000000FF07000000000000
(1307.003238) 0#E3E8212B007F2E002C002C00007F2700460000401404FA0A0025009F00020000
(1307.003239) 0#8C822100109C806C400028000000075F0A0000000D020000FEBF2F8271000000
(1307.003240) 0#1ED81300000002000E80DB81847E650037363032463700000000000000000000
(1307.003241) 0#406D2800000000000202000240FF00FF000005000008FE00000000040000FF00
(1307.003242) 0#A8161E0010FF07080000FF070000FF01C40A170040FF04FF0000000000000000
(1307.003243) 0#65E31E800A52800A0000000000A3020000000000000000000000000000000000
(1307.003244) 0#C305222B007F2E002C002C00007F2700460000401404F80A0025009F00020000
(1307.003245) 0#D5C92200109C806C400027000000075F0A0000000E020000FEBF2F8271000000
(1307.003246) 0#B4DA1400000002000E80B981767E650037363032463700000000000000000000
(1307.003247) 0#0025050001000000000080808080000800000000100000000000000000000000
(1307.003248) 0#06342900000000000202000240FF00FF000005000008FE00000000040000FF00
(1307.003249) 0#70C1081001050410000000000000000000000000007200000000000000000000
(1307.003250) 0#EE4F1F0010FF07080000FF070000FF01C40A170040FF04FF0000000000000000
(1307.003251) 0#23BA1F800A52800A0000000000A3020000000000000000000000000000000000
(1307.003252) 0#A54D03FEF77F6400000000001E0C0200FFF33F0000000000FF07000000000000
(1307.003253) 0#F94A232B007F2E002C002C00007F2700460000401404F40A0025009F00020000
(1307.003254) 0#93902300109C806C400027000000075F0A0000000E020000FEBF2F8271000000
(1307.003255) 0#D3391500000002001980C781847E650037363032463700000000000000000000
(1307.003256) 0#CCDF2A00000000000202000240FF00FF000005000008FE00000000040000FF00
(1307.003257) 0#0166200010FF07080000FF070000FF01C40A170040FF04FF0000000000000000
(1307.003258) 0#D7A8207C0A527C0A0000000000A2020000000000000000000000000000000000
(1307.003259) 0#B64E242C007F2E002C002C00007F2700460000401404F40A0025009F00020000
(1307.003260) 0#600E2400109C806C400027000000075F0A0000000E020000FEBF2F8271000000
(1307.003261) 0#A0FD1600000002000B80C781847E650037363032463700000000000000000000
(1307.003262) 0#CACE060001000000000080808080000800000000100000000000000000000000
(1307.003263) 0#8A862B00000000000202000240FF00FF000005000008FE00000000040000FF00
(1307.003264) 0#3698091001050410000000000000000000000000007200000000000000000000
(1307.003265) 0#473F210010FF07080000FF070000FF01C40A170040FF04FF0000000000000000
(1307.003266) 0#1C1521780A52780A0000000000A1020000000000000000000000000000000000
(1307.003267) 0#56D304FEF77F6400000000001E0C0200FFF33F0000000000FF07000000000000
(1307.003268) 0#241A252C007F2E002C002C00007F2700460000401404F00A0025009F00020000
(1307.003269) 0#26572500109C806C400027000000075F0A0000000E020000FEBF2F8271000000
(1307.003270) 0#6FB71700000002000580E981767E650037363032463700000000000000000000
(1307.003271) 0#79182C00000000000202000240FF00FF000005000008FE00000000040000FF00
(1307.003272) 0#5A58AC0000010000000001008000000000000000000000000000000000000000
(1307.003273) 0#8DD4220010FF07080000FF070000FF01C40A170040FF04FF0000000000000000
(1307.003274) 0#E65322840A527C0A0000000000A1020000000000000000000000000000000000
(1307.003275) 0#EEF1262C007F2E002C002C00007F2700460000401404F00A0025009F00020000
(1307.003276) 0#ECBC2600109C806C400027000000075F0A0000000E020000FEBF2F8271000000
(1307.003277) 0#19131800000002000080C081697E650037363032463700000000000000000000
(1307.003278) 0#8C97070001000000000080808080000800000000100000000000000000000000
(1307.003279) 0#3F412D00000000000202000240FF00FF000005000008FE00000000040000FF00
(1307.003280) 0#FC730A1001050410000000000000000000000000007200000000000000000000
(1307.003281) 0#CB8D230010FF07080000FF070000FF01C40A170040FF04FF0000000000000000
(1307.003282) 0#3C9C23880A52800A0000000000A2020000000000000000000000000000000000
(1307.003283) 0#108A05FEF77F6400000000001E0C0200FFF33F0000000000FF07000000000000
(1307.003284) 0#1432272B007F2E002C002C00007F2700460000401404F00A0025009F00020000
(1307.003285) 0#AAE52700109C806C400027000000075F0A0000000E020000FEBF2F8271000000
(1307.003286) 0#332738401B5E8D0000005D1C5B012C00000000000000402335D54017A0140000
(1307.003287) 0#572D1900000002000880B9817D7E650037363032463700000000000000000000
(1307.003288) 0#F5AA2E00000000000202000240FF00FF000005000008FE00000000040000FF00
(1307.003289) 0#3813240010FF07080000FF070000FF01C40A170040FF04FF0000000000000000
(1307.003290) 0#6CB824900A52880A0000000000A4020000000000000000000000000000000000
(1307.003291) 0#7F40282B007F2E002C002C00007F2700460000401404F20A0025009F00020000
(1307.003292) 0#881C2800109C806C400027000000075F0A0000000D020000FEBF2F8271000000
(1307.003293) 0#51F71A00000002000280F0818B7E650037363032463700000000000000000000
(1307.003294) 0#0DE3080001000000000080808080000800000000100000000000000000000000
(1307.003295) 0#B3F32F00000000000202000240FF00FF000005000008FE00000000040000FF00
(1307.003296) 0#BA2A0B1001050410000000000000000000000000007200000000000000000000
(1307.003297) 0#7E4A250010FF07080000FF070000FF01C40A170040FF04FF0000000000000000
(1307.003298) 0#8CA625900A528C0A0000000000A5020000000000000000000000000000000000
(1307.003299) 0#DA6106FEF77F6400000000001E0C0200FFF33F0000000000FF07000000000000
(1307.003300) 0#BB88292C007F2E002C002C00007F2700460000401404F40A0025009F00020000
(1307.003301) 0#CE452900109C806C400027000000075F0A0000000D020000FEBF2F8271000000
(1307.003302) 0#1A791B00000002000580B981767E650037363032463700000000000000000000
(1307.003303) 0#F7433000000000000202000240FF00FF000005000008FE00000000040000FF00
(1307.003304) 0#B4A1260010FF07080000FF070000FF01C40A170040FF04FF0000000000000000
(1307.003305) 0#09A626780A52800A0000000000A2020000000000000000000000000000000000
(1307.003306) 0#0D752A2C007F2E002C002C00007F2700460000401404F80A0025009F00020000
(1307.003307) 0#04AE2A00109C806C400027000000075F0A0000000D020000FEBF2F8271000000
(1307.003308) 0#E9E71C00000002000580B981767E650037363032463700000000000000000000
(1307.003309) 0#4BBA090001000000000080808080000800000000100000000000000000000000
(1307.003310) 0#B11A3100000000000202000240FF00FF000005000008FE00000000040000FF00
(1307.003311) 0#49B40C1001050410000000000000000000000000007200000000000000000000
(1307.003312) 0#F2F8270010FF07080000FF070000FF01C40A170040FF04FF0000000000000000
(1307.003313) 0#C22E27780A527C0A0000000000A2020000000000000000000000000000000000
(1307.003314) 0#1C01AD0000010000000001008000000000000000000000000000000000000000
(1307.003315) 0#9C3807FEF77F6400000000001E0C0200FFF33F0000000000FF07000000000000
(1307.003316) 0#4B2C2B2C007F2E002C002C00007F2700460000401404F80A0025009F00020000
(1307.003317) 0#42F72B00109C806C400027000000075F0A0000000D020000FEBF2F8271000000
(1307.003318) 0#3EAE1D00000002000080C081847E650037363032463700000000000000000000
(1307.003319) 0#7BF13200000000000202000240FF00FF000005000008FE00000000040000FF00
(1307.003320) 0#738C280010FF07080000FF070000FF01C40A170040FF04FF0000000000000000
(1307.003321) 0#724828880A52800A0000000000A3020000000000000000000000000000000000
(1307.003322) 0#04282C2B007F2E002C002C00007F2700460000401404F80A0025009F00020000
(1307.003323) 0#12E42C00109C806C400027000000075F0A0000000E020000FEBF2F8271000000
(1307.003324) 0#A4B31E00000002000880B9817D7E650037363032463700000000000000000000
(1307.003325) 0#81510A0001000000000080808080000800000000100000000000000000000000
(1307.003326) 0#3DA83300000000000202000240FF00FF000005000008FE00000000040000FF00
(1307.003327) 0#0FED0D1001050410000000000000000000000000007200000000000000000000
(1307.003328) 0#35D5290010FF07080000FF070000FF01C40A170040FF04FF0000000000000000
(1307.003329) 0#829B298C0A52840A0000000000A3020000000000000000000000000000000000
(1307.003330) 0#1D4C08FEF77F6400000000001E0C0200FFF33F0000000000FF07000000000000
(1307.003331) 0#A8772D2B007F2E002C002C00007F2700460000401404FA0A0025009F00020000
(1307.003332) 0#F7302D00109C806C400027000000075F0A0000000D020000FEBF2F8271000000
(1307.003333) 0#8B4C1F00000002000880C081767E650037363032463700000000000000000000
(1307.003334) 0#CE363400000000000202000240FF00FF000005000008FE00000000040000FF00
(1307.003335) 0#FF3E2A0010FF07080000FF070000FF01C40A170040FF04FF0000000000000000
(1307.003336) 0#19DF2A8C0A52880A0000000000A4020000000000000000000000000000000000
(1307.003337) 0#629C2E2B007F2E002C002C00007F2700460000401404FA0A0025009F00020000
(1307.003338) 0#9E562E00109C806C400027000000075F0A0000000E020000FEBF2F8271000000
(1307.003339) 0#46022000000002000280E281697E650037363032463700000000000000000000
(1307.003340) 0#C7080B0001000000000080808080000800000000100000000000000000000000
(1307.003341) 0#886F3500000000000202000240FF00FF000005000008FE00000000040000FF00
(1307.003342) 0#C5060E1001050410000000000000000000000000007200000000000000000000
(1307.003343) 0#B9672B0010FF07080000FF070000FF01C40A170040FF04FF0000000000000000
(1307.003344) 0#C2182B840A52840A0000000000A3020000000000000000000000000000000000
(1307.003345) 0#5B1509FEF77F6400000000001E0C0200FFF33F0000000000FF07000000000000
(1307.003346) 0#A7D32F2B007F2E002B002B00007F2700460000401404040B0025009F00020000
(1307.003347) 0#D80F2F00109C806C400027000000075F0A0000000E020000FEBF2F8271000000
(1307.003348) 0#F2E72100000002000B80DB816F7E650037363032463700000000000000000000
(1307.003349) 0#42843600000000000202000240FF00FF000005000008FE00000000040000FF00
(1307.003350) 0#4AF92C0010FF07080000FF070000FF01C40A170040FF04FF0000000000000000
(1307.003351) 0#870C2C800A52800A0000000000A3020000000000000000000000000000000000
(1307.003352) 0#7573302B007F2E002B002B00007F27004600004014040A0B0025009F00020000
(1307.003353) 0#9CBF3000109C806C400027000000075F0A0000000E020000FEBF2F8271000000
(1307.003354) 0#9C742200000002000E80B381697E650037363032463700000000000000000000
(1307.003355) 0#34960C0001000000000080808080000800000000100000000000000000000000
(1307.003356) 0#04DD3700000000000202000240FF00FF000005000008FE00000000040000FF00
(1307.003357) 0#835F0F1001050410000000000000000000000000007200000000000000000000
(1307.003358) 0#0CA02D0010FF07080000FF070000FF01C40A170040FF04FF0000000000000000
(1307.003359) 0#DDFF2D880A52840A0000000000A4020000000000000000000000000000000000
(1307.003360) 0#D6EAAE0000010000000001008000000000000000000000000000000000000000
(1307.003361) 0#91FE0AFEF77F6400000000001E0C0200FFF33F0000000000FF07000000000000
(1307.003362) 0#332A312B007F2E002B002B00007F27004600004014040A0B0025009F00020000
(1307.003363) 0#DAE63100109C806C400027000000075F0A0000000E020000FEBF2F8271000000
(1307.003364) 0#938E39401B5F8D0000005D1C5B012C00000000000000402335D54017A0140000
(1307.003365) 0#9B832300000002000880AC817D7E650037363032463700000000000000000000
(1307.003366) 0#85A93800000000000202000240FF00FF000005000008FE00000000040000FF00
(1307.003367) 0#C64B2E0010FF07080000FF070000FF01C40A170040FF04FF0000000000000000
(1307.003368) 0#0BBE2E800A52800A0000000000A3020000000000000000000000000000000000
(1307.003369) 0#13C7322B007F2E002B002B00007F2700460000401404080B0025009F00020000
(1307.003370) 0#100D3200109C806C400027000000075F0A0000000E020000FEBF2F8271000000
(1307.003371) 0#11D22400000002000E80AC815B7E650037363032463700000000000000000000
(1307.003372) 0#72CF0D0001000000000080808080000800000000100000000000000000000000
(1307.003373) 0#C3F03900000000000202000240FF00FF000005000008FE00000000040000FF00
(1307.003374) 0#C7EF101001050410000000000000000000000000007200000000000000000000
(1307.003375) 0#80122F0010FF07080000FF070000FF01C40A170040FF04FF0000000000000000
(1307.003376) 0#56DC2F7C0A527C0A0000000000A2020000000000000000000000000000000000
(1307.003377) 0#D7A70BFEF77F6400000000001E0C0200FFF33F0000000000FF07000000000000
(1307.003378) 0#8193332B007F2E002B002B00007F27004600004014040C0B0025009F00020000
(1307.003379) 0#56543300109C806C400027000000075F0A0000000E020000FEBF2F8271000000
(1307.003380) 0#052B2500000002000280A581847E650037363032463700000000000000000000
(1307.003381) 0#091B3A00000000000202000240FF00FF000005000008FE00000000040000FF00
(1307.003382) 0#C4A2300010FF07080000FF070000FF01C40A170040FF04FF0000000000000000
(1307.003383) 0#C56630880A52800A0000000000A3020000000000000000000000000000000000
(1307.003384) 0#DC26342B007F2E002B002B00007F27004600004014040E0B0026009F00020000
(1307.003385) 0#A5CA3400109C806C400027000000075F0A0000000E020000FEBF2F8271000000
(1307.003386) 0#E9BB2600000002000580AC81697E650037363032463700000000000000000000
(1307.003387) 0#B8240E0001000000000080808080000800000000100000000000000000000000
(1307.003388) 0#4F423B00000000000202000240FF00FF000005000008FE00000000040000FF00
(1307.003389) 0#81B6111001050410000000000000000000000000007200000000000000000000
(1307.003390) 0#82FB310010FF07080000FF070000FF01C40A170040FF04FF0000000000000000
(1307.003391) 0#B5BC318C0A52840A0000000000A4020000000000000000000000000000000000
(1307.003392) 0#24390CFEF77F6400000000001E0C0200FFF33F0000000000FF07000000000000
(1307.003393) 0#9A7F352B007F2E002B002B00007F27004600004014040E0B0026009F00020000
(1307.003394) 0#FC3F3500109C806C400027000000075D0A0000000E020000FEBF2F8271000000
(1307.003395) 0#A6162700000002000E80C781547E650037363032463700000000000000000000
(1307.003396) 0#BCDC3C00000000000202000240FF00FF000005000008FE00000000040000FF00
(1307.003397) 0#90B3AF0000010000000001008000000000000000000000000000000000000000
(1307.003398) 0#4810320010FF07080000FF070000FF01C40A170040FF04FF0000000000000000
(1307.003399) 0#678A32940A528C0A0000000000A6020000000000000000000000000000000000
(1307.003400) 0#5094362B007F2E002B002B00007F27004600004014040E0B0026009F00020000
(1307.003401) 0#36D43600109C806C400027000000075D0A0000000E020000FEBF2F8271000000
(1307.003402) 0#FE7D0F0001000000000080808080000800000000100000000000000000000000
(1307.003403) 0#3B852800000002000080B381547E650037363032463700000000000000000000
(1307.003404) 0#FA853D00000000000202000240FF00FF000005000008FE00000000040000FF00
(1307.003405) 0#4B5D121001050410000000000000000000000000007200000000000000000000
(1307.003406) 0#0E49330010FF07080000FF070000FF01C40A170040FF04FF0000000000000000
(1307.003407) 0#6EAC339C0A52940A0000000000A8020000000000000000000000000000000000
(1307.003408) 0#62600DFEF77F6400000000001E0C0200FFF33F0000000000FF07000000000000
(1307.003409) 0#54D0372B007F2E002B002B00007F2700460000401404040B0026009F00020000
(1307.003410) 0#708D3700109C806C400027000000075D0A0000000E020000FEBF2F8271000000
(1307.003411) 0#38922900000002000080C781697E650037363032463700000000000000000000
(1307.003412) 0#306E3E00000000000202000240FF00FF000005000008FE00000000040000FF00
(1307.003413) 0#FDD7340010FF07080000FF070000FF01C40A170040FF04FF0000000000000000
(1307.003414) 0#600734880A528C0A0000000000A6020000000000000000000000000000000000
(1307.003415) 0#D5A4382B007F2E002B002B00007F2700460000401404040B0026009F00020000
(1307.003416) 0#F1F93800109C806C400027000000075D0A0000000E020000FEBF2F8271000000
(1307.003417) 0#56CF2A00000002000880C081697E650037363032463700000000000000000000
(1307.003418) 0#BACD100001000000000080808080000800000000100000000000000000000000
(1307.003419) 0#76373F00000000000202000240FF00FF000005000008FE00000000040000FF00
(1307.003420) 0#0D04131001050410000000000000000000000000007200000000000000000000
(1307.003421) 0#BB8E350010FF07080000FF070000FF01C40A170040FF04FF0000000000000000
(1307.003422) 0#678B35840A52880A0000000000A5020000000000000000000000000000000000
(1307.003423) 0#A88B0EFEF77F6400000000001E0C0200FFF33F0000000000FF07000000000000
(1307.003424) 0#5D1B392B007F2E002B002B00007F2700460000401404FA0A0026009F00020000
(1307.003425) 0#B7A03900109C806C400027000000075D0A0000000E020000FEBF2F8271000000
(1307.003426) 0#FAB42B00000002000280DB81627E650037363032463700000000000000000000
(1307.003427) 0#EE3D4000000000000202000240FF00FF000005000008FE00000000040000FF00
(1307.003428) 0#7165360010FF07080000FF070000FF01C40A170040FF04FF0000000000000000
(1307.003429) 0#838936900A528C0A0000000000A5020000000000000000000000000000000000
(1307.003430) 0#A9FB3A2B007F2E002B002B00007F2700460000401404FC0A0026009F00020000
(1307.003431) 0#7D4B3A00109C806C400027000000075D0A0000000E020000FEBF2F8271000000
(1307.003432) 0#C1762C00000002000E80D5815B7E650037363032463700000000000000000000
(1307.003433) 0#FC94110001000000000080808080000800000000100000000000000000000000
(1307.003434) 0#A8644100000000000202000240FF00FF000005000008FE00000000040000FF00
(1307.003435) 0#FE9A141001050410000000000000000000000000007200000000000000000000
(1307.003436) 0#373C370010FF07080000FF070000FF01C40A170040FF04FF0000000000000000
(1307.003437) 0#A11F379C0A52940A0000000000A7020000000000000000000000000000000000
(1307.003438) 0#EED20FFEF77F6400000000001E0C0200FFF33F0000000000FF07000000000000
(1307.003439) 0#05A43B2B007F2E002B002B00007F2700460000401404FE0A0026009F00020000
(1307.003440) 0#3B123B00109C806C400027000000075D0A0000000E020000FEBF2F8271000000
(1307.003441) 0#BF953A401B5E8D0000005D1C5B012C00000000000000402335D54017A0140000
(1307.003442) 0#A8452D00000002000580C0817D7E650037363032463700000000000000000000
(1307.003443) 0#628F4200000000000202000240FF00FF000005000008FE00000000040000FF00
(1307.003444) 0#D403B00000010000000001008000000000000000000000000000000000000000
(1307.003445) 0#B648380010FF07080000FF070000FF01C40A170040FF04FF0000000000000000
(1307.003446) 0#070B389C0A52980A0000000000A8020000000000000000000000000000000000
(1307.003447) 0#F63A3C2B007F2E002B002B00007F2700460000401404FE0A0026009F00020000
(1307.003448) 0#C88C3C00109C806C400027000000075D0A0000000E020000FEBF2F8271000000
(1307.003449) 0#A9462E00000002000580C081767E650037363032463700000000000000000000
(1307.003450) 0#367F120001000000000080808080000800000000100000000000000000000000
(1307.003451) 0#24D64300000000000202000240FF00FF000005000008FE00000000040000FF00
(1307.003452) 0#B8C3151001050410000000000000000000000000007200000000000000000000
(1307.003453) 0#F011390010FF07080000FF070000FF01C40A170040FF04FF0000000000000000
(1307.003454) 0#BE0E39880A52900A0000000000A6020000000000000000000000000000000000
(1307.003455) 0#AA6210FEF77F6400000000001E0C0200FFF33F0000000000FF07000000000000
(1307.003456) 0#18783D2B007F2E002B002B00007F2700460000401404F60A0026009F00020000
(1307.003457) 0#8ED53D00109C806C400027000000075D0A0000000E020000FEBF2F8271000000
(1307.003458) 0#F7AC2F00000002000B80D581697E650037363032463700000000000000000000
(1307.003459) 0#D7484400000000000202000240FF00FF000005000008FE00000000040000FF00
(1307.003460) 0#3AFA3A0010FF07080000FF070000FF01C40A170040FF04FF0000000000000000
(1307.003461) 0#7A5C3A8C0A528C0A0000000000A5020000000000000000000000000000000000
(1307.003462) 0#674F3E2B007F2E002C002C00007F2700460000401404EE0A0026009F00020000
(1307.003463) 0#443E3E00109C806C400027000000075D0A0000000E020000FEBF2F8271000000
(1307.003464) 0#CFF93000000002000080AC816F7E650037363032463700000000000000000000
(1307.003465) 0#7026130001000000000080808080000800000000100000000000000000000000
(1307.003466) 0#91114500000000000202000240FF00FF000005000008FE00000000040000FF00
(1307.003467) 0#7228161001050410000000000000000000000000007200000000000000000000
(1307.003468) 0#DB533B0010FF07080000FF070000FF01C00A170040FF04FF0000000000000000
(1307.003469) 0#8E4F3B900A528C0A0000000000A5020000000000000000000000000000000000
(1307.003470) 0#EC3B11FEF77F6400000000001E0C0200FFF33F0000000000FF07000000000000
(1307.003471) 0#21163F2B007F2E002C002C00007F2700460000401404EE0A0026009F00020000
(1307.003472) 0#02673F00109C806C400027000000075D0A0000000E020000FEBF2F8271000000
(1307.003473) 0#EDB23100000002000080CE81847E650037363032463700000000000000000000
(1307.003474) 0#5BFA4600000000000202000240FF00FF000005000008FE00000000040000FF00
(1307.003475) 0#28CD3C0010FF07080000FF070000FF01C00A170040FF04FF0000000000000000
(1307.003476) 0#125A3C800A52840A0000000000A3020000000000000000000000000000000000
(1307.003477) 0#531A402B007F2E002C002C00007F2700460000401404EC0A0026009F00020000
(1307.003478) 0#9A6D4000109C806C400027000000075D0A0000000E020000FEBF2F8271000000
(1307.003479) 0#83B8140001000000000080808080000800000000100000000000000000000000
(1307.003480) 0#B33A3200000002000080CE81767E650037363032463700000000000000000000
(1307.003481) 0#1DA34700000000000202000240FF00FF000005000008FE00000000040000FF00
(1307.003482) 0#3471171001050410000000000000000000000000007200000000000000000000
(1307.003483) 0#925AB10000010000000001008000000000000000000000000000000000000000
(1307.003484) 0#6E943D0010FF07080000FF070000FF01C00A170040FF04FF0000000000000000
(1307.003485) 0#927B3D7C0A52800A0000000000A2020000000000000000000000000000000000
(1307.003486) 0#26D012FEF77F6400000000001E0C0200FFF33F0000000000FF07000000000000
(1307.003487) 0#C14E412B007F2E002C002C00007F2700460000401404E80A0026009F00020000
(1307.003488) 0#7FB94100109C806C400027000000075D0A0000000D020000FEBF2F8271000000
(1307.003489) 0#B17B3300000002000E80CE81697E650037363032463700000000000000000000
(1307.003490) 0#9CD74800000000000202000240FF00FF000005000008FE00000000040000FF00
(1307.003491) 0#A47F3E0010FF07080000FF070000FF01C00A170040FF04FF0000000000000000
(1307.003492) 0#DEB73E840A52800A0000000000A2020000000000000000000000000000000000
(1307.003493) 0#0BA5422B007F2E002C002C00007F2700460000401404E80A0026009F00020000
(1307.003494) 0#B5524200109C806C400027000000075D0A0000000D020000FEBF2F8271000000
(1307.003495) 0#D1113400000002000E80E281697E650037363032463700000000000000000000
(1307.003496) 0#C5E1150001000000000080808080000800000000100000000000000000000000
(1307.003497) 0#DA8E4900000000000202000240FF00FF000005000008FE00000000040000FF00
(1307.003498) 0#B505181001050410000000000000000000000000007200000000000000000000
(1307.003499) 0#E2263F0010FF07080000FF070000FF01C00A170040FF04FF0000000000000000
(1307.003500) 0#14803F880A52840A0000000000A3020000000000000000000000000000000000
(1307.003501) 0#608913FEF77F6400000000001E0C0200FFF33F0000000000FF07000000000000
(1307.003502) 0#597D432C007F2E002C002C00007F2700460000401404E00A0026009F00020000
(1307.003503) 0#2EA54300109C806C400027000000075F0A0001080E020000FEBF2F8271000000
(1307.003504) 0#93FF3500000002000E80DB81627E650037363032463700000000000000000000
(1307.003505) 0#10654A00000000000202000240FF00FF000005000008FE00000000040000FF00
(1307.003506) 0#7A2C400010FF07080000FF070000FF01C00A170040FF04FF0000000000000000
(1307.003507) 0#8C8A40880A52840A0000000000A3020000000000000000000000000000000000
(1307.003508) 0#26AC442C007F2E002C002C00007F2700460000401404DC0A0026009F00020000
(1307.003509) 0#1F394400109C806C400027000000075F0A0000000D020000FEBF2F8271000000
(1307.003510) 0#63803600000002000E80DB816F7E650037363032463700000000000000000000
(1307.003511) 0#0F0A160001000000000080808080000800000000100000000000000000000000
(1307.003512) 0#563C4B00000000000202000240FF00FF000005000008FE00000000040000FF00
(1307.003513) 0#F35C191001050410000000000000000000000000007200000000000000000000
(1307.003514) 0#3C75410010FF07080000FF070000FF01C00A170040FF04FF0000000000000000
(1307.003515) 0#CF2E41900A52880A0000000000A4020000000000000000000000000000000000
(1307.003516) 0#931714FEF77F6400000000001E0C0200FFF33F0000000000FF07000000000000
(1307.003517) 0#06BC452C007F2E002C002C00007F2700460000401404E20A0026009F00020000
(1307.003518) 0#59604500109C806C400027000000075F0A0000000D020000FEBF2F8271000000
(1307.003519) 0#1F3C3B401B5F8D0000005D1C5B012C00000000000000402335D54017A0140000
(1307.003520) 0#01323700000002001080DB817D7E650037363032463700000000000000000000
(1307.003521) 0#A5A24C00000000000202000240FF00FF000005000008FE00000000040000FF00
(1307.003522) 0#F69E420010FF07080000FF070000FF01C00A170040FF04FF0000000000000000
(1307.003523) 0#B78F428C0A52880A0000000000A4020000000000000000000000000000000000
(1307.003524) 0#CC57462C007F2E002C002C00007F2700460000401404E20A0026009F00020000
(1307.003525) 0#938B4600109C806C400027000000075F0A0000000D020000FEBF2F8271000000
(1307.003526) 0#D9013800000002000080CE81847E650037363032463700000000000000000000
(1307.003527) 0#4953170001000000000080808080000800000000100000000000000000000000
(1307.003528) 0#E3FB4D00000000000202000240FF00FF000005000008FE00000000040000FF00
(1307.003529) 0#39B71A1001050410000000000000000000000000007200000000000000000000
(1307.003530) 0#58B1B20000010000000001008000000000000000000000000000000000000000
(1307.003531) 0#B0C7430010FF07080000FF070000FF01C00A170040FF04FF0000000000000000
(1307.003532) 0#AA3043780A52800A0000000000A2020000000000000000000000000000000000
(1307.003533) 0#D54E15FEF77F6400000000001E0C0200FFF33F0000000000FF07000000000000
(1307.003534) 0#B405472C007F2E002C002C00007F2700460000401404E40A0026009F00020000
(1307.003535) 0#D5D24700109C806C400027000000075F0A0000000D020000FEBF2F8271000000
(1307.003536) 0#1CB83900000002000580B3818B7E650037363032463700000000000000000000
(1307.003537) 0#29104E00000000000202000240FF00FF000005000008FE00000000040000FF00
(1307.003538) 0#4359440010FF07080000FF070000FF01C00A170040FF04FF0000000000000000
(1307.003539) 0#637F44740A52780A0000000000A0020000000000000000000000000000000000
(1307.003540) 0#715C482C007F2E002C002C00007F2700460000401404E40A0025009F00020000
(1307.003541) 0#54A64800109C806C400027000000075F0A0000000D020000FEBF2F8271000000
(1307.003542) 0#D94A3A00000002000280D581847E650037363032463700000000000000000000
(1307.003543) 0#C827180001000000000080808080000800000000100000000000000000000000
(1307.003544) 0#6F494F00000000000202000240FF00FF000005000008FE00000000040000FF00
(1307.003545) 0#7FEE1B1001050410000000000000000000000000007200000000000000000000
(1307.003546) 0#0500450010FF07080000FF070000FF01C00A170040FF04FF0000000000000000
(1307.003547) 0#2F6F45800A527C0A0000000000A1020000000000000000000000000000000000
(1307.003548) 0#1FA516FEF77F6400000000001E0C0200FFF33F0000000000FF07000000000000
(1307.003549) 0#3705492C007F2E002C002C00007F2700460000401404E40A0025009F00020000
(1307.003550) 0#12FF4900109C806C400027000000075F0A0000000D020000FEBF2F8271000000
(1307.003551) 0#0F273B00000002000B80C081847E650037363032463700000000000000000000
(1307.003552) 0#2BF95000000000000202000240FF00FF000005000008FE00000000040000FF00
(1307.003553) 0#CFEB460010FF07080000FF070000FF01C00A170040FF04FF0000000000000000
(1307.003554) 0#9F0A46880A52800A0000000000A2020000000000000000000000000000000000
(1307.003555) 0#17E84A2C007F2E002C002C00007F2700460000401404E60A0025009F00020000
(1307.003556) 0#B99B4A00109C806C400027000000075F0A0001080D020000FEBF2F8271000000
(1307.003557) 0#8E7E190001000000000080808080000800000000100000000000000000000000
(1307.003558) 0#F7993C00000002000580C7818B7E650037363032463700000000000000000000
(1307.003559) 0#6DA05100000000000202000240FF00FF000005000008FE00000000040000FF00
(1307.003560) 0#8C701C1001050410000000000000000000000000007200000000000000000000
(1307.003561) 0#89B2470010FF07080000FF070000FF01C00A170040FF04FF0000000000000000
(1307.003562) 0#C3E2477C0A527C0A0000000000A1020000000000000000000000000000000000
(1307.003563) 0#59FC17FEF77F6400000000001E0C0200FFF33F0000000000FF07000000000000
(1307.003564) 0#3F8D4B2C007F2E002C002C00007F2700460000401404F00A0025009F00020000
(1307.003565) 0#9E4D4B00109C806C400027000000075F0A0000000D020000FEBF2F8271000000
(1307.003566) 0#CB393D00000002000E80D5818B7E650037363032463700000000000000000000
(1307.003567) 0#A74B5200000000000202000240FF00FF000005000008FE00000000040000FF00
(1307.003568) 0#AF36480010FF07080000FF070000FF01C40A170040FF04FF0000000000000000
(1307.003569) 0#DE3548740A52780A0000000000A1020000000000000000000000000000000000
(1307.003570) 0#1EE8B30000010000000001008000000000000000000000000000000000000000
(1307.003571) 0#CC134C2C007F2E002C002C00007F2700460000401404F00A0025009F00020000
(1307.003572) 0#6DD34C00109C806C400027000000075F0A0000000D020000FEBF2F8271000000
(1307.003573) 0#44951A0001000000000080808080000800000000100000000000000000000000
(1307.003574) 0#43113E00000002000B80CE81847E650037363032463700000000000000000000
(1307.003575) 0#E1125300000000000202000240FF00FF000005000008FE00000000040000FF00
(1307.003576) 0#CA291D1001050410000000000000000000000000007200000000000000000000
(1307.003577) 0#E96F490010FF07080000FF070000FF01C40A170040FF04FF0000000000000000
(1307.003578) 0#590749700A52740A0000000000A0020000000000000000000000000000000000
(1307.003579) 0#D88818FEF77F6400000000001E0C0200FFF33F0000000000FF07000000000000
(1307.003580) 0#22514D2C007F2E002C002C00007F2700460000401404F80A0025009F00020000
(1307.003581) 0#2B8A4D00109C806C400027000000075F0A0000000D020000FEBF2F8271000000
(1307.003582) 0#B96E3F00000002000E80B9818B7E650037363032463700000000000000000000
(1307.003583) 0#128C5400000000000202000240FF00FF000005000008FE00000000040000FF00
(1307.003584) 0#23844A0010FF07080000FF070000FF01C40A170040FF04FF0000000000000000
(1307.003585) 0#5FDD4A780A52740A0000000000A0020000000000000000000000000000000000
(1307.003586) 0#7EAA4E2C007F2E002C002C00007F2700460000401404F60A0025009F00020000
(1307.003587) 0#E1614E00109C806C400027000000075F0A0000000D020000FEBF2F8271000000
(1307.003588) 0#F4A04000000002000E80B9817D7E650037363032463700000000000000000000
(1307.003589) 0#02CC1B0001000000000080808080000800000000100000000000000000000000
(1307.003590) 0#54D55500000000000202000240FF00FF000005000008FE00000000040000FF00
(1307.003591) 0#00C21E1001050410000000000000000000000000007200000000000000000000
(1307.003592) 0#65DD4B0010FF07080000FF070000FF01C40A170040FF04FF0000000000000000
(1307.003593) 0#33AD4B740A52740A0000000000A0020000000000000000000000000000000000
(1307.003594) 0#9ED119FEF77F6400000000001E0C0200FFF33F0000000000FF07000000000000
(1307.003595) 0#6E6F4F2B007F2E002C002C00007F2700460000401404F40A0025009F00020000
(1307.003596) 0#A7384F00109C806C400027000000075F0A0000000D020000FEBF2F8271000000
(1307.003597) 0#ECA23C401B5F8D0000005D1C5B012C00000000000000402335D54017A0140000
(1307.003598) 0#F2A74100000002000E8097818B7E650037363032463700000000000000000000
(1307.003599) 0#9E3E5600000000000202000240FF00FF000005000008FE00000000040000FF00
(1307.003600) 0#96434C0010FF07080000FF070000FF01C40A170040FF04FF0000000000000000
(1307.003601) 0#F6FC4C700A52700A00000000009F020000000000000000000000000000000000
(1307.003602) 0#2ADF502B007F2E002C002C00007F2700460000401404F40A0025009F00020000
(1307.003603) 0#E3885000109C806C400027000000075F0A0000000D020000FEBF2F8271000000
(1307.003604) 0#61AC4200000002000080CE817D7E650037363032463700000000000000000000
(1307.003605) 0#F1521C0001000000000080808080000800000000100000000000000000000000
(1307.003606) 0#D8675700000000000202000240FF00FF000005000008FE00000000040000FF00
(1307.003607) 0#469B1F1001050410000000000000000000000000007200000000000000000000
(1307.003608) 0#D01A4D0010FF07080000FF070000FF01C40A170040FF04FF0000000000000000
(1307.003609) 0#0D174D800A52780A0000000000A1020000000000000000000000000000000000
(1307.003610) 0#543A1AFEF77F6400000000001E0C0200FFF33F0000000000FF07000000000000
(1307.003611) 0#8680512B007F2E002C002C00007F2700460000401404F60A0025009F00020000
(1307.003612) 0#065C5100109C806C400027000000075F0A0000000E020000FEBF2F8271000000
(1307.003613) 0#929A4300000002000E80C781697E650037363032463700000000000000000000
(1307.003614) 0#59135800000000000202000240FF00FF000005000008FE00000000040000FF00
(1307.003615) 0#1AF14E0010FF07080000FF070000FF01C40A170040FF04FF0000000000000000
(1307.003616) 0#AC004E800A527C0A0000000000A2020000000000000000000000000000000000
(1307.003617) 0#ED76B40000010000000001008000000000000000000000000000000000000000
(1307.003618) 0#0846522B007F2E002C002C00007F2700460000401404F60A0026009F00020000
(1307.003619) 0#6F3A5200109C806C400027000000075F0A0000000D020000FEBF2F8271000000
(1307.003620) 0#CB864400000002000B80D581847E650037363032463700000000000000000000
(1307.003621) 0#B70B1D0001000000000080808080000800000000100000000000000000000000
(1307.003622) 0#1F4A5900000000000202000240FF00FF000005000008FE00000000040000FF00
(1307.003623) 0#A9B2201001050410000000000000000000000000007200000000000000000000
(1307.003624) 0#5CA84F0010FF07080000FF070000FF01C40A170040FF04FF0000000000000000
(1307.003625) 0#EBE64F8C0A52840A0000000000A3020000000000000000000000000000000000
(1307.003626) 0#12631BFEF77F6400000000001E0C0200FFF33F0000000000FF07000000000000
(1307.003627) 0#4E1F532B007F2E002C002C00007F2700460000401404F60A0026009F00020000
(1307.003628) 0#29635300109C806C400027000000075F0A0000000D020000FEBF2F8271000000
(1307.003629) 0#45174500000002000B80C081767E650037363032463700000000000000000000
(1307.003630) 0#D5A15A00000000000202000240FF00FF000005000008FE00000000040000FF00
(1307.003631) 0#1818500010FF07080000FF070000FF01C40A170040FF04FF0000000000000000
(1307.003632) 0#FEF9508C0A52880A0000000000A4020000000000000000000000000000000000
(1307.003633) 0#DB7C542B007F2E002C002C00007F2700460000401404000B0026009F00020000
(1307.003634) 0#C5515400109C806C400027000000075D0A0000000D020000FEBF2F8271000000
(1307.003635) 0#7DE01E0001000000000080808080000800000000100000000000000000000000
(1307.003636) 0#A3F24600000002000580CE815B7E650037363032463700000000000000000000
(1307.003637) 0#93F85B00000000000202000240FF00FF000005000008FE00000000040000FF00
(1307.003638) 0#EFEB211001050410000000000000000000000000007200000000000000000000
(1307.003639) 0#5E41510010FF07080000FF070000FF01C40A170040FF04FF0000000000000000
(1307.003640) 0#159351780A52800A0000000000A3020000000000000000000000000000000000
(1307.003641) 0#E1FD1CFEF77F6400000000001E0C0200FFF33F0000000000FF07000000000000
(1307.003642) 0#78CE552B007F2E002B002B00007F2700460000401404080B0026009F00020000
(1307.003643) 0#20855500109C806C400027000000075D0A0000000E020000FEBF2F8271000000
(1307.003644) 0#F85E4700000002000080C0818B7E650037363032463700000000000000000000
(1307.003645) 0#60665C00000000000202000240FF00FF000005000008FE00000000040000FF00
(1307.003646) 0#94AA520010FF07080000FF070000FF01C40A170040FF04FF0000000000000000
(1307.003647) 0#E5A952740A52780A0000000000A1020000000000000000000000000000000000
(1307.003648) 0#B225562B007F2E002B002B00007F2700460000401404080B0026009F00020000
(1307.003649) 0#EA6E5600109C806C400027000000075D0A0000000E020000FEBF2F8271000000
(1307.003650) 0#11094800000002000E80AC81767E650037363032463700000000000000000000
(1307.003651) 0#3BB91F0001000000000080808080000800000000100000000000000000000000
(1307.003652) 0#263F5D00000000000202000240FF00FF000005000008FE00000000040000FF00
(1307.003653) 0#2500221001050410000000000000000000000000007200000000000000000000
(1307.003654) 0#D2F3530010FF07080000FF070000FF01C40A170040FF04FF0000000000000000
(1307.003655) 0#D33753880A52800A0000000000A3020000000000000000000000000000000000
(1307.003656) 0#AB2FB50000010000000001008000000000000000000000000000000000000000
(1307.003657) 0#A7A41DFEF77F6400000000001E0C0200FFF33F0000000000FF07000000000000
(1307.003658) 0#1E7A572B007F2E002B002B00007F27004600004014040A0B0026009F00020000
(1307.003659) 0#AC375700109C806C400027000000075D0A0000000E020000FEBF2F8271000000
(1307.003660) 0#4BD94900000002000080AC81847E650037363032463700000000000000000000
(1307.003661) 0#ECD45E00000000000202000240FF00FF000005000008FE00000000040000FF00
(1307.003662) 0#216D540010FF07080000FF070000FF01C40A170040FF04FF0000000000000000
(1307.003663) 0#F03254880A52840A0000000000A4020000000000000000000000000000000000
(1307.003664) 0#A105582B007F2E002B002B00007F27004600004014040C0B0026009F00020000
(1307.003665) 0#2D435800109C806C400027000000075D0A0000000E020000FEBF2F8271000000
(1307.003666) 0#86E44A00000002000B80D5818B7E650037363032463700000000000000000000
(1307.003667) 0#D490200001000000000080808080000800000000100000000000000000000000
(1307.003668) 0#AA8D5F00000000000202000240FF00FF000005000008FE00000000040000FF00
(1307.003669) 0#6359231001050410000000000000000000000000007200000000000000000000
(1307.003670) 0#6734550010FF07080000FF070000FF01C40A170040FF04FF0000000000000000
(1307.003671) 0#B66B55880A52840A0000000000A4020000000000000000000000000000000000
(1307.003672) 0#6D4F1EFEF77F6400000000001E0C0200FFF33F0000000000FF07000000000000
(1307.003673) 0#4F47592B007F2E002B002B00007F2700460000401404040B0026009F00020000
(1307.003674) 0#6B1A5900109C806C400027000000075D0A0000000E020000FEBF2F8271000000
(1307.003675) 0#3DEE3D401B608D0000005D1C5B012C00000000000000402335D54017A0140000
(1307.003676) 0#F2224B00000002000580CE817D7E650037363032463700000000000000000000
(1307.003677) 0#45A46000000000000202000240FF00FF000005000008FE00000000040000FF00
(1307.003678) 0#ADDF560010FF07080000FF070000FF01C40A170040FF04FF0000000000000000
(1307.003679) 0#56A956840A52840A0000000000A4020000000000000000000000000000000000
(1307.003680) 0#85AC5A2B007F2E002B002B00007F2700460000401404040B0026009F00020000
(1307.003681) 0#A1F15A00109C806C400027000000075D0A0000000E020000FEBF2F8271000000
(1307.003682) 0#CA544C00000002000580CE81767E650037363032463700000000000000000000
(1307.003683) 0#92C9210001000000000080808080000800000000100000000000000000000000
(1307.003684) 0#03FD6100000000000202000240FF00FF000005000008FE00000000040000FF00
(1307.003685) 0#90C7241001050410000000000000000000000000007200000000000000000000
(1307.003686) 0#EB86570010FF07080000FF070000FF01C40A170040FF04FF0000000000000000
(1307.003687) 0#267357800A52800A0000000000A3020000000000000000000000000000000000
(1307.003688) 0#2B161FFEF77F6400000000001E0C0200FFF33F0000000000FF07000000000000
(1307.003689) 0#D91E5B2B007F2E002B002B00007F2700460000401404FE0A0026009F00020000
(1307.003690) 0#E7A85B00109C806C400027000000075D0A0000000E020000FEBF2F8271000000
(1307.003691) 0#E3BC4D00000002000580D581767E650037363032463700000000000000000000
(1307.003692) 0#C9166200000000000202000240FF00FF000005000008FE00000000040000FF00
(1307.003693) 0#6AF2580010FF07080000FF070000FF01C40A170040FF04FF0000000000000000
(1307.003694) 0#BBAD58880A52840A0000000000A4020000000000000000000000000000000000
(1307.003695) 0#E4665C2B007F2E002B002B00007F2700460000401404000B0026009F00020000
(1307.003696) 0#14365C00109C806C400027000000075D0A0000000E020000FEBF2F8271000000
(1307.003697) 0#EEF94E00000002000580E981627E650037363032463700000000000000000000
(1307.003698) 0#5822220001000000000080808080000800000000100000000000000000000000
(1307.003699) 0#8F4F6300000000000202000240FF00FF000005000008FE00000000040000FF00
(1307.003700) 0#D69E251001050410000000000000000000000000007200000000000000000000
(1307.003701) 0#61C4B60000010000000001008000000000000000000000000000000000000000
(1307.003702) 0#2CAB590010FF07080000FF070000FF01C40A170040FF04FF0000000000000000
(1307.003703) 0#E15E59800A52800A0000000000A3020000000000000000000000000000000000
(1307.003704) 0#C43F20FEF77F6400000000001E0C0200FFF33F0000000000FF07000000000000
(1307.003705) 0#A23F5D2B007F2E002B002B00007F2700460000401404000B0026009F00020000
(1307.003706) 0#526F5D00109C806C400027000000075D0A0000000E020000FEBF2F8271000000
(1307.003707) 0#08464F00000002000E80C781547E650037363032463700000000000000000000
(1307.003708) 0#7CD16400000000000202000240FF00FF000005000008FE00000000040000FF00
(1307.003709) 0#E6405A0010FF07080000FF070000FF01C40A170040FF04FF0000000000000000
(1307.003710) 0#308E5A7C0A527C0A0000000000A2020000000000000000000000000000000000
(1307.003711) 0#82D25E2B007F2E002B002B00007F2700460000401404020B0026009F00020000
(1307.003712) 0#98845E00109C806C400027000000075D0A0000000E020000FEBF2F8271000000
(1307.003713) 0#1E7B230001000000000080808080000800000000100000000000000000000000
(1307.003714) 0#F4B15000000002000580B3818B7E650037363032463700000000000000000000
(1307.003715) 0#3A886500000000000202000240FF00FF000005000008FE00000000040000FF00
(1307.003716) 0#1C75261001050410000000000000000000000000007200000000000000000000
(1307.003717) 0#A0195B0010FF07080000FF070000FF01C40A170040FF04FF0000000000000000
(1307.003718) 0#8BF45B840A52800A0000000000A3020000000000000000000000000000000000
(1307.003719) 0#826621FEF77F6400000000001E0C0200FFF33F0000000000FF07000000000000
(1307.003720) 0#0A6D5F2B007F2E002B002B00007F2700460000401404FC0A0026009F00020000
(1307.003721) 0#DEDD5F00109C806C400027000000075D0A0000000E020000FEBF2F8271000000
(1307.003722) 0#B67F510000000200FE7FA5817D7E650037363032463700000000000000000000
(1307.003723) 0#F0636600000000000202000240FF00FF000005000008FE00000000040000FF00
(1307.003724) 0#53875C0010FF07080000FF070000FF01C40A170040FF04FF0000000000000000
(1307.003725) 0#64C05C8C0A52840A0000000000A4020000000000000000000000000000000000
(1307.003726) 0#E544602B007F2E002B002B00007F2700460000401404FC0A0026009F00020000
(1307.003727) 0#31F46000109C806C400027000000075D0A0000000E020000FEBF2F8271000000
(1307.003728) 0#92015200000002000580B9817D7E650037363032463700000000000000000000
(1307.003729) 0#EDE5240001000000000080808080000800000000100000000000000000000000
(1307.003730) 0#B63A6700000000000202000240FF00FF000005000008FE00000000040000FF00
(1307.003731) 0#5A2C271001050410000000000000000000000000007200000000000000000000
(1307.003732) 0#15DE5D0010FF07080000FF070000FF01C40A170040FF04FF0000000000000000
(1307.003733) 0#41755D900A52880A0000000000A4020000000000000000000000000000000000
(1307.003734) 0#488D22FEF77F6400000000001E0C0200FFF33F0000000000FF07000000000000
(1307.003735) 0#D0E6612B007F2E002C002C00007F2700460000401404FA0A0026009F00020000
(1307.003736) 0#77AD6100109C806C400027000000075D0A0000000E020000FEBF2F8271000000
(1307.003737) 0#CDE65300000002000B80CE817D7E650037363032463700000000000000000000
(1307.003738) 0#374E6800000000000202000240FF00FF000005000008FE00000000040000FF00
(1307.003739) 0#DF355E0010FF07080000FF070000FF01C40A170040FF04FF0000000000000000
(1307.003740) 0#CBC15E940A528C0A0000000000A5020000000000000000000000000000000000
(1307.003741) 0#CE00622B007F2E002C002C00007F2700460000401404FE0A0026009F00020000
(1307.003742) 0#BD466200109C806C400027000000075D0A0000000E020000FEBF2F8271000000
(1307.003743) 0#8D125400000002001080F0817D7E650037363032463700000000000000000000
(1307.003744) 0#ABBC250001000000000080808080000800000000100000000000000000000000
(1307.003745) 0#71176900000000000202000240FF00FF000005000008FE00000000040000FF00
(1307.003746) 0#DB58281001050410000000000000000000000000007200000000000000000000
(1307.003747) 0#279DB70000010000000001008000000000000000000000000000000000000000
(1307.003748) 0#996C5F0010FF07080000FF070000FF01C40A170040FF04FF0000000000000000
(1307.003749) 0#99955F880A52880A0000000000A4020000000000000000000000000000000000
(1307.003750) 0#0ED423FEF77F6400000000001E0C0200FFF33F0000000000FF07000000000000
(1307.003751) 0#C5A9632B007F2E002B002B00007F2700460000401404FE0A0026009F00020000
(1307.003752) 0#FB1F6300109C806C400027000000075D0A0000000E020000FEBF2F8271000000
(1307.003753) 0#86E03E401B5E8D0000005D1C5B012C00000000000000402335D54017A0140000
(1307.003754) 0#430A5500000002001380E281847E650037363032463700000000000000000000
(1307.003755) 0#BBFC6A00000000000202000240FF00FF000005000008FE00000000040000FF00
(1307.003756) 0#7645600010FF07080000FF070000FF01C40A170040FF04FF0000000000000000
(1307.003757) 0#DB8F607C0A52800A0000000000A3020000000000000000000000000000000000
(1307.003758) 0#3637642B007F2E002B002B00007F2700460000401404FE0A0026009F00020000
(1307.003759) 0#08816400109C806C400027000000075D0A0000000E020000FEBF2F8271000000
(1307.003760) 0#BDA3560000000200FB7FE981697E650037363032463700000000000000000000
(1307.003761) 0#6157260001000000000080808080000800000000100000000000000000000000
(1307.003762) 0#FDA56B00000000000202000240FF00FF000005000008FE00000000040000FF00
(1307.003763) 0#9D01291001050410000000000000000000000000007200000000000000000000
(1307.003764) 0#301C610010FF07080000FF070000FF01C40A170040FF04FF0000000000000000
(1307.003765) 0#1BF161840A52800A0000000000A3020000000000000000000000000000000000
(1307.003766) 0#FD4A24FEF77F6400000000001E0C0200FFF33F0000000000FF07000000000000
(1307.003767) 0#E993652B007F2E002C002C00007F2700460000401404FA0A0026009F00020000
(1307.003768) 0#4ED86500109C806C400027000000075D0A0000000E020000FEBF2F8271000000
(1307.003769) 0#02935700000002000280C7817D7E650037363032463700000000000000000000
(1307.003770) 0#0E3B6C00000000000202000240FF00FF000005000008FE00000000040000FF00
(1307.003771) 0#FAF7620010FF07080000FF070000FF01C40A170040FF04FF0000000000000000
(1307.003772) 0#AE5C62900A52880A0000000000A4020000000000000000000000000000000000
(1307.003773) 0#6E88662B007F2E002B002B00007F2700460000401404FA0A0026009F00020000
(1307.003774) 0#84336600109C806C400027000000075D0A0000000E020000FEBF2F8271000000
(1307.003775) 0#BE4B5800000002000E80C081847E650037363032463700000000000000000000
(1307.003776) 0#270E270001000000000080808080000800000000100000000000000000000000
(1307.003777) 0#48626D00000000000202000240FF00FF000005000008FE00000000040000FF00
(1307.003778) 0#57EA2A1001050410000000000000000000000000007200000000000000000000
(1307.003779) 0#BCAE630010FF07080000FF070000FF01C40A170040FF04FF0000000000000000
(1307.003780) 0#4E4263900A528C0A0000000000A5020000000000000000000000000000000000
(1307.003781) 0#BB1325FEF77F6400000000001E0C0200FFF33F0000000000FF07000000000000
(1307.003782) 0#28D1672B007F2E002B002B00007F2700460000401404FA0A0026009F00020000
(1307.003783) 0#F2476700109C806C400028000000075D0A0000000E020000FEBF2F8271000000
(1307.003784) 0#94835900000002000E80CE817D7E650037363032463700000000000000000000
(1307.003785) 0#82896E00000000000202000240FF00FF000005000008FE00000000040000FF00
(1307.003786) 0#4F30640010FF07080000FF070000FF01C40A170040FF04FF0000000000000000
(1307.003787) 0#4FC964880A52880A0000000000A4020000000000000000000000000000000000
(1307.003788) 0#97AE682B007F2E002B002B00007F2700460000401404FC0A0026009F00020000
(1307.003789) 0#5CB26800109C806C400027000000075F0A0000000E020000FEBF2F8271000000
(1307.003790) 0#72DB5A00000002000080D581767E650037363032463700000000000000000000
(1307.003791) 0#A67A280001000000000080808080000800000000100000000000000000000000
(1307.003792) 0#C4D06F00000000000202000240FF00FF000005000008FE00000000040000FF00
(1307.003793) 0#11B32B1001050410000000000000000000000000007200000000000000000000
(1307.003794) 0#A6E9B80000010000000001008000000000000000000000000000000000000000
(1307.003795) 0#0969650010FF07080000FF070000FF01C40A170040FF04FF0000000000000000
(1307.003796) 0#F21F65840A52840A0000000000A4020000000000000000000000000000000000
(1307.003797) 0#71F826FEF77F6400000000001E0C0200FFF33F0000000000FF07000000000000
(1307.003798) 0#3BF1692B007F2E002B002B00007F2700460000401404FE0A0026009F00020000
(1307.003799) 0#1AEB6900109C806C400027000000075F0A0000000E020000FEBF2F8271000000
(1307.003800) 0#496A5B00000002000B80CE816F7E650037363032463700000000000000000000
(1307.003801) 0#80607000000000000202000240FF00FF000005000008FE00000000040000FF00
(1307.003802) 0#C382660010FF07080000FF070000FF01C40A170040FF04FF0000000000000000
(1307.003803) 0#0E7766800A52800A0000000000A3020000000000000000000000000000000000
(1307.003804) 0#8D0C6A2B007F2E002B002B00007F2700460000401404F20A0026009F00020000
(1307.003805) 0#D0006A00109C806C400027000000075F0A0000000E020000FEBF2F8271000000
(1307.003806) 0#3F015C00000002000880C781767E650037363032463700000000000000000000
(1307.003807) 0#E023290001000000000080808080000800000000100000000000000000000000
(1307.003808) 0#C6397100000000000202000240FF00FF000005000008FE00000000040000FF00
(1307.003809) 0#E22D2C1001050410000000000000000000000000007200000000000000000000
