(1307.002810) 0#1C8CDC00000002001080CE81767E650037363032463700000000000000000000
(1307.002820) 0#7946E90001000000000080808080000800000000100000000000000000000000
(1307.002830) 0#287FF100000000000202000240FF00FF000005000008FE00000000040000FF00
(1307.002840) 0#7B48EC1001050410000000000000000000000000007200000000000000000000
(1307.002850) 0#6B9DE70010FF07080000FF070000FF01C40A170040FF04FF0000000000000000
(1307.002860) 0#0B22E7700A52700A00000000009F020000000000000000000000000000000000
(1307.002870) 0#AEC4E7FEF77F6400000000001E0C0200FFF33F0000000000FF07000000000000
(1307.002880) 0#14F5EB2B007F2E002C002C00007F2700460000401404FE0A0026009F00020000
(1307.002890) 0#781FEB00109C806C400027000000075F0A0000000E020000FEBF2F8271000000
(1307.002900) 0#5A6A32401B618D0000005D1C5B012C00000000000000402335D54017A0140000
(1307.002910) 0#D908DD00000002000B80C781697E650037363032463700000000000000000000
(1307.002920) 0#E294F200000000000202000240FF00FF000005000008FE00000000040000FF00
(1307.002930) 0#EAE9E80010FF07080000FF070000FF01C40A170040FF04FF0000000000000000
(1307.002940) 0#70A8E87C0A52740A0000000000A0020000000000000000000000000000000000
(1307.002950) 0#298DEC2B007F2E002C002C00007F2700460000401404000B0026009F00020000
(1307.002960) 0#8B81EC00109C806C400027000000075F0A0000000E020000FEBF2F8271000000
(1307.002970) 0#41BADE00000002000280D581627E650037363032463700000000000000000000
(1307.002980) 0#B3ADEA0001000000000080808080000800000000100000000000000000000000
(1307.002990) 0#A4CDF300000000000202000240FF00FF000005000008FE00000000040000FF00
(1307.003000) 0#3D11ED1001050410000000000000000000000000007200000000000000000000
(1307.003010) 0#ACB0E90010FF07080000FF070000FF01C40A170040FF04FF0000000000000000
(1307.003020) 0#FC59E9840A527C0A0000000000A2020000000000000000000000000000000000
(1307.003030) 0#2FB0E8FEF77F6400000000001E0C0200FFF33F0000000000FF07000000000000
(1307.003040) 0#BBD9ED2B007F2E002C002C00007F2700460000401404040B0026009F00020000
(1307.003050) 0#CDD8ED00109C806C400027000000075F0A0000000E020000FEBF2F8271000000
(1307.003060) 0#0DADDF00000002000B80E2816F7E650037363032463700000000000000000000
(1307.003070) 0#5753F400000000000202000240FF00FF000005000008FE00000000040000FF00
(1307.003080) 0#9D75A20000010000000001008000000000000000000000000000000000000000
(1307.003090) 0#665BEA0010FF07080000FF070000FF01C40A170040FF04FF0000000000000000
(1307.003100) 0#4DB6EA840A52800A0000000000A3020000000000000000000000000000000000
(1307.003110) 0#351FEE2B007F2E002C002C00007F2700460000401404040B0025009F00020000
(1307.003120) 0#0733EE00109C806C400027000000075F0A0000000E020000FEBF2F8271000000
(1307.003130) 0#54B9E0000000020005809781847E650037363032463700000000000000000000
(1307.003140) 0#F5F4EB0001000000000080808080000800000000100000000000000000000000
(1307.003150) 0#110AF500000000000202000240FF00FF000005000008FE00000000040000FF00
(1307.003160) 0#F7FAEE1001050410000000000000000000000000007200000000000000000000
(1307.003170) 0#2002EB0010FF07080000FF070000FF01C40A170040FF04FF0000000000000000
(1307.003180) 0#827CEB900A52880A0000000000A5020000000000000000000000000000000000
(1307.003190) 0#69E9E9FEF77F6400000000001E0C0200FFF33F0000000000FF07000000000000
(1307.003200) 0#42A0EF2B007F2E002B002B00007F2700460000401404080B0025009F00020000
(1307.003210) 0#416AEF00109C806C400027000000075F0A0000000E020000FEBF2F8271000000
(1307.003220) 0#9BF3E100000002000B80B981767E650037363032463700000000000000000000
(1307.003230) 0#DBE1F600000000000202000240FF00FF000005000008FE00000000040000FF00
(1307.003240) 0#D39CEC0010FF07080000FF070000FF01C40A170040FF04FF0000000000000000
(1307.003250) 0#1A1EEC900A528C0A0000000000A6020000000000000000000000000000000000
(1307.003260) 0#AE0BF02B007F2E002B002B00007F2700460000401404000B0025009F00020000
(1307.003270) 0#05DAF000109C806C400027000000075F0A0000000E020000FEBF2F8271000000
(1307.003280) 0#0654E200000002000E80DB816F7E650037363032463700000000000000000000
(1307.003290) 0#066AEC0001000000000080808080000800000000100000000000000000000000
(1307.003300) 0#9DB8F700000000000202000240FF00FF000005000008FE00000000040000FF00
(1307.003310) 0#B1A3EF1001050410000000000000000000000000007200000000000000000000
(1307.003320) 0#95C5ED0010FF07080000FF070000FF01C40A170040FF04FF0000000000000000
(1307.003330) 0#E894ED7C0A52840A0000000000A4020000000000000000000000000000000000
(1307.003340) 0#A302EAFEF77F6400000000001E0C0200FFF33F0000000000FF07000000000000
(1307.003350) 0#E852F12B007F2E002B002B00007F2700460000401404000B0025009F00020000
(1307.003360) 0#5C2FF100109C806C400027000000075D0A0000000E020000FEBF2F8271000000
(1307.003370) 0#F60DE300000002000580C0817D7E650037363032463700000000000000000000
(1307.003380) 0#1CCCF800000000000202000240FF00FF000005000008FE00000000040000FF00
(1307.003390) 0#5F2EEE0010FF07080000FF070000FF01C40A170040FF04FF0000000000000000
(1307.003400) 0#F2E4EE7C0A52800A0000000000A3020000000000000000000000000000000000
(1307.003410) 0#9FA4F22B007F2E002C002C00007F2700460000401404F80A0025009F00020000
(1307.003420) 0#96C4F200109C806C400027000000075D0A0000000E020000FEBF2F8271000000
(1307.003430) 0#C9A8E400000002000080E281767E650037363032463700000000000000000000
(1307.003440) 0#4033ED0001000000000080808080000800000000100000000000000000000000
(1307.003450) 0#5A95F900000000000202000240FF00FF000005000008FE00000000040000FF00
(1307.003460) 0#F513F01001050410000000000000000000000000007200000000000000000000
(1307.003470) 0#1977EF0010FF07080000FF070000FF01C40A170040FF04FF0000000000000000
(1307.003480) 0#AE39EF8C0A52840A0000000000A3020000000000000000000000000000000000
(1307.003490) 0#DB2CA30000010000000001008000000000000000000000000000000000000000
(1307.003500) 0#E55BEBFEF77F6400000000001E0C0200FFF33F0000000000FF07000000000000
(1307.003510) 0#33FBF32B007F2E002C002C00007F2700460000401404FA0A0025009F00020000
(1307.003520) 0#CF31F300109C806C400027000000075F0A0000000E020000FEBF2F8271000000
(1307.003530) 0#A0EFE500000002000E80C081627E650037363032463700000000000000000000
(1307.003540) 0#907EFA00000000000202000240FF00FF000005000008FE00000000040000FF00
(1307.003550) 0#5DC7F00010FF07080000FF070000FF01C40A170040FF04FF0000000000000000
(1307.003560) 0#096CF0900A52880A0000000000A4020000000000000000000000000000000000
(1307.003570) 0#C065F42B007F2E002C002C00007F2700460000401404FA0A0025009F00020000
(1307.003580) 0#3CAFF400109C806C400027000000075F0A0000000E020000FEBF2F8271000000
(1307.003590) 0#B035E600000002000880CE817D7E650037363032463700000000000000000000
(1307.003600) 0#8AD8EE0001000000000080808080000800000000100000000000000000000000
(1307.003610) 0#D627FB00000000000202000240FF00FF000005000008FE00000000040000FF00
(1307.003620) 0#B34AF11001050410000000000000000000000000007200000000000000000000
(1307.003630) 0#1B9EF10010FF07080000FF070000FF01C40A170040FF04FF0000000000000000
(1307.003640) 0#1B67F1880A52880A0000000000A4020000000000000000000000000000000000
(1307.003650) 0#16C5ECFEF77F6400000000001E0C0200FFF33F0000000000FF07000000000000
(1307.003660) 0#863CF52B007F2E002C002C00007F2700460000401404FA0A0025009F00020000
(1307.003670) 0#7AF6F500109C806C400027000000075F0A0000000E020000FEBF2F8271000000
(1307.003680) 0#8B2633401B5E8D0000005D1C5B012C00000000000000402335D54017A0140000
(1307.003690) 0#378AE700000002000580CE81767E650037363032463700000000000000000000
(1307.003700) 0#25B9FC00000000000202000240FF00FF000005000008FE00000000040000FF00
(1307.003710) 0#D175F20010FF07080000FF070000FF01C40A170040FF04FF0000000000000000
(1307.003720) 0#AA0AF2840A52840A0000000000A3020000000000000000000000000000000000
(1307.003730) 0#00A0F62C007F2E002C002C00007F2700460000401404020B0025009F00020000
(1307.003740) 0#B01DF600109C806C400027000000075F0A0000000E020000FEBF2F8271000000
(1307.003750) 0#1AB1E800000002000B80D581917E650037363032463700000000000000000000
(1307.003760) 0#CC81EF0001000000000080808080000800000000100000000000000000000000
(1307.003770) 0#63E0FD00000000000202000240FF00FF000005000008FE00000000040000FF00
(1307.003780) 0#79A1F21001050410000000000000000000000000007200000000000000000000
(1307.003790) 0#972CF30010FF07080000FF070000FF01C40A170040FF04FF0000000000000000
(1307.003800) 0#5AD9F3800A52800A0000000000A3020000000000000000000000000000000000
(1307.003810) 0#509CEDFEF77F6400000000001E0C0200FFF33F0000000000FF07000000000000
(1307.003820) 0#9D19F72C007F2E002B002B00007F27004600004014040C0B0025009F00020000
(1307.003830) 0#F644F700109C806C400027000000075F0A0000000E020000FEBF2F8271000000
(1307.003840) 0#A015E900000002000880B9817D7E650037363032463700000000000000000000
(1307.003850) 0#A90BFE00000000000202000240FF00FF000005000008FE00000000040000FF00
(1307.003860) 0#64B2F40010FF07080000FF070000FF01C40A170040FF04FF0000000000000000
(1307.003870) 0#B5EDF4880A52840A0000000000A4020000000000000000000000000000000000
(1307.003880) 0#5840F82C007F2E002B002B00007F27004600004014040C0B0026009F00020000
(1307.003890) 0#7730F800109C806C400027000000075F0A0000000E020000FEBF2F8271000000
(1307.003900) 0#A1C8EA0000000200FE7FC0814D7E650037363032463700000000000000000000
(1307.003910) 0#8831F00001000000000080808080000800000000100000000000000000000000
(1307.003920) 0#EF52FF00000000000202000240FF00FF000005000008FE00000000040000FF00
(1307.003930) 0#3FF8F31001050410000000000000000000000000007200000000000000000000
(1307.003940) 0#28B2A40000010000000001008000000000000000000000000000000000000000
(1307.003950) 0#22EBF50010FF07080000FF070000FF01C40A170040FF04FF0000000000000000
(1307.003960) 0#F3B4F5880A52840A0000000000A4020000000000000000000000000000000000
(1307.003970) 0#9A77EEFEF77F6400000000001E0C0200FFF33F0000000000FF07000000000000
(1307.003980) 0#4885F92B007F2E002B002B00007F27004600004014040E0B0026009F00020000
(1307.003990) 0#3169F900109C806C400027000000075F0A0000000E020000FEBF2F8271000000
(1307.004000) 0#DC32EB00000002000080CE81627E650037363032463700000000000000000000
(1307.004010) 0#991E0000000000000202000240FF00FF000005000008FE00000000040000FF00
(1307.004020) 0#E800F60010FF07080000FF070000FF01C40A170040FF04FF0000000000000000
(1307.004030) 0#1376F6840A52840A0000000000A4020000000000000000000000000000000000
(1307.004040) 0#826EFA2B007F2E002B002B00007F27004600004014040E0B0026009F00020000
(1307.004050) 0#FB82FA00109C806C400027000000075F0A0000000E020000FEBF2F8271000000
(1307.004060) 0#EB48EC00000002000E80CE81917E650037363032463700000000000000000000
(1307.004070) 0#CE68F10001000000000080808080000800000000100000000000000000000000
(1307.004080) 0#DF470100000000000202000240FF00FF000005000008FE00000000040000FF00
(1307.004090) 0#CC66F41001050410000000000000000000000000007200000000000000000000
(1307.004100) 0#AE59F70010FF07080000FF070000FF01C40A170040FF04FF0000000000000000
(1307.004110) 0#81C3F7940A528C0A0000000000A6020000000000000000000000000000000000
(1307.004120) 0#DC2EEFFEF77F6400000000001E0C0200FFF33F0000000000FF07000000000000
(1307.004130) 0#C437FB2B007F2E002B002B00007F27004600004014040E0B0026009F00020000
(1307.004140) 0#BDDBFB00109C806C400027000000075F0A0000000E020000FEBF2F8271000000
(1307.004150) 0#AA25ED00000002000580E981697E650037363032463700000000000000000000
(1307.004160) 0#15AC0200000000000202000240FF00FF000005000008FE00000000040000FF00
(1307.004170) 0#2F2DF80010FF07080000FF070000FF01C40A170040FF04FF0000000000000000
(1307.004180) 0#0F84F8980A52900A0000000000A7020000000000000000000000000000000000
(1307.004190) 0#37A9FC2B007F2E002B002B00007F27004600004014040E0B0026009F00020000
(1307.004200) 0#51E9FC00109C806C400027000000075D0A0000000E020000FEBF2F8271000000
(1307.004210) 0#7C2AEE00000002000280E981847E650037363032463700000000000000000000
(1307.004220) 0#0483F20001000000000080808080000800000000100000000000000000000000
(1307.004230) 0#53F50300000000000202000240FF00FF000005000008FE00000000040000FF00
(1307.004240) 0#8A3FF51001050410000000000000000000000000007200000000000000000000
(1307.004250) 0#6974F90010FF07080000FF070000FF01C40A170040FF04FF0000000000000000
(1307.004260) 0#5ABAF9A00A52980A0000000000A8020000000000000000000000000000000000
(1307.004270) 0#989EF0FEF77F6400000000001E0C0200FFF33F0000000000FF07000000000000
(1307.004280) 0#A5FDFD2B007F2E002B002B00007F27004600004014040A0B0026009F00020000
(1307.004290) 0#17B0FD00109C806C400027000000075D0A0000000E020000FEBF2F8271000000
(1307.004300) 0#A27FEF00000002000E80DB81847E650037363032463700000000000000000000
(1307.004310) 0#A06B0400000000000202000240FF00FF000005000008FE00000000040000FF00
(1307.004320) 0#A39FFA0010FF07080000FF070000FF01C40A170040FF04FF0000000000000000
(1307.004330) 0#3616FAA00A529C0A0000000000A9020000000000000000000000000000000000
(1307.004340) 0#2D0BFE2B007F2E002B002B00007F2700460000401404000B0026009F00020000
(1307.004350) 0#DD5BFE00109C806C400027000000075D0A0000000E020000FEBF2F8271000000
(1307.004360) 0#B944F000000002000E80DB817D7E650037363032463700000000000000000000
(1307.004370) 0#42DAF30001000000000080808080000800000000100000000000000000000000
(1307.004380) 0#E6320500000000000202000240FF00FF000005000008FE00000000040000FF00
(1307.004390) 0#40D4F61001050410000000000000000000000000007200000000000000000000
(1307.004400) 0#6EEBA50000010000000001008000000000000000000000000000000000000000
(1307.004410) 0#E5C6FB0010FF07080000FF070000FF01C40A170040FF04FF0000000000000000
(1307.004420) 0#ABD9FB880A52900A0000000000A6020000000000000000000000000000000000
(1307.004430) 0#DEC7F1FEF77F6400000000001E0C0200FFF33F0000000000FF07000000000000
(1307.004440) 0#6B52FF2B007F2E002B002B00007F2700460000401404000B0026009F00020000
(1307.004450) 0#9B02FF00109C806C400027000000075D0A0000000E020000FEBF2F8271000000
(1307.004460) 0#C4D534401B5E8E0000005D1C5B012C00000000000000402335D54017A0140000
(1307.004470) 0#F3DFF100000002001380CE817D7E650037363032463700000000000000000000
(1307.004480) 0#2CD90600000000000202000240FF00FF000005000008FE00000000040000FF00
(1307.004490) 0#1658FC0010FF07080000FF070000FF01C40A170040FF04FF0000000000000000
(1307.004500) 0#CA5DFC840A52880A0000000000A5020000000000000000000000000000000000
(1307.004510) 0#EDF3002B007F2E002B002B00007F2700460000401404F80A0026009F00020000
(1307.004520) 0#ED4E0000109C806C400027000000075D0A0000000E020000FEBF2F8271000000
(1307.004530) 0#2962F200000002000080C081987E650037363032463700000000000000000000
(1307.004540) 0#B144F40001000000000080808080000800000000100000000000000000000000
(1307.004550) 0#6A800700000000000202000240FF00FF000005000008FE00000000040000FF00
(1307.004560) 0#068DF71001050410000000000000000000000000007200000000000000000000
(1307.004570) 0#5001FD0010FF07080000FF070000FF01C40A170040FF04FF0000000000000000
(1307.004580) 0#867DFD980A52900A0000000000A6020000000000000000000000000000000000
(1307.004590) 0#142CF2FEF77F6400000000001E0C0200FFF33F0000000000FF07000000000000
(1307.004600) 0#FCB1012B007F2E002C002C00007F2700460000401404020B0026009F00020000
(1307.004610) 0#AB170100109C806C400027000000075D0A0000000E020000FEBF2F8271000000
(1307.004620) 0#D752F300000002000280E2817D7E650037363032463700000000000000000000
(1307.004630) 0#EBF40800000000000202000240FF00FF000005000008FE00000000040000FF00
(1307.004640) 0#9AEAFE0010FF07080000FF070000FF01C40A170040FF04FF0000000000000000
(1307.004650) 0#EAD1FE980A52940A0000000000A7020000000000000000000000000000000000
(1307.004660) 0#7BAA022B007F2E002B002B00007F2700460000401404020B0026009F00020000
(1307.004670) 0#7E500200109C806C400027000000075F0A0000000E020000FEBF2F8271000000
(1307.004680) 0#8BE9F400000002001380CE81697E650037363032463700000000000000000000
(1307.004690) 0#F71DF50001000000000080808080000800000000100000000000000000000000
(1307.004700) 0#ADAD0900000000000202000240FF00FF000005000008FE00000000040000FF00
(1307.004710) 0#87F9F81001050410000000000000000000000000007200000000000000000000
(1307.004720) 0#DCB3FF0010FF07080000FF070000FF01C40A170040FF04FF0000000000000000
(1307.004730) 0#AC88FF980A52940A0000000000A7020000000000000000000000000000000000
(1307.004740) 0#5275F3FEF77F6400000000001E0C0200FFF33F0000000000FF07000000000000
(1307.004750) 0#E9FE032B007F2E002B002B00007F2700460000401404060B0026009F00020000
(1307.004760) 0#38090300109C806C400027000000075F0A0000000E020000FEBF2F8271000000
(1307.004770) 0#3CCCF500000002001380CE816F7E650037363032463700000000000000000000
(1307.004780) 0#67460A00000000000202000240FF00FF000005000008FE00000000040000FF00
(1307.004790) 0#AAFF000010FF07080000FF070000FF01C40A170040FF04FF0000000000000000
(1307.004800) 0#A400A60000010000000001008000000000000000000000000000000000000000
(1307.004810) 0#B0B200900A52900A0000000000A6020000000000000000000000000000000000
(1307.004820) 0#EA8D042B007F2E002B002B00007F2700460000401404FE0A0026009F00020000
(1307.004830) 0#D43B0400109C806C400027000000075D0A0000000E020000FEBF2F8271000000
(1307.004840) 0#9115F600000002001380B9817D7E650037363032463700000000000000000000
(1307.004850) 0#3DF6F60001000000000080808080000800000000100000000000000000000000
(1307.004860) 0#211F0B00000000000202000240FF00FF000005000008FE00000000040000FF00
(1307.004870) 0#C1A0F91001050410000000000000000000000000007200000000000000000000
(1307.004880) 0#ECA6010010FF07080000FF070000FF01C40A170040FF04FF0000000000000000
(1307.004890) 0#AC00018C0A528C0A0000000000A5020000000000000000000000000000000000
(1307.004900) 0#A1EBF4FEF77F6400000000001E0C0200FFF33F0000000000FF07000000000000
(1307.004910) 0#78D9052B007F2E002B002B00007F2700460000401404FA0A0026009F00020000
(1307.004920) 0#92620500109C806C400027000000075D0A0000000E020000FEBF2F8271000000
(1307.004930) 0#0E4AF700000002000E80AC818B7E650037363032463700000000000000000000
(1307.004940) 0#D2810C00000000000202000240FF00FF000005000008FE00000000040000FF00
(1307.004950) 0#264D020010FF07080000FF070000FF01C40A170040FF04FF0000000000000000
(1307.004960) 0#DA1802940A52900A0000000000A6020000000000000000000000000000000000
(1307.004970) 0#FFC2062B007F2E002C002C00007F2700460000401404FA0A0026009F00020000
(1307.004980) 0#58890600109C806C400027000000075D0A0000000E020000FEBF2F8271000000
(1307.004990) 0#88E8F800000002000580D581847E650037363032463700000000000000000000
(1307.005000) 0#7BAFF70001000000000080808080000800000000100000000000000000000000
(1307.005010) 0#94D80D00000000000202000240FF00FF000005000008FE00000000040000FF00
(1307.005020) 0#0B4BFA1001050410000000000000000000000000007200000000000000000000
(1307.005030) 0#6014030010FF07080000FF070000FF01C40A170040FF04FF0000000000000000
(1307.005040) 0#C6AA03880A528C0A0000000000A5020000000000000000000000000000000000
(1307.005050) 0#E7B2F5FEF77F6400000000001E0C0200FFF33F0000000000FF07000000000000
(1307.005060) 0#2066072B007F2E002B002B00007F2700460000401404FE0A0026009F00020000
(1307.005070) 0#1ED00700109C806C400027000000075D0A0000000E020000FEBF2F8271000000
(1307.005080) 0#B31DF900000002000B80C0816F7E650037363032463700000000000000000000
(1307.005090) 0#5E330E00000000000202000240FF00FF000005000008FE00000000040000FF00
(1307.005100) 0#938A040010FF07080000FF070000FF01C40A170040FF04FF0000000000000000
(1307.005110) 0#B95A04840A52880A0000000000A4020000000000000000000000000000000000
(1307.005120) 0#6FF4082B007F2E002B002B00007F2700460000401404000B0026009F00020000
(1307.005130) 0#9FA40800109C806C400027000000075D0A0000000E020000FEBF2F8271000000
(1307.005140) 0#8F59FA00000002000E80E281697E650037363032463700000000000000000000
(1307.005150) 0#FADBF80001000000000080808080000800000000100000000000000000000000
(1307.005160) 0#186A0F00000000000202000240FF00FF000005000008FE00000000040000FF00
(1307.005170) 0#4D12FB1001050410000000000000000000000000007200000000000000000000
(1307.005180) 0#E259A70000010000000001008000000000000000000000000000000000000000
(1307.005190) 0#D5D3050010FF07080000FF070000FF01C40A170040FF04FF0000000000000000
(1307.005200) 0#273F05900A528C0A0000000000A5020000000000000000000000000000000000
(1307.005210) 0#2D59F6FEF77F6400000000001E0C0200FFF33F0000000000FF07000000000000
(1307.005220) 0#29AD092B007F2E002B002B00007F2700460000401404000B0026009F00020000
(1307.005230) 0#D9FD0900109C806C400027000000075D0A0000000E020000FEBF2F8271000000
(1307.005240) 0#828C35401B5E8E0000005D1C5B012C00000000000000402335D54017A0140000
(1307.005250) 0#AD60FB00000002000E80E981847E650037363032463700000000000000000000
(1307.005260) 0#5CDA1000000000000202000240FF00FF000005000008FE00000000040000FF00
(1307.005270) 0#1F38060010FF07080000FF070000FF01C40A170040FF04FF0000000000000000
(1307.005280) 0#E36D06940A52900A0000000000A6020000000000000000000000000000000000
(1307.005290) 0#B45D0A2B007F2E002C002C00007F2700460000401404FA0A0026009F00020000
(1307.005300) 0#13160A00109C806C400027000000075D0A0000000E020000FEBF2F8271000000
(1307.005310) 0#91A8FC00000002001380D5817D7E650037363032463700000000000000000000
(1307.005320) 0#BC82F90001000000000080808080000800000000100000000000000000000000
(1307.005330) 0#1A831100000000000202000240FF00FF000005000008FE00000000040000FF00
(1307.005340) 0#BE8CFC1001050410000000000000000000000000007200000000000000000000
(1307.005350) 0#5961070010FF07080000FF070000FF01C40A170040FF04FF0000000000000000
(1307.005360) 0#295A07980A52940A0000000000A7020000000000000000000000000000000000
(1307.005370) 0#6B00F7FEF77F6400000000001E0C0200FFF33F0000000000FF07000000000000
(1307.005380) 0#8E120B2B007F2E002C002C00007F2700460000401404F60A0026009F00020000
(1307.005390) 0#554F0B00109C806C400027000000075D0A0000000E020000FEBF2F8271000000
(1307.005400) 0#6D33FD00000002000580DB816F7E650037363032463700000000000000000000
(1307.005410) 0#D0681200000000000202000240FF00FF000005000008FE00000000040000FF00
(1307.005420) 0#D815080010FF07080000FF070000FF01C40A170040FF04FF0000000000000000
(1307.005430) 0#6956089C0A52980A0000000000A8020000000000000000000000000000000000
(1307.005440) 0#7D8C0C2B007F2E002C002C00007F2700460000401404F60A0026009F00020000
(1307.005450) 0#A6D10C00109C806C400027000000075D0A0000000E020000FEBF2F8271000000
(1307.005460) 0#E7BEFE00000002000E80C0816F7E650037363032463700000000000000000000
(1307.005470) 0#7669FA0001000000000080808080000800000000100000000000000000000000
(1307.005480) 0#96311300000000000202000240FF00FF000005000008FE00000000040000FF00
(1307.005490) 0#F8D5FD1001050410000000000000000000000000007200000000000000000000
(1307.005500) 0#9E4C090010FF07080000FF070000FF01C40A170040FF04FF0000000000000000
(1307.005510) 0#364B098C0A52900A0000000000A6020000000000000000000000000000000000
(1307.005520) 0#EA74F8FEF77F6400000000001E0C0200FFF33F0000000000FF07000000000000
(1307.005530) 0#FB590D2C007F2E002C002C00007F2700460000401404FA0A0026009F00020000
(1307.005540) 0#FF240D00109C806C400027000000075F0A0000000E020000FEBF2F8271000000
(1307.005550) 0#649BFF00000002000E80CE817D7E650037363032463700000000000000000000
(1307.005560) 0#65AF1400000000000202000240FF00FF000005000008FE00000000040000FF00
(1307.005570) 0#54A70A0010FF07080000FF070000FF01C40A170040FF04FF0000000000000000
(1307.005580) 0#7E770A840A52880A0000000000A4020000000000000000000000000000000000
(1307.005590) 0#0FB90E2C007F2E002C002C00007F2700460000401404FC0A0026009F00020000
(1307.005600) 0#35CF0E00109C806C400027000000075F0A0000000E020000FEBF2F8271000000
(1307.005610) 0#763A0000000002000E80E981767E650037363032463700000000000000000000
(1307.005620) 0#3030FB0001000000000080808080000800000000100000000000000000000000
(1307.005630) 0#23F61500000000000202000240FF00FF000005000008FE00000000040000FF00
(1307.005640) 0#323EFE1001050410000000000000000000000000007200000000000000000000
(1307.005650) 0#12FE0B0010FF07080000FF070000FF01C40A170040FF04FF0000000000000000
(1307.005660) 0#F41F0B8C0A52880A0000000000A4020000000000000000000000000000000000
(1307.005670) 0#AC2DF9FEF77F6400000000001E0C0200FFF33F0000000000FF07000000000000
(1307.005680) 0#EE160F2C007F2E002B002B00007F2700460000401404FE0A0026009F00020000
(1307.005690) 0#73960F00109C806C400027000000075F0A0000000E020000FEBF2F8271000000
(1307.005700) 0#67300100000002000280E281767E650037363032463700000000000000000000
(1307.005710) 0#E91D1600000000000202000240FF00FF000005000008FE00000000040000FF00
(1307.005720) 0#E1600C0010FF07080000FF070000FF01C40A170040FF04FF0000000000000000
(1307.005730) 0#371C0C980A52900A0000000000A6020000000000000000000000000000000000
(1307.005740) 0#632DA80000010000000001008000000000000000000000000000000000000000
(1307.005750) 0#163C102B007F2E002B002B00007F2700460000401404FE0A0026009F00020000
(1307.005760) 0#288A1000109C806C400027000000075D0A0000000E020000FEBF2F8271000000
(1307.005770) 0#0D350200000002000280C081767E650037363032463700000000000000000000
(1307.005780) 0#C3AEFC0001000000000080808080000800000000100000000000000000000000
(1307.005790) 0#AF441700000000000202000240FF00FF000005000008FE00000000040000FF00
(1307.005800) 0#7467FF1001050410000000000000000000000000007200000000000000000000
(1307.005810) 0#A7390D0010FF07080000FF070000FF01C40A170040FF04FF0000000000000000
(1307.005820) 0#D7020D980A52940A0000000000A7020000000000000000000000000000000000
(1307.005830) 0#66C6FAFEF77F6400000000001E0C0200FFF33F0000000000FF07000000000000
(1307.005840) 0#7485112B007F2E002B002B00007F2700460000401404020B0026009F00020000
(1307.005850) 0#6ED31100109C806C400027000000075D0A0000000E020000FEBF2F8271000000
(1307.005860) 0#35C20300000002000080C781847E650037363032463700000000000000000000
(1307.005870) 0#2E301800000000000202000240FF00FF000005000008FE00000000040000FF00
(1307.005880) 0#6DD20E0010FF07080000FF070000FF01C40A170040FF04FF0000000000000000
(1307.005890) 0#CB6C0E880A528C0A0000000000A5020000000000000000000000000000000000
(1307.005900) 0#6A63122B007F2E002B002B00007F2700460000401404060B0026009F00020000
(1307.005910) 0#A4381200109C806C400027000000075D0A0000000E020000FEBF2F8271000000
(1307.005920) 0#5BFE0400000002000580CE81847E650037363032463700000000000000000000
(1307.005930) 0#85F7FD0001000000000080808080000800000000100000000000000000000000
(1307.005940) 0#68691900000000000202000240FF00FF000005000008FE00000000040000FF00
(1307.005950) 0#022B001001050410000000000000000000000000007200000000000000000000
(1307.005960) 0#2B8B0F0010FF07080000FF070000FF01C40A170040FF04FF0000000000000000
(1307.005970) 0#DDA70F880A52880A0000000000A5020000000000000000000000000000000000
(1307.005980) 0#209FFBFEF77F6400000000001E0C0200FFF33F0000000000FF07000000000000
(1307.005990) 0#2C3A132B007F2E002B002B00007F2700460000401404060B0026009F00020000
(1307.006000) 0#FDCD1300109C806C400027000000075F0A0000000E020000FEBF2F8271000000
(1307.006010) 0#436636401B5D8E0000005D1C5B012C00000000000000402335D54017A0140000
(1307.006020) 0#69E80500000002000280D5817D7E650037363032463700000000000000000000
(1307.006030) 0#A2821A00000000000202000240FF00FF000005000008FE00000000040000FF00
(1307.006040) 0#6F3B100010FF07080000FF070000FF01C40A170040FF04FF0000000000000000
(1307.006050) 0#A6B910900A528C0A0000000000A6020000000000000000000000000000000000
(1307.006060) 0#DFA4142B007F2E002B002B00007F2700460000401404060B0026009F00020000
(1307.006070) 0#0E531400109C806C400027000000075F0A0000000E020000FEBF2F8271000000
(1307.006080) 0#684F0600000002000E80F7817D7E650037363032463700000000000000000000
(1307.006090) 0#4F1CFE0001000000000080808080000800000000100000000000000000000000
(1307.006100) 0#E4DB1B00000000000202000240FF00FF000005000008FE00000000040000FF00
(1307.006110) 0#4472011001050410000000000000000000000000007200000000000000000000
(1307.006120) 0#2574A90000010000000001008000000000000000000000000000000000000000
(1307.006130) 0#2962110010FF07080000FF070000FF01C40A170040FF04FF0000000000000000
(1307.006140) 0#F56711840A52880A0000000000A5020000000000000000000000000000000000
(1307.006150) 0#D301FCFEF77F6400000000001E0C0200FFF33F0000000000FF07000000000000
(1307.006160) 0#571B152B007F2E002B002B00007F2700460000401404F80A0026009F00020000
(1307.006170) 0#480A1500109C806C400027000000075F0A0000000E020000FEBF2F8271000000
(1307.006180) 0#66810700000002000580E981697E650037363032463700000000000000000000
(1307.006190) 0#17451C00000000000202000240FF00FF000005000008FE00000000040000FF00
(1307.006200) 0#E389120010FF07080000FF070000FF01C40A170040FF04FF0000000000000000
(1307.006210) 0#7EEE12800A52840A0000000000A3020000000000000000000000000000000000
(1307.006220) 0#543A162B007F2E002C002C00007F2700460000401404EC0A0026009F00020000
(1307.006230) 0#9D4D1600109C806C400027000000075D0A0000000E020000FEBF2F8271000000
(1307.006240) 0#63590800000002000B80D581767E650037363032463700000000000000000000
(1307.006250) 0#0945FF0001000000000080808080000800000000100000000000000000000000
(1307.006260) 0#511C1D00000000000202000240FF00FF000005000008FE00000000040000FF00
(1307.006270) 0#8E99021001050410000000000000000000000000007200000000000000000000
(1307.006280) 0#0220130010FF07080000FF070000FF01C00A170040FF04FF0000000000000000
(1307.006290) 0#4331138C0A52880A0000000000A4020000000000000000000000000000000000
(1307.006300) 0#9558FDFEF77F6400000000001E0C0200FFF33F0000000000FF07000000000000
(1307.006310) 0#1263172B007F2E002C002C00007F2700460000401404EC0A0026009F00020000
(1307.006320) 0#DB141700109C806C400027000000075D0A0000000E020000FEBF2F8271000000
(1307.006330) 0#61180900000002000580D581697E650037363032463700000000000000000000
(1307.006340) 0#9BF71E00000000000202000240FF00FF000005000008FE00000000040000FF00
(1307.006350) 0#F1BE140010FF07080000FF070000FF01C00A170040FF04FF0000000000000000
(1307.006360) 0#A4A214900A528C0A0000000000A5020000000000000000000000000000000000
(1307.006370) 0#6B3B182B007F2E002C002C00007F2700460000401404F40A0026009F00020000
(1307.006380) 0#E6411800109C806C400027000000075F0A0000000D020000FEBF2F8271000000
(1307.006390) 0#CE4C0A00000002000880CE81697E650037363032463700000000000000000000
(1307.006400) 0#7F09000001000000000080808080000800000000100000000000000000000000
(1307.006410) 0#DDAE1F00000000000202000240FF00FF000005000008FE00000000040000FF00
(1307.006420) 0#C8C0031001050410000000000000000000000000007200000000000000000000
(1307.006430) 0#1017150010FF07080000FF070000FF01C40A170040FF04FF0000000000000000
(1307.006440) 0#E2FB15900A528C0A0000000000A5020000000000000000000000000000000000
(1307.006450) 0#5FB3FEFEF77F6400000000001E0C0200FFF33F0000000000FF07000000000000
(1307.006460) 0#8579192B007F2E002C002C00007F2700460000401404FC0A0026009F00020000
(1307.006470) 0#A0181900109C806C400027000000075F0A0000000D020000FEBF2F8271000000
(1307.006480) 0#BF350B00000002000880D581847E650037363032463700000000000000000000
(1307.006490) 0#32872000000000000202000240FF00FF000005000008FE00000000040000FF00
(1307.006500) 0#DAFC160010FF07080000FF070000FF01C40A170040FF04FF0000000000000000
(1307.006510) 0#0C8016980A52900A0000000000A6020000000000000000000000000000000000
(1307.006520) 0#4F921A2B007F2E002C002C00007F2700460000401404FC0A0026009F00020000
(1307.006530) 0#6AF31A00109C806C400027000000075F0A0000000D020000FEBF2F8271000000
(1307.006540) 0#7FB10C00000002000880DB81847E650037363032463700000000000000000000
(1307.006550) 0#3950010001000000000080808080000800000000100000000000000000000000
(1307.006560) 0#74DE2100000000000202000240FF00FF000005000008FE00000000040000FF00
(1307.006570) 0#3B5E041001050410000000000000000000000000007200000000000000000000
(1307.006580) 0#9CA5170010FF07080000FF070000FF01C40A170040FF04FF0000000000000000
(1307.006590) 0#EC9E17980A52940A0000000000A7020000000000000000000000000000000000
(1307.006600) 0#EF9FAA0000010000000001008000000000000000000000000000000000000000
(1307.006610) 0#19EAFFFEF77F6400000000001E0C0200FFF33F0000000000FF07000000000000
(1307.006620) 0#DDC61B2B007F2E002C002C00007F2700460000401404F80A0026009F00020000
(1307.006630) 0#2CAA1B00109C806C400027000000075F0A0000000D020000FEBF2F8271000000
(1307.006640) 0#F8130D00000002000580C081987E650037363032463700000000000000000000
(1307.006650) 0#BE352200000000000202000240FF00FF000005000008FE00000000040000FF00
(1307.006660) 0#1DD1180010FF07080000FF070000FF01C40A170040FF04FF0000000000000000
(1307.006670) 0#D11918800A52880A0000000000A4020000000000000000000000000000000000
(1307.006680) 0#524E1C2B007F2E002C002C00007F2700460000401404F40A0026009F00020000
(1307.006690) 0#7CB91C00109C806C400027000000075F0A0000000E020000FEBF2F8271000000
(1307.006700) 0#95370E00000002000880C781847E650037363032463700000000000000000000
(1307.006710) 0#F3BB020001000000000080808080000800000000100000000000000000000000
(1307.006720) 0#F86C2300000000000202000240FF00FF000005000008FE00000000040000FF00
(1307.006730) 0#7D07051001050410000000000000000000000000007200000000000000000000
(1307.006740) 0#5B88190010FF07080000FF070000FF01C40A170040FF04FF0000000000000000
(1307.006750) 0#C6EF19800A52840A0000000000A3020000000000000000000000000000000000
(1307.006760) 0#6FA600FEF77F6400000000001E0C0200FFF33F0000000000FF07000000000000
(1307.006770) 0#14171D2B007F2E002C002C00007F2700460000401404F40A0026009F00020000
(1307.006780) 0#3AE01D00109C806C400027000000075F0A0000000E020000FEBF2F8271000000
(1307.006790) 0#54A337401B5F8D0000005D1C5B012C00000000000000402335D54017A0140000
(1307.006800) 0#63660F0000000200FB7FE981847E650037363032463700000000000000000000
(1307.006810) 0#0BF22400000000000202000240FF00FF000005000008FE00000000040000FF00
(1307.006820) 0#91631A0010FF07080000FF070000FF01C40A170040FF04FF0000000000000000
(1307.006830) 0#C5C81A900A52880A0000000000A4020000000000000000000000000000000000
(1307.006840) 0#F4761E2C007F2E002C002C00007F2700460000401404FA0A0026009F00020000
(1307.006850) 0#F00B1E00109C806C400027000000075F0A0000000E020000FEBF2F8271000000
(1307.006860) 0#9D7B1000000002000880D5817D7E650037363032463700000000000000000000
(1307.006870) 0#B5E2030001000000000080808080000800000000100000000000000000000000
(1307.006880) 0#4DAB2500000000000202000240FF00FF000005000008FE00000000040000FF00
(1307.006890) 0#B7EC061001050410000000000000000000000000007200000000000000000000
(1307.006900) 0#D73A1B0010FF07080000FF070000FF01C40A170040FF04FF0000000000000000
(1307.006910) 0#C3CE1B940A528C0A0000000000A5020000000000000000000000000000000000
(1307.006920) 0#29FF01FEF77F6400000000001E0C0200FFF33F0000000000FF07000000000000
(1307.006930) 0#8C241F2C007F2E002C002C00007F2700460000401404FC0A0026009F00020000
(1307.006940) 0#15DF1F00109C806C400027000000075F0A0000000D020000FEBF2F8271000000
(1307.006950) 0#529A1100000002000B80E981767E650037363032463700000000000000000000
(1307.006960) 0#87402600000000000202000240FF00FF000005000008FE00000000040000FF00
(1307.006970) 0#A9C6AB0000010000000001008000000000000000000000000000000000000000
(1307.006980) 0#24A41C0010FF07080000FF070000FF01C40A170040FF04FF0000000000000000
(1307.006990) 0#245D1C880A52880A0000000000A4020000000000000000000000000000000000
(1307.007000) 0#192B202C007F2E002C002C00007F2700460000401404FA0A0025009F00020000
(1307.007010) 0#FAF62000109C806C400027000000075F0A0000000D020000FEBF2F8271000000
(1307.007020) 0#734A1200000002000880F081767E650037363032463700000000000000000000
(1307.007030) 0#467C040001000000000080808080000800000000100000000000000000000000
(1307.007040) 0#C1192700000000000202000240FF00FF000005000008FE00000000040000FF00
(1307.007050) 0#F1B5071001050410000000000000000000000000007200000000000000000000
(1307.007060) 0#62FD1D0010FF07080000FF070000FF01C40A170040FF04FF0000000000000000
(1307.007070) 0#19821D840A52840A0000000000A3020000000000000000000000000000000000
(1307.007080) 0#E31402FEF77F6400000000001E0C0200FFF33F0000000000FF07000000000000
(1307.007090) 0#E3E8212B007F2E002C002C00007F2700460000401404FA0A0025009F00020000
(1307.007100) 0#8C822100109C806C400028000000075F0A0000000D020000FEBF2F8271000000
(1307.007110) 0#1ED81300000002000E80DB81847E650037363032463700000000000000000000
(1307.007120) 0#406D2800000000000202000240FF00FF000005000008FE00000000040000FF00
(1307.007130) 0#A8161E0010FF07080000FF070000FF01C40A170040FF04FF0000000000000000
(1307.007140) 0#65E31E800A52800A0000000000A3020000000000000000000000000000000000
(1307.007150) 0#C305222B007F2E002C002C00007F2700460000401404F80A0025009F00020000
(1307.007160) 0#D5C92200109C806C400027000000075F0A0000000E020000FEBF2F8271000000
(1307.007170) 0#B4DA1400000002000E80B981767E650037363032463700000000000000000000
(1307.007180) 0#0025050001000000000080808080000800000000100000000000000000000000
(1307.007190) 0#06342900000000000202000240FF00FF000005000008FE00000000040000FF00
(1307.007200) 0#70C1081001050410000000000000000000000000007200000000000000000000
(1307.007210) 0#EE4F1F0010FF07080000FF070000FF01C40A170040FF04FF0000000000000000
(1307.007220) 0#23BA1F800A52800A0000000000A3020000000000000000000000000000000000
(1307.007230) 0#A54D03FEF77F6400000000001E0C0200FFF33F0000000000FF07000000000000
(1307.007240) 0#F94A232B007F2E002C002C00007F2700460000401404F40A0025009F00020000
(1307.007250) 0#93902300109C806C400027000000075F0A0000000E020000FEBF2F8271000000
(1307.007260) 0#D3391500000002001980C781847E650037363032463700000000000000000000
(1307.007270) 0#CCDF2A00000000000202000240FF00FF000005000008FE00000000040000FF00
(1307.007280) 0#0166200010FF07080000FF070000FF01C40A170040FF04FF0000000000000000
(1307.007290) 0#D7A8207C0A527C0A0000000000A2020000000000000000000000000000000000
(1307.007300) 0#B64E242C007F2E002C002C00007F2700460000401404F40A0025009F00020000
(1307.007310) 0#600E2400109C806C400027000000075F0A0000000E020000FEBF2F8271000000
(1307.007320) 0#A0FD1600000002000B80C781847E650037363032463700000000000000000000
(1307.007330) 0#CACE060001000000000080808080000800000000100000000000000000000000
(1307.007340) 0#8A862B00000000000202000240FF00FF000005000008FE00000000040000FF00
(1307.007350) 0#3698091001050410000000000000000000000000007200000000000000000000
(1307.007360) 0#473F210010FF07080000FF070000FF01C40A170040FF04FF0000000000000000
(1307.007370) 0#1C1521780A52780A0000000000A1020000000000000000000000000000000000
(1307.007380) 0#56D304FEF77F6400000000001E0C0200FFF33F0000000000FF07000000000000
(1307.007390) 0#241A252C007F2E002C002C00007F2700460000401404F00A0025009F00020000
(1307.007400) 0#26572500109C806C400027000000075F0A0000000E020000FEBF2F8271000000
(1307.007410) 0#6FB71700000002000580E981767E650037363032463700000000000000000000
(1307.007420) 0#79182C00000000000202000240FF00FF000005000008FE00000000040000FF00
(1307.007430) 0#5A58AC0000010000000001008000000000000000000000000000000000000000
(1307.007440) 0#8DD4220010FF07080000FF070000FF01C40A170040FF04FF0000000000000000
(1307.007450) 0#E65322840A527C0A0000000000A1020000000000000000000000000000000000
(1307.007460) 0#EEF1262C007F2E002C002C00007F2700460000401404F00A0025009F00020000
(1307.007470) 0#ECBC2600109C806C400027000000075F0A0000000E020000FEBF2F8271000000
(1307.007480) 0#19131800000002000080C081697E650037363032463700000000000000000000
(1307.007490) 0#8C97070001000000000080808080000800000000100000000000000000000000
(1307.007500) 0#3F412D00000000000202000240FF00FF000005000008FE00000000040000FF00
(1307.007510) 0#FC730A1001050410000000000000000000000000007200000000000000000000
(1307.007520) 0#CB8D230010FF07080000FF070000FF01C40A170040FF04FF0000000000000000
(1307.007530) 0#3C9C23880A52800A0000000000A2020000000000000000000000000000000000
(1307.007540) 0#108A05FEF77F6400000000001E0C0200FFF33F0000000000FF07000000000000
(1307.007550) 0#1432272B007F2E002C002C00007F2700460000401404F00A0025009F00020000
(1307.007560) 0#AAE52700109C806C400027000000075F0A0000000E020000FEBF2F8271000000
(1307.007570) 0#332738401B5E8D0000005D1C5B012C00000000000000402335D54017A0140000
(1307.007580) 0#572D1900000002000880B9817D7E650037363032463700000000000000000000
(1307.007590) 0#F5AA2E00000000000202000240FF00FF000005000008FE00000000040000FF00
(1307.007600) 0#3813240010FF07080000FF070000FF01C40A170040FF04FF0000000000000000
(1307.007610) 0#6CB824900A52880A0000000000A4020000000000000000000000000000000000
(1307.007620) 0#7F40282B007F2E002C002C00007F2700460000401404F20A0025009F00020000
(1307.007630) 0#881C2800109C806C400027000000075F0A0000000D020000FEBF2F8271000000
(1307.007640) 0#51F71A00000002000280F0818B7E650037363032463700000000000000000000
(1307.007650) 0#0DE3080001000000000080808080000800000000100000000000000000000000
(1307.007660) 0#B3F32F00000000000202000240FF00FF000005000008FE00000000040000FF00
(1307.007670) 0#BA2A0B1001050410000000000000000000000000007200000000000000000000
(1307.007680) 0#7E4A250010FF07080000FF070000FF01C40A170040FF04FF0000000000000000
(1307.007690) 0#8CA625900A528C0A0000000000A5020000000000000000000000000000000000
(1307.007700) 0#DA6106FEF77F6400000000001E0C0200FFF33F0000000000FF07000000000000
(1307.007710) 0#BB88292C007F2E002C002C00007F2700460000401404F40A0025009F00020000
(1307.007720) 0#CE452900109C806C400027000000075F0A0000000D020000FEBF2F8271000000
(1307.007730) 0#1A791B00000002000580B981767E650037363032463700000000000000000000
(1307.007740) 0#F7433000000000000202000240FF00FF000005000008FE00000000040000FF00
(1307.007750) 0#B4A1260010FF07080000FF070000FF01C40A170040FF04FF0000000000000000
(1307.007760) 0#09A626780A52800A0000000000A2020000000000000000000000000000000000
(1307.007770) 0#0D752A2C007F2E002C002C00007F2700460000401404F80A0025009F00020000
(1307.007780) 0#04AE2A00109C806C400027000000075F0A0000000D020000FEBF2F8271000000
(1307.007790) 0#E9E71C00000002000580B981767E650037363032463700000000000000000000
(1307.007800) 0#4BBA090001000000000080808080000800000000100000000000000000000000
(1307.007810) 0#B11A3100000000000202000240FF00FF000005000008FE00000000040000FF00
(1307.007820) 0#49B40C1001050410000000000000000000000000007200000000000000000000
(1307.007830) 0#F2F8270010FF07080000FF070000FF01C40A170040FF04FF0000000000000000
(1307.007840) 0#C22E27780A527C0A0000000000A2020000000000000000000000000000000000
(1307.007850) 0#1C01AD0000010000000001008000000000000000000000000000000000000000
(1307.007860) 0#9C3807FEF77F6400000000001E0C0200FFF33F0000000000FF07000000000000
(1307.007870) 0#4B2C2B2C007F2E002C002C00007F2700460000401404F80A0025009F00020000
(1307.007880) 0#42F72B00109C806C400027000000075F0A0000000D020000FEBF2F8271000000
(1307.007890) 0#3EAE1D00000002000080C081847E650037363032463700000000000000000000
(1307.007900) 0#7BF13200000000000202000240FF00FF000005000008FE00000000040000FF00
(1307.007910) 0#738C280010FF07080000FF070000FF01C40A170040FF04FF0000000000000000
(1307.007920) 0#724828880A52800A0000000000A3020000000000000000000000000000000000
(1307.007930) 0#04282C2B007F2E002C002C00007F2700460000401404F80A0025009F00020000
(1307.007940) 0#12E42C00109C806C400027000000075F0A0000000E020000FEBF2F8271000000
(1307.007950) 0#A4B31E00000002000880B9817D7E650037363032463700000000000000000000
(1307.007960) 0#81510A0001000000000080808080000800000000100000000000000000000000
(1307.007970) 0#3DA83300000000000202000240FF00FF000005000008FE00000000040000FF00
(1307.007980) 0#0FED0D1001050410000000000000000000000000007200000000000000000000
(1307.007990) 0#35D5290010FF07080000FF070000FF01C40A170040FF04FF0000000000000000
(1307.008000) 0#829B298C0A52840A0000000000A3020000000000000000000000000000000000
(1307.008010) 0#1D4C08FEF77F6400000000001E0C0200FFF33F0000000000FF07000000000000
(1307.008020) 0#A8772D2B007F2E002C002C00007F2700460000401404FA0A0025009F00020000
(1307.008030) 0#F7302D00109C806C400027000000075F0A0000000D020000FEBF2F8271000000
(1307.008040) 0#8B4C1F00000002000880C081767E650037363032463700000000000000000000
(1307.008050) 0#CE363400000000000202000240FF00FF000005000008FE00000000040000FF00
(1307.008060) 0#FF3E2A0010FF07080000FF070000FF01C40A170040FF04FF0000000000000000
(1307.008070) 0#19DF2A8C0A52880A0000000000A4020000000000000000000000000000000000
(1307.008080) 0#629C2E2B007F2E002C002C00007F2700460000401404FA0A0025009F00020000
(1307.008090) 0#9E562E00109C806C400027000000075F0A0000000E020000FEBF2F8271000000
(1307.008100) 0#46022000000002000280E281697E650037363032463700000000000000000000
(1307.008110) 0#C7080B0001000000000080808080000800000000100000000000000000000000
(1307.008120) 0#886F3500000000000202000240FF00FF000005000008FE00000000040000FF00
(1307.008130) 0#C5060E1001050410000000000000000000000000007200000000000000000000
(1307.008140) 0#B9672B0010FF07080000FF070000FF01C40A170040FF04FF0000000000000000
(1307.008150) 0#C2182B840A52840A0000000000A3020000000000000000000000000000000000
(1307.008160) 0#5B1509FEF77F6400000000001E0C0200FFF33F0000000000FF07000000000000
(1307.008170) 0#A7D32F2B007F2E002B002B00007F2700460000401404040B0025009F00020000
(1307.008180) 0#D80F2F00109C806C400027000000075F0A0000000E020000FEBF2F8271000000
(1307.008190) 0#F2E72100000002000B80DB816F7E650037363032463700000000000000000000
(1307.008200) 0#42843600000000000202000240FF00FF000005000008FE00000000040000FF00
(1307.008210) 0#4AF92C0010FF07080000FF070000FF01C40A170040FF04FF0000000000000000
(1307.008220) 0#870C2C800A52800A0000000000A3020000000000000000000000000000000000
(1307.008230) 0#7573302B007F2E002B002B00007F27004600004014040A0B0025009F00020000
(1307.008240) 0#9CBF3000109C806C400027000000075F0A0000000E020000FEBF2F8271000000
(1307.008250) 0#9C742200000002000E80B381697E650037363032463700000000000000000000
(1307.008260) 0#34960C0001000000000080808080000800000000100000000000000000000000
(1307.008270) 0#04DD3700000000000202000240FF00FF000005000008FE00000000040000FF00
(1307.008280) 0#835F0F1001050410000000000000000000000000007200000000000000000000
(1307.008290) 0#0CA02D0010FF07080000FF070000FF01C40A170040FF04FF0000000000000000
(1307.008300) 0#DDFF2D880A52840A0000000000A4020000000000000000000000000000000000
(1307.008310) 0#D6EAAE0000010000000001008000000000000000000000000000000000000000
(1307.008320) 0#91FE0AFEF77F6400000000001E0C0200FFF33F0000000000FF07000000000000
(1307.008330) 0#332A312B007F2E002B002B00007F27004600004014040A0B0025009F00020000
(1307.008340) 0#DAE63100109C806C400027000000075F0A0000000E020000FEBF2F8271000000
(1307.008350) 0#938E39401B5F8D0000005D1C5B012C00000000000000402335D54017A0140000
(1307.008360) 0#9B832300000002000880AC817D7E650037363032463700000000000000000000
(1307.008370) 0#85A93800000000000202000240FF00FF000005000008FE00000000040000FF00
(1307.008380) 0#C64B2E0010FF07080000FF070000FF01C40A170040FF04FF0000000000000000
(1307.008390) 0#0BBE2E800A52800A0000000000A3020000000000000000000000000000000000
(1307.008400) 0#13C7322B007F2E002B002B00007F2700460000401404080B0025009F00020000
(1307.008410) 0#100D3200109C806C400027000000075F0A0000000E020000FEBF2F8271000000
(1307.008420) 0#11D22400000002000E80AC815B7E650037363032463700000000000000000000
(1307.008430) 0#72CF0D0001000000000080808080000800000000100000000000000000000000
(1307.008440) 0#C3F03900000000000202000240FF00FF000005000008FE00000000040000FF00
(1307.008450) 0#C7EF101001050410000000000000000000000000007200000000000000000000
(1307.008460) 0#80122F0010FF07080000FF070000FF01C40A170040FF04FF0000000000000000
(1307.008470) 0#56DC2F7C0A527C0A0000000000A2020000000000000000000000000000000000
(1307.008480) 0#D7A70BFEF77F6400000000001E0C0200FFF33F0000000000FF07000000000000
(1307.008490) 0#8193332B007F2E002B002B00007F27004600004014040C0B0025009F00020000
(1307.008500) 0#56543300109C806C400027000000075F0A0000000E020000FEBF2F8271000000
(1307.008510) 0#052B2500000002000280A581847E650037363032463700000000000000000000
(1307.008520) 0#091B3A00000000000202000240FF00FF000005000008FE00000000040000FF00
(1307.008530) 0#C4A2300010FF07080000FF070000FF01C40A170040FF04FF0000000000000000
(1307.008540) 0#C56630880A52800A0000000000A3020000000000000000000000000000000000
(1307.008550) 0#DC26342B007F2E002B002B00007F27004600004014040E0B0026009F00020000
(1307.008560) 0#A5CA3400109C806C400027000000075F0A0000000E020000FEBF2F8271000000
(1307.008570) 0#E9BB2600000002000580AC81697E650037363032463700000000000000000000
(1307.008580) 0#B8240E0001000000000080808080000800000000100000000000000000000000
(1307.008590) 0#4F423B00000000000202000240FF00FF000005000008FE00000000040000FF00
(1307.008600) 0#81B6111001050410000000000000000000000000007200000000000000000000
(1307.008610) 0#82FB310010FF07080000FF070000FF01C40A170040FF04FF0000000000000000
(1307.008620) 0#B5BC318C0A52840A0000000000A4020000000000000000000000000000000000
(1307.008630) 0#24390CFEF77F6400000000001E0C0200FFF33F0000000000FF07000000000000
(1307.008640) 0#9A7F352B007F2E002B002B00007F27004600004014040E0B0026009F00020000
(1307.008650) 0#FC3F3500109C806C400027000000075D0A0000000E020000FEBF2F8271000000
(1307.008660) 0#A6162700000002000E80C781547E650037363032463700000000000000000000
(1307.008670) 0#BCDC3C00000000000202000240FF00FF000005000008FE00000000040000FF00
(1307.008680) 0#90B3AF0000010000000001008000000000000000000000000000000000000000
(1307.008690) 0#4810320010FF07080000FF070000FF01C40A170040FF04FF0000000000000000
(1307.008700) 0#678A32940A528C0A0000000000A6020000000000000000000000000000000000
(1307.008710) 0#5094362B007F2E002B002B00007F27004600004014040E0B0026009F00020000
(1307.008720) 0#36D43600109C806C400027000000075D0A0000000E020000FEBF2F8271000000
(1307.008730) 0#FE7D0F0001000000000080808080000800000000100000000000000000000000
(1307.008740) 0#3B852800000002000080B381547E650037363032463700000000000000000000
(1307.008750) 0#FA853D00000000000202000240FF00FF000005000008FE00000000040000FF00
(1307.008760) 0#4B5D121001050410000000000000000000000000007200000000000000000000
(1307.008770) 0#0E49330010FF07080000FF070000FF01C40A170040FF04FF0000000000000000
(1307.008780) 0#6EAC339C0A52940A0000000000A8020000000000000000000000000000000000
(1307.008790) 0#62600DFEF77F6400000000001E0C0200FFF33F0000000000FF07000000000000
(1307.008800) 0#54D0372B007F2E002B002B00007F2700460000401404040B0026009F00020000
(1307.008810) 0#708D3700109C806C400027000000075D0A0000000E020000FEBF2F8271000000
(1307.008820) 0#38922900000002000080C781697E650037363032463700000000000000000000
(1307.008830) 0#306E3E00000000000202000240FF00FF000005000008FE00000000040000FF00
(1307.008840) 0#FDD7340010FF07080000FF070000FF01C40A170040FF04FF0000000000000000
(1307.008850) 0#600734880A528C0A0000000000A6020000000000000000000000000000000000
(1307.008860) 0#D5A4382B007F2E002B002B00007F2700460000401404040B0026009F00020000
(1307.008870) 0#F1F93800109C806C400027000000075D0A0000000E020000FEBF2F8271000000
(1307.008880) 0#56CF2A00000002000880C081697E650037363032463700000000000000000000
(1307.008890) 0#BACD100001000000000080808080000800000000100000000000000000000000
(1307.008900) 0#76373F00000000000202000240FF00FF000005000008FE00000000040000FF00
(1307.008910) 0#0D04131001050410000000000000000000000000007200000000000000000000
(1307.008920) 0#BB8E350010FF07080000FF070000FF01C40A170040FF04FF0000000000000000
(1307.008930) 0#678B35840A52880A0000000000A5020000000000000000000000000000000000
(1307.008940) 0#A88B0EFEF77F6400000000001E0C0200FFF33F0000000000FF07000000000000
(1307.008950) 0#5D1B392B007F2E002B002B00007F2700460000401404FA0A0026009F00020000
(1307.008960) 0#B7A03900109C806C400027000000075D0A0000000E020000FEBF2F8271000000
(1307.008970) 0#FAB42B00000002000280DB81627E650037363032463700000000000000000000
(1307.008980) 0#EE3D4000000000000202000240FF00FF000005000008FE00000000040000FF00
(1307.008990) 0#7165360010FF07080000FF070000FF01C40A170040FF04FF0000000000000000
(1307.009000) 0#838936900A528C0A0000000000A5020000000000000000000000000000000000
(1307.009010) 0#A9FB3A2B007F2E002B002B00007F2700460000401404FC0A0026009F00020000
(1307.009020) 0#7D4B3A00109C806C400027000000075D0A0000000E020000FEBF2F8271000000
(1307.009030) 0#C1762C00000002000E80D5815B7E650037363032463700000000000000000000
(1307.009040) 0#FC94110001000000000080808080000800000000100000000000000000000000
(1307.009050) 0#A8644100000000000202000240FF00FF000005000008FE00000000040000FF00
(1307.009060) 0#FE9A141001050410000000000000000000000000007200000000000000000000
(1307.009070) 0#373C370010FF07080000FF070000FF01C40A170040FF04FF0000000000000000
(1307.009080) 0#A11F379C0A52940A0000000000A7020000000000000000000000000000000000
(1307.009090) 0#EED20FFEF77F6400000000001E0C0200FFF33F0000000000FF07000000000000
(1307.009100) 0#05A43B2B007F2E002B002B00007F2700460000401404FE0A0026009F00020000
(1307.009110) 0#3B123B00109C806C400027000000075D0A0000000E020000FEBF2F8271000000
(1307.009120) 0#BF953A401B5E8D0000005D1C5B012C00000000000000402335D54017A0140000
(1307.009130) 0#A8452D00000002000580C0817D7E650037363032463700000000000000000000
(1307.009140) 0#628F4200000000000202000240FF00FF000005000008FE00000000040000FF00
(1307.009150) 0#D403B00000010000000001008000000000000000000000000000000000000000
(1307.009160) 0#B648380010FF07080000FF070000FF01C40A170040FF04FF0000000000000000
(1307.009170) 0#070B389C0A52980A0000000000A8020000000000000000000000000000000000
(1307.009180) 0#F63A3C2B007F2E002B002B00007F2700460000401404FE0A0026009F00020000
(1307.009190) 0#C88C3C00109C806C400027000000075D0A0000000E020000FEBF2F8271000000
(1307.009200) 0#A9462E00000002000580C081767E650037363032463700000000000000000000
(1307.009210) 0#367F120001000000000080808080000800000000100000000000000000000000
(1307.009220) 0#24D64300000000000202000240FF00FF000005000008FE00000000040000FF00
(1307.009230) 0#B8C3151001050410000000000000000000000000007200000000000000000000
(1307.009240) 0#F011390010FF07080000FF070000FF01C40A170040FF04FF0000000000000000
(1307.009250) 0#BE0E39880A52900A0000000000A6020000000000000000000000000000000000
(1307.009260) 0#AA6210FEF77F6400000000001E0C0200FFF33F0000000000FF07000000000000
(1307.009270) 0#18783D2B007F2E002B002B00007F2700460000401404F60A0026009F00020000
(1307.009280) 0#8ED53D00109C806C400027000000075D0A0000000E020000FEBF2F8271000000
(1307.009290) 0#F7AC2F00000002000B80D581697E650037363032463700000000000000000000
(1307.009300) 0#D7484400000000000202000240FF00FF000005000008FE00000000040000FF00
(1307.009310) 0#3AFA3A0010FF07080000FF070000FF01C40A170040FF04FF0000000000000000
(1307.009320) 0#7A5C3A8C0A528C0A0000000000A5020000000000000000000000000000000000
(1307.009330) 0#674F3E2B007F2E002C002C00007F2700460000401404EE0A0026009F00020000
(1307.009340) 0#443E3E00109C806C400027000000075D0A0000000E020000FEBF2F8271000000
(1307.009350) 0#CFF93000000002000080AC816F7E650037363032463700000000000000000000
(1307.009360) 0#7026130001000000000080808080000800000000100000000000000000000000
(1307.009370) 0#91114500000000000202000240FF00FF000005000008FE00000000040000FF00
(1307.009380) 0#7228161001050410000000000000000000000000007200000000000000000000
(1307.009390) 0#DB533B0010FF07080000FF070000FF01C00A170040FF04FF0000000000000000
(1307.009400) 0#8E4F3B900A528C0A0000000000A5020000000000000000000000000000000000
(1307.009410) 0#EC3B11FEF77F6400000000001E0C0200FFF33F0000000000FF07000000000000
(1307.009420) 0#21163F2B007F2E002C002C00007F2700460000401404EE0A0026009F00020000
(1307.009430) 0#02673F00109C806C400027000000075D0A0000000E020000FEBF2F8271000000
(1307.009440) 0#EDB23100000002000080CE81847E650037363032463700000000000000000000
(1307.009450) 0#5BFA4600000000000202000240FF00FF000005000008FE00000000040000FF00
(1307.009460) 0#28CD3C0010FF07080000FF070000FF01C00A170040FF04FF0000000000000000
(1307.009470) 0#125A3C800A52840A0000000000A3020000000000000000000000000000000000
(1307.009480) 0#531A402B007F2E002C002C00007F2700460000401404EC0A0026009F00020000
(1307.009490) 0#9A6D4000109C806C400027000000075D0A0000000E020000FEBF2F8271000000
(1307.009500) 0#83B8140001000000000080808080000800000000100000000000000000000000
(1307.009510) 0#B33A3200000002000080CE81767E650037363032463700000000000000000000
(1307.009520) 0#1DA34700000000000202000240FF00FF000005000008FE00000000040000FF00
(1307.009530) 0#3471171001050410000000000000000000000000007200000000000000000000
(1307.009540) 0#925AB10000010000000001008000000000000000000000000000000000000000
(1307.009550) 0#6E943D0010FF07080000FF070000FF01C00A170040FF04FF0000000000000000
(1307.009560) 0#927B3D7C0A52800A0000000000A2020000000000000000000000000000000000
(1307.009570) 0#26D012FEF77F6400000000001E0C0200FFF33F0000000000FF07000000000000
(1307.009580) 0#C14E412B007F2E002C002C00007F2700460000401404E80A0026009F00020000
(1307.009590) 0#7FB94100109C806C400027000000075D0A0000000D020000FEBF2F8271000000
(1307.009600) 0#B17B3300000002000E80CE81697E650037363032463700000000000000000000
(1307.009610) 0#9CD74800000000000202000240FF00FF000005000008FE00000000040000FF00
(1307.009620) 0#A47F3E0010FF07080000FF070000FF01C00A170040FF04FF0000000000000000
(1307.009630) 0#DEB73E840A52800A0000000000A2020000000000000000000000000000000000
(1307.009640) 0#0BA5422B007F2E002C002C00007F2700460000401404E80A0026009F00020000
(1307.009650) 0#B5524200109C806C400027000000075D0A0000000D020000FEBF2F8271000000
(1307.009660) 0#D1113400000002000E80E281697E650037363032463700000000000000000000
(1307.009670) 0#C5E1150001000000000080808080000800000000100000000000000000000000
(1307.009680) 0#DA8E4900000000000202000240FF00FF000005000008FE00000000040000FF00
(1307.009690) 0#B505181001050410000000000000000000000000007200000000000000000000
(1307.009700) 0#E2263F0010FF07080000FF070000FF01C00A170040FF04FF0000000000000000
(1307.009710) 0#14803F880A52840A0000000000A3020000000000000000000000000000000000
(1307.009720) 0#608913FEF77F6400000000001E0C0200FFF33F0000000000FF07000000000000
(1307.009730) 0#597D432C007F2E002C002C00007F2700460000401404E00A0026009F00020000
(1307.009740) 0#2EA54300109C806C400027000000075F0A0001080E020000FEBF2F8271000000
(1307.009750) 0#93FF3500000002000E80DB81627E650037363032463700000000000000000000
(1307.009760) 0#10654A00000000000202000240FF00FF000005000008FE00000000040000FF00
(1307.009770) 0#7A2C400010FF07080000FF070000FF01C00A170040FF04FF0000000000000000
(1307.009780) 0#8C8A40880A52840A0000000000A3020000000000000000000000000000000000
(1307.009790) 0#26AC442C007F2E002C002C00007F2700460000401404DC0A0026009F00020000
(1307.009800) 0#1F394400109C806C400027000000075F0A0000000D020000FEBF2F8271000000
(1307.009810) 0#63803600000002000E80DB816F7E650037363032463700000000000000000000
(1307.009820) 0#0F0A160001000000000080808080000800000000100000000000000000000000
(1307.009830) 0#563C4B00000000000202000240FF00FF000005000008FE00000000040000FF00
(1307.009840) 0#F35C191001050410000000000000000000000000007200000000000000000000
(1307.009850) 0#3C75410010FF07080000FF070000FF01C00A170040FF04FF0000000000000000
(1307.009860) 0#CF2E41900A52880A0000000000A4020000000000000000000000000000000000
(1307.009870) 0#931714FEF77F6400000000001E0C0200FFF33F0000000000FF07000000000000
(1307.009880) 0#06BC452C007F2E002C002C00007F2700460000401404E20A0026009F00020000
(1307.009890) 0#59604500109C806C400027000000075F0A0000000D020000FEBF2F8271000000
(1307.009900) 0#1F3C3B401B5F8D0000005D1C5B012C00000000000000402335D54017A0140000
(1307.009910) 0#01323700000002001080DB817D7E650037363032463700000000000000000000
(1307.009920) 0#A5A24C00000000000202000240FF00FF000005000008FE00000000040000FF00
(1307.009930) 0#F69E420010FF07080000FF070000FF01C00A170040FF04FF0000000000000000
(1307.009940) 0#B78F428C0A52880A0000000000A4020000000000000000000000000000000000
(1307.009950) 0#CC57462C007F2E002C002C00007F2700460000401404E20A0026009F00020000
(1307.009960) 0#938B4600109C806C400027000000075F0A0000000D020000FEBF2F8271000000
(1307.009970) 0#D9013800000002000080CE81847E650037363032463700000000000000000000
(1307.009980) 0#4953170001000000000080808080000800000000100000000000000000000000
(1307.009990) 0#E3FB4D00000000000202000240FF00FF000005000008FE00000000040000FF00
(1307.010000) 0#39B71A1001050410000000000000000000000000007200000000000000000000
(1307.010010) 0#58B1B20000010000000001008000000000000000000000000000000000000000
(1307.010020) 0#B0C7430010FF07080000FF070000FF01C00A170040FF04FF0000000000000000
(1307.010030) 0#AA3043780A52800A0000000000A2020000000000000000000000000000000000
(1307.010040) 0#D54E15FEF77F6400000000001E0C0200FFF33F0000000000FF07000000000000
(1307.010050) 0#B405472C007F2E002C002C00007F2700460000401404E40A0026009F00020000
(1307.010060) 0#D5D24700109C806C400027000000075F0A0000000D020000FEBF2F8271000000
(1307.010070) 0#1CB83900000002000580B3818B7E650037363032463700000000000000000000
(1307.010080) 0#29104E00000000000202000240FF00FF000005000008FE00000000040000FF00
(1307.010090) 0#4359440010FF07080000FF070000FF01C00A170040FF04FF0000000000000000
(1307.010100) 0#637F44740A52780A0000000000A0020000000000000000000000000000000000
(1307.010110) 0#715C482C007F2E002C002C00007F2700460000401404E40A0025009F00020000
(1307.010120) 0#54A64800109C806C400027000000075F0A0000000D020000FEBF2F8271000000
(1307.010130) 0#D94A3A00000002000280D581847E650037363032463700000000000000000000
(1307.010140) 0#C827180001000000000080808080000800000000100000000000000000000000
(1307.010150) 0#6F494F00000000000202000240FF00FF000005000008FE00000000040000FF00
(1307.010160) 0#7FEE1B1001050410000000000000000000000000007200000000000000000000
(1307.010170) 0#0500450010FF07080000FF070000FF01C00A170040FF04FF0000000000000000
(1307.010180) 0#2F6F45800A527C0A0000000000A1020000000000000000000000000000000000
(1307.010190) 0#1FA516FEF77F6400000000001E0C0200FFF33F0000000000FF07000000000000
(1307.010200) 0#3705492C007F2E002C002C00007F2700460000401404E40A0025009F00020000
(1307.010210) 0#12FF4900109C806C400027000000075F0A0000000D020000FEBF2F8271000000
(1307.010220) 0#0F273B00000002000B80C081847E650037363032463700000000000000000000
(1307.010230) 0#2BF95000000000000202000240FF00FF000005000008FE00000000040000FF00
(1307.010240) 0#CFEB460010FF07080000FF070000FF01C00A170040FF04FF0000000000000000
(1307.010250) 0#9F0A46880A52800A0000000000A2020000000000000000000000000000000000
(1307.010260) 0#17E84A2C007F2E002C002C00007F2700460000401404E60A0025009F00020000
(1307.010270) 0#B99B4A00109C806C400027000000075F0A0001080D020000FEBF2F8271000000
(1307.010280) 0#8E7E190001000000000080808080000800000000100000000000000000000000
(1307.010290) 0#F7993C00000002000580C7818B7E650037363032463700000000000000000000
(1307.010300) 0#6DA05100000000000202000240FF00FF000005000008FE00000000040000FF00
(1307.010310) 0#8C701C1001050410000000000000000000000000007200000000000000000000
(1307.010320) 0#89B2470010FF07080000FF070000FF01C00A170040FF04FF0000000000000000
(1307.010330) 0#C3E2477C0A527C0A0000000000A1020000000000000000000000000000000000
(1307.010340) 0#59FC17FEF77F6400000000001E0C0200FFF33F0000000000FF07000000000000
(1307.010350) 0#3F8D4B2C007F2E002C002C00007F2700460000401404F00A0025009F00020000
(1307.010360) 0#9E4D4B00109C806C400027000000075F0A0000000D020000FEBF2F8271000000
(1307.010370) 0#CB393D00000002000E80D5818B7E650037363032463700000000000000000000
(1307.010380) 0#A74B5200000000000202000240FF00FF000005000008FE00000000040000FF00
(1307.010390) 0#AF36480010FF07080000FF070000FF01C40A170040FF04FF0000000000000000
(1307.010400) 0#DE3548740A52780A0000000000A1020000000000000000000000000000000000
(1307.010410) 0#1EE8B30000010000000001008000000000000000000000000000000000000000
(1307.010420) 0#CC134C2C007F2E002C002C00007F2700460000401404F00A0025009F00020000
(1307.010430) 0#6DD34C00109C806C400027000000075F0A0000000D020000FEBF2F8271000000
(1307.010440) 0#44951A0001000000000080808080000800000000100000000000000000000000
(1307.010450) 0#43113E00000002000B80CE81847E650037363032463700000000000000000000
(1307.010460) 0#E1125300000000000202000240FF00FF000005000008FE00000000040000FF00
(1307.010470) 0#CA291D1001050410000000000000000000000000007200000000000000000000
(1307.010480) 0#E96F490010FF07080000FF070000FF01C40A170040FF04FF0000000000000000
(1307.010490) 0#590749700A52740A0000000000A0020000000000000000000000000000000000
(1307.010500) 0#D88818FEF77F6400000000001E0C0200FFF33F0000000000FF07000000000000
(1307.010510) 0#22514D2C007F2E002C002C00007F2700460000401404F80A0025009F00020000
(1307.010520) 0#2B8A4D00109C806C400027000000075F0A0000000D020000FEBF2F8271000000
(1307.010530) 0#B96E3F00000002000E80B9818B7E650037363032463700000000000000000000
(1307.010540) 0#128C5400000000000202000240FF00FF000005000008FE00000000040000FF00
(1307.010550) 0#23844A0010FF07080000FF070000FF01C40A170040FF04FF0000000000000000
(1307.010560) 0#5FDD4A780A52740A0000000000A0020000000000000000000000000000000000
(1307.010570) 0#7EAA4E2C007F2E002C002C00007F2700460000401404F60A0025009F00020000
(1307.010580) 0#E1614E00109C806C400027000000075F0A0000000D020000FEBF2F8271000000
(1307.010590) 0#F4A04000000002000E80B9817D7E650037363032463700000000000000000000
(1307.010600) 0#02CC1B0001000000000080808080000800000000100000000000000000000000
(1307.010610) 0#54D55500000000000202000240FF00FF000005000008FE00000000040000FF00
(1307.010620) 0#00C21E1001050410000000000000000000000000007200000000000000000000
(1307.010630) 0#65DD4B0010FF07080000FF070000FF01C40A170040FF04FF0000000000000000
(1307.010640) 0#33AD4B740A52740A0000000000A0020000000000000000000000000000000000
(1307.010650) 0#9ED119FEF77F6400000000001E0C0200FFF33F0000000000FF07000000000000
(1307.010660) 0#6E6F4F2B007F2E002C002C00007F2700460000401404F40A0025009F00020000
(1307.010670) 0#A7384F00109C806C400027000000075F0A0000000D020000FEBF2F8271000000
(1307.010680) 0#ECA23C401B5F8D0000005D1C5B012C00000000000000402335D54017A0140000
(1307.010690) 0#F2A74100000002000E8097818B7E650037363032463700000000000000000000
(1307.010700) 0#9E3E5600000000000202000240FF00FF000005000008FE00000000040000FF00
(1307.010710) 0#96434C0010FF07080000FF070000FF01C40A170040FF04FF0000000000000000
(1307.010720) 0#F6FC4C700A52700A00000000009F020000000000000000000000000000000000
(1307.010730) 0#2ADF502B007F2E002C002C00007F2700460000401404F40A0025009F00020000
(1307.010740) 0#E3885000109C806C400027000000075F0A0000000D020000FEBF2F8271000000
(1307.010750) 0#61AC4200000002000080CE817D7E650037363032463700000000000000000000
(1307.010760) 0#F1521C0001000000000080808080000800000000100000000000000000000000
(1307.010770) 0#D8675700000000000202000240FF00FF000005000008FE00000000040000FF00
(1307.010780) 0#469B1F1001050410000000000000000000000000007200000000000000000000
(1307.010790) 0#D01A4D0010FF07080000FF070000FF01C40A170040FF04FF0000000000000000
(1307.010800) 0#0D174D800A52780A0000000000A1020000000000000000000000000000000000
(1307.010810) 0#543A1AFEF77F6400000000001E0C0200FFF33F0000000000FF07000000000000
(1307.010820) 0#8680512B007F2E002C002C00007F2700460000401404F60A0025009F00020000
(1307.010830) 0#065C5100109C806C400027000000075F0A0000000E020000FEBF2F8271000000
(1307.010840) 0#929A4300000002000E80C781697E650037363032463700000000000000000000
(1307.010850) 0#59135800000000000202000240FF00FF000005000008FE00000000040000FF00
(1307.010860) 0#1AF14E0010FF07080000FF070000FF01C40A170040FF04FF0000000000000000
(1307.010870) 0#AC004E800A527C0A0000000000A2020000000000000000000000000000000000
(1307.010880) 0#ED76B40000010000000001008000000000000000000000000000000000000000
(1307.010890) 0#0846522B007F2E002C002C00007F2700460000401404F60A0026009F00020000
(1307.010900) 0#6F3A5200109C806C400027000000075F0A0000000D020000FEBF2F8271000000
(1307.010910) 0#CB864400000002000B80D581847E650037363032463700000000000000000000
(1307.010920) 0#B70B1D0001000000000080808080000800000000100000000000000000000000
(1307.010930) 0#1F4A5900000000000202000240FF00FF000005000008FE00000000040000FF00
(1307.010940) 0#A9B2201001050410000000000000000000000000007200000000000000000000
(1307.010950) 0#5CA84F0010FF07080000FF070000FF01C40A170040FF04FF0000000000000000
(1307.010960) 0#EBE64F8C0A52840A0000000000A3020000000000000000000000000000000000
(1307.010970) 0#12631BFEF77F6400000000001E0C0200FFF33F0000000000FF07000000000000
(1307.010980) 0#4E1F532B007F2E002C002C00007F2700460000401404F60A0026009F00020000
(1307.010990) 0#29635300109C806C400027000000075F0A0000000D020000FEBF2F8271000000
(1307.011000) 0#45174500000002000B80C081767E650037363032463700000000000000000000
(1307.011010) 0#D5A15A00000000000202000240FF00FF000005000008FE00000000040000FF00
(1307.011020) 0#1818500010FF07080000FF070000FF01C40A170040FF04FF0000000000000000
(1307.011030) 0#FEF9508C0A52880A0000000000A4020000000000000000000000000000000000
(1307.011040) 0#DB7C542B007F2E002C002C00007F2700460000401404000B0026009F00020000
(1307.011050) 0#C5515400109C806C400027000000075D0A0000000D020000FEBF2F8271000000
(1307.011060) 0#7DE01E0001000000000080808080000800000000100000000000000000000000
(1307.011070) 0#A3F24600000002000580CE815B7E650037363032463700000000000000000000
(1307.011080) 0#93F85B00000000000202000240FF00FF000005000008FE00000000040000FF00
(1307.011090) 0#EFEB211001050410000000000000000000000000007200000000000000000000
(1307.011100) 0#5E41510010FF07080000FF070000FF01C40A170040FF04FF0000000000000000
(1307.011110) 0#159351780A52800A0000000000A3020000000000000000000000000000000000
(1307.011120) 0#E1FD1CFEF77F6400000000001E0C0200FFF33F0000000000FF07000000000000
(1307.011130) 0#78CE552B007F2E002B002B00007F2700460000401404080B0026009F00020000
(1307.011140) 0#20855500109C806C400027000000075D0A0000000E020000FEBF2F8271000000
(1307.011150) 0#F85E4700000002000080C0818B7E650037363032463700000000000000000000
(1307.011160) 0#60665C00000000000202000240FF00FF000005000008FE00000000040000FF00
(1307.011170) 0#94AA520010FF07080000FF070000FF01C40A170040FF04FF0000000000000000
(1307.011180) 0#E5A952740A52780A0000000000A1020000000000000000000000000000000000
(1307.011190) 0#B225562B007F2E002B002B00007F2700460000401404080B0026009F00020000
(1307.011200) 0#EA6E5600109C806C400027000000075D0A0000000E020000FEBF2F8271000000
(1307.011210) 0#11094800000002000E80AC81767E650037363032463700000000000000000000
(1307.011220) 0#3BB91F0001000000000080808080000800000000100000000000000000000000
(1307.011230) 0#263F5D00000000000202000240FF00FF000005000008FE00000000040000FF00
(1307.011240) 0#2500221001050410000000000000000000000000007200000000000000000000
(1307.011250) 0#D2F3530010FF07080000FF070000FF01C40A170040FF04FF0000000000000000
(1307.011260) 0#D33753880A52800A0000000000A3020000000000000000000000000000000000
(1307.011270) 0#AB2FB50000010000000001008000000000000000000000000000000000000000
(1307.011280) 0#A7A41DFEF77F6400000000001E0C0200FFF33F0000000000FF07000000000000
(1307.011290) 0#1E7A572B007F2E002B002B00007F27004600004014040A0B0026009F00020000
(1307.011300) 0#AC375700109C806C400027000000075D0A0000000E020000FEBF2F8271000000
(1307.011310) 0#4BD94900000002000080AC81847E650037363032463700000000000000000000
(1307.011320) 0#ECD45E00000000000202000240FF00FF000005000008FE00000000040000FF00
(1307.011330) 0#216D540010FF07080000FF070000FF01C40A170040FF04FF0000000000000000
(1307.011340) 0#F03254880A52840A0000000000A4020000000000000000000000000000000000
(1307.011350) 0#A105582B007F2E002B002B00007F27004600004014040C0B0026009F00020000
(1307.011360) 0#2D435800109C806C400027000000075D0A0000000E020000FEBF2F8271000000
(1307.011370) 0#86E44A00000002000B80D5818B7E650037363032463700000000000000000000
(1307.011380) 0#D490200001000000000080808080000800000000100000000000000000000000
(1307.011390) 0#AA8D5F00000000000202000240FF00FF000005000008FE00000000040000FF00
(1307.011400) 0#6359231001050410000000000000000000000000007200000000000000000000
(1307.011410) 0#6734550010FF07080000FF070000FF01C40A170040FF04FF0000000000000000
(1307.011420) 0#B66B55880A52840A0000000000A4020000000000000000000000000000000000
(1307.011430) 0#6D4F1EFEF77F6400000000001E0C0200FFF33F0000000000FF07000000000000
(1307.011440) 0#4F47592B007F2E002B002B00007F2700460000401404040B0026009F00020000
(1307.011450) 0#6B1A5900109C806C400027000000075D0A0000000E020000FEBF2F8271000000
(1307.011460) 0#3DEE3D401B608D0000005D1C5B012C00000000000000402335D54017A0140000
(1307.011470) 0#F2224B00000002000580CE817D7E650037363032463700000000000000000000
(1307.011480) 0#45A46000000000000202000240FF00FF000005000008FE00000000040000FF00
(1307.011490) 0#ADDF560010FF07080000FF070000FF01C40A170040FF04FF0000000000000000
(1307.011500) 0#56A956840A52840A0000000000A4020000000000000000000000000000000000
(1307.011510) 0#85AC5A2B007F2E002B002B00007F2700460000401404040B0026009F00020000
(1307.011520) 0#A1F15A00109C806C400027000000075D0A0000000E020000FEBF2F8271000000
(1307.011530) 0#CA544C00000002000580CE81767E650037363032463700000000000000000000
(1307.011540) 0#92C9210001000000000080808080000800000000100000000000000000000000
(1307.011550) 0#03FD6100000000000202000240FF00FF000005000008FE00000000040000FF00
(1307.011560) 0#90C7241001050410000000000000000000000000007200000000000000000000
(1307.011570) 0#EB86570010FF07080000FF070000FF01C40A170040FF04FF0000000000000000
(1307.011580) 0#267357800A52800A0000000000A3020000000000000000000000000000000000
(1307.011590) 0#2B161FFEF77F6400000000001E0C0200FFF33F0000000000FF07000000000000
(1307.011600) 0#D91E5B2B007F2E002B002B00007F2700460000401404FE0A0026009F00020000
(1307.011610) 0#E7A85B00109C806C400027000000075D0A0000000E020000FEBF2F8271000000
(1307.011620) 0#E3BC4D00000002000580D581767E650037363032463700000000000000000000
(1307.011630) 0#C9166200000000000202000240FF00FF000005000008FE00000000040000FF00
(1307.011640) 0#6AF2580010FF07080000FF070000FF01C40A170040FF04FF0000000000000000
(1307.011650) 0#BBAD58880A52840A0000000000A4020000000000000000000000000000000000
(1307.011660) 0#E4665C2B007F2E002B002B00007F2700460000401404000B0026009F00020000
(1307.011670) 0#14365C00109C806C400027000000075D0A0000000E020000FEBF2F8271000000
(1307.011680) 0#EEF94E00000002000580E981627E650037363032463700000000000000000000
(1307.011690) 0#5822220001000000000080808080000800000000100000000000000000000000
(1307.011700) 0#8F4F6300000000000202000240FF00FF000005000008FE00000000040000FF00
(1307.011710) 0#D69E251001050410000000000000000000000000007200000000000000000000
(1307.011720) 0#61C4B60000010000000001008000000000000000000000000000000000000000
(1307.011730) 0#2CAB590010FF07080000FF070000FF01C40A170040FF04FF0000000000000000
(1307.011740) 0#E15E59800A52800A0000000000A3020000000000000000000000000000000000
(1307.011750) 0#C43F20FEF77F6400000000001E0C0200FFF33F0000000000FF07000000000000
(1307.011760) 0#A23F5D2B007F2E002B002B00007F2700460000401404000B0026009F00020000
(1307.011770) 0#526F5D00109C806C400027000000075D0A0000000E020000FEBF2F8271000000
(1307.011780) 0#08464F00000002000E80C781547E650037363032463700000000000000000000
(1307.011790) 0#7CD16400000000000202000240FF00FF000005000008FE00000000040000FF00
(1307.011800) 0#E6405A0010FF07080000FF070000FF01C40A170040FF04FF0000000000000000
(1307.011810) 0#308E5A7C0A527C0A0000000000A2020000000000000000000000000000000000
(1307.011820) 0#82D25E2B007F2E002B002B00007F2700460000401404020B0026009F00020000
(1307.011830) 0#98845E00109C806C400027000000075D0A0000000E020000FEBF2F8271000000
(1307.011840) 0#1E7B230001000000000080808080000800000000100000000000000000000000
(1307.011850) 0#F4B15000000002000580B3818B7E650037363032463700000000000000000000
(1307.011860) 0#3A886500000000000202000240FF00FF000005000008FE00000000040000FF00
(1307.011870) 0#1C75261001050410000000000000000000000000007200000000000000000000
(1307.011880) 0#A0195B0010FF07080000FF070000FF01C40A170040FF04FF0000000000000000
(1307.011890) 0#8BF45B840A52800A0000000000A3020000000000000000000000000000000000
(1307.011900) 0#826621FEF77F6400000000001E0C0200FFF33F0000000000FF07000000000000
(1307.011910) 0#0A6D5F2B007F2E002B002B00007F2700460000401404FC0A0026009F00020000
(1307.011920) 0#DEDD5F00109C806C400027000000075D0A0000000E020000FEBF2F8271000000
(1307.011930) 0#B67F510000000200FE7FA5817D7E650037363032463700000000000000000000
(1307.011940) 0#F0636600000000000202000240FF00FF000005000008FE00000000040000FF00
(1307.011950) 0#53875C0010FF07080000FF070000FF01C40A170040FF04FF0000000000000000
(1307.011960) 0#64C05C8C0A52840A0000000000A4020000000000000000000000000000000000
(1307.011970) 0#E544602B007F2E002B002B00007F2700460000401404FC0A0026009F00020000
(1307.011980) 0#31F46000109C806C400027000000075D0A0000000E020000FEBF2F8271000000
(1307.011990) 0#92015200000002000580B9817D7E650037363032463700000000000000000000
(1307.012000) 0#EDE5240001000000000080808080000800000000100000000000000000000000
(1307.012010) 0#B63A6700000000000202000240FF00FF000005000008FE00000000040000FF00
(1307.012020) 0#5A2C271001050410000000000000000000000000007200000000000000000000
(1307.012030) 0#15DE5D0010FF07080000FF070000FF01C40A170040FF04FF0000000000000000
(1307.012040) 0#41755D900A52880A0000000000A4020000000000000000000000000000000000
(1307.012050) 0#488D22FEF77F6400000000001E0C0200FFF33F0000000000FF07000000000000
(1307.012060) 0#D0E6612B007F2E002C002C00007F2700460000401404FA0A0026009F00020000
(1307.012070) 0#77AD6100109C806C400027000000075D0A0000000E020000FEBF2F8271000000
(1307.012080) 0#CDE65300000002000B80CE817D7E650037363032463700000000000000000000
(1307.012090) 0#374E6800000000000202000240FF00FF000005000008FE00000000040000FF00
(1307.012100) 0#DF355E0010FF07080000FF070000FF01C40A170040FF04FF0000000000000000
(1307.012110) 0#CBC15E940A528C0A0000000000A5020000000000000000000000000000000000
(1307.012120) 0#CE00622B007F2E002C002C00007F2700460000401404FE0A0026009F00020000
(1307.012130) 0#BD466200109C806C400027000000075D0A0000000E020000FEBF2F8271000000
(1307.012140) 0#8D125400000002001080F0817D7E650037363032463700000000000000000000
(1307.012150) 0#ABBC250001000000000080808080000800000000100000000000000000000000
(1307.012160) 0#71176900000000000202000240FF00FF000005000008FE00000000040000FF00
(1307.012170) 0#DB58281001050410000000000000000000000000007200000000000000000000
(1307.012180) 0#279DB70000010000000001008000000000000000000000000000000000000000
(1307.012190) 0#996C5F0010FF07080000FF070000FF01C40A170040FF04FF0000000000000000
(1307.012200) 0#99955F880A52880A0000000000A4020000000000000000000000000000000000
(1307.012210) 0#0ED423FEF77F6400000000001E0C0200FFF33F0000000000FF07000000000000
(1307.012220) 0#C5A9632B007F2E002B002B00007F2700460000401404FE0A0026009F00020000
(1307.012230) 0#FB1F6300109C806C400027000000075D0A0000000E020000FEBF2F8271000000
(1307.012240) 0#86E03E401B5E8D0000005D1C5B012C00000000000000402335D54017A0140000
(1307.012250) 0#430A5500000002001380E281847E650037363032463700000000000000000000
(1307.012260) 0#BBFC6A00000000000202000240FF00FF000005000008FE00000000040000FF00
(1307.012270) 0#7645600010FF07080000FF070000FF01C40A170040FF04FF0000000000000000
(1307.012280) 0#DB8F607C0A52800A0000000000A3020000000000000000000000000000000000
(1307.012290) 0#3637642B007F2E002B002B00007F2700460000401404FE0A0026009F00020000
(1307.012300) 0#08816400109C806C400027000000075D0A0000000E020000FEBF2F8271000000
(1307.012310) 0#BDA3560000000200FB7FE981697E650037363032463700000000000000000000
(1307.012320) 0#6157260001000000000080808080000800000000100000000000000000000000
(1307.012330) 0#FDA56B00000000000202000240FF00FF000005000008FE00000000040000FF00
(1307.012340) 0#9D01291001050410000000000000000000000000007200000000000000000000
(1307.012350) 0#301C610010FF07080000FF070000FF01C40A170040FF04FF0000000000000000
(1307.012360) 0#1BF161840A52800A0000000000A3020000000000000000000000000000000000
(1307.012370) 0#FD4A24FEF77F6400000000001E0C0200FFF33F0000000000FF07000000000000
(1307.012380) 0#E993652B007F2E002C002C00007F2700460000401404FA0A0026009F00020000
(1307.012390) 0#4ED86500109C806C400027000000075D0A0000000E020000FEBF2F8271000000
(1307.012400) 0#02935700000002000280C7817D7E650037363032463700000000000000000000
(1307.012410) 0#0E3B6C00000000000202000240FF00FF000005000008FE00000000040000FF00
(1307.012420) 0#FAF7620010FF07080000FF070000FF01C40A170040FF04FF0000000000000000
(1307.012430) 0#AE5C62900A52880A0000000000A4020000000000000000000000000000000000
(1307.012440) 0#6E88662B007F2E002B002B00007F2700460000401404FA0A0026009F00020000
(1307.012450) 0#84336600109C806C400027000000075D0A0000000E020000FEBF2F8271000000
(1307.012460) 0#BE4B5800000002000E80C081847E650037363032463700000000000000000000
(1307.012470) 0#270E270001000000000080808080000800000000100000000000000000000000
(1307.012480) 0#48626D00000000000202000240FF00FF000005000008FE00000000040000FF00
(1307.012490) 0#57EA2A1001050410000000000000000000000000007200000000000000000000
(1307.012500) 0#BCAE630010FF07080000FF070000FF01C40A170040FF04FF0000000000000000
(1307.012510) 0#4E4263900A528C0A0000000000A5020000000000000000000000000000000000
(1307.012520) 0#BB1325FEF77F6400000000001E0C0200FFF33F0000000000FF07000000000000
(1307.012530) 0#28D1672B007F2E002B002B00007F2700460000401404FA0A0026009F00020000
(1307.012540) 0#F2476700109C806C400028000000075D0A0000000E020000FEBF2F8271000000
(1307.012550) 0#94835900000002000E80CE817D7E650037363032463700000000000000000000
(1307.012560) 0#82896E00000000000202000240FF00FF000005000008FE00000000040000FF00
(1307.012570) 0#4F30640010FF07080000FF070000FF01C40A170040FF04FF0000000000000000
(1307.012580) 0#4FC964880A52880A0000000000A4020000000000000000000000000000000000
(1307.012590) 0#97AE682B007F2E002B002B00007F2700460000401404FC0A0026009F00020000
(1307.012600) 0#5CB26800109C806C400027000000075F0A0000000E020000FEBF2F8271000000
(1307.012610) 0#72DB5A00000002000080D581767E650037363032463700000000000000000000
(1307.012620) 0#A67A280001000000000080808080000800000000100000000000000000000000
(1307.012630) 0#C4D06F00000000000202000240FF00FF000005000008FE00000000040000FF00
(1307.012640) 0#11B32B1001050410000000000000000000000000007200000000000000000000
(1307.012650) 0#A6E9B80000010000000001008000000000000000000000000000000000000000
(1307.012660) 0#0969650010FF07080000FF070000FF01C40A170040FF04FF0000000000000000
(1307.012670) 0#F21F65840A52840A0000000000A4020000000000000000000000000000000000
(1307.012680) 0#71F826FEF77F6400000000001E0C0200FFF33F0000000000FF07000000000000
(1307.012690) 0#3BF1692B007F2E002B002B00007F2700460000401404FE0A0026009F00020000
(1307.012700) 0#1AEB6900109C806C400027000000075F0A0000000E020000FEBF2F8271000000
(1307.012710) 0#496A5B00000002000B80CE816F7E650037363032463700000000000000000000
(1307.012720) 0#80607000000000000202000240FF00FF000005000008FE00000000040000FF00
(1307.012730) 0#C382660010FF07080000FF070000FF01C40A170040FF04FF0000000000000000
(1307.012740) 0#0E7766800A52800A0000000000A3020000000000000000000000000000000000
(1307.012750) 0#8D0C6A2B007F2E002B002B00007F2700460000401404F20A0026009F00020000
(1307.012760) 0#D0006A00109C806C400027000000075F0A0000000E020000FEBF2F8271000000
(1307.012770) 0#3F015C00000002000880C781767E650037363032463700000000000000000000
(1307.012780) 0#E023290001000000000080808080000800000000100000000000000000000000
(1307.012790) 0#C6397100000000000202000240FF00FF000005000008FE00000000040000FF00
(1307.012800) 0#E22D2C1001050410000000000000000000000000007200000000000000000000
