(1307.002810) 004A#1C8CDC00000002001080CE81767E650037363032463700000000000000000000
(1307.002820) 016A#7946E90001000000000080808080000800000000100000000000000000000000
(1307.002830) 0060#287FF100000000000202000240FF00FF000005000008FE00000000040000FF00
(1307.002840) 0145#7B48EC1001050410000000000000000000000000007200000000000000000000
(1307.002850) 0040#6B9DE70010FF07080000FF070000FF01C40A170040FF04FF0000000000000000
(1307.002860) 006A#0B22E7700A52700A00000000009F020000000000000000000000000000000000
(1307.002870) 01A0#AEC4E7FEF77F6400000000001E0C0200FFF33F0000000000FF07000000000000
(1307.002880) 00B5#14F5EB2B007F2E002C002C00007F2700460000401404FE0A0026009F00020000
(1307.002890) 0100#781FEB00109C806C400027000000075F0A0000000E020000FEBF2F8271000000
(1307.002900) 0260#5A6A32401B618D0000005D1C5B012C00000000000000402335D54017A0140000
(1307.002910) 004A#D908DD00000002000B80C781697E650037363032463700000000000000000000
(1307.002920) 0060#E294F200000000000202000240FF00FF000005000008FE00000000040000FF00
(1307.002930) 0040#EAE9E80010FF07080000FF070000FF01C40A170040FF04FF0000000000000000
(1307.002940) 006A#70A8E87C0A52740A0000000000A0020000000000000000000000000000000000
(1307.002950) 00B5#298DEC2B007F2E002C002C00007F2700460000401404000B0026009F00020000
(1307.002960) 0100#8B81EC00109C806C400027000000075F0A0000000E020000FEBF2F8271000000
(1307.002970) 004A#41BADE00000002000280D581627E650037363032463700000000000000000000
(1307.002980) 016A#B3ADEA0001000000000080808080000800000000100000000000000000000000
(1307.002990) 0060#A4CDF300000000000202000240FF00FF000005000008FE00000000040000FF00
(1307.003000) 0145#3D11ED1001050410000000000000000000000000007200000000000000000000
(1307.003010) 0040#ACB0E90010FF07080000FF070000FF01C40A170040FF04FF0000000000000000
(1307.003020) 006A#FC59E9840A527C0A0000000000A2020000000000000000000000000000000000
(1307.003030) 01A0#2FB0E8FEF77F6400000000001E0C0200FFF33F0000000000FF07000000000000
(1307.003040) 00B5#BBD9ED2B007F2E002C002C00007F2700460000401404040B0026009F00020000
(1307.003050) 0100#CDD8ED00109C806C400027000000075F0A0000000E020000FEBF2F8271000000
(1307.003060) 004A#0DADDF00000002000B80E2816F7E650037363032463700000000000000000000
(1307.003070) 0060#5753F400000000000202000240FF00FF000005000008FE00000000040000FF00
(1307.003080) 013A#9D75A20000010000000001008000000000000000000000000000000000000000
(1307.003090) 0040#665BEA0010FF07080000FF070000FF01C40A170040FF04FF0000000000000000
(1307.003100) 006A#4DB6EA840A52800A0000000000A3020000000000000000000000000000000000
(1307.003110) 00B5#351FEE2B007F2E002C002C00007F2700460000401404040B0025009F00020000
(1307.003120) 0100#0733EE00109C806C400027000000075F0A0000000E020000FEBF2F8271000000
(1307.003130) 004A#54B9E0000000020005809781847E650037363032463700000000000000000000
(1307.003140) 016A#F5F4EB0001000000000080808080000800000000100000000000000000000000
(1307.003150) 0060#110AF500000000000202000240FF00FF000005000008FE00000000040000FF00
(1307.003160) 0145#F7FAEE1001050410000000000000000000000000007200000000000000000000
(1307.003170) 0040#2002EB0010FF07080000FF070000FF01C40A170040FF04FF0000000000000000
(1307.003180) 006A#827CEB900A52880A0000000000A5020000000000000000000000000000000000
(1307.003190) 01A0#69E9E9FEF77F6400000000001E0C0200FFF33F0000000000FF07000000000000
(1307.003200) 00B5#42A0EF2B007F2E002B002B00007F2700460000401404080B0025009F00020000
(1307.003210) 0100#416AEF00109C806C400027000000075F0A0000000E020000FEBF2F8271000000
(1307.003220) 004A#9BF3E100000002000B80B981767E650037363032463700000000000000000000
(1307.003230) 0060#DBE1F600000000000202000240FF00FF000005000008FE00000000040000FF00
(1307.003240) 0040#D39CEC0010FF07080000FF070000FF01C40A170040FF04FF0000000000000000
(1307.003250) 006A#1A1EEC900A528C0A0000000000A6020000000000000000000000000000000000
(1307.003260) 00B5#AE0BF02B007F2E002B002B00007F2700460000401404000B0025009F00020000
(1307.003270) 0100#05DAF000109C806C400027000000075F0A0000000E020000FEBF2F8271000000
(1307.003280) 004A#0654E200000002000E80DB816F7E650037363032463700000000000000000000
(1307.003290) 016A#066AEC0001000000000080808080000800000000100000000000000000000000
(1307.003300) 0060#9DB8F700000000000202000240FF00FF000005000008FE00000000040000FF00
(1307.003310) 0145#B1A3EF1001050410000000000000000000000000007200000000000000000000
(1307.003320) 0040#95C5ED0010FF07080000FF070000FF01C40A170040FF04FF0000000000000000
(1307.003330) 006A#E894ED7C0A52840A0000000000A4020000000000000000000000000000000000
(1307.003340) 01A0#A302EAFEF77F6400000000001E0C0200FFF33F0000000000FF07000000000000
(1307.003350) 00B5#E852F12B007F2E002B002B00007F2700460000401404000B0025009F00020000
(1307.003360) 0100#5C2FF100109C806C400027000000075D0A0000000E020000FEBF2F8271000000
(1307.003370) 004A#F60DE300000002000580C0817D7E650037363032463700000000000000000000
(1307.003380) 0060#1CCCF800000000000202000240FF00FF000005000008FE00000000040000FF00
(1307.003390) 0040#5F2EEE0010FF07080000FF070000FF01C40A170040FF04FF0000000000000000
(1307.003400) 006A#F2E4EE7C0A52800A0000000000A3020000000000000000000000000000000000
(1307.003410) 00B5#9FA4F22B007F2E002C002C00007F2700460000401404F80A0025009F00020000
(1307.003420) 0100#96C4F200109C806C400027000000075D0A0000000E020000FEBF2F8271000000
(1307.003430) 004A#C9A8E400000002000080E281767E650037363032463700000000000000000000
(1307.003440) 016A#4033ED0001000000000080808080000800000000100000000000000000000000
(1307.003450) 0060#5A95F900000000000202000240FF00FF000005000008FE00000000040000FF00
(1307.003460) 0145#F513F01001050410000000000000000000000000007200000000000000000000
(1307.003470) 0040#1977EF0010FF07080000FF070000FF01C40A170040FF04FF0000000000000000
(1307.003480) 006A#AE39EF8C0A52840A0000000000A3020000000000000000000000000000000000
(1307.003490) 013A#DB2CA30000010000000001008000000000000000000000000000000000000000
(1307.003500) 01A0#E55BEBFEF77F6400000000001E0C0200FFF33F0000000000FF07000000000000
(1307.003510) 00B5#33FBF32B007F2E002C002C00007F2700460000401404FA0A0025009F00020000
(1307.003520) 0100#CF31F300109C806C400027000000075F0A0000000E020000FEBF2F8271000000
(1307.003530) 004A#A0EFE500000002000E80C081627E650037363032463700000000000000000000
(1307.003540) 0060#907EFA00000000000202000240FF00FF000005000008FE00000000040000FF00
(1307.003550) 0040#5DC7F00010FF07080000FF070000FF01C40A170040FF04FF0000000000000000
(1307.003560) 006A#096CF0900A52880A0000000000A4020000000000000000000000000000000000
(1307.003570) 00B5#C065F42B007F2E002C002C00007F2700460000401404FA0A0025009F00020000
(1307.003580) 0100#3CAFF400109C806C400027000000075F0A0000000E020000FEBF2F8271000000
(1307.003590) 004A#B035E600000002000880CE817D7E650037363032463700000000000000000000
(1307.003600) 016A#8AD8EE0001000000000080808080000800000000100000000000000000000000
(1307.003610) 0060#D627FB00000000000202000240FF00FF000005000008FE00000000040000FF00
(1307.003620) 0145#B34AF11001050410000000000000000000000000007200000000000000000000
(1307.003630) 0040#1B9EF10010FF07080000FF070000FF01C40A170040FF04FF0000000000000000
(1307.003640) 006A#1B67F1880A52880A0000000000A4020000000000000000000000000000000000
(1307.003650) 01A0#16C5ECFEF77F6400000000001E0C0200FFF33F0000000000FF07000000000000
(1307.003660) 00B5#863CF52B007F2E002C002C00007F2700460000401404FA0A0025009F00020000
(1307.003670) 0100#7AF6F500109C806C400027000000075F0A0000000E020000FEBF2F8271000000
(1307.003680) 0260#8B2633401B5E8D0000005D1C5B012C00000000000000402335D54017A0140000
(1307.003690) 004A#378AE700000002000580CE81767E650037363032463700000000000000000000
(1307.003700) 0060#25B9FC00000000000202000240FF00FF000005000008FE00000000040000FF00
(1307.003710) 0040#D175F20010FF07080000FF070000FF01C40A170040FF04FF0000000000000000
(1307.003720) 006A#AA0AF2840A52840A0000000000A3020000000000000000000000000000000000
(1307.003730) 00B5#00A0F62C007F2E002C002C00007F2700460000401404020B0025009F00020000
(1307.003740) 0100#B01DF600109C806C400027000000075F0A0000000E020000FEBF2F8271000000
(1307.003750) 004A#1AB1E800000002000B80D581917E650037363032463700000000000000000000
(1307.003760) 016A#CC81EF0001000000000080808080000800000000100000000000000000000000
(1307.003770) 0060#63E0FD00000000000202000240FF00FF000005000008FE00000000040000FF00
(1307.003780) 0145#79A1F21001050410000000000000000000000000007200000000000000000000
(1307.003790) 0040#972CF30010FF07080000FF070000FF01C40A170040FF04FF0000000000000000
(1307.003800) 006A#5AD9F3800A52800A0000000000A3020000000000000000000000000000000000
(1307.003810) 01A0#509CEDFEF77F6400000000001E0C0200FFF33F0000000000FF07000000000000
(1307.003820) 00B5#9D19F72C007F2E002B002B00007F27004600004014040C0B0025009F00020000
(1307.003830) 0100#F644F700109C806C400027000000075F0A0000000E020000FEBF2F8271000000
(1307.003840) 004A#A015E900000002000880B9817D7E650037363032463700000000000000000000
(1307.003850) 0060#A90BFE00000000000202000240FF00FF000005000008FE00000000040000FF00
(1307.003860) 0040#64B2F40010FF07080000FF070000FF01C40A170040FF04FF0000000000000000
(1307.003870) 006A#B5EDF4880A52840A0000000000A4020000000000000000000000000000000000
(1307.003880) 00B5#5840F82C007F2E002B002B00007F27004600004014040C0B0026009F00020000
(1307.003890) 0100#7730F800109C806C400027000000075F0A0000000E020000FEBF2F8271000000
(1307.003900) 004A#A1C8EA0000000200FE7FC0814D7E650037363032463700000000000000000000
(1307.003910) 016A#8831F00001000000000080808080000800000000100000000000000000000000
(1307.003920) 0060#EF52FF00000000000202000240FF00FF000005000008FE00000000040000FF00
(1307.003930) 0145#3FF8F31001050410000000000000000000000000007200000000000000000000
(1307.003940) 013A#28B2A40000010000000001008000000000000000000000000000000000000000
(1307.003950) 0040#22EBF50010FF07080000FF070000FF01C40A170040FF04FF0000000000000000
(1307.003960) 006A#F3B4F5880A52840A0000000000A4020000000000000000000000000000000000
(1307.003970) 01A0#9A77EEFEF77F6400000000001E0C0200FFF33F0000000000FF07000000000000
(1307.003980) 00B5#4885F92B007F2E002B002B00007F27004600004014040E0B0026009F00020000
(1307.003990) 0100#3169F900109C806C400027000000075F0A0000000E020000FEBF2F8271000000
(1307.004000) 004A#DC32EB00000002000080CE81627E650037363032463700000000000000000000
(1307.004010) 0060#991E0000000000000202000240FF00FF000005000008FE00000000040000FF00
(1307.004020) 0040#E800F60010FF07080000FF070000FF01C40A170040FF04FF0000000000000000
(1307.004030) 006A#1376F6840A52840A0000000000A4020000000000000000000000000000000000
(1307.004040) 00B5#826EFA2B007F2E002B002B00007F27004600004014040E0B0026009F00020000
(1307.004050) 0100#FB82FA00109C806C400027000000075F0A0000000E020000FEBF2F8271000000
(1307.004060) 004A#EB48EC00000002000E80CE81917E650037363032463700000000000000000000
(1307.004070) 016A#CE68F10001000000000080808080000800000000100000000000000000000000
(1307.004080) 0060#DF470100000000000202000240FF00FF000005000008FE00000000040000FF00
(1307.004090) 0145#CC66F41001050410000000000000000000000000007200000000000000000000
(1307.004100) 0040#AE59F70010FF07080000FF070000FF01C40A170040FF04FF0000000000000000
(1307.004110) 006A#81C3F7940A528C0A0000000000A6020000000000000000000000000000000000
(1307.004120) 01A0#DC2EEFFEF77F6400000000001E0C0200FFF33F0000000000FF07000000000000
(1307.004130) 00B5#C437FB2B007F2E002B002B00007F27004600004014040E0B0026009F00020000
(1307.004140) 0100#BDDBFB00109C806C400027000000075F0A0000000E020000FEBF2F8271000000
(1307.004150) 004A#AA25ED00000002000580E981697E650037363032463700000000000000000000
(1307.004160) 0060#15AC0200000000000202000240FF00FF000005000008FE00000000040000FF00
(1307.004170) 0040#2F2DF80010FF07080000FF070000FF01C40A170040FF04FF0000000000000000
(1307.004180) 006A#0F84F8980A52900A0000000000A7020000000000000000000000000000000000
(1307.004190) 00B5#37A9FC2B007F2E002B002B00007F27004600004014040E0B0026009F00020000
(1307.004200) 0100#51E9FC00109C806C400027000000075D0A0000000E020000FEBF2F8271000000
(1307.004210) 004A#7C2AEE00000002000280E981847E650037363032463700000000000000000000
(1307.004220) 016A#0483F20001000000000080808080000800000000100000000000000000000000
(1307.004230) 0060#53F50300000000000202000240FF00FF000005000008FE00000000040000FF00
(1307.004240) 0145#8A3FF51001050410000000000000000000000000007200000000000000000000
(1307.004250) 0040#6974F90010FF07080000FF070000FF01C40A170040FF04FF0000000000000000
(1307.004260) 006A#5ABAF9A00A52980A0000000000A8020000000000000000000000000000000000
(1307.004270) 01A0#989EF0FEF77F6400000000001E0C0200FFF33F0000000000FF07000000000000
(1307.004280) 00B5#A5FDFD2B007F2E002B002B00007F27004600004014040A0B0026009F00020000
(1307.004290) 0100#17B0FD00109C806C400027000000075D0A0000000E020000FEBF2F8271000000
(1307.004300) 004A#A27FEF00000002000E80DB81847E650037363032463700000000000000000000
(1307.004310) 0060#A06B0400000000000202000240FF00FF000005000008FE00000000040000FF00
(1307.004320) 0040#A39FFA0010FF07080000FF070000FF01C40A170040FF04FF0000000000000000
(1307.004330) 006A#3616FAA00A529C0A0000000000A9020000000000000000000000000000000000
(1307.004340) 00B5#2D0BFE2B007F2E002B002B00007F2700460000401404000B0026009F00020000
(1307.004350) 0100#DD5BFE00109C806C400027000000075D0A0000000E020000FEBF2F8271000000
(1307.004360) 004A#B944F000000002000E80DB817D7E650037363032463700000000000000000000
(1307.004370) 016A#42DAF30001000000000080808080000800000000100000000000000000000000
(1307.004380) 0060#E6320500000000000202000240FF00FF000005000008FE00000000040000FF00
(1307.004390) 0145#40D4F61001050410000000000000000000000000007200000000000000000000
(1307.004400) 013A#6EEBA50000010000000001008000000000000000000000000000000000000000
(1307.004410) 0040#E5C6FB0010FF07080000FF070000FF01C40A170040FF04FF0000000000000000
(1307.004420) 006A#ABD9FB880A52900A0000000000A6020000000000000000000000000000000000
(1307.004430) 01A0#DEC7F1FEF77F6400000000001E0C0200FFF33F0000000000FF07000000000000
(1307.004440) 00B5#6B52FF2B007F2E002B002B00007F2700460000401404000B0026009F00020000
(1307.004450) 0100#9B02FF00109C806C400027000000075D0A0000000E020000FEBF2F8271000000
(1307.004460) 0260#C4D534401B5E8E0000005D1C5B012C00000000000000402335D54017A0140000
(1307.004470) 004A#F3DFF100000002001380CE817D7E650037363032463700000000000000000000
(1307.004480) 0060#2CD90600000000000202000240FF00FF000005000008FE00000000040000FF00
(1307.004490) 0040#1658FC0010FF07080000FF070000FF01C40A170040FF04FF0000000000000000
(1307.004500) 006A#CA5DFC840A52880A0000000000A5020000000000000000000000000000000000
(1307.004510) 00B5#EDF3002B007F2E002B002B00007F2700460000401404F80A0026009F00020000
(1307.004520) 0100#ED4E0000109C806C400027000000075D0A0000000E020000FEBF2F8271000000
(1307.004530) 004A#2962F200000002000080C081987E650037363032463700000000000000000000
(1307.004540) 016A#B144F40001000000000080808080000800000000100000000000000000000000
(1307.004550) 0060#6A800700000000000202000240FF00FF000005000008FE00000000040000FF00
(1307.004560) 0145#068DF71001050410000000000000000000000000007200000000000000000000
(1307.004570) 0040#5001FD0010FF07080000FF070000FF01C40A170040FF04FF0000000000000000
(1307.004580) 006A#867DFD980A52900A0000000000A6020000000000000000000000000000000000
(1307.004590) 01A0#142CF2FEF77F6400000000001E0C0200FFF33F0000000000FF07000000000000
(1307.004600) 00B5#FCB1012B007F2E002C002C00007F2700460000401404020B0026009F00020000
(1307.004610) 0100#AB170100109C806C400027000000075D0A0000000E020000FEBF2F8271000000
(1307.004620) 004A#D752F300000002000280E2817D7E650037363032463700000000000000000000
(1307.004630) 0060#EBF40800000000000202000240FF00FF000005000008FE00000000040000FF00
(1307.004640) 0040#9AEAFE0010FF07080000FF070000FF01C40A170040FF04FF0000000000000000
(1307.004650) 006A#EAD1FE980A52940A0000000000A7020000000000000000000000000000000000
(1307.004660) 00B5#7BAA022B007F2E002B002B00007F2700460000401404020B0026009F00020000
(1307.004670) 0100#7E500200109C806C400027000000075F0A0000000E020000FEBF2F8271000000
(1307.004680) 004A#8BE9F400000002001380CE81697E650037363032463700000000000000000000
(1307.004690) 016A#F71DF50001000000000080808080000800000000100000000000000000000000
(1307.004700) 0060#ADAD0900000000000202000240FF00FF000005000008FE00000000040000FF00
(1307.004710) 0145#87F9F81001050410000000000000000000000000007200000000000000000000
(1307.004720) 0040#DCB3FF0010FF07080000FF070000FF01C40A170040FF04FF0000000000000000
(1307.004730) 006A#AC88FF980A52940A0000000000A7020000000000000000000000000000000000
(1307.004740) 01A0#5275F3FEF77F6400000000001E0C0200FFF33F0000000000FF07000000000000
(1307.004750) 00B5#E9FE032B007F2E002B002B00007F2700460000401404060B0026009F00020000
(1307.004760) 0100#38090300109C806C400027000000075F0A0000000E020000FEBF2F8271000000
(1307.004770) 004A#3CCCF500000002001380CE816F7E650037363032463700000000000000000000
(1307.004780) 0060#67460A00000000000202000240FF00FF000005000008FE00000000040000FF00
(1307.004790) 0040#AAFF000010FF07080000FF070000FF01C40A170040FF04FF0000000000000000
(1307.004800) 013A#A400A60000010000000001008000000000000000000000000000000000000000
(1307.004810) 006A#B0B200900A52900A0000000000A6020000000000000000000000000000000000
(1307.004820) 00B5#EA8D042B007F2E002B002B00007F2700460000401404FE0A0026009F00020000
(1307.004830) 0100#D43B0400109C806C400027000000075D0A0000000E020000FEBF2F8271000000
(1307.004840) 004A#9115F600000002001380B9817D7E650037363032463700000000000000000000
(1307.004850) 016A#3DF6F60001000000000080808080000800000000100000000000000000000000
(1307.004860) 0060#211F0B00000000000202000240FF00FF000005000008FE00000000040000FF00
(1307.004870) 0145#C1A0F91001050410000000000000000000000000007200000000000000000000
(1307.004880) 0040#ECA6010010FF07080000FF070000FF01C40A170040FF04FF0000000000000000
(1307.004890) 006A#AC00018C0A528C0A0000000000A5020000000000000000000000000000000000
(1307.004900) 01A0#A1EBF4FEF77F6400000000001E0C0200FFF33F0000000000FF07000000000000
(1307.004910) 00B5#78D9052B007F2E002B002B00007F2700460000401404FA0A0026009F00020000
(1307.004920) 0100#92620500109C806C400027000000075D0A0000000E020000FEBF2F8271000000
(1307.004930) 004A#0E4AF700000002000E80AC818B7E650037363032463700000000000000000000
(1307.004940) 0060#D2810C00000000000202000240FF00FF000005000008FE00000000040000FF00
(1307.004950) 0040#264D020010FF07080000FF070000FF01C40A170040FF04FF0000000000000000
(1307.004960) 006A#DA1802940A52900A0000000000A6020000000000000000000000000000000000
(1307.004970) 00B5#FFC2062B007F2E002C002C00007F2700460000401404FA0A0026009F00020000
(1307.004980) 0100#58890600109C806C400027000000075D0A0000000E020000FEBF2F8271000000
(1307.004990) 004A#88E8F800000002000580D581847E650037363032463700000000000000000000
(1307.005000) 016A#7BAFF70001000000000080808080000800000000100000000000000000000000
(1307.005010) 0060#94D80D00000000000202000240FF00FF000005000008FE00000000040000FF00
(1307.005020) 0145#0B4BFA1001050410000000000000000000000000007200000000000000000000
(1307.005030) 0040#6014030010FF07080000FF070000FF01C40A170040FF04FF0000000000000000
(1307.005040) 006A#C6AA03880A528C0A0000000000A5020000000000000000000000000000000000
(1307.005050) 01A0#E7B2F5FEF77F6400000000001E0C0200FFF33F0000000000FF07000000000000
(1307.005060) 00B5#2066072B007F2E002B002B00007F2700460000401404FE0A0026009F00020000
(1307.005070) 0100#1ED00700109C806C400027000000075D0A0000000E020000FEBF2F8271000000
(1307.005080) 004A#B31DF900000002000B80C0816F7E650037363032463700000000000000000000
(1307.005090) 0060#5E330E00000000000202000240FF00FF000005000008FE00000000040000FF00
(1307.005100) 0040#938A040010FF07080000FF070000FF01C40A170040FF04FF0000000000000000
(1307.005110) 006A#B95A04840A52880A0000000000A4020000000000000000000000000000000000
(1307.005120) 00B5#6FF4082B007F2E002B002B00007F2700460000401404000B0026009F00020000
(1307.005130) 0100#9FA40800109C806C400027000000075D0A0000000E020000FEBF2F8271000000
(1307.005140) 004A#8F59FA00000002000E80E281697E650037363032463700000000000000000000
(1307.005150) 016A#FADBF80001000000000080808080000800000000100000000000000000000000
(1307.005160) 0060#186A0F00000000000202000240FF00FF000005000008FE00000000040000FF00
(1307.005170) 0145#4D12FB1001050410000000000000000000000000007200000000000000000000
(1307.005180) 013A#E259A70000010000000001008000000000000000000000000000000000000000
(1307.005190) 0040#D5D3050010FF07080000FF070000FF01C40A170040FF04FF0000000000000000
(1307.005200) 006A#273F05900A528C0A0000000000A5020000000000000000000000000000000000
(1307.005210) 01A0#2D59F6FEF77F6400000000001E0C0200FFF33F0000000000FF07000000000000
(1307.005220) 00B5#29AD092B007F2E002B002B00007F2700460000401404000B0026009F00020000
(1307.005230) 0100#D9FD0900109C806C400027000000075D0A0000000E020000FEBF2F8271000000
(1307.005240) 0260#828C35401B5E8E0000005D1C5B012C00000000000000402335D54017A0140000
(1307.005250) 004A#AD60FB00000002000E80E981847E650037363032463700000000000000000000
(1307.005260) 0060#5CDA1000000000000202000240FF00FF000005000008FE00000000040000FF00
(1307.005270) 0040#1F38060010FF07080000FF070000FF01C40A170040FF04FF0000000000000000
(1307.005280) 006A#E36D06940A52900A0000000000A6020000000000000000000000000000000000
(1307.005290) 00B5#B45D0A2B007F2E002C002C00007F2700460000401404FA0A0026009F00020000
(1307.005300) 0100#13160A00109C806C400027000000075D0A0000000E020000FEBF2F8271000000
(1307.005310) 004A#91A8FC00000002001380D5817D7E650037363032463700000000000000000000
(1307.005320) 016A#BC82F90001000000000080808080000800000000100000000000000000000000
(1307.005330) 0060#1A831100000000000202000240FF00FF000005000008FE00000000040000FF00
(1307.005340) 0145#BE8CFC1001050410000000000000000000000000007200000000000000000000
(1307.005350) 0040#5961070010FF07080000FF070000FF01C40A170040FF04FF0000000000000000
(1307.005360) 006A#295A07980A52940A0000000000A7020000000000000000000000000000000000
(1307.005370) 01A0#6B00F7FEF77F6400000000001E0C0200FFF33F0000000000FF07000000000000
(1307.005380) 00B5#8E120B2B007F2E002C002C00007F2700460000401404F60A0026009F00020000
(1307.005390) 0100#554F0B00109C806C400027000000075D0A0000000E020000FEBF2F8271000000
(1307.005400) 004A#6D33FD00000002000580DB816F7E650037363032463700000000000000000000
(1307.005410) 0060#D0681200000000000202000240FF00FF000005000008FE00000000040000FF00
(1307.005420) 0040#D815080010FF07080000FF070000FF01C40A170040FF04FF0000000000000000
(1307.005430) 006A#6956089C0A52980A0000000000A8020000000000000000000000000000000000
(1307.005440) 00B5#7D8C0C2B007F2E002C002C00007F2700460000401404F60A0026009F00020000
(1307.005450) 0100#A6D10C00109C806C400027000000075D0A0000000E020000FEBF2F8271000000
(1307.005460) 004A#E7BEFE00000002000E80C0816F7E650037363032463700000000000000000000
(1307.005470) 016A#7669FA0001000000000080808080000800000000100000000000000000000000
(1307.005480) 0060#96311300000000000202000240FF00FF000005000008FE00000000040000FF00
(1307.005490) 0145#F8D5FD1001050410000000000000000000000000007200000000000000000000
(1307.005500) 0040#9E4C090010FF07080000FF070000FF01C40A170040FF04FF0000000000000000
(1307.005510) 006A#364B098C0A52900A0000000000A6020000000000000000000000000000000000
(1307.005520) 01A0#EA74F8FEF77F6400000000001E0C0200FFF33F0000000000FF07000000000000
(1307.005530) 00B5#FB590D2C007F2E002C002C00007F2700460000401404FA0A0026009F00020000
(1307.005540) 0100#FF240D00109C806C400027000000075F0A0000000E020000FEBF2F8271000000
(1307.005550) 004A#649BFF00000002000E80CE817D7E650037363032463700000000000000000000
(1307.005560) 0060#65AF1400000000000202000240FF00FF000005000008FE00000000040000FF00
(1307.005570) 0040#54A70A0010FF07080000FF070000FF01C40A170040FF04FF0000000000000000
(1307.005580) 006A#7E770A840A52880A0000000000A4020000000000000000000000000000000000
(1307.005590) 00B5#0FB90E2C007F2E002C002C00007F2700460000401404FC0A0026009F00020000
(1307.005600) 0100#35CF0E00109C806C400027000000075F0A0000000E020000FEBF2F8271000000
(1307.005610) 004A#763A0000000002000E80E981767E650037363032463700000000000000000000
(1307.005620) 016A#3030FB0001000000000080808080000800000000100000000000000000000000
(1307.005630) 0060#23F61500000000000202000240FF00FF000005000008FE00000000040000FF00
(1307.005640) 0145#323EFE1001050410000000000000000000000000007200000000000000000000
(1307.005650) 0040#12FE0B0010FF07080000FF070000FF01C40A170040FF04FF0000000000000000
(1307.005660) 006A#F41F0B8C0A52880A0000000000A4020000000000000000000000000000000000
(1307.005670) 01A0#AC2DF9FEF77F6400000000001E0C0200FFF33F0000000000FF07000000000000
(1307.005680) 00B5#EE160F2C007F2E002B002B00007F2700460000401404FE0A0026009F00020000
(1307.005690) 0100#73960F00109C806C400027000000075F0A0000000E020000FEBF2F8271000000
(1307.005700) 004A#67300100000002000280E281767E650037363032463700000000000000000000
(1307.005710) 0060#E91D1600000000000202000240FF00FF000005000008FE00000000040000FF00
(1307.005720) 0040#E1600C0010FF07080000FF070000FF01C40A170040FF04FF0000000000000000
(1307.005730) 006A#371C0C980A52900A0000000000A6020000000000000000000000000000000000
(1307.005740) 013A#632DA80000010000000001008000000000000000000000000000000000000000
(1307.005750) 00B5#163C102B007F2E002B002B00007F2700460000401404FE0A0026009F00020000
(1307.005760) 0100#288A1000109C806C400027000000075D0A0000000E020000FEBF2F8271000000
(1307.005770) 004A#0D350200000002000280C081767E650037363032463700000000000000000000
(1307.005780) 016A#C3AEFC0001000000000080808080000800000000100000000000000000000000
(1307.005790) 0060#AF441700000000000202000240FF00FF000005000008FE00000000040000FF00
(1307.005800) 0145#7467FF1001050410000000000000000000000000007200000000000000000000
(1307.005810) 0040#A7390D0010FF07080000FF070000FF01C40A170040FF04FF0000000000000000
(1307.005820) 006A#D7020D980A52940A0000000000A7020000000000000000000000000000000000
(1307.005830) 01A0#66C6FAFEF77F6400000000001E0C0200FFF33F0000000000FF07000000000000
(1307.005840) 00B5#7485112B007F2E002B002B00007F2700460000401404020B0026009F00020000
(1307.005850) 0100#6ED31100109C806C400027000000075D0A0000000E020000FEBF2F8271000000
(1307.005860) 004A#35C20300000002000080C781847E650037363032463700000000000000000000
(1307.005870) 0060#2E301800000000000202000240FF00FF000005000008FE00000000040000FF00
(1307.005880) 0040#6DD20E0010FF07080000FF070000FF01C40A170040FF04FF0000000000000000
(1307.005890) 006A#CB6C0E880A528C0A0000000000A5020000000000000000000000000000000000
(1307.005900) 00B5#6A63122B007F2E002B002B00007F2700460000401404060B0026009F00020000
(1307.005910) 0100#A4381200109C806C400027000000075D0A0000000E020000FEBF2F8271000000
(1307.005920) 004A#5BFE0400000002000580CE81847E650037363032463700000000000000000000
(1307.005930) 016A#85F7FD0001000000000080808080000800000000100000000000000000000000
(1307.005940) 0060#68691900000000000202000240FF00FF000005000008FE00000000040000FF00
(1307.005950) 0145#022B001001050410000000000000000000000000007200000000000000000000
(1307.005960) 0040#2B8B0F0010FF07080000FF070000FF01C40A170040FF04FF0000000000000000
(1307.005970) 006A#DDA70F880A52880A0000000000A5020000000000000000000000000000000000
(1307.005980) 01A0#209FFBFEF77F6400000000001E0C0200FFF33F0000000000FF07000000000000
(1307.005990) 00B5#2C3A132B007F2E002B002B00007F2700460000401404060B0026009F00020000
(1307.006000) 0100#FDCD1300109C806C400027000000075F0A0000000E020000FEBF2F8271000000
(1307.006010) 0260#436636401B5D8E0000005D1C5B012C00000000000000402335D54017A0140000
(1307.006020) 004A#69E80500000002000280D5817D7E650037363032463700000000000000000000
(1307.006030) 0060#A2821A00000000000202000240FF00FF000005000008FE00000000040000FF00
(1307.006040) 0040#6F3B100010FF07080000FF070000FF01C40A170040FF04FF0000000000000000
(1307.006050) 006A#A6B910900A528C0A0000000000A6020000000000000000000000000000000000
(1307.006060) 00B5#DFA4142B007F2E002B002B00007F2700460000401404060B0026009F00020000
(1307.006070) 0100#0E531400109C806C400027000000075F0A0000000E020000FEBF2F8271000000
(1307.006080) 004A#684F0600000002000E80F7817D7E650037363032463700000000000000000000
(1307.006090) 016A#4F1CFE0001000000000080808080000800000000100000000000000000000000
(1307.006100) 0060#E4DB1B00000000000202000240FF00FF000005000008FE00000000040000FF00
(1307.006110) 0145#4472011001050410000000000000000000000000007200000000000000000000
(1307.006120) 013A#2574A90000010000000001008000000000000000000000000000000000000000
(1307.006130) 0040#2962110010FF07080000FF070000FF01C40A170040FF04FF0000000000000000
(1307.006140) 006A#F56711840A52880A0000000000A5020000000000000000000000000000000000
(1307.006150) 01A0#D301FCFEF77F6400000000001E0C0200FFF33F0000000000FF07000000000000
(1307.006160) 00B5#571B152B007F2E002B002B00007F2700460000401404F80A0026009F00020000
(1307.006170) 0100#480A1500109C806C400027000000075F0A0000000E020000FEBF2F8271000000
(1307.006180) 004A#66810700000002000580E981697E650037363032463700000000000000000000
(1307.006190) 0060#17451C00000000000202000240FF00FF000005000008FE00000000040000FF00
(1307.006200) 0040#E389120010FF07080000FF070000FF01C40A170040FF04FF0000000000000000
(1307.006210) 006A#7EEE12800A52840A0000000000A3020000000000000000000000000000000000
(1307.006220) 00B5#543A162B007F2E002C002C00007F2700460000401404EC0A0026009F00020000
(1307.006230) 0100#9D4D1600109C806C400027000000075D0A0000000E020000FEBF2F8271000000
(1307.006240) 004A#63590800000002000B80D581767E650037363032463700000000000000000000
(1307.006250) 016A#0945FF0001000000000080808080000800000000100000000000000000000000
(1307.006260) 0060#511C1D00000000000202000240FF00FF000005000008FE00000000040000FF00
(1307.006270) 0145#8E99021001050410000000000000000000000000007200000000000000000000
(1307.006280) 0040#0220130010FF07080000FF070000FF01C00A170040FF04FF0000000000000000
(1307.006290) 006A#4331138C0A52880A0000000000A4020000000000000000000000000000000000
(1307.006300) 01A0#9558FDFEF77F6400000000001E0C0200FFF33F0000000000FF07000000000000
(1307.006310) 00B5#1263172B007F2E002C002C00007F2700460000401404EC0A0026009F00020000
(1307.006320) 0100#DB141700109C806C400027000000075D0A0000000E020000FEBF2F8271000000
(1307.006330) 004A#61180900000002000580D581697E650037363032463700000000000000000000
(1307.006340) 0060#9BF71E00000000000202000240FF00FF000005000008FE00000000040000FF00
(1307.006350) 0040#F1BE140010FF07080000FF070000FF01C00A170040FF04FF0000000000000000
(1307.006360) 006A#A4A214900A528C0A0000000000A5020000000000000000000000000000000000
(1307.006370) 00B5#6B3B182B007F2E002C002C00007F2700460000401404F40A0026009F00020000
(1307.006380) 0100#E6411800109C806C400027000000075F0A0000000D020000FEBF2F8271000000
(1307.006390) 004A#CE4C0A00000002000880CE81697E650037363032463700000000000000000000
(1307.006400) 016A#7F09000001000000000080808080000800000000100000000000000000000000
(1307.006410) 0060#DDAE1F00000000000202000240FF00FF000005000008FE00000000040000FF00
(1307.006420) 0145#C8C0031001050410000000000000000000000000007200000000000000000000
(1307.006430) 0040#1017150010FF07080000FF070000FF01C40A170040FF04FF0000000000000000
(1307.006440) 006A#E2FB15900A528C0A0000000000A5020000000000000000000000000000000000
(1307.006450) 01A0#5FB3FEFEF77F6400000000001E0C0200FFF33F0000000000FF07000000000000
(1307.006460) 00B5#8579192B007F2E002C002C00007F2700460000401404FC0A0026009F00020000
(1307.006470) 0100#A0181900109C806C400027000000075F0A0000000D020000FEBF2F8271000000
(1307.006480) 004A#BF350B00000002000880D581847E650037363032463700000000000000000000
(1307.006490) 0060#32872000000000000202000240FF00FF000005000008FE00000000040000FF00
(1307.006500) 0040#DAFC160010FF07080000FF070000FF01C40A170040FF04FF0000000000000000
(1307.006510) 006A#0C8016980A52900A0000000000A6020000000000000000000000000000000000
(1307.006520) 00B5#4F921A2B007F2E002C002C00007F2700460000401404FC0A0026009F00020000
(1307.006530) 0100#6AF31A00109C806C400027000000075F0A0000000D020000FEBF2F8271000000
(1307.006540) 004A#7FB10C00000002000880DB81847E650037363032463700000000000000000000
(1307.006550) 016A#3950010001000000000080808080000800000000100000000000000000000000
(1307.006560) 0060#74DE2100000000000202000240FF00FF000005000008FE00000000040000FF00
(1307.006570) 0145#3B5E041001050410000000000000000000000000007200000000000000000000
(1307.006580) 0040#9CA5170010FF07080000FF070000FF01C40A170040FF04FF0000000000000000
(1307.006590) 006A#EC9E17980A52940A0000000000A7020000000000000000000000000000000000
(1307.006600) 013A#EF9FAA0000010000000001008000000000000000000000000000000000000000
(1307.006610) 01A0#19EAFFFEF77F6400000000001E0C0200FFF33F0000000000FF07000000000000
(1307.006620) 00B5#DDC61B2B007F2E002C002C00007F2700460000401404F80A0026009F00020000
(1307.006630) 0100#2CAA1B00109C806C400027000000075F0A0000000D020000FEBF2F8271000000
(1307.006640) 004A#F8130D00000002000580C081987E650037363032463700000000000000000000
(1307.006650) 0060#BE352200000000000202000240FF00FF000005000008FE00000000040000FF00
(1307.006660) 0040#1DD1180010FF07080000FF070000FF01C40A170040FF04FF0000000000000000
(1307.006670) 006A#D11918800A52880A0000000000A4020000000000000000000000000000000000
(1307.006680) 00B5#524E1C2B007F2E002C002C00007F2700460000401404F40A0026009F00020000
(1307.006690) 0100#7CB91C00109C806C400027000000075F0A0000000E020000FEBF2F8271000000
(1307.006700) 004A#95370E00000002000880C781847E650037363032463700000000000000000000
(1307.006710) 016A#F3BB020001000000000080808080000800000000100000000000000000000000
(1307.006720) 0060#F86C2300000000000202000240FF00FF000005000008FE00000000040000FF00
(1307.006730) 0145#7D07051001050410000000000000000000000000007200000000000000000000
(1307.006740) 0040#5B88190010FF07080000FF070000FF01C40A170040FF04FF0000000000000000
(1307.006750) 006A#C6EF19800A52840A0000000000A3020000000000000000000000000000000000
(1307.006760) 01A0#6FA600FEF77F6400000000001E0C0200FFF33F0000000000FF07000000000000
(1307.006770) 00B5#14171D2B007F2E002C002C00007F2700460000401404F40A0026009F00020000
(1307.006780) 0100#3AE01D00109C806C400027000000075F0A0000000E020000FEBF2F8271000000
(1307.006790) 0260#54A337401B5F8D0000005D1C5B012C00000000000000402335D54017A0140000
(1307.006800) 004A#63660F0000000200FB7FE981847E650037363032463700000000000000000000
(1307.006810) 0060#0BF22400000000000202000240FF00FF000005000008FE00000000040000FF00
(1307.006820) 0040#91631A0010FF07080000FF070000FF01C40A170040FF04FF0000000000000000
(1307.006830) 006A#C5C81A900A52880A0000000000A4020000000000000000000000000000000000
(1307.006840) 00B5#F4761E2C007F2E002C002C00007F2700460000401404FA0A0026009F00020000
(1307.006850) 0100#F00B1E00109C806C400027000000075F0A0000000E020000FEBF2F8271000000
(1307.006860) 004A#9D7B1000000002000880D5817D7E650037363032463700000000000000000000
(1307.006870) 016A#B5E2030001000000000080808080000800000000100000000000000000000000
(1307.006880) 0060#4DAB2500000000000202000240FF00FF000005000008FE00000000040000FF00
(1307.006890) 0145#B7EC061001050410000000000000000000000000007200000000000000000000
(1307.006900) 0040#D73A1B0010FF07080000FF070000FF01C40A170040FF04FF0000000000000000
(1307.006910) 006A#C3CE1B940A528C0A0000000000A5020000000000000000000000000000000000
(1307.006920) 01A0#29FF01FEF77F6400000000001E0C0200FFF33F0000000000FF07000000000000
(1307.006930) 00B5#8C241F2C007F2E002C002C00007F2700460000401404FC0A0026009F00020000
(1307.006940) 0100#15DF1F00109C806C400027000000075F0A0000000D020000FEBF2F8271000000
(1307.006950) 004A#529A1100000002000B80E981767E650037363032463700000000000000000000
(1307.006960) 0060#87402600000000000202000240FF00FF000005000008FE00000000040000FF00
(1307.006970) 013A#A9C6AB0000010000000001008000000000000000000000000000000000000000
(1307.006980) 0040#24A41C0010FF07080000FF070000FF01C40A170040FF04FF0000000000000000
(1307.006990) 006A#245D1C880A52880A0000000000A4020000000000000000000000000000000000
(1307.007000) 00B5#192B202C007F2E002C002C00007F2700460000401404FA0A0025009F00020000
(1307.007010) 0100#FAF62000109C806C400027000000075F0A0000000D020000FEBF2F8271000000
(1307.007020) 004A#734A1200000002000880F081767E650037363032463700000000000000000000
(1307.007030) 016A#467C040001000000000080808080000800000000100000000000000000000000
(1307.007040) 0060#C1192700000000000202000240FF00FF000005000008FE00000000040000FF00
(1307.007050) 0145#F1B5071001050410000000000000000000000000007200000000000000000000
(1307.007060) 0040#62FD1D0010FF07080000FF070000FF01C40A170040FF04FF0000000000000000
(1307.007070) 006A#19821D840A52840A0000000000A3020000000000000000000000000000000000
(1307.007080) 01A0#E31402FEF77F6400000000001E0C0200FFF33F0000000000FF07000000000000
(1307.007090) 00B5#E3E8212B007F2E002C002C00007F2700460000401404FA0A0025009F00020000
(1307.007100) 0100#8C822100109C806C400028000000075F0A0000000D020000FEBF2F8271000000
(1307.007110) 004A#1ED81300000002000E80DB81847E650037363032463700000000000000000000
(1307.007120) 0060#406D2800000000000202000240FF00FF000005000008FE00000000040000FF00
(1307.007130) 0040#A8161E0010FF07080000FF070000FF01C40A170040FF04FF0000000000000000
(1307.007140) 006A#65E31E800A52800A0000000000A3020000000000000000000000000000000000
(1307.007150) 00B5#C305222B007F2E002C002C00007F2700460000401404F80A0025009F00020000
(1307.007160) 0100#D5C92200109C806C400027000000075F0A0000000E020000FEBF2F8271000000
(1307.007170) 004A#B4DA1400000002000E80B981767E650037363032463700000000000000000000
(1307.007180) 016A#0025050001000000000080808080000800000000100000000000000000000000
(1307.007190) 0060#06342900000000000202000240FF00FF000005000008FE00000000040000FF00
(1307.007200) 0145#70C1081001050410000000000000000000000000007200000000000000000000
(1307.007210) 0040#EE4F1F0010FF07080000FF070000FF01C40A170040FF04FF0000000000000000
(1307.007220) 006A#23BA1F800A52800A0000000000A3020000000000000000000000000000000000
(1307.007230) 01A0#A54D03FEF77F6400000000001E0C0200FFF33F0000000000FF07000000000000
(1307.007240) 00B5#F94A232B007F2E002C002C00007F2700460000401404F40A0025009F00020000
(1307.007250) 0100#93902300109C806C400027000000075F0A0000000E020000FEBF2F8271000000
(1307.007260) 004A#D3391500000002001980C781847E650037363032463700000000000000000000
(1307.007270) 0060#CCDF2A00000000000202000240FF00FF000005000008FE00000000040000FF00
(1307.007280) 0040#0166200010FF07080000FF070000FF01C40A170040FF04FF0000000000000000
(1307.007290) 006A#D7A8207C0A527C0A0000000000A2020000000000000000000000000000000000
(1307.007300) 00B5#B64E242C007F2E002C002C00007F2700460000401404F40A0025009F00020000
(1307.007310) 0100#600E2400109C806C400027000000075F0A0000000E020000FEBF2F8271000000
(1307.007320) 004A#A0FD1600000002000B80C781847E650037363032463700000000000000000000
(1307.007330) 016A#CACE060001000000000080808080000800000000100000000000000000000000
(1307.007340) 0060#8A862B00000000000202000240FF00FF000005000008FE00000000040000FF00
(1307.007350) 0145#3698091001050410000000000000000000000000007200000000000000000000
(1307.007360) 0040#473F210010FF07080000FF070000FF01C40A170040FF04FF0000000000000000
(1307.007370) 006A#1C1521780A52780A0000000000A1020000000000000000000000000000000000
(1307.007380) 01A0#56D304FEF77F6400000000001E0C0200FFF33F0000000000FF07000000000000
(1307.007390) 00B5#241A252C007F2E002C002C00007F2700460000401404F00A0025009F00020000
(1307.007400) 0100#26572500109C806C400027000000075F0A0000000E020000FEBF2F8271000000
(1307.007410) 004A#6FB71700000002000580E981767E650037363032463700000000000000000000
(1307.007420) 0060#79182C00000000000202000240FF00FF000005000008FE00000000040000FF00
(1307.007430) 013A#5A58AC0000010000000001008000000000000000000000000000000000000000
(1307.007440) 0040#8DD4220010FF07080000FF070000FF01C40A170040FF04FF0000000000000000
(1307.007450) 006A#E65322840A527C0A0000000000A1020000000000000000000000000000000000
(1307.007460) 00B5#EEF1262C007F2E002C002C00007F2700460000401404F00A0025009F00020000
(1307.007470) 0100#ECBC2600109C806C400027000000075F0A0000000E020000FEBF2F8271000000
(1307.007480) 004A#19131800000002000080C081697E650037363032463700000000000000000000
(1307.007490) 016A#8C97070001000000000080808080000800000000100000000000000000000000
(1307.007500) 0060#3F412D00000000000202000240FF00FF000005000008FE00000000040000FF00
(1307.007510) 0145#FC730A1001050410000000000000000000000000007200000000000000000000
(1307.007520) 0040#CB8D230010FF07080000FF070000FF01C40A170040FF04FF0000000000000000
(1307.007530) 006A#3C9C23880A52800A0000000000A2020000000000000000000000000000000000
(1307.007540) 01A0#108A05FEF77F6400000000001E0C0200FFF33F0000000000FF07000000000000
(1307.007550) 00B5#1432272B007F2E002C002C00007F2700460000401404F00A0025009F00020000
(1307.007560) 0100#AAE52700109C806C400027000000075F0A0000000E020000FEBF2F8271000000
(1307.007570) 0260#332738401B5E8D0000005D1C5B012C00000000000000402335D54017A0140000
(1307.007580) 004A#572D1900000002000880B9817D7E650037363032463700000000000000000000
(1307.007590) 0060#F5AA2E00000000000202000240FF00FF000005000008FE00000000040000FF00
(1307.007600) 0040#3813240010FF07080000FF070000FF01C40A170040FF04FF0000000000000000
(1307.007610) 006A#6CB824900A52880A0000000000A4020000000000000000000000000000000000
(1307.007620) 00B5#7F40282B007F2E002C002C00007F2700460000401404F20A0025009F00020000
(1307.007630) 0100#881C2800109C806C400027000000075F0A0000000D020000FEBF2F8271000000
(1307.007640) 004A#51F71A00000002000280F0818B7E650037363032463700000000000000000000
(1307.007650) 016A#0DE3080001000000000080808080000800000000100000000000000000000000
(1307.007660) 0060#B3F32F00000000000202000240FF00FF000005000008FE00000000040000FF00
(1307.007670) 0145#BA2A0B1001050410000000000000000000000000007200000000000000000000
(1307.007680) 0040#7E4A250010FF07080000FF070000FF01C40A170040FF04FF0000000000000000
(1307.007690) 006A#8CA625900A528C0A0000000000A5020000000000000000000000000000000000
(1307.007700) 01A0#DA6106FEF77F6400000000001E0C0200FFF33F0000000000FF07000000000000
(1307.007710) 00B5#BB88292C007F2E002C002C00007F2700460000401404F40A0025009F00020000
(1307.007720) 0100#CE452900109C806C400027000000075F0A0000000D020000FEBF2F8271000000
(1307.007730) 004A#1A791B00000002000580B981767E650037363032463700000000000000000000
(1307.007740) 0060#F7433000000000000202000240FF00FF000005000008FE00000000040000FF00
(1307.007750) 0040#B4A1260010FF07080000FF070000FF01C40A170040FF04FF0000000000000000
(1307.007760) 006A#09A626780A52800A0000000000A2020000000000000000000000000000000000
(1307.007770) 00B5#0D752A2C007F2E002C002C00007F2700460000401404F80A0025009F00020000
(1307.007780) 0100#04AE2A00109C806C400027000000075F0A0000000D020000FEBF2F8271000000
(1307.007790) 004A#E9E71C00000002000580B981767E650037363032463700000000000000000000
(1307.007800) 016A#4BBA090001000000000080808080000800000000100000000000000000000000
(1307.007810) 0060#B11A3100000000000202000240FF00FF000005000008FE00000000040000FF00
(1307.007820) 0145#49B40C1001050410000000000000000000000000007200000000000000000000
(1307.007830) 0040#F2F8270010FF07080000FF070000FF01C40A170040FF04FF0000000000000000
(1307.007840) 006A#C22E27780A527C0A0000000000A2020000000000000000000000000000000000
(1307.007850) 013A#1C01AD0000010000000001008000000000000000000000000000000000000000
(1307.007860) 01A0#9C3807FEF77F6400000000001E0C0200FFF33F0000000000FF07000000000000
(1307.007870) 00B5#4B2C2B2C007F2E002C002C00007F2700460000401404F80A0025009F00020000
(1307.007880) 0100#42F72B00109C806C400027000000075F0A0000000D020000FEBF2F8271000000
(1307.007890) 004A#3EAE1D00000002000080C081847E650037363032463700000000000000000000
(1307.007900) 0060#7BF13200000000000202000240FF00FF000005000008FE00000000040000FF00
(1307.007910) 0040#738C280010FF07080000FF070000FF01C40A170040FF04FF0000000000000000
(1307.007920) 006A#724828880A52800A0000000000A3020000000000000000000000000000000000
(1307.007930) 00B5#04282C2B007F2E002C002C00007F2700460000401404F80A0025009F00020000
(1307.007940) 0100#12E42C00109C806C400027000000075F0A0000000E020000FEBF2F8271000000
(1307.007950) 004A#A4B31E00000002000880B9817D7E650037363032463700000000000000000000
(1307.007960) 016A#81510A0001000000000080808080000800000000100000000000000000000000
(1307.007970) 0060#3DA83300000000000202000240FF00FF000005000008FE00000000040000FF00
(1307.007980) 0145#0FED0D1001050410000000000000000000000000007200000000000000000000
(1307.007990) 0040#35D5290010FF07080000FF070000FF01C40A170040FF04FF0000000000000000
(1307.008000) 006A#829B298C0A52840A0000000000A3020000000000000000000000000000000000
(1307.008010) 01A0#1D4C08FEF77F6400000000001E0C0200FFF33F0000000000FF07000000000000
(1307.008020) 00B5#A8772D2B007F2E002C002C00007F2700460000401404FA0A0025009F00020000
(1307.008030) 0100#F7302D00109C806C400027000000075F0A0000000D020000FEBF2F8271000000
(1307.008040) 004A#8B4C1F00000002000880C081767E650037363032463700000000000000000000
(1307.008050) 0060#CE363400000000000202000240FF00FF000005000008FE00000000040000FF00
(1307.008060) 0040#FF3E2A0010FF07080000FF070000FF01C40A170040FF04FF0000000000000000
(1307.008070) 006A#19DF2A8C0A52880A0000000000A4020000000000000000000000000000000000
(1307.008080) 00B5#629C2E2B007F2E002C002C00007F2700460000401404FA0A0025009F00020000
(1307.008090) 0100#9E562E00109C806C400027000000075F0A0000000E020000FEBF2F8271000000
(1307.008100) 004A#46022000000002000280E281697E650037363032463700000000000000000000
(1307.008110) 016A#C7080B0001000000000080808080000800000000100000000000000000000000
(1307.008120) 0060#886F3500000000000202000240FF00FF000005000008FE00000000040000FF00
(1307.008130) 0145#C5060E1001050410000000000000000000000000007200000000000000000000
(1307.008140) 0040#B9672B0010FF07080000FF070000FF01C40A170040FF04FF0000000000000000
(1307.008150) 006A#C2182B840A52840A0000000000A3020000000000000000000000000000000000
(1307.008160) 01A0#5B1509FEF77F6400000000001E0C0200FFF33F0000000000FF07000000000000
(1307.008170) 00B5#A7D32F2B007F2E002B002B00007F2700460000401404040B0025009F00020000
(1307.008180) 0100#D80F2F00109C806C400027000000075F0A0000000E020000FEBF2F8271000000
(1307.008190) 004A#F2E72100000002000B80DB816F7E650037363032463700000000000000000000
(1307.008200) 0060#42843600000000000202000240FF00FF000005000008FE00000000040000FF00
(1307.008210) 0040#4AF92C0010FF07080000FF070000FF01C40A170040FF04FF0000000000000000
(1307.008220) 006A#870C2C800A52800A0000000000A3020000000000000000000000000000000000
(1307.008230) 00B5#7573302B007F2E002B002B00007F27004600004014040A0B0025009F00020000
(1307.008240) 0100#9CBF3000109C806C400027000000075F0A0000000E020000FEBF2F8271000000
(1307.008250) 004A#9C742200000002000E80B381697E650037363032463700000000000000000000
(1307.008260) 016A#34960C0001000000000080808080000800000000100000000000000000000000
(1307.008270) 0060#04DD3700000000000202000240FF00FF000005000008FE00000000040000FF00
(1307.008280) 0145#835F0F1001050410000000000000000000000000007200000000000000000000
(1307.008290) 0040#0CA02D0010FF07080000FF070000FF01C40A170040FF04FF0000000000000000
(1307.008300) 006A#DDFF2D880A52840A0000000000A4020000000000000000000000000000000000
(1307.008310) 013A#D6EAAE0000010000000001008000000000000000000000000000000000000000
(1307.008320) 01A0#91FE0AFEF77F6400000000001E0C0200FFF33F0000000000FF07000000000000
(1307.008330) 00B5#332A312B007F2E002B002B00007F27004600004014040A0B0025009F00020000
(1307.008340) 0100#DAE63100109C806C400027000000075F0A0000000E020000FEBF2F8271000000
(1307.008350) 0260#938E39401B5F8D0000005D1C5B012C00000000000000402335D54017A0140000
(1307.008360) 004A#9B832300000002000880AC817D7E650037363032463700000000000000000000
(1307.008370) 0060#85A93800000000000202000240FF00FF000005000008FE00000000040000FF00
(1307.008380) 0040#C64B2E0010FF07080000FF070000FF01C40A170040FF04FF0000000000000000
(1307.008390) 006A#0BBE2E800A52800A0000000000A3020000000000000000000000000000000000
(1307.008400) 00B5#13C7322B007F2E002B002B00007F2700460000401404080B0025009F00020000
(1307.008410) 0100#100D3200109C806C400027000000075F0A0000000E020000FEBF2F8271000000
(1307.008420) 004A#11D22400000002000E80AC815B7E650037363032463700000000000000000000
(1307.008430) 016A#72CF0D0001000000000080808080000800000000100000000000000000000000
(1307.008440) 0060#C3F03900000000000202000240FF00FF000005000008FE00000000040000FF00
(1307.008450) 0145#C7EF101001050410000000000000000000000000007200000000000000000000
(1307.008460) 0040#80122F0010FF07080000FF070000FF01C40A170040FF04FF0000000000000000
(1307.008470) 006A#56DC2F7C0A527C0A0000000000A2020000000000000000000000000000000000
(1307.008480) 01A0#D7A70BFEF77F6400000000001E0C0200FFF33F0000000000FF07000000000000
(1307.008490) 00B5#8193332B007F2E002B002B00007F27004600004014040C0B0025009F00020000
(1307.008500) 0100#56543300109C806C400027000000075F0A0000000E020000FEBF2F8271000000
(1307.008510) 004A#052B2500000002000280A581847E650037363032463700000000000000000000
(1307.008520) 0060#091B3A00000000000202000240FF00FF000005000008FE00000000040000FF00
(1307.008530) 0040#C4A2300010FF07080000FF070000FF01C40A170040FF04FF0000000000000000
(1307.008540) 006A#C56630880A52800A0000000000A3020000000000000000000000000000000000
(1307.008550) 00B5#DC26342B007F2E002B002B00007F27004600004014040E0B0026009F00020000
(1307.008560) 0100#A5CA3400109C806C400027000000075F0A0000000E020000FEBF2F8271000000
(1307.008570) 004A#E9BB2600000002000580AC81697E650037363032463700000000000000000000
(1307.008580) 016A#B8240E0001000000000080808080000800000000100000000000000000000000
(1307.008590) 0060#4F423B00000000000202000240FF00FF000005000008FE00000000040000FF00
(1307.008600) 0145#81B6111001050410000000000000000000000000007200000000000000000000
(1307.008610) 0040#82FB310010FF07080000FF070000FF01C40A170040FF04FF0000000000000000
(1307.008620) 006A#B5BC318C0A52840A0000000000A4020000000000000000000000000000000000
(1307.008630) 01A0#24390CFEF77F6400000000001E0C0200FFF33F0000000000FF07000000000000
(1307.008640) 00B5#9A7F352B007F2E002B002B00007F27004600004014040E0B0026009F00020000
(1307.008650) 0100#FC3F3500109C806C400027000000075D0A0000000E020000FEBF2F8271000000
(1307.008660) 004A#A6162700000002000E80C781547E650037363032463700000000000000000000
(1307.008670) 0060#BCDC3C00000000000202000240FF00FF000005000008FE00000000040000FF00
(1307.008680) 013A#90B3AF0000010000000001008000000000000000000000000000000000000000
(1307.008690) 0040#4810320010FF07080000FF070000FF01C40A170040FF04FF0000000000000000
(1307.008700) 006A#678A32940A528C0A0000000000A6020000000000000000000000000000000000
(1307.008710) 00B5#5094362B007F2E002B002B00007F27004600004014040E0B0026009F00020000
(1307.008720) 0100#36D43600109C806C400027000000075D0A0000000E020000FEBF2F8271000000
(1307.008730) 016A#FE7D0F0001000000000080808080000800000000100000000000000000000000
(1307.008740) 004A#3B852800000002000080B381547E650037363032463700000000000000000000
(1307.008750) 0060#FA853D00000000000202000240FF00FF000005000008FE00000000040000FF00
(1307.008760) 0145#4B5D121001050410000000000000000000000000007200000000000000000000
(1307.008770) 0040#0E49330010FF07080000FF070000FF01C40A170040FF04FF0000000000000000
(1307.008780) 006A#6EAC339C0A52940A0000000000A8020000000000000000000000000000000000
(1307.008790) 01A0#62600DFEF77F6400000000001E0C0200FFF33F0000000000FF07000000000000
(1307.008800) 00B5#54D0372B007F2E002B002B00007F2700460000401404040B0026009F00020000
(1307.008810) 0100#708D3700109C806C400027000000075D0A0000000E020000FEBF2F8271000000
(1307.008820) 004A#38922900000002000080C781697E650037363032463700000000000000000000
(1307.008830) 0060#306E3E00000000000202000240FF00FF000005000008FE00000000040000FF00
(1307.008840) 0040#FDD7340010FF07080000FF070000FF01C40A170040FF04FF0000000000000000
(1307.008850) 006A#600734880A528C0A0000000000A6020000000000000000000000000000000000
(1307.008860) 00B5#D5A4382B007F2E002B002B00007F2700460000401404040B0026009F00020000
(1307.008870) 0100#F1F93800109C806C400027000000075D0A0000000E020000FEBF2F8271000000
(1307.008880) 004A#56CF2A00000002000880C081697E650037363032463700000000000000000000
(1307.008890) 016A#BACD100001000000000080808080000800000000100000000000000000000000
(1307.008900) 0060#76373F00000000000202000240FF00FF000005000008FE00000000040000FF00
(1307.008910) 0145#0D04131001050410000000000000000000000000007200000000000000000000
(1307.008920) 0040#BB8E350010FF07080000FF070000FF01C40A170040FF04FF0000000000000000
(1307.008930) 006A#678B35840A52880A0000000000A5020000000000000000000000000000000000
(1307.008940) 01A0#A88B0EFEF77F6400000000001E0C0200FFF33F0000000000FF07000000000000
(1307.008950) 00B5#5D1B392B007F2E002B002B00007F2700460000401404FA0A0026009F00020000
(1307.008960) 0100#B7A03900109C806C400027000000075D0A0000000E020000FEBF2F8271000000
(1307.008970) 004A#FAB42B00000002000280DB81627E650037363032463700000000000000000000
(1307.008980) 0060#EE3D4000000000000202000240FF00FF000005000008FE00000000040000FF00
(1307.008990) 0040#7165360010FF07080000FF070000FF01C40A170040FF04FF0000000000000000
(1307.009000) 006A#838936900A528C0A0000000000A5020000000000000000000000000000000000
(1307.009010) 00B5#A9FB3A2B007F2E002B002B00007F2700460000401404FC0A0026009F00020000
(1307.009020) 0100#7D4B3A00109C806C400027000000075D0A0000000E020000FEBF2F8271000000
(1307.009030) 004A#C1762C00000002000E80D5815B7E650037363032463700000000000000000000
(1307.009040) 016A#FC94110001000000000080808080000800000000100000000000000000000000
(1307.009050) 0060#A8644100000000000202000240FF00FF000005000008FE00000000040000FF00
(1307.009060) 0145#FE9A141001050410000000000000000000000000007200000000000000000000
(1307.009070) 0040#373C370010FF07080000FF070000FF01C40A170040FF04FF0000000000000000
(1307.009080) 006A#A11F379C0A52940A0000000000A7020000000000000000000000000000000000
(1307.009090) 01A0#EED20FFEF77F6400000000001E0C0200FFF33F0000000000FF07000000000000
(1307.009100) 00B5#05A43B2B007F2E002B002B00007F2700460000401404FE0A0026009F00020000
(1307.009110) 0100#3B123B00109C806C400027000000075D0A0000000E020000FEBF2F8271000000
(1307.009120) 0260#BF953A401B5E8D0000005D1C5B012C00000000000000402335D54017A0140000
(1307.009130) 004A#A8452D00000002000580C0817D7E650037363032463700000000000000000000
(1307.009140) 0060#628F4200000000000202000240FF00FF000005000008FE00000000040000FF00
(1307.009150) 013A#D403B00000010000000001008000000000000000000000000000000000000000
(1307.009160) 0040#B648380010FF07080000FF070000FF01C40A170040FF04FF0000000000000000
(1307.009170) 006A#070B389C0A52980A0000000000A8020000000000000000000000000000000000
(1307.009180) 00B5#F63A3C2B007F2E002B002B00007F2700460000401404FE0A0026009F00020000
(1307.009190) 0100#C88C3C00109C806C400027000000075D0A0000000E020000FEBF2F8271000000
(1307.009200) 004A#A9462E00000002000580C081767E650037363032463700000000000000000000
(1307.009210) 016A#367F120001000000000080808080000800000000100000000000000000000000
(1307.009220) 0060#24D64300000000000202000240FF00FF000005000008FE00000000040000FF00
(1307.009230) 0145#B8C3151001050410000000000000000000000000007200000000000000000000
(1307.009240) 0040#F011390010FF07080000FF070000FF01C40A170040FF04FF0000000000000000
(1307.009250) 006A#BE0E39880A52900A0000000000A6020000000000000000000000000000000000
(1307.009260) 01A0#AA6210FEF77F6400000000001E0C0200FFF33F0000000000FF07000000000000
(1307.009270) 00B5#18783D2B007F2E002B002B00007F2700460000401404F60A0026009F00020000
(1307.009280) 0100#8ED53D00109C806C400027000000075D0A0000000E020000FEBF2F8271000000
(1307.009290) 004A#F7AC2F00000002000B80D581697E650037363032463700000000000000000000
(1307.009300) 0060#D7484400000000000202000240FF00FF000005000008FE00000000040000FF00
(1307.009310) 0040#3AFA3A0010FF07080000FF070000FF01C40A170040FF04FF0000000000000000
(1307.009320) 006A#7A5C3A8C0A528C0A0000000000A5020000000000000000000000000000000000
(1307.009330) 00B5#674F3E2B007F2E002C002C00007F2700460000401404EE0A0026009F00020000
(1307.009340) 0100#443E3E00109C806C400027000000075D0A0000000E020000FEBF2F8271000000
(1307.009350) 004A#CFF93000000002000080AC816F7E650037363032463700000000000000000000
(1307.009360) 016A#7026130001000000000080808080000800000000100000000000000000000000
(1307.009370) 0060#91114500000000000202000240FF00FF000005000008FE00000000040000FF00
(1307.009380) 0145#7228161001050410000000000000000000000000007200000000000000000000
(1307.009390) 0040#DB533B0010FF07080000FF070000FF01C00A170040FF04FF0000000000000000
(1307.009400) 006A#8E4F3B900A528C0A0000000000A5020000000000000000000000000000000000
(1307.009410) 01A0#EC3B11FEF77F6400000000001E0C0200FFF33F0000000000FF07000000000000
(1307.009420) 00B5#21163F2B007F2E002C002C00007F2700460000401404EE0A0026009F00020000
(1307.009430) 0100#02673F00109C806C400027000000075D0A0000000E020000FEBF2F8271000000
(1307.009440) 004A#EDB23100000002000080CE81847E650037363032463700000000000000000000
(1307.009450) 0060#5BFA4600000000000202000240FF00FF000005000008FE00000000040000FF00
(1307.009460) 0040#28CD3C0010FF07080000FF070000FF01C00A170040FF04FF0000000000000000
(1307.009470) 006A#125A3C800A52840A0000000000A3020000000000000000000000000000000000
(1307.009480) 00B5#531A402B007F2E002C002C00007F2700460000401404EC0A0026009F00020000
(1307.009490) 0100#9A6D4000109C806C400027000000075D0A0000000E020000FEBF2F8271000000
(1307.009500) 016A#83B8140001000000000080808080000800000000100000000000000000000000
(1307.009510) 004A#B33A3200000002000080CE81767E650037363032463700000000000000000000
(1307.009520) 0060#1DA34700000000000202000240FF00FF000005000008FE00000000040000FF00
(1307.009530) 0145#3471171001050410000000000000000000000000007200000000000000000000
(1307.009540) 013A#925AB10000010000000001008000000000000000000000000000000000000000
(1307.009550) 0040#6E943D0010FF07080000FF070000FF01C00A170040FF04FF0000000000000000
(1307.009560) 006A#927B3D7C0A52800A0000000000A2020000000000000000000000000000000000
(1307.009570) 01A0#26D012FEF77F6400000000001E0C0200FFF33F0000000000FF07000000000000
(1307.009580) 00B5#C14E412B007F2E002C002C00007F2700460000401404E80A0026009F00020000
(1307.009590) 0100#7FB94100109C806C400027000000075D0A0000000D020000FEBF2F8271000000
(1307.009600) 004A#B17B3300000002000E80CE81697E650037363032463700000000000000000000
(1307.009610) 0060#9CD74800000000000202000240FF00FF000005000008FE00000000040000FF00
(1307.009620) 0040#A47F3E0010FF07080000FF070000FF01C00A170040FF04FF0000000000000000
(1307.009630) 006A#DEB73E840A52800A0000000000A2020000000000000000000000000000000000
(1307.009640) 00B5#0BA5422B007F2E002C002C00007F2700460000401404E80A0026009F00020000
(1307.009650) 0100#B5524200109C806C400027000000075D0A0000000D020000FEBF2F8271000000
(1307.009660) 004A#D1113400000002000E80E281697E650037363032463700000000000000000000
(1307.009670) 016A#C5E1150001000000000080808080000800000000100000000000000000000000
(1307.009680) 0060#DA8E4900000000000202000240FF00FF000005000008FE00000000040000FF00
(1307.009690) 0145#B505181001050410000000000000000000000000007200000000000000000000
(1307.009700) 0040#E2263F0010FF07080000FF070000FF01C00A170040FF04FF0000000000000000
(1307.009710) 006A#14803F880A52840A0000000000A3020000000000000000000000000000000000
(1307.009720) 01A0#608913FEF77F6400000000001E0C0200FFF33F0000000000FF07000000000000
(1307.009730) 00B5#597D432C007F2E002C002C00007F2700460000401404E00A0026009F00020000
(1307.009740) 0100#2EA54300109C806C400027000000075F0A0001080E020000FEBF2F8271000000
(1307.009750) 004A#93FF3500000002000E80DB81627E650037363032463700000000000000000000
(1307.009760) 0060#10654A00000000000202000240FF00FF000005000008FE00000000040000FF00
(1307.009770) 0040#7A2C400010FF07080000FF070000FF01C00A170040FF04FF0000000000000000
(1307.009780) 006A#8C8A40880A52840A0000000000A3020000000000000000000000000000000000
(1307.009790) 00B5#26AC442C007F2E002C002C00007F2700460000401404DC0A0026009F00020000
(1307.009800) 0100#1F394400109C806C400027000000075F0A0000000D020000FEBF2F8271000000
(1307.009810) 004A#63803600000002000E80DB816F7E650037363032463700000000000000000000
(1307.009820) 016A#0F0A160001000000000080808080000800000000100000000000000000000000
(1307.009830) 0060#563C4B00000000000202000240FF00FF000005000008FE00000000040000FF00
(1307.009840) 0145#F35C191001050410000000000000000000000000007200000000000000000000
(1307.009850) 0040#3C75410010FF07080000FF070000FF01C00A170040FF04FF0000000000000000
(1307.009860) 006A#CF2E41900A52880A0000000000A4020000000000000000000000000000000000
(1307.009870) 01A0#931714FEF77F6400000000001E0C0200FFF33F0000000000FF07000000000000
(1307.009880) 00B5#06BC452C007F2E002C002C00007F2700460000401404E20A0026009F00020000
(1307.009890) 0100#59604500109C806C400027000000075F0A0000000D020000FEBF2F8271000000
(1307.009900) 0260#1F3C3B401B5F8D0000005D1C5B012C00000000000000402335D54017A0140000
(1307.009910) 004A#01323700000002001080DB817D7E650037363032463700000000000000000000
(1307.009920) 0060#A5A24C00000000000202000240FF00FF000005000008FE00000000040000FF00
(1307.009930) 0040#F69E420010FF07080000FF070000FF01C00A170040FF04FF0000000000000000
(1307.009940) 006A#B78F428C0A52880A0000000000A4020000000000000000000000000000000000
(1307.009950) 00B5#CC57462C007F2E002C002C00007F2700460000401404E20A0026009F00020000
(1307.009960) 0100#938B4600109C806C400027000000075F0A0000000D020000FEBF2F8271000000
(1307.009970) 004A#D9013800000002000080CE81847E650037363032463700000000000000000000
(1307.009980) 016A#4953170001000000000080808080000800000000100000000000000000000000
(1307.009990) 0060#E3FB4D00000000000202000240FF00FF000005000008FE00000000040000FF00
(1307.010000) 0145#39B71A1001050410000000000000000000000000007200000000000000000000
(1307.010010) 013A#58B1B20000010000000001008000000000000000000000000000000000000000
(1307.010020) 0040#B0C7430010FF07080000FF070000FF01C00A170040FF04FF0000000000000000
(1307.010030) 006A#AA3043780A52800A0000000000A2020000000000000000000000000000000000
(1307.010040) 01A0#D54E15FEF77F6400000000001E0C0200FFF33F0000000000FF07000000000000
(1307.010050) 00B5#B405472C007F2E002C002C00007F2700460000401404E40A0026009F00020000
(1307.010060) 0100#D5D24700109C806C400027000000075F0A0000000D020000FEBF2F8271000000
(1307.010070) 004A#1CB83900000002000580B3818B7E650037363032463700000000000000000000
(1307.010080) 0060#29104E00000000000202000240FF00FF000005000008FE00000000040000FF00
(1307.010090) 0040#4359440010FF07080000FF070000FF01C00A170040FF04FF0000000000000000
(1307.010100) 006A#637F44740A52780A0000000000A0020000000000000000000000000000000000
(1307.010110) 00B5#715C482C007F2E002C002C00007F2700460000401404E40A0025009F00020000
(1307.010120) 0100#54A64800109C806C400027000000075F0A0000000D020000FEBF2F8271000000
(1307.010130) 004A#D94A3A00000002000280D581847E650037363032463700000000000000000000
(1307.010140) 016A#C827180001000000000080808080000800000000100000000000000000000000
(1307.010150) 0060#6F494F00000000000202000240FF00FF000005000008FE00000000040000FF00
(1307.010160) 0145#7FEE1B1001050410000000000000000000000000007200000000000000000000
(1307.010170) 0040#0500450010FF07080000FF070000FF01C00A170040FF04FF0000000000000000
(1307.010180) 006A#2F6F45800A527C0A0000000000A1020000000000000000000000000000000000
(1307.010190) 01A0#1FA516FEF77F6400000000001E0C0200FFF33F0000000000FF07000000000000
(1307.010200) 00B5#3705492C007F2E002C002C00007F2700460000401404E40A0025009F00020000
(1307.010210) 0100#12FF4900109C806C400027000000075F0A0000000D020000FEBF2F8271000000
(1307.010220) 004A#0F273B00000002000B80C081847E650037363032463700000000000000000000
(1307.010230) 0060#2BF95000000000000202000240FF00FF000005000008FE00000000040000FF00
(1307.010240) 0040#CFEB460010FF07080000FF070000FF01C00A170040FF04FF0000000000000000
(1307.010250) 006A#9F0A46880A52800A0000000000A2020000000000000000000000000000000000
(1307.010260) 00B5#17E84A2C007F2E002C002C00007F2700460000401404E60A0025009F00020000
(1307.010270) 0100#B99B4A00109C806C400027000000075F0A0001080D020000FEBF2F8271000000
(1307.010280) 016A#8E7E190001000000000080808080000800000000100000000000000000000000
(1307.010290) 004A#F7993C00000002000580C7818B7E650037363032463700000000000000000000
(1307.010300) 0060#6DA05100000000000202000240FF00FF000005000008FE00000000040000FF00
(1307.010310) 0145#8C701C1001050410000000000000000000000000007200000000000000000000
(1307.010320) 0040#89B2470010FF07080000FF070000FF01C00A170040FF04FF0000000000000000
(1307.010330) 006A#C3E2477C0A527C0A0000000000A1020000000000000000000000000000000000
(1307.010340) 01A0#59FC17FEF77F6400000000001E0C0200FFF33F0000000000FF07000000000000
(1307.010350) 00B5#3F8D4B2C007F2E002C002C00007F2700460000401404F00A0025009F00020000
(1307.010360) 0100#9E4D4B00109C806C400027000000075F0A0000000D020000FEBF2F8271000000
(1307.010370) 004A#CB393D00000002000E80D5818B7E650037363032463700000000000000000000
(1307.010380) 0060#A74B5200000000000202000240FF00FF000005000008FE00000000040000FF00
(1307.010390) 0040#AF36480010FF07080000FF070000FF01C40A170040FF04FF0000000000000000
(1307.010400) 006A#DE3548740A52780A0000000000A1020000000000000000000000000000000000
(1307.010410) 013A#1EE8B30000010000000001008000000000000000000000000000000000000000
(1307.010420) 00B5#CC134C2C007F2E002C002C00007F2700460000401404F00A0025009F00020000
(1307.010430) 0100#6DD34C00109C806C400027000000075F0A0000000D020000FEBF2F8271000000
(1307.010440) 016A#44951A0001000000000080808080000800000000100000000000000000000000
(1307.010450) 004A#43113E00000002000B80CE81847E650037363032463700000000000000000000
(1307.010460) 0060#E1125300000000000202000240FF00FF000005000008FE00000000040000FF00
(1307.010470) 0145#CA291D1001050410000000000000000000000000007200000000000000000000
(1307.010480) 0040#E96F490010FF07080000FF070000FF01C40A170040FF04FF0000000000000000
(1307.010490) 006A#590749700A52740A0000000000A0020000000000000000000000000000000000
(1307.010500) 01A0#D88818FEF77F6400000000001E0C0200FFF33F0000000000FF07000000000000
(1307.010510) 00B5#22514D2C007F2E002C002C00007F2700460000401404F80A0025009F00020000
(1307.010520) 0100#2B8A4D00109C806C400027000000075F0A0000000D020000FEBF2F8271000000
(1307.010530) 004A#B96E3F00000002000E80B9818B7E650037363032463700000000000000000000
(1307.010540) 0060#128C5400000000000202000240FF00FF000005000008FE00000000040000FF00
(1307.010550) 0040#23844A0010FF07080000FF070000FF01C40A170040FF04FF0000000000000000
(1307.010560) 006A#5FDD4A780A52740A0000000000A0020000000000000000000000000000000000
(1307.010570) 00B5#7EAA4E2C007F2E002C002C00007F2700460000401404F60A0025009F00020000
(1307.010580) 0100#E1614E00109C806C400027000000075F0A0000000D020000FEBF2F8271000000
(1307.010590) 004A#F4A04000000002000E80B9817D7E650037363032463700000000000000000000
(1307.010600) 016A#02CC1B0001000000000080808080000800000000100000000000000000000000
(1307.010610) 0060#54D55500000000000202000240FF00FF000005000008FE00000000040000FF00
(1307.010620) 0145#00C21E1001050410000000000000000000000000007200000000000000000000
(1307.010630) 0040#65DD4B0010FF07080000FF070000FF01C40A170040FF04FF0000000000000000
(1307.010640) 006A#33AD4B740A52740A0000000000A0020000000000000000000000000000000000
(1307.010650) 01A0#9ED119FEF77F6400000000001E0C0200FFF33F0000000000FF07000000000000
(1307.010660) 00B5#6E6F4F2B007F2E002C002C00007F2700460000401404F40A0025009F00020000
(1307.010670) 0100#A7384F00109C806C400027000000075F0A0000000D020000FEBF2F8271000000
(1307.010680) 0260#ECA23C401B5F8D0000005D1C5B012C00000000000000402335D54017A0140000
(1307.010690) 004A#F2A74100000002000E8097818B7E650037363032463700000000000000000000
(1307.010700) 0060#9E3E5600000000000202000240FF00FF000005000008FE00000000040000FF00
(1307.010710) 0040#96434C0010FF07080000FF070000FF01C40A170040FF04FF0000000000000000
(1307.010720) 006A#F6FC4C700A52700A00000000009F020000000000000000000000000000000000
(1307.010730) 00B5#2ADF502B007F2E002C002C00007F2700460000401404F40A0025009F00020000
(1307.010740) 0100#E3885000109C806C400027000000075F0A0000000D020000FEBF2F8271000000
(1307.010750) 004A#61AC4200000002000080CE817D7E650037363032463700000000000000000000
(1307.010760) 016A#F1521C0001000000000080808080000800000000100000000000000000000000
(1307.010770) 0060#D8675700000000000202000240FF00FF000005000008FE00000000040000FF00
(1307.010780) 0145#469B1F1001050410000000000000000000000000007200000000000000000000
(1307.010790) 0040#D01A4D0010FF07080000FF070000FF01C40A170040FF04FF0000000000000000
(1307.010800) 006A#0D174D800A52780A0000000000A1020000000000000000000000000000000000
(1307.010810) 01A0#543A1AFEF77F6400000000001E0C0200FFF33F0000000000FF07000000000000
(1307.010820) 00B5#8680512B007F2E002C002C00007F2700460000401404F60A0025009F00020000
(1307.010830) 0100#065C5100109C806C400027000000075F0A0000000E020000FEBF2F8271000000
(1307.010840) 004A#929A4300000002000E80C781697E650037363032463700000000000000000000
(1307.010850) 0060#59135800000000000202000240FF00FF000005000008FE00000000040000FF00
(1307.010860) 0040#1AF14E0010FF07080000FF070000FF01C40A170040FF04FF0000000000000000
(1307.010870) 006A#AC004E800A527C0A0000000000A2020000000000000000000000000000000000
(1307.010880) 013A#ED76B40000010000000001008000000000000000000000000000000000000000
(1307.010890) 00B5#0846522B007F2E002C002C00007F2700460000401404F60A0026009F00020000
(1307.010900) 0100#6F3A5200109C806C400027000000075F0A0000000D020000FEBF2F8271000000
(1307.010910) 004A#CB864400000002000B80D581847E650037363032463700000000000000000000
(1307.010920) 016A#B70B1D0001000000000080808080000800000000100000000000000000000000
(1307.010930) 0060#1F4A5900000000000202000240FF00FF000005000008FE00000000040000FF00
(1307.010940) 0145#A9B2201001050410000000000000000000000000007200000000000000000000
(1307.010950) 0040#5CA84F0010FF07080000FF070000FF01C40A170040FF04FF0000000000000000
(1307.010960) 006A#EBE64F8C0A52840A0000000000A3020000000000000000000000000000000000
(1307.010970) 01A0#12631BFEF77F6400000000001E0C0200FFF33F0000000000FF07000000000000
(1307.010980) 00B5#4E1F532B007F2E002C002C00007F2700460000401404F60A0026009F00020000
(1307.010990) 0100#29635300109C806C400027000000075F0A0000000D020000FEBF2F8271000000
(1307.011000) 004A#45174500000002000B80C081767E650037363032463700000000000000000000
(1307.011010) 0060#D5A15A00000000000202000240FF00FF000005000008FE00000000040000FF00
(1307.011020) 0040#1818500010FF07080000FF070000FF01C40A170040FF04FF0000000000000000
(1307.011030) 006A#FEF9508C0A52880A0000000000A4020000000000000000000000000000000000
(1307.011040) 00B5#DB7C542B007F2E002C002C00007F2700460000401404000B0026009F00020000
(1307.011050) 0100#C5515400109C806C400027000000075D0A0000000D020000FEBF2F8271000000
(1307.011060) 016A#7DE01E0001000000000080808080000800000000100000000000000000000000
(1307.011070) 004A#A3F24600000002000580CE815B7E650037363032463700000000000000000000
(1307.011080) 0060#93F85B00000000000202000240FF00FF000005000008FE00000000040000FF00
(1307.011090) 0145#EFEB211001050410000000000000000000000000007200000000000000000000
(1307.011100) 0040#5E41510010FF07080000FF070000FF01C40A170040FF04FF0000000000000000
(1307.011110) 006A#159351780A52800A0000000000A3020000000000000000000000000000000000
(1307.011120) 01A0#E1FD1CFEF77F6400000000001E0C0200FFF33F0000000000FF07000000000000
(1307.011130) 00B5#78CE552B007F2E002B002B00007F2700460000401404080B0026009F00020000
(1307.011140) 0100#20855500109C806C400027000000075D0A0000000E020000FEBF2F8271000000
(1307.011150) 004A#F85E4700000002000080C0818B7E650037363032463700000000000000000000
(1307.011160) 0060#60665C00000000000202000240FF00FF000005000008FE00000000040000FF00
(1307.011170) 0040#94AA520010FF07080000FF070000FF01C40A170040FF04FF0000000000000000
(1307.011180) 006A#E5A952740A52780A0000000000A1020000000000000000000000000000000000
(1307.011190) 00B5#B225562B007F2E002B002B00007F2700460000401404080B0026009F00020000
(1307.011200) 0100#EA6E5600109C806C400027000000075D0A0000000E020000FEBF2F8271000000
(1307.011210) 004A#11094800000002000E80AC81767E650037363032463700000000000000000000
(1307.011220) 016A#3BB91F0001000000000080808080000800000000100000000000000000000000
(1307.011230) 0060#263F5D00000000000202000240FF00FF000005000008FE00000000040000FF00
(1307.011240) 0145#2500221001050410000000000000000000000000007200000000000000000000
(1307.011250) 0040#D2F3530010FF07080000FF070000FF01C40A170040FF04FF0000000000000000
(1307.011260) 006A#D33753880A52800A0000000000A3020000000000000000000000000000000000
(1307.011270) 013A#AB2FB50000010000000001008000000000000000000000000000000000000000
(1307.011280) 01A0#A7A41DFEF77F6400000000001E0C0200FFF33F0000000000FF07000000000000
(1307.011290) 00B5#1E7A572B007F2E002B002B00007F27004600004014040A0B0026009F00020000
(1307.011300) 0100#AC375700109C806C400027000000075D0A0000000E020000FEBF2F8271000000
(1307.011310) 004A#4BD94900000002000080AC81847E650037363032463700000000000000000000
(1307.011320) 0060#ECD45E00000000000202000240FF00FF000005000008FE00000000040000FF00
(1307.011330) 0040#216D540010FF07080000FF070000FF01C40A170040FF04FF0000000000000000
(1307.011340) 006A#F03254880A52840A0000000000A4020000000000000000000000000000000000
(1307.011350) 00B5#A105582B007F2E002B002B00007F27004600004014040C0B0026009F00020000
(1307.011360) 0100#2D435800109C806C400027000000075D0A0000000E020000FEBF2F8271000000
(1307.011370) 004A#86E44A00000002000B80D5818B7E650037363032463700000000000000000000
(1307.011380) 016A#D490200001000000000080808080000800000000100000000000000000000000
(1307.011390) 0060#AA8D5F00000000000202000240FF00FF000005000008FE00000000040000FF00
(1307.011400) 0145#6359231001050410000000000000000000000000007200000000000000000000
(1307.011410) 0040#6734550010FF07080000FF070000FF01C40A170040FF04FF0000000000000000
(1307.011420) 006A#B66B55880A52840A0000000000A4020000000000000000000000000000000000
(1307.011430) 01A0#6D4F1EFEF77F6400000000001E0C0200FFF33F0000000000FF07000000000000
(1307.011440) 00B5#4F47592B007F2E002B002B00007F2700460000401404040B0026009F00020000
(1307.011450) 0100#6B1A5900109C806C400027000000075D0A0000000E020000FEBF2F8271000000
(1307.011460) 0260#3DEE3D401B608D0000005D1C5B012C00000000000000402335D54017A0140000
(1307.011470) 004A#F2224B00000002000580CE817D7E650037363032463700000000000000000000
(1307.011480) 0060#45A46000000000000202000240FF00FF000005000008FE00000000040000FF00
(1307.011490) 0040#ADDF560010FF07080000FF070000FF01C40A170040FF04FF0000000000000000
(1307.011500) 006A#56A956840A52840A0000000000A4020000000000000000000000000000000000
(1307.011510) 00B5#85AC5A2B007F2E002B002B00007F2700460000401404040B0026009F00020000
(1307.011520) 0100#A1F15A00109C806C400027000000075D0A0000000E020000FEBF2F8271000000
(1307.011530) 004A#CA544C00000002000580CE81767E650037363032463700000000000000000000
(1307.011540) 016A#92C9210001000000000080808080000800000000100000000000000000000000
(1307.011550) 0060#03FD6100000000000202000240FF00FF000005000008FE00000000040000FF00
(1307.011560) 0145#90C7241001050410000000000000000000000000007200000000000000000000
(1307.011570) 0040#EB86570010FF07080000FF070000FF01C40A170040FF04FF0000000000000000
(1307.011580) 006A#267357800A52800A0000000000A3020000000000000000000000000000000000
(1307.011590) 01A0#2B161FFEF77F6400000000001E0C0200FFF33F0000000000FF07000000000000
(1307.011600) 00B5#D91E5B2B007F2E002B002B00007F2700460000401404FE0A0026009F00020000
(1307.011610) 0100#E7A85B00109C806C400027000000075D0A0000000E020000FEBF2F8271000000
(1307.011620) 004A#E3BC4D00000002000580D581767E650037363032463700000000000000000000
(1307.011630) 0060#C9166200000000000202000240FF00FF000005000008FE00000000040000FF00
(1307.011640) 0040#6AF2580010FF07080000FF070000FF01C40A170040FF04FF0000000000000000
(1307.011650) 006A#BBAD58880A52840A0000000000A4020000000000000000000000000000000000
(1307.011660) 00B5#E4665C2B007F2E002B002B00007F2700460000401404000B0026009F00020000
(1307.011670) 0100#14365C00109C806C400027000000075D0A0000000E020000FEBF2F8271000000
(1307.011680) 004A#EEF94E00000002000580E981627E650037363032463700000000000000000000
(1307.011690) 016A#5822220001000000000080808080000800000000100000000000000000000000
(1307.011700) 0060#8F4F6300000000000202000240FF00FF000005000008FE00000000040000FF00
(1307.011710) 0145#D69E251001050410000000000000000000000000007200000000000000000000
(1307.011720) 013A#61C4B60000010000000001008000000000000000000000000000000000000000
(1307.011730) 0040#2CAB590010FF07080000FF070000FF01C40A170040FF04FF0000000000000000
(1307.011740) 006A#E15E59800A52800A0000000000A3020000000000000000000000000000000000
(1307.011750) 01A0#C43F20FEF77F6400000000001E0C0200FFF33F0000000000FF07000000000000
(1307.011760) 00B5#A23F5D2B007F2E002B002B00007F2700460000401404000B0026009F00020000
(1307.011770) 0100#526F5D00109C806C400027000000075D0A0000000E020000FEBF2F8271000000
(1307.011780) 004A#08464F00000002000E80C781547E650037363032463700000000000000000000
(1307.011790) 0060#7CD16400000000000202000240FF00FF000005000008FE00000000040000FF00
(1307.011800) 0040#E6405A0010FF07080000FF070000FF01C40A170040FF04FF0000000000000000
(1307.011810) 006A#308E5A7C0A527C0A0000000000A2020000000000000000000000000000000000
(1307.011820) 00B5#82D25E2B007F2E002B002B00007F2700460000401404020B0026009F00020000
(1307.011830) 0100#98845E00109C806C400027000000075D0A0000000E020000FEBF2F8271000000
(1307.011840) 016A#1E7B230001000000000080808080000800000000100000000000000000000000
(1307.011850) 004A#F4B15000000002000580B3818B7E650037363032463700000000000000000000
(1307.011860) 0060#3A886500000000000202000240FF00FF000005000008FE00000000040000FF00
(1307.011870) 0145#1C75261001050410000000000000000000000000007200000000000000000000
(1307.011880) 0040#A0195B0010FF07080000FF070000FF01C40A170040FF04FF0000000000000000
(1307.011890) 006A#8BF45B840A52800A0000000000A3020000000000000000000000000000000000
(1307.011900) 01A0#826621FEF77F6400000000001E0C0200FFF33F0000000000FF07000000000000
(1307.011910) 00B5#0A6D5F2B007F2E002B002B00007F2700460000401404FC0A0026009F00020000
(1307.011920) 0100#DEDD5F00109C806C400027000000075D0A0000000E020000FEBF2F8271000000
(1307.011930) 004A#B67F510000000200FE7FA5817D7E650037363032463700000000000000000000
(1307.011940) 0060#F0636600000000000202000240FF00FF000005000008FE00000000040000FF00
(1307.011950) 0040#53875C0010FF07080000FF070000FF01C40A170040FF04FF0000000000000000
(1307.011960) 006A#64C05C8C0A52840A0000000000A4020000000000000000000000000000000000
(1307.011970) 00B5#E544602B007F2E002B002B00007F2700460000401404FC0A0026009F00020000
(1307.011980) 0100#31F46000109C806C400027000000075D0A0000000E020000FEBF2F8271000000
(1307.011990) 004A#92015200000002000580B9817D7E650037363032463700000000000000000000
(1307.012000) 016A#EDE5240001000000000080808080000800000000100000000000000000000000
(1307.012010) 0060#B63A6700000000000202000240FF00FF000005000008FE00000000040000FF00
(1307.012020) 0145#5A2C271001050410000000000000000000000000007200000000000000000000
(1307.012030) 0040#15DE5D0010FF07080000FF070000FF01C40A170040FF04FF0000000000000000
(1307.012040) 006A#41755D900A52880A0000000000A4020000000000000000000000000000000000
(1307.012050) 01A0#488D22FEF77F6400000000001E0C0200FFF33F0000000000FF07000000000000
(1307.012060) 00B5#D0E6612B007F2E002C002C00007F2700460000401404FA0A0026009F00020000
(1307.012070) 0100#77AD6100109C806C400027000000075D0A0000000E020000FEBF2F8271000000
(1307.012080) 004A#CDE65300000002000B80CE817D7E650037363032463700000000000000000000
(1307.012090) 0060#374E6800000000000202000240FF00FF000005000008FE00000000040000FF00
(1307.012100) 0040#DF355E0010FF07080000FF070000FF01C40A170040FF04FF0000000000000000
(1307.012110) 006A#CBC15E940A528C0A0000000000A5020000000000000000000000000000000000
(1307.012120) 00B5#CE00622B007F2E002C002C00007F2700460000401404FE0A0026009F00020000
(1307.012130) 0100#BD466200109C806C400027000000075D0A0000000E020000FEBF2F8271000000
(1307.012140) 004A#8D125400000002001080F0817D7E650037363032463700000000000000000000
(1307.012150) 016A#ABBC250001000000000080808080000800000000100000000000000000000000
(1307.012160) 0060#71176900000000000202000240FF00FF000005000008FE00000000040000FF00
(1307.012170) 0145#DB58281001050410000000000000000000000000007200000000000000000000
(1307.012180) 013A#279DB70000010000000001008000000000000000000000000000000000000000
(1307.012190) 0040#996C5F0010FF07080000FF070000FF01C40A170040FF04FF0000000000000000
(1307.012200) 006A#99955F880A52880A0000000000A4020000000000000000000000000000000000
(1307.012210) 01A0#0ED423FEF77F6400000000001E0C0200FFF33F0000000000FF07000000000000
(1307.012220) 00B5#C5A9632B007F2E002B002B00007F2700460000401404FE0A0026009F00020000
(1307.012230) 0100#FB1F6300109C806C400027000000075D0A0000000E020000FEBF2F8271000000
(1307.012240) 0260#86E03E401B5E8D0000005D1C5B012C00000000000000402335D54017A0140000
(1307.012250) 004A#430A5500000002001380E281847E650037363032463700000000000000000000
(1307.012260) 0060#BBFC6A00000000000202000240FF00FF000005000008FE00000000040000FF00
(1307.012270) 0040#7645600010FF07080000FF070000FF01C40A170040FF04FF0000000000000000
(1307.012280) 006A#DB8F607C0A52800A0000000000A3020000000000000000000000000000000000
(1307.012290) 00B5#3637642B007F2E002B002B00007F2700460000401404FE0A0026009F00020000
(1307.012300) 0100#08816400109C806C400027000000075D0A0000000E020000FEBF2F8271000000
(1307.012310) 004A#BDA3560000000200FB7FE981697E650037363032463700000000000000000000
(1307.012320) 016A#6157260001000000000080808080000800000000100000000000000000000000
(1307.012330) 0060#FDA56B00000000000202000240FF00FF000005000008FE00000000040000FF00
(1307.012340) 0145#9D01291001050410000000000000000000000000007200000000000000000000
(1307.012350) 0040#301C610010FF07080000FF070000FF01C40A170040FF04FF0000000000000000
(1307.012360) 006A#1BF161840A52800A0000000000A3020000000000000000000000000000000000
(1307.012370) 01A0#FD4A24FEF77F6400000000001E0C0200FFF33F0000000000FF07000000000000
(1307.012380) 00B5#E993652B007F2E002C002C00007F2700460000401404FA0A0026009F00020000
(1307.012390) 0100#4ED86500109C806C400027000000075D0A0000000E020000FEBF2F8271000000
(1307.012400) 004A#02935700000002000280C7817D7E650037363032463700000000000000000000
(1307.012410) 0060#0E3B6C00000000000202000240FF00FF000005000008FE00000000040000FF00
(1307.012420) 0040#FAF7620010FF07080000FF070000FF01C40A170040FF04FF0000000000000000
(1307.012430) 006A#AE5C62900A52880A0000000000A4020000000000000000000000000000000000
(1307.012440) 00B5#6E88662B007F2E002B002B00007F2700460000401404FA0A0026009F00020000
(1307.012450) 0100#84336600109C806C400027000000075D0A0000000E020000FEBF2F8271000000
(1307.012460) 004A#BE4B5800000002000E80C081847E650037363032463700000000000000000000
(1307.012470) 016A#270E270001000000000080808080000800000000100000000000000000000000
(1307.012480) 0060#48626D00000000000202000240FF00FF000005000008FE00000000040000FF00
(1307.012490) 0145#57EA2A1001050410000000000000000000000000007200000000000000000000
(1307.012500) 0040#BCAE630010FF07080000FF070000FF01C40A170040FF04FF0000000000000000
(1307.012510) 006A#4E4263900A528C0A0000000000A5020000000000000000000000000000000000
(1307.012520) 01A0#BB1325FEF77F6400000000001E0C0200FFF33F0000000000FF07000000000000
(1307.012530) 00B5#28D1672B007F2E002B002B00007F2700460000401404FA0A0026009F00020000
(1307.012540) 0100#F2476700109C806C400028000000075D0A0000000E020000FEBF2F8271000000
(1307.012550) 004A#94835900000002000E80CE817D7E650037363032463700000000000000000000
(1307.012560) 0060#82896E00000000000202000240FF00FF000005000008FE00000000040000FF00
(1307.012570) 0040#4F30640010FF07080000FF070000FF01C40A170040FF04FF0000000000000000
(1307.012580) 006A#4FC964880A52880A0000000000A4020000000000000000000000000000000000
(1307.012590) 00B5#97AE682B007F2E002B002B00007F2700460000401404FC0A0026009F00020000
(1307.012600) 0100#5CB26800109C806C400027000000075F0A0000000E020000FEBF2F8271000000
(1307.012610) 004A#72DB5A00000002000080D581767E650037363032463700000000000000000000
(1307.012620) 016A#A67A280001000000000080808080000800000000100000000000000000000000
(1307.012630) 0060#C4D06F00000000000202000240FF00FF000005000008FE00000000040000FF00
(1307.012640) 0145#11B32B1001050410000000000000000000000000007200000000000000000000
(1307.012650) 013A#A6E9B80000010000000001008000000000000000000000000000000000000000
(1307.012660) 0040#0969650010FF07080000FF070000FF01C40A170040FF04FF0000000000000000
(1307.012670) 006A#F21F65840A52840A0000000000A4020000000000000000000000000000000000
(1307.012680) 01A0#71F826FEF77F6400000000001E0C0200FFF33F0000000000FF07000000000000
(1307.012690) 00B5#3BF1692B007F2E002B002B00007F2700460000401404FE0A0026009F00020000
(1307.012700) 0100#1AEB6900109C806C400027000000075F0A0000000E020000FEBF2F8271000000
(1307.012710) 004A#496A5B00000002000B80CE816F7E650037363032463700000000000000000000
(1307.012720) 0060#80607000000000000202000240FF00FF000005000008FE00000000040000FF00
(1307.012730) 0040#C382660010FF07080000FF070000FF01C40A170040FF04FF0000000000000000
(1307.012740) 006A#0E7766800A52800A0000000000A3020000000000000000000000000000000000
(1307.012750) 00B5#8D0C6A2B007F2E002B002B00007F2700460000401404F20A0026009F00020000
(1307.012760) 0100#D0006A00109C806C400027000000075F0A0000000E020000FEBF2F8271000000
(1307.012770) 004A#3F015C00000002000880C781767E650037363032463700000000000000000000
(1307.012780) 016A#E023290001000000000080808080000800000000100000000000000000000000
(1307.012790) 0060#C6397100000000000202000240FF00FF000005000008FE00000000040000FF00
(1307.012800) 0145#E22D2C1001050410000000000000000000000000007200000000000000000000
